ARM Linker, 5.01 [Build 94] 

==============================================================================

Image Symbol Table

    Local Symbols

    Symbol Name                              Value     Ov Type        Size  Object(Section)

    TZAPPENTRYCODE                           0x00000000   Section       92  tzapp_entry.o(TZAPPENTRYCODE)
    ../clib/angel/rt.s                       0x00000000   Number         0  rt_raise.o ABSOLUTE
    ../clib/angel/rt.s                       0x00000000   Number         0  rt_div0.o ABSOLUTE
    ../clib/angel/rt.s                       0x00000000   Number         0  rt_locale_intlibspace.o ABSOLUTE
    ../clib/angel/rt.s                       0x00000000   Number         0  aeabi_idiv0_sigfpe.o ABSOLUTE
    ../clib/angel/rt.s                       0x00000000   Number         0  aeabi_idiv0.o ABSOLUTE
    ../clib/angel/rt.s                       0x00000000   Number         0  rt_ctype_table.o ABSOLUTE
    ../clib/angel/rt.s                       0x00000000   Number         0  aeabi_ldiv0.o ABSOLUTE
    ../clib/angel/rt.s                       0x00000000   Number         0  rt_locale.o ABSOLUTE
    ../clib/angel/rt.s                       0x00000000   Number         0  aeabi_ldiv0_sigfpe.o ABSOLUTE
    ../clib/angel/sys.s                      0x00000000   Number         0  libspace.o ABSOLUTE
    ../clib/angel/sys.s                      0x00000000   Number         0  indicate_semi.o ABSOLUTE
    ../clib/angel/sys.s                      0x00000000   Number         0  use_no_semi.o ABSOLUTE
    ../clib/angel/sysapp.c                   0x00000000   Number         0  sys_exit.o ABSOLUTE
    ../clib/angel/sysapp.c                   0x00000000   Number         0  sys_wrch.o ABSOLUTE
    ../clib/arm_runtime.c                    0x00000000   Number         0  init_aeabi.o ABSOLUTE
    ../clib/arm_runtime.c                    0x00000000   Number         0  init_aeabi.o ABSOLUTE
    ../clib/armsys.c                         0x00000000   Number         0  no_argv.o ABSOLUTE
    ../clib/armsys.c                         0x00000000   Number         0  argv_veneer.o ABSOLUTE
    ../clib/armsys.c                         0x00000000   Number         0  argv_veneer.o ABSOLUTE
    ../clib/armsys.c                         0x00000000   Number         0  _get_argv_nomalloc.o ABSOLUTE
    ../clib/bigflt.c                         0x00000000   Number         0  bigflt0.o ABSOLUTE
    ../clib/btod.s                           0x00000000   Number         0  btod.o ABSOLUTE
    ../clib/division.s                       0x00000000   Number         0  aeabi_sdivfast_rs_div0.o ABSOLUTE
    ../clib/division.s                       0x00000000   Number         0  aeabi_sdivfast_rs.o ABSOLUTE
    ../clib/division.s                       0x00000000   Number         0  rtudiv10.o ABSOLUTE
    ../clib/divrt.s                          0x00000000   Number         0  divrt_9e_div0.o ABSOLUTE
    ../clib/divrt.s                          0x00000000   Number         0  divrt_9e.o ABSOLUTE
    ../clib/heapalloc.c                      0x00000000   Number         0  hrguard.o ABSOLUTE
    ../clib/libinit.s                        0x00000000   Number         0  libinit2.o ABSOLUTE
    ../clib/locale.c                         0x00000000   Number         0  _wcrtomb.o ABSOLUTE
    ../clib/locale.s                         0x00000000   Number         0  lc_ctype_c.o ABSOLUTE
    ../clib/locale.s                         0x00000000   Number         0  lc_numeric_c.o ABSOLUTE
    ../clib/longlong.s                       0x00000000   Number         0  lludiv10.o ABSOLUTE
    ../clib/longlong.s                       0x00000000   Number         0  lludiv5.o ABSOLUTE
    ../clib/memcpset.s                       0x00000000   Number         0  rt_memcpy_w_qsp.o ABSOLUTE
    ../clib/memcpset.s                       0x00000000   Number         0  rt_memmove_w.o ABSOLUTE
    ../clib/memcpset.s                       0x00000000   Number         0  strcmp.o ABSOLUTE
    ../clib/memcpset.s                       0x00000000   Number         0  rt_memclr_w.o ABSOLUTE
    ../clib/memcpset.s                       0x00000000   Number         0  rt_memclr.o ABSOLUTE
    ../clib/memcpset.s                       0x00000000   Number         0  aeabi_memset.o ABSOLUTE
    ../clib/memcpset.s                       0x00000000   Number         0  rt_memmove.o ABSOLUTE
    ../clib/memcpset.s                       0x00000000   Number         0  rt_memcpy.o ABSOLUTE
    ../clib/misc.s                           0x00000000   Number         0  printf_stubs.o ABSOLUTE
    ../clib/printf.c                         0x00000000   Number         0  __printf_flags_ss_wp.o ABSOLUTE
    ../clib/printf.c                         0x00000000   Number         0  __printf_ss_wp.o ABSOLUTE
    ../clib/printf.c                         0x00000000   Number         0  __printf_flags_wp.o ABSOLUTE
[...]
    SW_Hash_Update                           0x00002003   Thumb Code    62  prxy_ufsha.o(.text)
    SW_Hash_Final                            0x00002041   Thumb Code    48  prxy_ufsha.o(.text)
    SW_Hmac                                  0x00002071   Thumb Code    74  prxy_ufsha.o(.text)
    qsee_dcache_inval_region                 0x000020bb   Thumb Code    34  qsee_cache_shim.o(.text)
    qsee_dcache_flush_region                 0x000020dd   Thumb Code    34  qsee_cache_shim.o(.text)
    qsee_dcache_clean_region                 0x000020ff   Thumb Code    34  qsee_cache_shim.o(.text)
    add_gpt_device_handle                    0x00002121   Thumb Code   198  stor_gpt.o(.text)
    add_gpt_client                           0x000021e7   Thumb Code   160  stor_gpt.o(.text)
    gpt_dev_init                             0x00002287   Thumb Code   272  stor_gpt.o(.text)
    gpt_qsee_read_sectors                    0x00002397   Thumb Code   404  stor_gpt.o(.text)
    gpt_qsee_write_sectors                   0x0000252b   Thumb Code   364  stor_gpt.o(.text)
    gpt_add_partitions                       0x00002697   Thumb Code   490  stor_gpt.o(.text)
    gpt_config_partitions                    0x00002881   Thumb Code   258  stor_gpt.o(.text)
    gpt_init                                 0x00002983   Thumb Code   306  stor_gpt.o(.text)
    gpt_open_partition                       0x00002ab5   Thumb Code   172  stor_gpt.o(.text)
    gpt_device_get_info                      0x00002b61   Thumb Code   140  stor_gpt.o(.text)
    gpt_client_get_info                      0x00002bed   Thumb Code   142  stor_gpt.o(.text)
    gpt_add_partition                        0x00002c7b   Thumb Code    76  stor_gpt.o(.text)
    gpt_read_sectors                         0x00002cc7   Thumb Code   162  stor_gpt.o(.text)
    gpt_write_sectors                        0x00002d69   Thumb Code   162  stor_gpt.o(.text)
    rpmbw_init                               0x00002e0b   Thumb Code    48  stor_rpmbw.o(.text)
    rpmbw_open_partition                     0x00002e3b   Thumb Code    50  stor_rpmbw.o(.text)
    rpmbw_device_get_info                    0x00002e6d   Thumb Code    46  stor_rpmbw.o(.text)
    rpmbw_client_get_info                    0x00002e9b   Thumb Code    46  stor_rpmbw.o(.text)
    rpmbw_add_partition                      0x00002ec9   Thumb Code    48  stor_rpmbw.o(.text)
    rpmbw_read_sectors                       0x00002ef9   Thumb Code    50  stor_rpmbw.o(.text)
    rpmbw_write_sectors                      0x00002f2b   Thumb Code    50  stor_rpmbw.o(.text)
    memcmp                                   0x00002f5d   Thumb Code    88  memcmp.o(.text)
    strlen                                   0x00002fb5   Thumb Code    58  strlen.o(.text)
    __aeabi_memset                           0x00002fef   Thumb Code    16  aeabi_memset.o(.text)
    __aeabi_memclr                           0x00002fff   Thumb Code     0  rt_memclr.o(.text)
    __rt_memclr                              0x00002fff   Thumb Code    68  rt_memclr.o(.text)
    _memset                                  0x00003003   Thumb Code     0  rt_memclr.o(.text)
    __aeabi_memclr4                          0x00003043   Thumb Code     0  rt_memclr_w.o(.text)
    __aeabi_memclr8                          0x00003043   Thumb Code     0  rt_memclr_w.o(.text)
    __rt_memclr_w                            0x00003043   Thumb Code    78  rt_memclr_w.o(.text)
    _memset_w                                0x00003047   Thumb Code     0  rt_memclr_w.o(.text)
    __aeabi_uread4                           0x00003091   Thumb Code     0  uread4.o(.text)
    __rt_uread4                              0x00003091   Thumb Code    22  uread4.o(.text)
    __aeabi_uwrite4                          0x000030a7   Thumb Code     0  uwrite4.o(.text)
    __rt_uwrite4                             0x000030a7   Thumb Code    22  uwrite4.o(.text)
    __aeabi_ul2f                             0x000030bd   Thumb Code     0  ffltll_clz.o(x$fpl$ffltll)
    _ll_uto_f                                0x000030bd   Thumb Code     6  ffltll_clz.o(x$fpl$ffltll)
    __aeabi_l2f                              0x000030c3   Thumb Code     0  ffltll_clz.o(x$fpl$ffltll)
    _ll_sto_f                                0x000030c3   Thumb Code    90  ffltll_clz.o(x$fpl$ffltll)
    __ARM_scalbn                             0x0000311d   Thumb Code    92  scalbn.o(x$fpl$scalbn)
    _printf_pre_padding                      0x00003179   Thumb Code    46  _printf_pad.o(.text)
    _printf_post_padding                     0x000031a7   Thumb Code    36  _printf_pad.o(.text)
    _printf_truncate_signed                  0x000031cb   Thumb Code    18  _printf_truncate.o(.text)
    _printf_truncate_unsigned                0x000031dd   Thumb Code    18  _printf_truncate.o(.text)
    _printf_str                              0x000031ef   Thumb Code    82  _printf_str.o(.text)
    _printf_charcount                        0x00003241   Thumb Code    42  _printf_charcount.o(.text)
    _sputc                                   0x0000326b   Thumb Code    10  _sputc.o(.text)
    _snputc                                  0x00003275   Thumb Code    16  _snputc.o(.text)
    _is_digit                                0x00003285   Thumb Code    14  __printf_wp.o(i._is_digit)
    _printf_n                                0x00003293   Thumb Code     0  _printf_n.o(.ARM.Collect$$_printf_percent$$00000001)
    _printf_percent                          0x00003293   Thumb Code     0  _printf_percent.o(.ARM.Collect$$_printf_percent$$00000000)
    _printf_p                                0x00003299   Thumb Code     0  _printf_p.o(.ARM.Collect$$_printf_percent$$00000002)
    _printf_f                                0x0000329f   Thumb Code     0  _printf_f.o(.ARM.Collect$$_printf_percent$$00000003)
    _printf_e                                0x000032a5   Thumb Code     0  _printf_e.o(.ARM.Collect$$_printf_percent$$00000004)
    _printf_g                                0x000032ab   Thumb Code     0  _printf_g.o(.ARM.Collect$$_printf_percent$$00000005)
    _printf_a                                0x000032b1   Thumb Code     0  _printf_a.o(.ARM.Collect$$_printf_percent$$00000006)
    _printf_ll                               0x000032b7   Thumb Code     0  _printf_ll.o(.ARM.Collect$$_printf_percent$$00000007)
    _printf_i                                0x000032c1   Thumb Code     0  _printf_i.o(.ARM.Collect$$_printf_percent$$00000008)
    _printf_d                                0x000032c7   Thumb Code     0  _printf_d.o(.ARM.Collect$$_printf_percent$$00000009)
    _printf_u                                0x000032cd   Thumb Code     0  _printf_u.o(.ARM.Collect$$_printf_percent$$0000000A)
    _printf_o                                0x000032d3   Thumb Code     0  _printf_o.o(.ARM.Collect$$_printf_percent$$0000000B)
    _printf_x                                0x000032d9   Thumb Code     0  _printf_x.o(.ARM.Collect$$_printf_percent$$0000000C)
    _printf_lli                              0x000032df   Thumb Code     0  _printf_lli.o(.ARM.Collect$$_printf_percent$$0000000D)
    _printf_lld                              0x000032e5   Thumb Code     0  _printf_lld.o(.ARM.Collect$$_printf_percent$$0000000E)
    _printf_llu                              0x000032eb   Thumb Code     0  _printf_llu.o(.ARM.Collect$$_printf_percent$$0000000F)
    _printf_llo                              0x000032f1   Thumb Code     0  _printf_llo.o(.ARM.Collect$$_printf_percent$$00000010)
    _printf_llx                              0x000032f7   Thumb Code     0  _printf_llx.o(.ARM.Collect$$_printf_percent$$00000011)
    _printf_l                                0x000032fd   Thumb Code     0  _printf_l.o(.ARM.Collect$$_printf_percent$$00000012)
    _printf_c                                0x00003307   Thumb Code     0  _printf_c.o(.ARM.Collect$$_printf_percent$$00000013)
    _printf_s                                0x0000330d   Thumb Code     0  _printf_s.o(.ARM.Collect$$_printf_percent$$00000014)
    _printf_lc                               0x00003313   Thumb Code     0  _printf_lc.o(.ARM.Collect$$_printf_percent$$00000015)
    _printf_ls                               0x00003319   Thumb Code     0  _printf_ls.o(.ARM.Collect$$_printf_percent$$00000016)
    _printf_percent_end                      0x0000331f   Thumb Code     0  _printf_percent_end.o(.ARM.Collect$$_printf_percent$$00000017)
    __fpl_dnaninf                            0x00003323   Thumb Code   156  dnaninf.o(x$fpl$dnaninf)
    __rt_lib_init_cpp_2                      0x00003323   Thumb Code     0  libinit2.o(.ARM.Collect$$libinit$$00000030)
    __rt_lib_init_lc_ctype_2                 0x00003323   Thumb Code     0  libinit2.o(.ARM.Collect$$libinit$$00000011)
    __rt_lib_init_lc_numeric_2               0x00003323   Thumb Code     0  libinit2.o(.ARM.Collect$$libinit$$00000015)
    __fpl_dretinf                            0x000033bf   Thumb Code    12  dretinf.o(x$fpl$dretinf)
    __fpl_fnaninf                            0x000033cb   Thumb Code   140  fnaninf.o(x$fpl$fnaninf)
    __fpl_fretinf                            0x00003457   Thumb Code    10  fretinf.o(x$fpl$fretinf)
    _printf_fp_dec                           0x00003461   Thumb Code     4  printf1.o(x$fpl$printf1)
    __I$use$fp                               0x00003464   Number         0  usenofp.o(x$fpl$usenofp)
    _printf_int_common                       0x00003465   Thumb Code   184  _printf_intcommon.o(.text)
    __lib_sel_fp_printf                      0x0000351d   Thumb Code     2  _printf_fp_dec.o(.text)
    _printf_fp_dec_real                      0x000036c9   Thumb Code   620  _printf_fp_dec.o(.text)
    _printf_cs_common                        0x00003935   Thumb Code    20  _printf_char.o(.text)
    _printf_char                             0x00003949   Thumb Code    16  _printf_char.o(.text)
    _printf_string                           0x00003959   Thumb Code     8  _printf_char.o(.text)
    _printf_lcs_common                       0x00003961   Thumb Code    20  _printf_wchar.o(.text)
    _printf_wchar                            0x00003975   Thumb Code    16  _printf_wchar.o(.text)
    _printf_wstring                          0x00003985   Thumb Code     8  _printf_wchar.o(.text)
    _wcrtomb                                 0x0000398d   Thumb Code    64  _wcrtomb.o(.text)
    __fpl_return_NaN                         0x000039cd   Thumb Code   100  retnan.o(x$fpl$retnan)
    _btod_d2e                                0x00003a31   Thumb Code    62  btod.o(CL$$btod_d2e)
    _d2e_norm_op1                            0x00003a6f   Thumb Code    96  btod.o(CL$$btod_d2e_norm_op1)
    _d2e_denorm_low                          0x00003acf   Thumb Code    70  btod.o(CL$$btod_d2e_denorm_low)
    _btod_emul                               0x00003b15   Thumb Code    40  btod.o(CL$$btod_emul)
    _btod_ediv                               0x00003b3d   Thumb Code    40  btod.o(CL$$btod_ediv)
    _e2e                                     0x00003b65   Thumb Code   198  btod.o(CL$$btod_e2e)
    __btod_mult_common                       0x00003c2b   Thumb Code   580  btod.o(CL$$btod_mult_common)
    __btod_div_common                        0x00003e6f   Thumb Code   696  btod.o(CL$$btod_div_common)
    __fpl_cmpreturn                          0x000041a7   Thumb Code    48  trapv.o(x$fpl$trapveneer)
    __ARM_fpclassify                         0x000041d7   Thumb Code    40  fpclassify.o(i.__ARM_fpclassify)
    tz_app_init                              0x00004201   Thumb Code    26  app_main.o(.text)
    tz_app_cmd_handler                       0x0000421b   Thumb Code  1662  app_main.o(.text)
    tz_app_shutdown                          0x00004899   Thumb Code     8  app_main.o(.text)
    tz_app_crypto_aes_func                   0x00004981   Thumb Code   526  app_crypto.o(.text)
    tz_app_crypto_triple_des_func            0x00004b8f   Thumb Code   492  app_crypto.o(.text)
    tz_app_crypto_triple_des_large_func      0x00004d7b   Thumb Code   872  app_crypto.o(.text)
    tz_app_crypto_aes_large_func             0x000050e3   Thumb Code  1172  app_crypto.o(.text)
    tz_app_crypto_aes_xts_func               0x00005577   Thumb Code   640  app_crypto.o(.text)
    tz_app_crypto_aes_ccm_func               0x000057f7   Thumb Code  1180  app_crypto.o(.text)
    tz_app_crypto_aes_block_func             0x00005c93   Thumb Code   790  app_crypto.o(.text)
    tz_app_crypto_hash_func                  0x00005fa9   Thumb Code   114  app_crypto.o(.text)
    tz_app_crypto_hash_block_func            0x0000601b   Thumb Code   282  app_crypto.o(.text)
    tz_app_crypto_hmac_func                  0x00006135   Thumb Code   192  app_crypto.o(.text)
    tz_app_crypto_cmac_func                  0x000061f5   Thumb Code   126  app_crypto.o(.text)
    tz_app_crypto_aes_perf                   0x00006273   Thumb Code   528  app_crypto.o(.text)
    tz_app_crypto_triple_des_perf            0x00006483   Thumb Code   214  app_crypto.o(.text)
    tz_app_crypto_aes_xts_perf               0x00006559   Thumb Code   282  app_crypto.o(.text)
    tz_app_crypto_hash_perf                  0x00006673   Thumb Code    78  app_crypto.o(.text)
    tz_app_crypto_hmac_perf                  0x000066c1   Thumb Code    70  app_crypto.o(.text)
    tz_app_crypto_cmac_perf                  0x00006707   Thumb Code    72  app_crypto.o(.text)
    tz_app_aes_func                          0x0000674f   Thumb Code  1382  app_crypto.o(.text)
    tz_app_des_func                          0x00006cb5   Thumb Code   580  app_crypto.o(.text)
    tz_app_aes_xts_func                      0x00006ef9   Thumb Code   226  app_crypto.o(.text)
    tz_app_aes_ccm_func                      0x00006fdb   Thumb Code    36  app_crypto.o(.text)
    tz_app_hash_func                         0x00006fff   Thumb Code   170  app_crypto.o(.text)
    tz_app_hmac_func                         0x000070a9   Thumb Code   610  app_crypto.o(.text)
    tz_app_cmac_func                         0x0000730b   Thumb Code   138  app_crypto.o(.text)
    tz_app_aes_perf                          0x00007395   Thumb Code  1838  app_crypto.o(.text)
    tz_app_des_perf                          0x00007ac3   Thumb Code   474  app_crypto.o(.text)
    tz_app_aes_xts_perf                      0x00007c9d   Thumb Code   910  app_crypto.o(.text)
    tz_app_hash_perf                         0x0000802b   Thumb Code   400  app_crypto.o(.text)
    tz_app_hmac_perf                         0x000081bb   Thumb Code   870  app_crypto.o(.text)
    tz_app_cmac_perf                         0x00008521   Thumb Code   464  app_crypto.o(.text)
    tz_app_kdf_perf                          0x000086f1   Thumb Code  1062  app_crypto.o(.text)
    tz_app_crypto_kdf                        0x00008b17   Thumb Code   822  app_crypto.o(.text)
    tz_app_crypto_ecdh_func                  0x00008e4d   Thumb Code   190  app_crypto.o(.text)
    tz_app_crypto_ecdsa_func                 0x00008f0b   Thumb Code   174  app_crypto.o(.text)
    tz_app_crypto_generic_ecdsa_func         0x00008fb9   Thumb Code  2566  app_crypto.o(.text)
    tz_app_crypto_generic_ecdh_func          0x000099bf   Thumb Code   300  app_crypto.o(.text)
    tz_app_ecdh_func                         0x00009aeb   Thumb Code    82  app_crypto.o(.text)
    tz_app_ecdsa_func                        0x00009b3d   Thumb Code   198  app_crypto.o(.text)
    tz_app_generic_ecdh_func                 0x00009c03   Thumb Code    68  app_crypto.o(.text)
    tz_app_generic_ecdsa_func                0x00009c47   Thumb Code    90  app_crypto.o(.text)
    tz_app_ufcrypto_aes_func                 0x00009ca1   Thumb Code  1506  app_crypto.o(.text)
    tz_app_ufcrypto_aes_gcm_func             0x0000a283   Thumb Code  1422  app_crypto.o(.text)
    tz_app_ufcrypto_hash_func                0x0000a811   Thumb Code   220  app_crypto.o(.text)
    tz_app_ufcrypto_hmac_func                0x0000a8ed   Thumb Code   596  app_crypto.o(.text)
    tz_app_sw_aes_func                       0x0000ab41   Thumb Code     4  app_crypto.o(.text)
    tz_app_sw_hash_func                      0x0000ab45   Thumb Code   108  app_crypto.o(.text)
    tz_app_sw_hmac_func                      0x0000abb1   Thumb Code   138  app_crypto.o(.text)
    tz_app_ufcrypto_aes_perf                 0x0000ac3b   Thumb Code   354  app_crypto.o(.text)
    tz_app_ufcrypto_hash_perf                0x0000ad9d   Thumb Code   208  app_crypto.o(.text)
    tz_app_ufcrypto_hmac_perf                0x0000ae6d   Thumb Code   178  app_crypto.o(.text)
    tz_app_sw_aes_perf                       0x0000af1f   Thumb Code   838  app_crypto.o(.text)
    tz_app_sw_aes_gcm_perf                   0x0000b265   Thumb Code   416  app_crypto.o(.text)
    tz_app_sw_hash_perf                      0x0000b405   Thumb Code   686  app_crypto.o(.text)
    tz_app_sw_hmac_perf                      0x0000b6b3   Thumb Code   428  app_crypto.o(.text)
    tz_app_crypto_test                       0x0000b85f   Thumb Code   114  app_crypto.o(.text)
    tz_app_crypto_func_test                  0x0000b8d1   Thumb Code   420  app_crypto.o(.text)
    tz_app_crypto_perf_test                  0x0000ba75   Thumb Code   210  app_crypto.o(.text)
    tz_app_counter                           0x0000c38d   Thumb Code  2168  app_sfs.o(.text)
    tz_app_sfs                               0x0000cc05   Thumb Code  3718  app_sfs.o(.text)
    init_key                                 0x0000dc89   Thumb Code    48  app_rsa.o(.text)
    free_key                                 0x0000dcb9   Thumb Code    10  app_rsa.o(.text)
    tzt_test_crypto_rsa_enc_dec_vect         0x0000dcc3   Thumb Code   370  app_rsa.o(.text)
    test_crypto_rsa_enc_dec                  0x0000de35   Thumb Code   480  app_rsa.o(.text)
    tzt_test_crypto_rsa_sign_verify_vect     0x0000e015   Thumb Code   380  app_rsa.o(.text)
    test_crypto_rsa_sign_verify              0x0000e191   Thumb Code   492  app_rsa.o(.text)
    test_crypto_rsa_byte_count               0x0000e37d   Thumb Code    84  app_rsa.o(.text)
    test_crypto_rsa_CRT_verify               0x0000e3d1   Thumb Code  1292  app_rsa.o(.text)
    tz_app_crypto_rsa_test                   0x0000e8dd   Thumb Code    46  app_rsa.o(.text)
    run_core_test                            0x0000ed9d   Thumb Code   158  qsee_api_tests.o(.text)
    run_securechannel_test                   0x0000ee3b   Thumb Code    30  qsee_api_tests.o(.text)
    run_misc_qsee_api_test                   0x0000ee59   Thumb Code   122  qsee_api_tests.o(.text)
    run_misc_test                            0x0000eed3   Thumb Code  1398  qsee_api_tests.o(.text)
    run_buses_spi_test                       0x0000f449   Thumb Code   274  qsee_api_tests.o(.text)
    run_buses_test                           0x0000f55b   Thumb Code    76  qsee_api_tests.o(.text)
    security_state_test                      0x0000f5a7   Thumb Code  1128  qsee_api_tests.o(.text)
    copy_S_BIGINT                            0x0000fa29   Thumb Code    74  app_cmnlib.o(.text)
    test_crypto_rsa_complementary            0x0000fa73   Thumb Code   476  app_cmnlib.o(.text)
    tz_app_cmnlib_test                       0x0000fc4f   Thumb Code   198  app_cmnlib.o(.text)
    run_message_passing_test                 0x0000ff8d   Thumb Code   298  app_message_passing.o(.text)
    flip_next_bit                            0x0001017d   Thumb Code    78  app_fuses.o(.text)
    blow_LSB_fuse                            0x000101cb   Thumb Code   264  app_fuses.o(.text)
    run_fuse_test                            0x000102d3   Thumb Code    12  app_fuses.o(.text)
    run_sw_fuse_test                         0x000102df   Thumb Code   140  app_fuses.o(.text)
    BufferBackup                             0x00010581   Thumb Code    52  app_stor.o(.text)
    BufferRestore                            0x000105b5   Thumb Code    52  app_stor.o(.text)
    qsee_stor_memset                         0x000105e9   Thumb Code    16  app_stor.o(.text)
    qsee_stor_deviceInitTest                 0x000105f9   Thumb Code    74  app_stor.o(.text)
    qsee_stor_deviceAddOpenPartitionTest     0x00010643   Thumb Code   200  app_stor.o(.text)
    qsee_stor_devRWSingleContTest            0x0001070b   Thumb Code   484  app_stor.o(.text)
    qsee_stor_devRWSingleAltTest             0x000108ef   Thumb Code  1376  app_stor.o(.text)
    qsee_stor_devRWDoubleContTest            0x00010e4f   Thumb Code   604  app_stor.o(.text)
    qsee_stor_devRWDoubleAltTest             0x000110ab   Thumb Code   898  app_stor.o(.text)
    qsee_stor_AdversarialTest                0x0001142d   Thumb Code   344  app_stor.o(.text)
    qsee_stor_devRWAdversarialTest           0x00011585   Thumb Code   934  app_stor.o(.text)
    qsee_stor_RWSProfileTest                 0x0001192b   Thumb Code   520  app_stor.o(.text)
    run_stor_test                            0x00011b33   Thumb Code   494  app_stor.o(.text)
    run_cipher_handle_test                   0x00011d21   Thumb Code   168  app_handle.o(.text)
    free_contexts                            0x00011dc9   Thumb Code    72  app_handle.o(.text)
    run_hash_handle_test                     0x00011e11   Thumb Code   416  app_handle.o(.text)
    run_handle_test                          0x00011fb1   Thumb Code    30  app_handle.o(.text)
    mem_seg_copy                             0x0001226d   Thumb Code   308  app_content_protection.o(.text)
    Content_Protection_Copy_NonsecureToSecure 0x000123a1   Thumb Code   488  app_content_protection.o(.text)
    gpPersistObj_Performance_Tests           0x00012701   Thumb Code  3298  app_gpPersistObj.o(.text)
    gpPersistObj_Crypto_Unit_Tests           0x000133e3   Thumb Code  3948  app_gpPersistObj.o(.text)
    gpPersistObj_FileIO_Unit_Tests           0x0001434f   Thumb Code  1886  app_gpPersistObj.o(.text)
    tz_app_gpPersistObj                      0x00014aad   Thumb Code   576  app_gpPersistObj.o(.text)
    tz_app_gpReadWrite_test                  0x00014ced   Thumb Code  3954  app_gpPersistObj.o(.text)
    qsee_err_fatal                           0x00015dcd   Thumb Code    34  tzapp_lib_main.o(.text)
    __stack_chk_fail                         0x00015def   Thumb Code     2  tzapp_lib_main.o(.text)
    _sys_command_string                      0x00015df1   Thumb Code     4  tzapp_lib_main.o(.text)
    get_stack_base                           0x00015df5   Thumb Code    12  tzapp_lib_main.o(.text)
    get_stack_size                           0x00015e01   Thumb Code    24  tzapp_lib_main.o(.text)
    get_app_name                             0x00015e19   Thumb Code    12  tzapp_lib_main.o(.text)
    wait_for_next_request                    0x00015e25   Thumb Code   120  tzapp_lib_main.o(.text)
    qsee_cmnlib_free                         0x00015e9d   Thumb Code    54  tzapp_lib_main.o(.text)
    qsee_cmnlib_malloc                       0x00015ed3   Thumb Code    60  tzapp_lib_main.o(.text)
    qsee_free                                0x00015f0f   Thumb Code    52  tzapp_lib_main.o(.text)
    qsee_malloc                              0x00015f43   Thumb Code    54  tzapp_lib_main.o(.text)
    tzlib_app_entry                          0x00015f79   Thumb Code   190  tzapp_lib_main.o(.text)
    get_app_entry                            0x00016037   Thumb Code     6  tzapp_lib_main.o(.text)
    get_app_req_resp                         0x0001603d   Thumb Code    12  tzapp_lib_main.o(.text)
    qsee_read_register                       0x00016049   Thumb Code    32  tzapp_lib_main.o(.text)
    qsee_request_service                     0x00016069   Thumb Code    36  tzapp_lib_main.o(.text)
    qsee_wait                                0x0001608d   Thumb Code    34  tzapp_lib_main.o(.text)
    qsee_register_shared_buffer              0x000160af   Thumb Code    34  tzapp_lib_main.o(.text)
    qsee_deregister_shared_buffer            0x000160d1   Thumb Code    32  tzapp_lib_main.o(.text)
    qsee_prepare_shared_buf_for_nosecure_read 0x000160f1   Thumb Code    34  tzapp_lib_main.o(.text)
    qsee_prepare_shared_buf_for_secure_read  0x00016113   Thumb Code    34  tzapp_lib_main.o(.text)
    qsee_set_global_flag                     0x00016135   Thumb Code    32  tzapp_lib_main.o(.text)
    qsee_get_global_flag                     0x00016155   Thumb Code    34  tzapp_lib_main.o(.text)
    qsee_oem_process_cmd                     0x00016177   Thumb Code    36  tzapp_lib_main.o(.text)
    qsee_encapsulate_inter_app_message       0x0001619b   Thumb Code    36  tzapp_lib_main.o(.text)
    qsee_decapsulate_inter_app_message       0x000161bf   Thumb Code    46  tzapp_lib_main.o(.text)
    qsee_get_secure_state                    0x000161ed   Thumb Code    32  tzapp_lib_main.o(.text)
    gpCrypto_Encrypt                         0x00016a09   Thumb Code   196  gpPersistObjCrypto.o(.text)
    gpCrypto_Integrity_Protect               0x00016acd   Thumb Code   232  gpPersistObjCrypto.o(.text)
    gpCrypto_Decrypt                         0x00016bb5   Thumb Code   154  gpPersistObjCrypto.o(.text)
    gpCrypto_Integrity_Verify                0x00016c4f   Thumb Code   232  gpPersistObjCrypto.o(.text)
    fileIO_Read_Data                         0x00016d39   Thumb Code    50  gpPersistObjFileIO.o(.text)
    fileIO_Write_Data                        0x00016d6b   Thumb Code    50  gpPersistObjFileIO.o(.text)
    fileIO_Remove_Data                       0x00016d9d   Thumb Code    42  gpPersistObjFileIO.o(.text)
    gpFileIO_Read_File                       0x00016dc7   Thumb Code   124  gpPersistObjFileIO.o(.text)
    gpFileIO_Write_File                      0x00016e43   Thumb Code   124  gpPersistObjFileIO.o(.text)
    gpFileIO_Remove_File                     0x00016ebf   Thumb Code    92  gpPersistObjFileIO.o(.text)
    gpFileRead                               0x00016f2d   Thumb Code   424  gpFileService.o(.text)
    gpFileWrite                              0x000170d5   Thumb Code   366  gpFileService.o(.text)
    gpFileRemove                             0x00017243   Thumb Code   214  gpFileService.o(.text)
    __aeabi_uldivmod                         0x00017328   ARM Code       0  lludiv5.o(.text)
    _ll_udiv                                 0x00017328   ARM Code     816  lludiv5.o(.text)
    _ll_udiv_donemoving                      0x0001733c   ARM Code       0  lludiv5.o(.text)
    __c89vsnprintf                           0x00017659   Thumb Code    46  c89vsnprintf.o(.text)
    __aeabi_memcpy                           0x0001768c   ARM Code       0  rt_memcpy.o(.text)
    __rt_memcpy                              0x0001768c   ARM Code     212  rt_memcpy.o(.text)
    _memcpy_lastbytes                        0x00017740   ARM Code       0  rt_memcpy.o(.text)
    __aeabi_memmove                          0x00017760   ARM Code       0  rt_memmove.o(.text)
    __rt_memmove                             0x00017760   ARM Code     212  rt_memmove.o(.text)
    __memmove_lastfew                        0x00017814   ARM Code       0  rt_memmove.o(.text)
    __aeabi_idiv                             0x00017834   ARM Code       0  aeabi_sdivfast_rs.o(.text)
    __aeabi_idivmod                          0x00017834   ARM Code     556  aeabi_sdivfast_rs.o(.text)
    __aeabi_uidiv                            0x00017a60   ARM Code       0  aeabi_sdivfast_rs.o(.text_udiv)
    __aeabi_uidivmod                         0x00017a60   ARM Code      48  aeabi_sdivfast_rs.o(.text_udiv)
    __cpp_initialize__aeabi_                 0x00017a91   Thumb Code    26  init_aeabi.o(.text)
    __aeabi_d2iz                             0x00017ab5   Thumb Code     0  dfix.o(x$fpl$dfix)
    _dfix                                    0x00017ab5   Thumb Code    94  dfix.o(x$fpl$dfix)
    __aeabi_dmul                             0x00017b15   Thumb Code     0  dmul.o(x$fpl$dmul)
    _dmul                                    0x00017b15   Thumb Code   332  dmul.o(x$fpl$dmul)
    __aeabi_f2d                              0x00017c69   Thumb Code     0  f2d.o(x$fpl$f2d)
    _f2d                                     0x00017c69   Thumb Code    86  f2d.o(x$fpl$f2d)
    __aeabi_fdiv                             0x00017cc1   Thumb Code     0  fdiv.o(x$fpl$fdiv)
    _fdiv                                    0x00017cc1   Thumb Code   384  fdiv.o(x$fpl$fdiv)
    __aeabi_ui2f                             0x00017e45   Thumb Code     0  fflt_clz.o(x$fpl$ffltu)
    _ffltu                                   0x00017e45   Thumb Code    38  fflt_clz.o(x$fpl$ffltu)
    _printf_int_dec                          0x00017e6d   Thumb Code    98  _printf_dec.o(.text)
    _printf_char_common                      0x00017eeb   Thumb Code    32  _printf_char_common.o(.text)
    _printf_wctomb                           0x00017f11   Thumb Code   178  _printf_wctomb.o(.text)
    _printf_longlong_dec                     0x00017fc9   Thumb Code   104  _printf_longlong_dec.o(.text)
    _printf_longlong_oct                     0x00018041   Thumb Code    76  _printf_oct_int_ll.o(.text)
    _printf_int_oct                          0x0001808d   Thumb Code    24  _printf_oct_int_ll.o(.text)
    _printf_ll_oct                           0x000180a5   Thumb Code    12  _printf_oct_int_ll.o(.text)
    _printf_longlong_hex                     0x000180b9   Thumb Code    92  _printf_hex_int_ll_ptr.o(.text)
    _printf_int_hex                          0x00018115   Thumb Code    28  _printf_hex_int_ll_ptr.o(.text)
    _printf_ll_hex                           0x00018131   Thumb Code    12  _printf_hex_int_ll_ptr.o(.text)
    _printf_hex_ptr                          0x0001813d   Thumb Code    18  _printf_hex_int_ll_ptr.o(.text)
    __printf                                 0x00018155   Thumb Code   386  __printf_flags_ss_wp.o(.text)
    __aeabi_memmove4                         0x000182dc   ARM Code       0  rt_memmove_w.o(.text)
    __aeabi_memmove8                         0x000182dc   ARM Code       0  rt_memmove_w.o(.text)
    __rt_memmove_w                           0x000182dc   ARM Code     128  rt_memmove_w.o(.text)
    __memmove_aligned                        0x00018308   ARM Code       0  rt_memmove_w.o(.text)
    __memmove_lastfew_aligned                0x00018344   ARM Code       0  rt_memmove_w.o(.text)
    __aeabi_memcpy4                          0x0001835c   ARM Code       0  rt_memcpy_w_qsp.o(.text)
    __aeabi_memcpy8                          0x0001835c   ARM Code       0  rt_memcpy_w_qsp.o(.text)
    __rt_memcpy_w                            0x0001835c   ARM Code     124  rt_memcpy_w_qsp.o(.text)
    _memcpy_lastbytes_aligned                0x000183c0   ARM Code       0  rt_memcpy_w_qsp.o(.text)
    __fpl_dcheck_NaN1                        0x000183d9   Thumb Code    10  dcheck1.o(x$fpl$dcheck1)
    _ll_udiv10                               0x000183e8   ARM Code     152  lludiv10.o(.text)
    __rt_udiv10                              0x00018480   ARM Code      44  rtudiv10.o(.text)
    __rt_ctype_table                         0x000184ad   Thumb Code    16  rt_ctype_table.o(.text)
    __rt_locale                              0x000184bd   Thumb Code    12  rt_locale.o(.text)
    _printf_fp_infnan                        0x000184c9   Thumb Code   112  _printf_fp_infnan.o(.text)
    _btod_etento                             0x00018549   Thumb Code   210  bigflt0.o(.text)
    _get_lc_numeric                          0x00018621   Thumb Code    44  lc_numeric_c.o(locale$$code)
    _get_lc_ctype                            0x0001864d   Thumb Code    44  lc_ctype_c.o(locale$$code)
    strcmp                                   0x00018678   ARM Code     156  strcmp.o(.text)
    app_export_init_info_to_qsee             0x00018800   ARM Code       0  tzapp_syscall.o(tzapp_syscall_asm)
    qsee_printf_syscall                      0x00018820   ARM Code       0  tzapp_syscall.o(tzapp_syscall_asm)
    qsee_wait_default_signal_syscall         0x00018838   ARM Code       0  tzapp_syscall.o(tzapp_syscall_asm)
    qsee_generic_syscall                     0x00018864   ARM Code       0  tzapp_syscall.o(tzapp_syscall_asm)
    Short Thumb to ARM Veneer to set_rw_base 0x00018889   Thumb Code     8  anon$$obj.o(Veneer$$Code)
    __ctype                                  0x0001d449   Data           0  lc_ctype_c.o(locale$$data)
    SHT$$INIT_ARRAY$$Base                    0x0001d54c   Number         0  app_crypto.o(.init_array)
    SHT$$INIT_ARRAY$$Limit                   0x0001d558   Number         0  tzapp_lib_main.o(.init_array)
    TZ_APP_NAME                              0x0001e004   Data          10  app_main.o(.data)
    b4                                       0x0001e010   Data           8  app_main.o(.data)
    after                                    0x0001e018   Data           8  app_main.o(.data)
    time_diff                                0x0001e020   Data           8  app_main.o(.data)
    average_time_diff                        0x0001e028   Data           8  app_main.o(.data)
    sha_hmac_msg_1                           0x0001e080   Data           2  app_crypto.o(.data)
    ccm128_plain_text_1                      0x0001e100   Data           4  app_crypto.o(.data)
    ccm128_cipher_text_1                     0x0001e180   Data           4  app_crypto.o(.data)
    ccm128_mac_data_1                        0x0001e200   Data           4  app_crypto.o(.data)
    sha_hmac_key_1                           0x0001e280   Data           4  app_crypto.o(.data)
    sha_hmac_key_3                           0x0001e300   Data           4  app_crypto.o(.data)
    ccm128_mac_data_2                        0x0001e380   Data           6  app_crypto.o(.data)
    aesccm128_nonce_1                        0x0001e400   Data           7  app_crypto.o(.data)
    ccm128_iv_1                              0x0001e480   Data           7  app_crypto.o(.data)
    aesccm128_nonce_2                        0x0001e500   Data           8  app_crypto.o(.data)
    ccm128_header_data_1                     0x0001e580   Data           8  app_crypto.o(.data)
    ccm128_iv_2                              0x0001e600   Data           8  app_crypto.o(.data)
    ccm128_mac_data_3                        0x0001e680   Data           8  app_crypto.o(.data)
    triple_des_iv_1_cbc                      0x0001e700   Data           8  app_crypto.o(.data)
    triple_des_iv_2_cbc                      0x0001e780   Data           8  app_crypto.o(.data)
    triple_des_plain_text_3_ecb              0x0001e800   Data           8  app_crypto.o(.data)
    triple_des_cipher_text_3_ecb             0x0001e880   Data           8  app_crypto.o(.data)
    sha_hmac_msg_2                           0x0001e900   Data           8  app_crypto.o(.data)
    aescmac128_cmac_text_4                   0x0001e980   Data           8  app_crypto.o(.data)
    aesccm_iv_1                              0x0001ea00   Data          16  app_crypto.o(.data)
    aesccm128_key_1                          0x0001ea80   Data          16  app_crypto.o(.data)
    aesccm128_plain_text_1                   0x0001eb00   Data          20  app_crypto.o(.data)
    aesccm128_cipher_text_1                  0x0001eb80   Data          24  app_crypto.o(.data)
    aesccm_iv_2                              0x0001ec00   Data          16  app_crypto.o(.data)
    aesccm128_key_2                          0x0001ec80   Data          16  app_crypto.o(.data)
    aesccm128_plain_text_2                   0x0001ed00   Data          48  app_crypto.o(.data)
    aesccm128_cipher_text_2                  0x0001ed80   Data          54  app_crypto.o(.data)
    aesccm_iv_3                              0x0001ee00   Data          16  app_crypto.o(.data)
    aesccm128_key_3                          0x0001ee80   Data          16  app_crypto.o(.data)
    aesccm128_nonce_3                        0x0001ef00   Data          12  app_crypto.o(.data)
    aesccm128_plain_text_3                   0x0001ef80   Data          56  app_crypto.o(.data)
    aesccm128_cipher_text_3                  0x0001f000   Data          64  app_crypto.o(.data)
    aes_ccm_test_vectors                     0x0001f040   Data         180  app_crypto.o(.data)
    aes_ccm_test_vectors_1                   0x0001f0f4   Data          60  app_crypto.o(.data)
    hash_aes_key_128                         0x0001f180   Data          16  app_crypto.o(.data)
    hash_aes_key_256                         0x0001f200   Data          32  app_crypto.o(.data)
    hash_aes_iv_1                            0x0001f280   Data          16  app_crypto.o(.data)
    hash_aes_test_vectors                    0x0001f290   Data         160  app_crypto.o(.data)
    ecc_160_public_key_x                     0x0001f330   Data          20  app_crypto.o(.data)
    ecc_160_public_key_y                     0x0001f344   Data          20  app_crypto.o(.data)
    ecc_160_private_key                      0x0001f358   Data          20  app_crypto.o(.data)
    ecc_160_signature                        0x0001f36c   Data          40  app_crypto.o(.data)
    ecc_160_hash                             0x0001f394   Data          20  app_crypto.o(.data)
    ecc_192_public_key_x                     0x0001f3a8   Data          24  app_crypto.o(.data)
    ecc_192_public_key_y                     0x0001f3c0   Data          24  app_crypto.o(.data)
    ecc_192_private_key                      0x0001f3d8   Data          24  app_crypto.o(.data)
    ecc_192_signature                        0x0001f3f0   Data          48  app_crypto.o(.data)
    ecc_192_hash                             0x0001f420   Data          32  app_crypto.o(.data)
    ecc_256_public_key_x                     0x0001f440   Data          32  app_crypto.o(.data)
    ecc_256_public_key_y                     0x0001f460   Data          32  app_crypto.o(.data)
    ecc_256_private_key                      0x0001f480   Data          32  app_crypto.o(.data)
    ecc_256_signature                        0x0001f4a0   Data          64  app_crypto.o(.data)
    ecc_256_hash                             0x0001f4e0   Data          32  app_crypto.o(.data)
    generic_ecc_test_vectors                 0x0001f500   Data         168  app_crypto.o(.data)
    generic_ecc_test_vectors_ptr             0x0001f5a8   Data          12  app_crypto.o(.data)
    ccm128_key_1                             0x0001f600   Data          16  app_crypto.o(.data)
    ccm128_key_2                             0x0001f680   Data          16  app_crypto.o(.data)
    ccm128_header_data_2                     0x0001f700   Data          16  app_crypto.o(.data)
    ccm128_plain_text_2                      0x0001f780   Data          16  app_crypto.o(.data)
    ccm128_cipher_text_2                     0x0001f800   Data          16  app_crypto.o(.data)
    ccm128_key_3                             0x0001f880   Data          16  app_crypto.o(.data)
    ccm128_iv_3                              0x0001f900   Data          12  app_crypto.o(.data)
    ccm128_header_data_3                     0x0001f980   Data          20  app_crypto.o(.data)
    ccm128_plain_text_3                      0x0001fa00   Data          24  app_crypto.o(.data)
    ccm128_cipher_text_3                     0x0001fa80   Data          24  app_crypto.o(.data)
    aes_ccm_test_vectors_uf                  0x0001fa98   Data         132  app_crypto.o(.data)
    aes_plain_text_1                         0x0001fb80   Data          16  app_crypto.o(.data)
    aes_key_1                                0x0001fc00   Data          16  app_crypto.o(.data)
    aes_cipher_text_1                        0x0001fc80   Data          16  app_crypto.o(.data)
    aes_plain_text_2                         0x0001fd00   Data          16  app_crypto.o(.data)
    aes_key_2                                0x0001fd80   Data          16  app_crypto.o(.data)
    aes_iv_2                                 0x0001fe00   Data          16  app_crypto.o(.data)
    aes_cipher_text_2                        0x0001fe80   Data          16  app_crypto.o(.data)
    aes_plain_text_3                         0x0001ff00   Data          16  app_crypto.o(.data)
    aes_key_3                                0x0001ff80   Data          16  app_crypto.o(.data)
    aes_iv_3                                 0x00020000   Data          16  app_crypto.o(.data)
    aes_cipher_text_3                        0x00020080   Data          16  app_crypto.o(.data)
    aes256_plain_text_1                      0x00020100   Data          16  app_crypto.o(.data)
    aes256_key_1                             0x00020180   Data          32  app_crypto.o(.data)
    aes256_cipher_text_1                     0x00020200   Data          16  app_crypto.o(.data)
    aes256_plain_text_2                      0x00020280   Data          16  app_crypto.o(.data)
    aes256_key_2                             0x00020300   Data          32  app_crypto.o(.data)
    aes256_iv_2                              0x00020380   Data          16  app_crypto.o(.data)
    aes256_cipher_text_2                     0x00020400   Data          16  app_crypto.o(.data)
    aes256_plain_text_3                      0x00020480   Data          16  app_crypto.o(.data)
    aes256_key_3                             0x00020500   Data          32  app_crypto.o(.data)
    aes256_iv_3                              0x00020580   Data          16  app_crypto.o(.data)
    aes256_cipher_text_3                     0x00020600   Data          16  app_crypto.o(.data)
    aes_test_vectors                         0x00020610   Data         192  app_crypto.o(.data)
    aes_test_vectors_2                       0x000206d0   Data          36  app_crypto.o(.data)
    sw_aes_test_vectors                      0x000206f4   Data          96  app_crypto.o(.data)
    key_index_gcm                            0x00020754   Data          24  app_crypto.o(.data)
    key_gcm                                  0x0002076c   Data         192  app_crypto.o(.data)
    iv_len_gcm                               0x0002082c   Data          24  app_crypto.o(.data)
    iv_index_gcm                             0x00020844   Data          24  app_crypto.o(.data)
    iv_gcm                                   0x0002085c   Data         384  app_crypto.o(.data)
    add_len_gcm                              0x000209dc   Data          24  app_crypto.o(.data)
    add_index_gcm                            0x000209f4   Data          24  app_crypto.o(.data)
    additional_gcm                           0x00020a0c   Data         384  app_crypto.o(.data)
    tag_gcm                                  0x00020b8c   Data         288  app_crypto.o(.data)
    triple_des_key_1_cbc                     0x00020d00   Data          24  app_crypto.o(.data)
    triple_des_plain_text_1_cbc              0x00020d80   Data          64  app_crypto.o(.data)
    triple_des_cipher_text_1_cbc             0x00020e00   Data          64  app_crypto.o(.data)
    triple_des_key_2_cbc                     0x00020e80   Data          24  app_crypto.o(.data)
    triple_des_plain_text_2_cbc              0x00020f00   Data         128  app_crypto.o(.data)
    triple_des_cipher_text_2_cbc             0x00020f80   Data         128  app_crypto.o(.data)
    triple_des_key_1_ecb                     0x00021000   Data          24  app_crypto.o(.data)
    triple_des_plain_text_1_ecb              0x00021080   Data         128  app_crypto.o(.data)
    triple_des_cipher_text_1_ecb             0x00021100   Data         128  app_crypto.o(.data)
    triple_des_key_2_ecb                     0x00021180   Data          24  app_crypto.o(.data)
    triple_des_plain_text_2_ecb              0x00021200   Data          24  app_crypto.o(.data)
    triple_des_cipher_text_2_ecb             0x00021280   Data          24  app_crypto.o(.data)
    triple_des_key_3_ecb                     0x00021300   Data          24  app_crypto.o(.data)
    triple_des_test_vectors                  0x00021318   Data         140  app_crypto.o(.data)
    triple_des_test_vectors_2                0x000213a4   Data          32  app_crypto.o(.data)
    aesxts128_cipher_text_1                  0x00021400   Data          32  app_crypto.o(.data)
    aesxts128_plain_text_2                   0x00021480   Data          32  app_crypto.o(.data)
    aesxts128_key1_2                         0x00021500   Data          16  app_crypto.o(.data)
    aesxts128_key2_2                         0x00021580   Data          16  app_crypto.o(.data)
    aesxts128_iv_2                           0x00021600   Data          16  app_crypto.o(.data)
    aesxts128_cipher_text_2                  0x00021680   Data          32  app_crypto.o(.data)
    aesxts128_plain_text_3                   0x00021700   Data         512  app_crypto.o(.data)
    aesxts128_key1_3                         0x00021900   Data          16  app_crypto.o(.data)
    aesxts128_key2_3                         0x00021980   Data          16  app_crypto.o(.data)
    aesxts128_iv_3                           0x00021a00   Data          16  app_crypto.o(.data)
    aesxts128_cipher_text_3                  0x00021a80   Data         512  app_crypto.o(.data)
    aesxts256_plain_text_4                   0x00021c80   Data         512  app_crypto.o(.data)
    aesxts256_key1_4                         0x00021e80   Data          32  app_crypto.o(.data)
    aesxts256_key2_4                         0x00021f00   Data          32  app_crypto.o(.data)
    aesxts256_iv_4                           0x00021f80   Data          16  app_crypto.o(.data)
    aesxts256_cipher_text_4                  0x00022000   Data         512  app_crypto.o(.data)
    aes_xts_test_vectors                     0x00022200   Data         352  app_crypto.o(.data)
    sha_plain_text_1                         0x00022380   Data          29  app_crypto.o(.data)
    sha1_digest_text_1                       0x00022400   Data          20  app_crypto.o(.data)
    sha256_digest_text_1                     0x00022480   Data          32  app_crypto.o(.data)
    sha_test_vectors                         0x000224a0   Data          32  app_crypto.o(.data)
    uf_sha_test_vectors                      0x000224c0   Data          32  app_crypto.o(.data)
    sha_hmac_msg_1_hmac1                     0x00022500   Data          20  app_crypto.o(.data)
    sha_hmac_msg_1_hmac256                   0x00022580   Data          32  app_crypto.o(.data)
    sha_hmac_key_2                           0x00022600   Data          20  app_crypto.o(.data)
    sha_hmac_msg_2_hmac1                     0x00022680   Data          20  app_crypto.o(.data)
    sha_hmac_msg_2_hmac256                   0x00022700   Data          32  app_crypto.o(.data)
    sha_hmac_msg_3                           0x00022780   Data          28  app_crypto.o(.data)
    sha_hmac_msg_3_hmac1                     0x00022800   Data          20  app_crypto.o(.data)
    sha_hmac_msg_3_hmac256                   0x00022880   Data          32  app_crypto.o(.data)
    sha_hmac_msg_4                           0x00022900   Data          50  app_crypto.o(.data)
    sha_hmac_key_4                           0x00022980   Data          20  app_crypto.o(.data)
    sha_hmac_msg_4_hmac1                     0x00022a00   Data          20  app_crypto.o(.data)
    sha_hmac_msg_4_hmac256                   0x00022a80   Data          32  app_crypto.o(.data)
    sha_hmac_msg_5                           0x00022b00   Data          50  app_crypto.o(.data)
    sha_hmac_key_5                           0x00022b80   Data          25  app_crypto.o(.data)
    sha_hmac_msg_5_hmac1                     0x00022c00   Data          20  app_crypto.o(.data)
    sha_hmac_msg_5_hmac256                   0x00022c80   Data          32  app_crypto.o(.data)
    sha_hmac_msg_6                           0x00022d00   Data          54  app_crypto.o(.data)
    sha_hmac_key_6                           0x00022d80   Data         131  app_crypto.o(.data)
    sha_hmac_msg_6_hmac1                     0x00022e80   Data          20  app_crypto.o(.data)
    sha_hmac_msg_6_hmac256                   0x00022f00   Data          32  app_crypto.o(.data)
    sha_hmac_msg_7                           0x00022f80   Data         147  app_crypto.o(.data)
    sha_hmac_key_7                           0x00023080   Data         131  app_crypto.o(.data)
    sha_hmac_msg_7_hmac1                     0x00023180   Data          20  app_crypto.o(.data)
    sha_hmac_msg_7_hmac256                   0x00023200   Data          32  app_crypto.o(.data)
    sha_hmac_test_vectors                    0x00023220   Data         168  app_crypto.o(.data)
    aescmac128_key_1                         0x00023300   Data          16  app_crypto.o(.data)
    aescmac128_key_2                         0x00023380   Data          16  app_crypto.o(.data)
    aescmac128_plain_text_1                  0x00023400   Data          16  app_crypto.o(.data)
    aescmac128_plain_text_2                  0x00023480   Data          40  app_crypto.o(.data)
    aescmac128_plain_text_3                  0x000234a8   Data          64  app_crypto.o(.data)
    aescmac128_plain_text_4                  0x000234e8   Data          32  app_crypto.o(.data)
    aescmac128_cmac_text_1                   0x00023580   Data          16  app_crypto.o(.data)
    aescmac128_cmac_text_2                   0x00023600   Data          16  app_crypto.o(.data)
    aescmac128_cmac_text_3                   0x00023680   Data          16  app_crypto.o(.data)
    aescmac256_key_1                         0x00023700   Data          32  app_crypto.o(.data)
    aescmac256_cmac_text_1                   0x00023780   Data          16  app_crypto.o(.data)
    aescmac256_cmac_text_2                   0x00023800   Data          16  app_crypto.o(.data)
    aescmac256_cmac_text_3                   0x00023880   Data          16  app_crypto.o(.data)
    aes_cmac_test_vectors                    0x00023890   Data         168  app_crypto.o(.data)
    ecc_224_public_key_x                     0x00023994   Data          28  app_crypto.o(.data)
    ecc_224_public_key_y                     0x000239b0   Data          28  app_crypto.o(.data)
    ecc_224_private_key                      0x000239cc   Data          28  app_crypto.o(.data)
    ecc_224_signature                        0x000239e8   Data          56  app_crypto.o(.data)
    ecc_224_hash                             0x00023a20   Data          32  app_crypto.o(.data)
    ecc_384_public_key_x                     0x00023a40   Data          97  app_crypto.o(.data)
    ecc_384_public_key_y                     0x00023aa1   Data          97  app_crypto.o(.data)
    ecc_384_private_key                      0x00023b02   Data          97  app_crypto.o(.data)
    ecc_384_signature                        0x00023b63   Data         222  app_crypto.o(.data)
    ecc_384_hash                             0x00023c41   Data          65  app_crypto.o(.data)
    ecc_521_public_key_x                     0x00023c82   Data         133  app_crypto.o(.data)
    ecc_521_public_key_y                     0x00023d07   Data         133  app_crypto.o(.data)
    ecc_521_private_key                      0x00023d8c   Data         133  app_crypto.o(.data)
    ecc_521_signature                        0x00023e11   Data         294  app_crypto.o(.data)
    ecc_521_hash                             0x00023f37   Data          65  app_crypto.o(.data)
    pt_len_gcm                               0x00023f78   Data          24  app_crypto.o(.data)
    pt_index_gcm                             0x00023f90   Data          24  app_crypto.o(.data)
    pt_gcm                                   0x00023fa8   Data         384  app_crypto.o(.data)
    ct_gcm                                   0x00024128   Data        1152  app_crypto.o(.data)
    aescmac128_cmac_text_0                   0x00024600   Data          16  app_crypto.o(.data)
    pss_salt_3                               0x00024610   Data           1  app_rsa.o(.data)
    pss_salt_4                               0x00024611   Data           1  app_rsa.o(.data)
    pss_salt_5                               0x00024612   Data           1  app_rsa.o(.data)
    pad_version_string                       0x00024618   Data           8  app_rsa.o(.data)
    OAEP_string                              0x00024620   Data           8  app_rsa.o(.data)
    PSS_string                               0x00024628   Data           8  app_rsa.o(.data)
    hash_id                                  0x00024630   Data          12  app_rsa.o(.data)
    rsa_lab_opae_key_1                       0x0002463c   Data          24  app_rsa.o(.data)
    oaep_msg_1                               0x00024654   Data          28  app_rsa.o(.data)
    oaep_seed_1                              0x00024670   Data          20  app_rsa.o(.data)
    oaep_enc_1                               0x00024684   Data         128  app_rsa.o(.data)
    rsa_lab_opae_key_2                       0x00024704   Data          24  app_rsa.o(.data)
    oaep_msg_2                               0x0002471c   Data          45  app_rsa.o(.data)
    oaep_seed_2                              0x00024749   Data          20  app_rsa.o(.data)
    oaep_enc_2                               0x0002475d   Data         256  app_rsa.o(.data)
    rsa_lab_opae_key_3                       0x00024860   Data          24  app_rsa.o(.data)
    oaep_msg_3                               0x00024878   Data          55  app_rsa.o(.data)
    oaep_seed_3                              0x000248af   Data          70  app_rsa.o(.data)
    oaep_enc_3                               0x000248f5   Data         128  app_rsa.o(.data)
    rsa_lab_opae_key_4                       0x00024978   Data          24  app_rsa.o(.data)
    oaep_msg_4                               0x00024990   Data          19  app_rsa.o(.data)
    oaep_seed_4                              0x000249a3   Data         234  app_rsa.o(.data)
    oaep_enc_4                               0x00024a8d   Data         256  app_rsa.o(.data)
    oaep_key_list                            0x00024b90   Data          16  app_rsa.o(.data)
    oaep_test_vectors                        0x00024ba0   Data         128  app_rsa.o(.data)
    rsa_lab_pss_key_1                        0x00024c20   Data          24  app_rsa.o(.data)
    pss_msg_1                                0x00024c38   Data         217  app_rsa.o(.data)
    pss_salt_1                               0x00024d11   Data          20  app_rsa.o(.data)
    pss_sig_1                                0x00024d25   Data         128  app_rsa.o(.data)
    rsa_lab_pss_key_2                        0x00024da8   Data          24  app_rsa.o(.data)
    pss_msg_2                                0x00024dc0   Data          29  app_rsa.o(.data)
    pss_salt_2                               0x00024ddd   Data          20  app_rsa.o(.data)
    pss_sig_2                                0x00024df1   Data         256  app_rsa.o(.data)
    rsa_lab_pss_key_3                        0x00024ef4   Data          24  app_rsa.o(.data)
    pss_msg_3                                0x00024f0c   Data         217  app_rsa.o(.data)
    pss_sig_3                                0x00024fe5   Data         128  app_rsa.o(.data)
    rsa_lab_pss_key_4                        0x00025068   Data          24  app_rsa.o(.data)
    pss_msg_4                                0x00025080   Data         229  app_rsa.o(.data)
    pss_sig_4                                0x00025165   Data         256  app_rsa.o(.data)
    rsa_lab_pss_key_5                        0x00025268   Data          24  app_rsa.o(.data)
    pss_msg_5                                0x00025280   Data         128  app_rsa.o(.data)
    pss_sig_5                                0x00025300   Data         384  app_rsa.o(.data)
    pss_key_list                             0x00025480   Data          20  app_rsa.o(.data)
    pss_test_vectors                         0x00025494   Data         160  app_rsa.o(.data)
    SpiTransferLen                           0x00025534   Data           4  qsee_api_tests.o(.data)
    rpmb_device_id                           0x00025a50   Data           4  app_stor.o(.data)
    gpt_device_id                            0x00025a54   Data           4  app_stor.o(.data)
    gDeviceID                                0x00025a58   Data           4  app_stor.o(.data)
    gDevHandle                               0x00025a5c   Data           4  app_stor.o(.data)
    gClientHandle                            0x00025a60   Data           4  app_stor.o(.data)
    pgCmnlib                                 0x00025a64   Data           4  tzapp_lib_main.o(.data)
    tzapp_lib                                0x00025a68   Data           4  tzapp_lib_main.o(.data)
    cmnlib_rw_base                           0x00025a6c   Data           4  tzapp_lib_main.o(.data)
    app_rw_base                              0x00025a70   Data           4  tzapp_lib_main.o(.data)
    __stack_chk_guard                        0x00025a74   Data           4  tzapp_lib_main.o(.data)
    dummy_str                                0x00025a78   Data           4  tzapp_lib_main.o(.data)
    magic_num                                0x00025a7c   Data          20  tzapp_lib_main.o(.data)
    magic_num_index_array                    0x00025a90   Data          10  tzapp_lib_main.o(.data)
    aes_iv_4                                 0x00025b00   Data          16  app_crypto.o(.bss)
    aesxts128_plain_text_1                   0x00025b80   Data          32  app_crypto.o(.bss)
    aesxts128_key1_1                         0x00025c00   Data          16  app_crypto.o(.bss)
    aesxts128_key2_1                         0x00025c80   Data          16  app_crypto.o(.bss)
    aesxts128_iv_1                           0x00025d00   Data          16  app_crypto.o(.bss)
    aes_large_plain_text_1                   0x00025d80   Data        1024  app_crypto.o(.bss)
    aes_large_cipher_text_1                  0x00026180   Data        1024  app_crypto.o(.bss)
    aes_large_plain_text2                    0x00026580   Data       16384  app_crypto.o(.bss)
    aes_large_cipher_text2                   0x0002a580   Data       16384  app_crypto.o(.bss)
    aes_large_cipher_text3                   0x0002e580   Data       16384  app_crypto.o(.bss)
    aes_performance                          0x00032580   Data       32768  app_crypto.o(.bss)
    hash_binary                              0x0003a580   Data          40  app_crypto.o(.bss)
    cipher_key                               0x0003a8c0   Data          16  app_cmnlib.o(.bss)
    gBackupBuff                              0x0003a8d0   Data        4096  app_stor.o(.bss)
    gBuff                                    0x0003b8d0   Data        1024  app_stor.o(.bss)
    gBuff2                                   0x0003bcd0   Data        1024  app_stor.o(.bss)
    gClientInfo                              0x0003c0d0   Data          28  app_stor.o(.bss)
    my_handles                               0x0003c0ec   Data          44  app_handle.o(.bss)
    gAppCntxt                                0x0003c118   Data          20  tzapp_lib_main.o(.bss)
    application_heap                         0x0003c12c   Data          52  tzapp_lib_main.o(.bss)
    mem_magic_number                         0x0003c160   Data          12  tzapp_lib_main.o(.bss)
    apps_request_resp                        0x0003c16c   Data          20  tzapp_lib_main.o(.bss)
    Image$$TZ_APP_STACK$$ZI$$Base            0x0003c8f4   Number         0  anon$$obj.o(TZ_APP_STACK.bss)
    Image$$TZ_APP_HEAP$$ZI$$Base             0x000448f4   Number         0  anon$$obj.o(TZ_APP_HEAP.bss)
    Image$$TZ_APP_STACK$$ZI$$Limit           0x000448f4   Number         0  anon$$obj.o(TZ_APP_STACK.bss)
    Image$$TZ_APP_HEAP$$ZI$$Limit            0x0004c8f4   Number         0  anon$$obj.o(TZ_APP_HEAP.bss)



==============================================================================

Memory Map of the image

  Image Entry point : 0x00000000

  Load Region TZ_TEST_APP (Base: 0x00000000, Size: 0x0001d558, Max: 0xffffffff, PI)

    Execution Region TZ_APP_CODE (Base: 0x00000000, Size: 0x0001d558, Max: 0xffffffff, PI)

    Base Addr    Size         Type   Attr      Idx    E Section Name        Object

    0x00000000   0x0000005c   Code   RO            3  * TZAPPENTRYCODE      tzapp_entry.o
    0x0000005c   0x0000001e   Code   RO          431    .text               libstd.lib(memscpy.o)
    0x0000007a   0x00000042   Code   RO          452    .text               libstd.lib(strlcpy.o)
    0x000000bc   0x00000672   Code   RO          464    .text               tzlib_proxy.lib(prxy_services.o)
    0x0000072e   0x0000024e   Code   RO          629    .text               tzlib_proxy.lib(prxy_qsee_shim.o)
    0x0000097c   0x000002da   Code   RO          655    .text               tzapp_entrylib.lib(qsee_core_shim.o)
    0x00000c56   0x000003c6   Code   RO          670    .text               tzapp_entrylib.lib(qsee_crypto_shim.o)
    0x0000101c   0x00000062   Code   RO          682    .text               tzapp_entrylib.lib(qsee_timer_shim.o)
    0x0000107e   0x00000200   Code   RO          700    .text               tzapp_entrylib.lib(qsee_comstr.o)
    0x0000127e   0x000001a0   Code   RO          716    .text               tzapp_entrylib.lib(stor.o)
    0x0000141e   0x00000102   Code   RO          731    .text               tzapp_entrylib.lib(qsee_counter_shim.o)
    0x00001520   0x00000014   Code   RO          824    .text               libstd.lib(secure_memset.o)
    0x00001534   0x0000003e   Code   RO          836    .text               libstd.lib(timesafe_memcmp.o)
    0x00001572   0x0000007c   Code   RO          848    .text               tzlib_proxy.lib(prxy_secmath.o)
    0x000015ee   0x00000298   Code   RO          881    .text               tzlib_proxy.lib(prxy_secrsa.o)
    0x00001886   0x0000047e   Code   RO          893    .text               tzlib_proxy.lib(prxy_ecc.o)
    0x00001d04   0x000001f8   Code   RO          905    .text               tzlib_proxy.lib(prxy_ufaes.o)
    0x00001efc   0x000000d6   Code   RO          917    .text               tzlib_proxy.lib(prxy_ufdes.o)
    0x00001fd2   0x000000e8   Code   RO          929    .text               tzlib_proxy.lib(prxy_ufsha.o)
    0x000020ba   0x00000066   Code   RO          941    .text               tzapp_entrylib.lib(qsee_cache_shim.o)
    0x00002120   0x00000cea   Code   RO          953    .text               tzapp_entrylib.lib(stor_gpt.o)
    0x00002e0a   0x00000152   Code   RO          976    .text               tzapp_entrylib.lib(stor_rpmbw.o)
    0x00002f5c   0x00000058   Code   RO         1013    .text               c_2e.l(memcmp.o)
    0x00002fb4   0x0000003a   Code   RO         1015    .text               c_2e.l(strlen.o)
    0x00002fee   0x00000010   Code   RO         1021    .text               c_2e.l(aeabi_memset.o)
    0x00002ffe   0x00000044   Code   RO         1023    .text               c_2e.l(rt_memclr.o)
    0x00003042   0x0000004e   Code   RO         1025    .text               c_2e.l(rt_memclr_w.o)
    0x00003090   0x00000016   Code   RO         1027    .text               c_2e.l(uread4.o)
    0x000030a6   0x00000016   Code   RO         1029    .text               c_2e.l(uwrite4.o)
    0x000030bc   0x00000060   Code   RO         1071    x$fpl$ffltll        fz_2s.l(ffltll_clz.o)
    0x0000311c   0x0000005c   Code   RO         1073    x$fpl$scalbn        fz_2s.l(scalbn.o)
    0x00003178   0x00000052   Code   RO         1085    .text               c_2e.l(_printf_pad.o)
    0x000031ca   0x00000024   Code   RO         1087    .text               c_2e.l(_printf_truncate.o)
    0x000031ee   0x00000052   Code   RO         1089    .text               c_2e.l(_printf_str.o)
    0x00003240   0x0000002a   Code   RO         1093    .text               c_2e.l(_printf_charcount.o)
    0x0000326a   0x0000000a   Code   RO         1097    .text               c_2e.l(_sputc.o)
    0x00003274   0x00000010   Code   RO         1099    .text               c_2e.l(_snputc.o)
    0x00003284   0x0000000e   Code   RO         1143    i._is_digit         c_2e.l(__printf_wp.o)
    0x00003292   0x00000000   Code   RO         1166    .ARM.Collect$$_printf_percent$$00000000  c_2e.l(_printf_percent.o)
    0x00003292   0x00000006   Code   RO         1155    .ARM.Collect$$_printf_percent$$00000001  c_2e.l(_printf_n.o)
    0x00003298   0x00000006   Code   RO         1157    .ARM.Collect$$_printf_percent$$00000002  c_2e.l(_printf_p.o)
    0x0000329e   0x00000006   Code   RO         1162    .ARM.Collect$$_printf_percent$$00000003  c_2e.l(_printf_f.o)
    0x000032a4   0x00000006   Code   RO         1163    .ARM.Collect$$_printf_percent$$00000004  c_2e.l(_printf_e.o)
    0x000032aa   0x00000006   Code   RO         1164    .ARM.Collect$$_printf_percent$$00000005  c_2e.l(_printf_g.o)
    0x000032b0   0x00000006   Code   RO         1165    .ARM.Collect$$_printf_percent$$00000006  c_2e.l(_printf_a.o)
    0x000032b6   0x0000000a   Code   RO         1170    .ARM.Collect$$_printf_percent$$00000007  c_2e.l(_printf_ll.o)
    0x000032c0   0x00000006   Code   RO         1159    .ARM.Collect$$_printf_percent$$00000008  c_2e.l(_printf_i.o)
    0x000032c6   0x00000006   Code   RO         1160    .ARM.Collect$$_printf_percent$$00000009  c_2e.l(_printf_d.o)
    0x000032cc   0x00000006   Code   RO         1161    .ARM.Collect$$_printf_percent$$0000000A  c_2e.l(_printf_u.o)
    0x000032d2   0x00000006   Code   RO         1158    .ARM.Collect$$_printf_percent$$0000000B  c_2e.l(_printf_o.o)
    0x000032d8   0x00000006   Code   RO         1156    .ARM.Collect$$_printf_percent$$0000000C  c_2e.l(_printf_x.o)
    0x000032de   0x00000006   Code   RO         1167    .ARM.Collect$$_printf_percent$$0000000D  c_2e.l(_printf_lli.o)
    0x000032e4   0x00000006   Code   RO         1168    .ARM.Collect$$_printf_percent$$0000000E  c_2e.l(_printf_lld.o)
    0x000032ea   0x00000006   Code   RO         1169    .ARM.Collect$$_printf_percent$$0000000F  c_2e.l(_printf_llu.o)
    0x000032f0   0x00000006   Code   RO         1174    .ARM.Collect$$_printf_percent$$00000010  c_2e.l(_printf_llo.o)
    0x000032f6   0x00000006   Code   RO         1175    .ARM.Collect$$_printf_percent$$00000011  c_2e.l(_printf_llx.o)
    0x000032fc   0x0000000a   Code   RO         1171    .ARM.Collect$$_printf_percent$$00000012  c_2e.l(_printf_l.o)
    0x00003306   0x00000006   Code   RO         1153    .ARM.Collect$$_printf_percent$$00000013  c_2e.l(_printf_c.o)
    0x0000330c   0x00000006   Code   RO         1154    .ARM.Collect$$_printf_percent$$00000014  c_2e.l(_printf_s.o)
    0x00003312   0x00000006   Code   RO         1172    .ARM.Collect$$_printf_percent$$00000015  c_2e.l(_printf_lc.o)
    0x00003318   0x00000006   Code   RO         1173    .ARM.Collect$$_printf_percent$$00000016  c_2e.l(_printf_ls.o)
    0x0000331e   0x00000004   Code   RO         1250    .ARM.Collect$$_printf_percent$$00000017  c_2e.l(_printf_percent_end.o)
    0x00003322   0x00000000   Code   RO         1193    .ARM.Collect$$libinit$$00000011  c_2e.l(libinit2.o)
    0x00003322   0x00000000   Code   RO         1197    .ARM.Collect$$libinit$$00000015  c_2e.l(libinit2.o)
    0x00003322   0x00000000   Code   RO         1221    .ARM.Collect$$libinit$$00000030  c_2e.l(libinit2.o)
    0x00003322   0x0000009c   Code   RO         1225    x$fpl$dnaninf       fz_2s.l(dnaninf.o)
    0x000033be   0x0000000c   Code   RO         1227    x$fpl$dretinf       fz_2s.l(dretinf.o)
    0x000033ca   0x0000008c   Code   RO         1229    x$fpl$fnaninf       fz_2s.l(fnaninf.o)
    0x00003456   0x0000000a   Code   RO         1231    x$fpl$fretinf       fz_2s.l(fretinf.o)
    0x00003460   0x00000004   Code   RO         1233    x$fpl$printf1       fz_2s.l(printf1.o)
    0x00003464   0x00000000   Code   RO         1235    x$fpl$usenofp       fz_2s.l(usenofp.o)
    0x00003464   0x000000b8   Code   RO         1240    .text               c_2e.l(_printf_intcommon.o)
    0x0000351c   0x00000418   Code   RO         1242    .text               c_2e.l(_printf_fp_dec.o)
    0x00003934   0x0000002c   Code   RO         1246    .text               c_2e.l(_printf_char.o)
    0x00003960   0x0000002c   Code   RO         1248    .text               c_2e.l(_printf_wchar.o)
    0x0000398c   0x00000040   Code   RO         1251    .text               c_2e.l(_wcrtomb.o)
    0x000039cc   0x00000064   Code   RO         1259    x$fpl$retnan        fz_2s.l(retnan.o)
    0x00003a30   0x0000003e   Code   RO         1273    CL$$btod_d2e        c_2e.l(btod.o)
    0x00003a6e   0x00000060   Code   RO         1274    CL$$btod_d2e_norm_op1  c_2e.l(btod.o)
    0x00003ace   0x00000046   Code   RO         1275    CL$$btod_d2e_denorm_low  c_2e.l(btod.o)
    0x00003b14   0x00000028   Code   RO         1276    CL$$btod_emul       c_2e.l(btod.o)
    0x00003b3c   0x00000028   Code   RO         1277    CL$$btod_ediv       c_2e.l(btod.o)
    0x00003b64   0x000000c6   Code   RO         1280    CL$$btod_e2e        c_2e.l(btod.o)
    0x00003c2a   0x00000244   Code   RO         1282    CL$$btod_mult_common  c_2e.l(btod.o)
    0x00003e6e   0x00000338   Code   RO         1283    CL$$btod_div_common  c_2e.l(btod.o)
    0x000041a6   0x00000030   Code   RO         1308    x$fpl$trapveneer    fz_2s.l(trapv.o)
    0x000041d6   0x00000028   Code   RO         1310    i.__ARM_fpclassify  m_2s.l(fpclassify.o)
    0x000041fe   0x00000002   PAD
    0x00004200   0x00000780   Code   RO            8    .text               app_main.o
    0x00004980   0x00007a0c   Code   RO          123    .text               app_crypto.o
    0x0000c38c   0x000018fc   Code   RO          191    .text               app_sfs.o
    0x0000dc88   0x000010d0   Code   RO          213    .text               app_rsa.o
    0x0000ed58   0x00000cd0   Code   RO          240    .text               qsee_api_tests.o
    0x0000fa28   0x00000564   Code   RO          278    .text               app_cmnlib.o
    0x0000ff8c   0x000001f0   Code   RO          294    .text               app_message_passing.o
    0x0001017c   0x00000404   Code   RO          310    .text               app_fuses.o
    0x00010580   0x000017a0   Code   RO          329    .text               app_stor.o
    0x00011d20   0x0000054c   Code   RO          349    .text               app_handle.o
    0x0001226c   0x00000494   Code   RO          370    .text               app_content_protection.o
    0x00012700   0x000036cc   Code   RO          400    .text               app_gpPersistObj.o
    0x00015dcc   0x00000454   Code   RO          747    .text               tzapp_entrylib.lib(tzapp_lib_main.o)
    0x00016220   0x00000b16   Code   RO          776    .text               trusted_storage_lib.lib(gpPersistObjCrypto.o)
    0x00016d36   0x00000002   PAD
    0x00016d38   0x000001f4   Code   RO          802    .text               trusted_storage_lib.lib(gpPersistObjFileIO.o)
    0x00016f2c   0x000003fc   Code   RO          988    .text               trusted_storage_lib.lib(gpFileService.o)
    0x00017328   0x00000330   Code   RO         1009    .text               c_2e.l(lludiv5.o)
    0x00017658   0x00000034   Code   RO         1011    .text               c_2e.l(c89vsnprintf.o)
    0x0001768c   0x000000d4   Code   RO         1017    .text               c_2e.l(rt_memcpy.o)
    0x00017760   0x000000d4   Code   RO         1019    .text               c_2e.l(rt_memmove.o)
    0x00017834   0x0000022c   Code   RO         1031    .text               c_2e.l(aeabi_sdivfast_rs.o)
    0x00017a60   0x00000030   Code   RO         1032    .text_udiv          c_2e.l(aeabi_sdivfast_rs.o)
    0x00017a90   0x00000024   Code   RO         1050    .text               c_2e.l(init_aeabi.o)
    0x00017ab4   0x0000005e   Code   RO         1053    x$fpl$dfix          fz_2s.l(dfix.o)
    0x00017b12   0x00000002   PAD
    0x00017b14   0x00000154   Code   RO         1057    x$fpl$dmul          fz_2s.l(dmul.o)
    0x00017c68   0x00000056   Code   RO         1059    x$fpl$f2d           fz_2s.l(f2d.o)
    0x00017cbe   0x00000002   PAD
    0x00017cc0   0x00000184   Code   RO         1062    x$fpl$fdiv          fz_2s.l(fdiv.o)
    0x00017e44   0x00000026   Code   RO         1065    x$fpl$ffltu         fz_2s.l(fflt_clz.o)
    0x00017e6a   0x00000002   PAD
    0x00017e6c   0x00000074   Code   RO         1091    .text               c_2e.l(_printf_dec.o)
    0x00017ee0   0x00000030   Code   RO         1095    .text               c_2e.l(_printf_char_common.o)
    0x00017f10   0x000000b8   Code   RO         1101    .text               c_2e.l(_printf_wctomb.o)
    0x00017fc8   0x00000078   Code   RO         1104    .text               c_2e.l(_printf_longlong_dec.o)
    0x00018040   0x00000078   Code   RO         1110    .text               c_2e.l(_printf_oct_int_ll.o)
    0x000180b8   0x0000009c   Code   RO         1130    .text               c_2e.l(_printf_hex_int_ll_ptr.o)
    0x00018154   0x00000188   Code   RO         1150    .text               c_2e.l(__printf_flags_ss_wp.o)
    0x000182dc   0x00000080   Code   RO         1176    .text               c_2e.l(rt_memmove_w.o)
    0x0001835c   0x0000007c   Code   RO         1178    .text               c_2e.l(rt_memcpy_w_qsp.o)
    0x000183d8   0x00000010   Code   RO         1223    x$fpl$dcheck1       fz_2s.l(dcheck1.o)
    0x000183e8   0x00000098   Code   RO         1238    .text               c_2e.l(lludiv10.o)
    0x00018480   0x0000002c   Code   RO         1253    .text               c_2e.l(rtudiv10.o)
    0x000184ac   0x00000010   Code   RO         1261    .text               c_2e.l(rt_ctype_table.o)
    0x000184bc   0x0000000c   Code   RO         1263    .text               c_2e.l(rt_locale.o)
    0x000184c8   0x00000080   Code   RO         1268    .text               c_2e.l(_printf_fp_infnan.o)
    0x00018548   0x000000d8   Code   RO         1270    .text               c_2e.l(bigflt0.o)
    0x00018620   0x0000002c   Code   RO         1296    locale$$code        c_2e.l(lc_numeric_c.o)
    0x0001864c   0x0000002c   Code   RO         1320    locale$$code        c_2e.l(lc_ctype_c.o)
    0x00018678   0x000000a0   Code   RO         1330    .text               c_2e.l(strcmp.o)
    0x00018718   0x000000e8   PAD
    0x00018800   0x00000088   Code   RO          697    tzapp_syscall_asm   tzapp_entrylib.lib(tzapp_syscall.o)
    0x00018888   0x00000008   Ven    RO         1363    Veneer$$Code        anon$$obj.o
    0x00018890   0x000000db   Data   RO          778    .constdata          trusted_storage_lib.lib(gpPersistObjCrypto.o)
    0x0001896b   0x00000072   Data   RO          803    .constdata          trusted_storage_lib.lib(gpPersistObjFileIO.o)
    0x000189dd   0x00000024   Data   RO          989    .constdata          trusted_storage_lib.lib(gpFileService.o)
    0x00018a01   0x00000028   Data   RO         1131    .constdata          c_2e.l(_printf_hex_int_ll_ptr.o)
    0x00018a29   0x00000011   Data   RO         1151    .constdata          c_2e.l(__printf_flags_ss_wp.o)
    0x00018a3a   0x00000002   PAD
    0x00018a3c   0x000001b8   Data   RO            9    .constdata          app_main.o
    0x00018bf4   0x00000bc5   Data   RO          125    .constdata          app_crypto.o
    0x000197b9   0x00000003   PAD
    0x000197bc   0x00000048   Data   RO          192    .constdata          app_sfs.o
    0x00019804   0x00001ded   Data   RO          215    .constdata          app_rsa.o
    0x0001b5f1   0x00000003   PAD
    0x0001b5f4   0x00000089   Data   RO          242    .constdata          qsee_api_tests.o
    0x0001b67d   0x00000003   PAD
    0x0001b680   0x00000042   Data   RO          295    .constdata          app_message_passing.o
    0x0001b6c2   0x00000002   PAD
    0x0001b6c4   0x000000f9   Data   RO          311    .constdata          app_fuses.o
    0x0001b7bd   0x00000003   PAD
    0x0001b7c0   0x000013de   Data   RO          331    .constdata          app_stor.o
    0x0001cb9e   0x00000002   PAD
    0x0001cba0   0x000002b0   Data   RO          351    .constdata          app_handle.o
    0x0001ce50   0x000001b2   Data   RO          371    .constdata          app_content_protection.o
    0x0001d002   0x00000002   PAD
    0x0001d004   0x0000037f   Data   RO          401    .constdata          app_gpPersistObj.o
    0x0001d383   0x00000001   PAD
    0x0001d384   0x00000008   Data   RO         1102    .constdata          c_2e.l(_printf_wctomb.o)
    0x0001d38c   0x00000094   Data   RO         1271    .constdata          c_2e.l(bigflt0.o)
    0x0001d420   0x0000001c   Data   RO         1295    locale$$data        c_2e.l(lc_numeric_c.o)
    0x0001d43c   0x00000110   Data   RO         1319    locale$$data        c_2e.l(lc_ctype_c.o)
    0x0001d54c   0x00000004   Data   RO          147    .init_array         app_crypto.o
    0x0001d550   0x00000004   Data   RO          217    .init_array         app_rsa.o
    0x0001d554   0x00000004   Data   RO          750    .init_array         tzapp_entrylib.lib(tzapp_lib_main.o)



  Load Region TZ_TEST_APP_DATA (Base: 0x0001e000, Size: 0x00007aa0, Max: 0xffffffff, PI)

    Execution Region TZ_APP_RW (Base: 0x0001e000, Size: 0x0001e8f4, Max: 0xffffffff, PI)

    Base Addr    Size         Type   Attr      Idx    E Section Name        Object

    0x0001e000   0x00000004   Data   RW         1361    PDT$$ptr            anon$$obj.o
    0x0001e004   0x0000000a   Data   RW           10    .data               app_main.o
    0x0001e00e   0x00000002   PAD
    0x0001e010   0x00000008   Data   RW           11    .data               app_main.o
    0x0001e018   0x00000008   Data   RW           12    .data               app_main.o
    0x0001e020   0x00000008   Data   RW           13    .data               app_main.o
    0x0001e028   0x00000008   Data   RW           14    .data               app_main.o
    0x0001e030   0x00000050   PAD
    0x0001e080   0x00005914   Data   RW          126    .data               app_crypto.o
    0x00023994   0x0000001c   Data   RW          127    .data               app_crypto.o
    0x000239b0   0x0000001c   Data   RW          128    .data               app_crypto.o
    0x000239cc   0x0000001c   Data   RW          129    .data               app_crypto.o
    0x000239e8   0x00000038   Data   RW          130    .data               app_crypto.o
    0x00023a20   0x00000020   Data   RW          131    .data               app_crypto.o
    0x00023a40   0x00000061   Data   RW          132    .data               app_crypto.o
    0x00023aa1   0x00000061   Data   RW          133    .data               app_crypto.o
    0x00023b02   0x00000061   Data   RW          134    .data               app_crypto.o
    0x00023b63   0x000000de   Data   RW          135    .data               app_crypto.o
    0x00023c41   0x00000041   Data   RW          136    .data               app_crypto.o
    0x00023c82   0x00000085   Data   RW          137    .data               app_crypto.o
    0x00023d07   0x00000085   Data   RW          138    .data               app_crypto.o
    0x00023d8c   0x00000085   Data   RW          139    .data               app_crypto.o
    0x00023e11   0x00000126   Data   RW          140    .data               app_crypto.o
    0x00023f37   0x00000041   Data   RW          141    .data               app_crypto.o
    0x00023f78   0x00000018   Data   RW          142    .data               app_crypto.o
    0x00023f90   0x00000018   Data   RW          143    .data               app_crypto.o
    0x00023fa8   0x00000180   Data   RW          144    .data               app_crypto.o
    0x00024128   0x00000480   Data   RW          145    .data               app_crypto.o
    0x000245a8   0x00000058   PAD
    0x00024600   0x00000010   Data   RW          146    .data               app_crypto.o
    0x00024610   0x00000f24   Data   RW          216    .data               app_rsa.o
    0x00025534   0x00000004   Data   RW          243    .data               qsee_api_tests.o
    0x00025538   0x00000515   Data   RW          280    .data               app_cmnlib.o
    0x00025a4d   0x00000003   PAD
    0x00025a50   0x00000014   Data   RW          332    .data               app_stor.o
    0x00025a64   0x00000036   Data   RW          749    .data               tzapp_entrylib.lib(tzapp_lib_main.o)
    0x00025a9a   0x00000001   Data   RW          779    .data               trusted_storage_lib.lib(gpPersistObjCrypto.o)
    0x00025a9b   0x00000001   PAD
    0x00025a9c   0x00000004   Data   RW          955    .data               tzapp_entrylib.lib(stor_gpt.o)
    0x00025aa0   0x00000060   PAD
    0x00025b00   0x00014aa8   Zero   RW          124    .bss                app_crypto.o
    0x0003a5a8   0x00000100   Zero   RW          214    .bss                app_rsa.o
    0x0003a6a8   0x00000018   PAD
    0x0003a6c0   0x00000200   Zero   RW          241    .bss                qsee_api_tests.o
    0x0003a8c0   0x00000010   Zero   RW          279    .bss                app_cmnlib.o
    0x0003a8d0   0x0000181c   Zero   RW          330    .bss                app_stor.o
    0x0003c0ec   0x0000002c   Zero   RW          350    .bss                app_handle.o
    0x0003c118   0x00000068   Zero   RW          748    .bss                tzapp_entrylib.lib(tzapp_lib_main.o)
    0x0003c180   0x00000040   Zero   RW          777    .bss                trusted_storage_lib.lib(gpPersistObjCrypto.o)
    0x0003c1c0   0x00000720   Zero   RW          954    .bss                tzapp_entrylib.lib(stor_gpt.o)
    0x0003c8e0   0x00000014   Zero   RW         1264    .bss                c_2e.l(rt_locale.o)


    Execution Region TZ_APP_STACK (Base: 0x0003c8f4, Size: 0x00008000, Max: 0x00008000, PI, UNINIT)

    Base Addr    Size         Type   Attr      Idx    E Section Name        Object

    0x0003c8f4   0x00008000   Zero   RW            1    TZ_APP_STACK.bss    anon$$obj.o


    Execution Region TZ_APP_HEAP (Base: 0x000448f4, Size: 0x00008000, Max: 0x00008000, PI, UNINIT)

    Base Addr    Size         Type   Attr      Idx    E Section Name        Object

    0x000448f4   0x00008000   Zero   RW            2    TZ_APP_HEAP.bss     anon$$obj.o


==============================================================================

Image component sizes


      Code (inc. data)   RO Data    RW Data    ZI Data      Debug   Object Name

      1380        632          0       1301         16       4554   app_cmnlib.o
      1172        376        434          0          0       6577   app_content_protection.o
     31244       7782       3017      25912      84648      94081   app_crypto.o
      1028        534        249          0          0       3589   app_fuses.o
     14028       2462        895          0          0      25791   app_gpPersistObj.o
      1356        670        688          0         44       5396   app_handle.o
      1920        664        440         42          0      20280   app_main.o
       496        198         66          0          0       1639   app_message_passing.o
      4304        724       7665       3876        256      17962   app_rsa.o
      6396       3406         72          0          0       8904   app_sfs.o
      6048       1762       5086         20       6172      15653   app_stor.o
      3280       2006        137          4        512      13551   qsee_api_tests.o
        92          0          0          0          0        684   tzapp_entry.o

    ----------------------------------------------------------------------
     72752      21216      18768      31332     157208     218661   Object Totals
         8          0          0          4      65536          0   (incl. Generated)
         0          0         19        173         24          0   (incl. Padding)

    ----------------------------------------------------------------------

      Code (inc. data)   RO Data    RW Data    ZI Data      Debug   Library Member Name

       392          6         17          0          0         88   __printf_flags_ss_wp.o
        14          0          0          0          0         68   __printf_wp.o
         6          0          0          0          0          0   _printf_a.o
         6          0          0          0          0          0   _printf_c.o
        44          0          0          0          0        108   _printf_char.o
        48          6          0          0          0         96   _printf_char_common.o
        42          0          0          0          0         68   _printf_charcount.o
         6          0          0          0          0          0   _printf_d.o
       116         18          0          0          0         92   _printf_dec.o
         6          0          0          0          0          0   _printf_e.o
         6          0          0          0          0          0   _printf_f.o
      1048          0          0          0          0        208   _printf_fp_dec.o
       128         16          0          0          0         84   _printf_fp_infnan.o
         6          0          0          0          0          0   _printf_g.o
       156          6         40          0          0        160   _printf_hex_int_ll_ptr.o
         6          0          0          0          0          0   _printf_i.o
       184          0          0          0          0         88   _printf_intcommon.o
        10          0          0          0          0          0   _printf_l.o
         6          0          0          0          0          0   _printf_lc.o
        10          0          0          0          0          0   _printf_ll.o
         6          0          0          0          0          0   _printf_lld.o
         6          0          0          0          0          0   _printf_lli.o
         6          0          0          0          0          0   _printf_llo.o
         6          0          0          0          0          0   _printf_llu.o
         6          0          0          0          0          0   _printf_llx.o
       120         16          0          0          0         92   _printf_longlong_dec.o
         6          0          0          0          0          0   _printf_ls.o
         6          0          0          0          0          0   _printf_n.o
         6          0          0          0          0          0   _printf_o.o
       120          8          0          0          0        124   _printf_oct_int_ll.o
         6          0          0          0          0          0   _printf_p.o
        82          0          0          0          0        108   _printf_pad.o
         0          0          0          0          0          0   _printf_percent.o
         4          0          0          0          0          0   _printf_percent_end.o
         6          0          0          0          0          0   _printf_s.o
        82          0          0          0          0         80   _printf_str.o
        36          0          0          0          0         84   _printf_truncate.o
         6          0          0          0          0          0   _printf_u.o
        44          0          0          0          0        108   _printf_wchar.o
       184          6          8          0          0         88   _printf_wctomb.o
         6          0          0          0          0          0   _printf_x.o
        16          0          0          0          0         68   _snputc.o
        10          0          0          0          0         68   _sputc.o
        64          0          0          0          0         92   _wcrtomb.o
        16          0          0          0          0         64   aeabi_memset.o
       604          0          0          0          0        136   aeabi_sdivfast_rs.o
       216          6        148          0          0         96   bigflt0.o
      1910        128          0          0          0        640   btod.o
        52          6          0          0          0         80   c89vsnprintf.o
        36         10          0          0          0         80   init_aeabi.o
        44         10        272          0          0         72   lc_ctype_c.o
        44         10         28          0          0         72   lc_numeric_c.o
         0          0          0          0          0          0   libinit2.o
       152          0          0          0          0         76   lludiv10.o
       816         64          0          0          0         80   lludiv5.o
        88          0          0          0          0         76   memcmp.o
        16          4          0          0          0         72   rt_ctype_table.o
        12          4          0          0         20         64   rt_locale.o
        68          0          0          0          0         64   rt_memclr.o
        78          0          0          0          0         76   rt_memclr_w.o
       212          0          0          0          0         64   rt_memcpy.o
       124          0          0          0          0         92   rt_memcpy_w_qsp.o
       212          0          0          0          0         64   rt_memmove.o
       128          0          0          0          0         76   rt_memmove_w.o
        44          0          0          0          0         64   rtudiv10.o
       160          4          0          0          0         76   strcmp.o
        58          0          0          0          0         68   strlen.o
        22          0          0          0          0         64   uread4.o
        22          0          0          0          0         64   uwrite4.o
        16          4          0          0          0         68   dcheck1.o
        94          4          0          0          0         92   dfix.o
       340         12          0          0          0        104   dmul.o
       156          4          0          0          0         92   dnaninf.o
        12          0          0          0          0         68   dretinf.o
        86          4          0          0          0         84   f2d.o
       388         76          0          0          0         96   fdiv.o
        38          0          0          0          0         68   fflt_clz.o
        96          0          0          0          0         84   ffltll_clz.o
       140          4          0          0          0         84   fnaninf.o
        10          0          0          0          0         68   fretinf.o
         4          0          0          0          0         68   printf1.o
       100          0          0          0          0         68   retnan.o
        92          0          0          0          0         68   scalbn.o
        48          0          0          0          0         68   trapv.o
         0          0          0          0          0          0   usenofp.o
        30          0          0          0          0       1426   memscpy.o
        20          0          0          0          0       1404   secure_memset.o
        66          0          0          0          0        846   strlcpy.o
        62          0          0          0          0       1526   timesafe_memcmp.o
        40          0          0          0          0         68   fpclassify.o
      1020         16         36          0          0       4198   gpFileService.o
      2838        156        219          1         64      14261   gpPersistObjCrypto.o
       500         18        114          0          0       7244   gpPersistObjFileIO.o
       102          0          0          0          0       1433   qsee_cache_shim.o
       512          0          0          0          0       5413   qsee_comstr.o
       730          0          0          0          0       8448   qsee_core_shim.o
       258          0          0          0          0       3896   qsee_counter_shim.o
       966          0          0          0          0      11865   qsee_crypto_shim.o
        98          0          0          0          0       1187   qsee_timer_shim.o
       416          0          0          0          0       6990   stor.o
      3306          0          0          4       1824      16755   stor_gpt.o
       338          0          0          0          0       4969   stor_rpmbw.o
      1108         14          4         54        104      15045   tzapp_lib_main.o
       136          0          0          0          0        668   tzapp_syscall.o
      1150          0          0          0          0       9023   prxy_ecc.o
       590          0          0          0          0      27365   prxy_qsee_shim.o
       124          0          0          0          0      15378   prxy_secmath.o
       664          0          0          0          0       5410   prxy_secrsa.o
      1650          0          0          0          0      54000   prxy_services.o
       504          0          0          0          0       4318   prxy_ufaes.o
       214          0          0          0          0       2526   prxy_ufdes.o
       232          0          0          0          0       2528   prxy_ufsha.o

    ----------------------------------------------------------------------
     27744        872        888         60       2108     233722   Library Totals
       242        232          2          1         96          0   (incl. Padding)

    ----------------------------------------------------------------------

      Code (inc. data)   RO Data    RW Data    ZI Data      Debug   Library Name

      8208        328        513          0         20       4352   c_2e.l
      1620        108          0          0          0       1180   fz_2s.l
       178          0          0          0          0       5202   libstd.lib
        40          0          0          0          0         68   m_2s.l
      4358        190        369          1         64      25703   trusted_storage_lib.lib
      7970         14          4         58       1928      76669   tzapp_entrylib.lib
      5128          0          0          0          0     120548   tzlib_proxy.lib

    ----------------------------------------------------------------------
     27744        872        888         60       2108     233722   Library Totals

    ----------------------------------------------------------------------

==============================================================================


      Code (inc. data)   RO Data    RW Data    ZI Data      Debug   

    100496      22088      19656      31392     159316     447435   Grand Totals
    100496      22088      19656      31392     159316     447435   ELF Image Totals
    100496      22088      19656      31392          0          0   ROM Totals

==============================================================================

    Total RO  Size (Code + RO Data)               120152 ( 117.34kB)
    Total RW  Size (RW Data + ZI Data)            190708 ( 186.24kB)
    Total ROM Size (Code + RO Data + RW Data)     151544 ( 147.99kB)

==============================================================================

