ARM Linker, 5.01 [Build 94] 

==============================================================================

Image Symbol Table

    Local Symbols

    Symbol Name                              Value     Ov Type        Size  Object(Section)

    [Anonymous Symbol]                       0x00000000   ARM Code       0  sbl1.o ABSOLUTE
    ../clib/angel/rt.s                       0x00000000   Number         0  aeabi_ldiv0_sigfpe.o ABSOLUTE
    ../clib/angel/rt.s                       0x00000000   Number         0  aeabi_ldiv0.o ABSOLUTE
    ../clib/angel/rt.s                       0x00000000   Number         0  rt_div0.o ABSOLUTE
    ../clib/angel/sys.s                      0x00000000   Number         0  use_no_semi.o ABSOLUTE
    ../clib/angel/sys.s                      0x00000000   Number         0  indicate_semi.o ABSOLUTE
    ../clib/angel/sysapp.c                   0x00000000   Number         0  sys_exit.o ABSOLUTE
    ../clib/angel/sysapp.c                   0x00000000   Number         0  sys_wrch.o ABSOLUTE
    ../clib/division.s                       0x00000000   Number         0  rtudiv10.o ABSOLUTE
    ../clib/longlong.s                       0x00000000   Number         0  lludiv5.o ABSOLUTE
    ../clib/longlong.s                       0x00000000   Number         0  llsdiv.o ABSOLUTE
    ../clib/longlong.s                       0x00000000   Number         0  llshl.o ABSOLUTE
    ../clib/memcpset.s                       0x00000000   Number         0  rt_memmove_w.o ABSOLUTE
    ../clib/memcpset.s                       0x00000000   Number         0  memset.o ABSOLUTE
    ../clib/memcpset.s                       0x00000000   Number         0  aeabi_memset.o ABSOLUTE
    ../clib/memcpset.s                       0x00000000   Number         0  rt_memcpy_w.o ABSOLUTE
    ../clib/memcpset.s                       0x00000000   Number         0  rt_memclr.o ABSOLUTE
    ../clib/memcpset.s                       0x00000000   Number         0  rt_memmove.o ABSOLUTE
    ../clib/memcpset.s                       0x00000000   Number         0  rt_memclr_w.o ABSOLUTE
    ../clib/memcpset.s                       0x00000000   Number         0  rt_memcpy.o ABSOLUTE
    ../clib/memcpset.s                       0x00000000   Number         0  strcmp.o ABSOLUTE
    ../clib/memcpset.s                       0x00000000   Number         0  memcpy.o ABSOLUTE
    ../clib/misc.s                           0x00000000   Number         0  printf_stubs.o ABSOLUTE
    ../clib/printf.c                         0x00000000   Number         0  _printf_hex_ll_ptr.o ABSOLUTE
    ../clib/printf.c                         0x00000000   Number         0  _printf_hex_int_ptr.o ABSOLUTE
    ../clib/printf.c                         0x00000000   Number         0  _printf_hex_ptr.o ABSOLUTE
    ../clib/printf.c                         0x00000000   Number         0  _printf_hex_int_ll.o ABSOLUTE
    ../clib/printf.c                         0x00000000   Number         0  _printf_hex_int_ll_ptr.o ABSOLUTE
    ../clib/printf.c                         0x00000000   Number         0  _printf_hex_int.o ABSOLUTE
    ../clib/printf.c                         0x00000000   Number         0  _printf_hex_ll.o ABSOLUTE
    ../clib/printf.c                         0x00000000   Number         0  __printf_nopercent.o ABSOLUTE
    ../clib/printf.c                         0x00000000   Number         0  __printf_flags.o ABSOLUTE
    ../clib/printf.c                         0x00000000   Number         0  _printf_dec.o ABSOLUTE
    ../clib/printf.c                         0x00000000   Number         0  _printf_str.o ABSOLUTE
    ../clib/printf.c                         0x00000000   Number         0  __printf_ss.o ABSOLUTE
    ../clib/printf.c                         0x00000000   Number         0  __printf_flags_ss.o ABSOLUTE
    ../clib/printf.c                         0x00000000   Number         0  __printf_wp.o ABSOLUTE
    ../clib/printf.c                         0x00000000   Number         0  _printf_pad.o ABSOLUTE
    ../clib/printf.c                         0x00000000   Number         0  _printf_intcommon.o ABSOLUTE
    ../clib/printf.c                         0x00000000   Number         0  __printf.o ABSOLUTE
    ../clib/printf.c                         0x00000000   Number         0  _printf_char_common.o ABSOLUTE
    ../clib/printf.c                         0x00000000   Number         0  noretval__2snprintf.o ABSOLUTE
    ../clib/printf.c                         0x00000000   Number         0  __printf_flags_wp.o ABSOLUTE
    ../clib/printf.c                         0x00000000   Number         0  _sputc.o ABSOLUTE
    ../clib/printf.c                         0x00000000   Number         0  __printf_flags_ss_wp.o ABSOLUTE
    ../clib/printf.c                         0x00000000   Number         0  _snputc.o ABSOLUTE
    ../clib/printf.c                         0x00000000   Number         0  __2snprintf.o ABSOLUTE
[...]

    Base Addr    Size         Type   Attr      Idx    E Section Name        Object

    0x08049800   0x00002000   Zero   RW            3    SBL1_ABT_STACK.bss  anon$$obj.o



  Load Region CODE_RAM (Base: 0x0804b800, Size: 0x00005e40, Max: 0x00035000, ABSOLUTE)

    Execution Region SBL1_DATA_RW (Base: 0x0804c000, Size: 0x0000563c, Max: 0xffffffff, ABSOLUTE)

    Base Addr    Size         Type   Attr      Idx    E Section Name        Object

    0x0804c000   0x00000084   Data   RW           32    .data               sbl1_mc.o
    0x0804c084   0x00000004   Data   RW           33    .data               sbl1_mc.o
    0x0804c088   0x00000004   Data   RW           68    .data               sbl1_target.o
    0x0804c08c   0x00000008   Data   RW           69    .data               sbl1_target.o
    0x0804c094   0x00000004   Data   RW           83    .data               sbl1_hw.o
    0x0804c098   0x00000030   Data   RW           99    .data               sbl1_config.o
    0x0804c0c8   0x0000003c   Data   RW          100    .data               sbl1_config.o
    0x0804c104   0x00000048   Data   RW          101    .data               sbl1_config.o
    0x0804c14c   0x00000038   Data   RW          102    .data               sbl1_config.o
    0x0804c184   0x0000000c   Data   RW          103    .data               sbl1_config.o
    0x0804c190   0x00000190   Data   RW          104    .data               sbl1_config.o
    0x0804c320   0x00000400   Data   RW          109    .data               boot_cdt_array.o
    0x0804c720   0x00000004   Data   RW          110    .data               boot_cdt_array.o
    0x0804c724   0x000000f0   Data   RW          111    .data               boot_rollback_img_set.o
    0x0804c814   0x00000004   Data   RW          112    .data               boot_rollback_img_set.o
    0x0804c818   0x00000044   Data   RW          172    .data               sbl1_sahara.o
    0x0804c85c   0x00000078   Data   RW          173    .data               sbl1_sahara.o
    0x0804c8d4   0x00000020   Data   RW          174    .data               sbl1_sahara.o
    0x0804c8f4   0x0000001c   Data   RW          175    .data               sbl1_sahara.o
    0x0804c910   0x00000010   Data   RW          253    .data               boot_util.lib(boot_statistics.o)
    0x0804c920   0x00000008   Data   RW          266    .data               boot_mmu.lib(boot_page_table.o)
    0x0804c928   0x00000024   Data   RW          299    .data               boot_target_hw.lib(boot_pbl_v1.o)
    0x0804c94c   0x00000014   Data   RW          322    .data               boot_error_dload.lib(boot_error_handler.o)
    0x0804c960   0x0000000c   Data   RW          372    .data               boot_error_dload.lib(boot_dload_debug.o)
    0x0804c96c   0x00000074   Data   RW          430    .data               boot_error_dload.lib(boot_sahara.o)
    0x0804c9e0   0x00000001   Data   RW          472    .data               boot_error_dload.lib(boot_hash_buffer.o)
    0x0804c9e1   0x00000003   PAD
    0x0804c9e4   0x0000000c   Data   RW          484    .data               boot_error_dload.lib(boot_hash.o)
    0x0804c9f0   0x00000004   Data   RW          511    .data               boot_logger.lib(boot_logger.o)
    0x0804c9f4   0x00000004   Data   RW          708    .data               boot_flash_common.lib(boot_clobber_prot.o)
    0x0804c9f8   0x00000008   Data   RW          736    .data               boot_flash_common.lib(boot_flash_dev_if.o)
    0x0804ca00   0x00000034   Data   RW          756    .data               boot_nand.lib(boot_flash_dev_nand.o)
    0x0804ca34   0x00000010   Data   RW          789    .data               boot_image_loading.lib(boot_gpt_partition_id.o)
    0x0804ca44   0x00000010   Data   RW          790    .data               boot_image_loading.lib(boot_gpt_partition_id.o)
    0x0804ca54   0x00000010   Data   RW          792    .data               boot_image_loading.lib(boot_gpt_partition_id.o)
    0x0804ca64   0x00000010   Data   RW          794    .data               boot_image_loading.lib(boot_gpt_partition_id.o)
    0x0804ca74   0x00000010   Data   RW          797    .data               boot_image_loading.lib(boot_gpt_partition_id.o)
    0x0804ca84   0x00000008   Data   RW          801    .data               boot_cdt.lib(boot_config_data.o)
    0x0804ca8c   0x00000004   Data   RW          816    .data               boot_mem_manage.lib(boot_ram_init.o)
    0x0804ca90   0x00000001   Data   RW          825    .data               boot_mem_manage.lib(boot_ddr_info.o)
    0x0804ca91   0x00000003   PAD
    0x0804ca94   0x0000000c   Data   RW          867    .data               boot_security.lib(boot_rollback_version.o)
    0x0804caa0   0x00000008   Data   RW          888    .data               adc.lib(AdcBoot.o)
    0x0804caa8   0x0000000f   Data   RW          908    .data               apt.lib(boot_apt_test.o)
    0x0804cab7   0x00000001   PAD
    0x0804cab8   0x00000004   Data   RW          995    .data               DDR_TEST.lib(ddr_test.o)
    0x0804cabc   0x00000092   Data   RW         1011    .data               boot_logger.lib(boot_logger_ram.o)
    0x0804cb4e   0x00000002   PAD
    0x0804cb50   0x0000009b   Data   RW         1033    .data               boot_logger.lib(boot_logger_uart.o)
    0x0804cbeb   0x00000001   PAD
    0x0804cbec   0x00000010   Data   RW         1119    .data               boot_nand.lib(boot_flash_dev_dal.o)
    0x0804cbfc   0x00000008   Data   RW         1156    .data               boot_nand.lib(boot_flash_dev_nand_if.o)
    0x0804cc04   0x00000030   Data   RW         1196    .data               boot_image_loading.lib(boot_elf_loader.o)
    0x0804cc34   0x00000010   Data   RW         1228    .data               boot_cdt.lib(boot_config_eeprom.o)
    0x0804cc44   0x00000008   Data   RW         1254    .data               icb.lib(icbcfg.o)
    0x0804cc4c   0x00000004   Data   RW         1293    .data               Spmi.lib(SpmiCfg.o)
    0x0804cc50   0x0000001c   Data   RW         1345    .data               DALFwk.lib(DALMemDesc.o)
    0x0804cc6c   0x00000004   Data   RW         1402    .data               DALFwk.lib(DALModEnv.o)
    0x0804cc70   0x00000008   Data   RW         1403    .data               DALFwk.lib(DALModEnv.o)
    0x0804cc78   0x00000020   Data   RW         1454    .data               DALFwk.lib(DALHeap.o)
    0x0804cc98   0x00000010   Data   RW         1495    .data               bam.lib(bams.o)
    0x0804cca8   0x00000008   Data   RW         1523    .data               tsens.lib(BootTempCheck.o)
    0x0804ccb0   0x00000010   Data   RW         1528    .data               tsens.lib(TsensBoot.o)
    0x0804ccc0   0x0000000c   Data   RW         1541    .data               busywait_lib.lib(busywait_hw_qtimer.o)
    0x0804cccc   0x00000008   Data   RW         1567    .data               Clock_msm8909_SBL.lib(ClockSBL.o)
    0x0804ccd4   0x00000004   Data   RW         1592    .data               Clock_msm8909_SBL.lib(ClockSBLCPU.o)
    0x0804ccd8   0x00000008   Data   RW         1611    .data               pmic_app_led.lib(pm_app_led.o)
    0x0804cce0   0x00000114   Data   RW         1647    .data               pmic_drivers_pon.lib(pm_pon.o)
    0x0804cdf4   0x00000008   Data   RW         1679    .data               pmic_target_sbl1_system.lib(pm_sbl_boot.o)
    0x0804cdfc   0x00000042   Data   RW         1704    .data               qhsusb_bulk_chg.lib(qhsusb_al_bulk.o)
    0x0804ce3e   0x00000002   PAD
    0x0804ce40   0x00000020   Data   RW         1869    .data               boot_nand.lib(boot_flash_trans_nand.o)
    0x0804ce60   0x00000010   Data   RW         1982    .data               Spmi.lib(SpmiOsImage.o)
    0x0804ce70   0x00000004   Data   RW         1996    .data               Spmi.lib(SpmiHal.o)
    0x0804ce74   0x0000015c   Data   RW         2003    .data               DALConfig.lib(DALConfig_boot.o)
    0x0804cfd0   0x0000001c   Data   RW         2005    .data               DALConfig.lib(DALModDir_boot.o)
    0x0804cfec   0x00000008   Data   RW         2006    .data               DALConfig.lib(DALModDir_boot.o)
    0x0804cff4   0x00000018   Data   RW         2007    .data               DALConfig.lib(DALModDir_boot.o)
    0x0804d00c   0x00000010   Data   RW         2008    .data               DALConfig.lib(DALModDir_boot.o)
    0x0804d01c   0x00000004   Data   RW         2014    .data               version_image.lib(image_version.o)
    0x0804d020   0x00000004   Data   RW         2098    .data               bam.lib(bamcore.o)
    0x0804d024   0x00000008   Data   RW         2148    .data               bam.lib(bamtgtcfg.o)
    0x0804d02c   0x00000010   Data   RW         2163    .data               tsens.lib(TsensiConversion.o)
    0x0804d03c   0x00000028   Data   RW         2252    .data               smem_boot.lib(smem.o)
    0x0804d064   0x00000004   Data   RW         2285    .data               smem_boot.lib(smem_boot.o)
    0x0804d068   0x00000008   Data   RW         2314    .data               CeML.lib(CeML.o)
    0x0804d070   0x00000004   Data   RW         2416    .data               secboot_auth.lib(secboot_hw.o)
    0x0804d074   0x00000004   Data   RW         2430    .data               DALflash_nand_dma_reduced.lib(flash_boot_ops_setup.o)
    0x0804d078   0x00000544   Data   RW         2440    .data               Clock_msm8909_SBL.lib(ClockSBLConfig.o)
    0x0804d5bc   0x00000004   Data   RW         2450    .data               Clock_msm8909_SBL.lib(ClockTLMMSpare.o)
    0x0804d5c0   0x00000058   Data   RW         2487    .data               pmic_app_chg.lib(pm_app_chg_alg.o)
    0x0804d618   0x00000004   Data   RW         2524    .data               pmic_comm.lib(pm_comm.o)
    0x0804d61c   0x00000008   Data   RW         2567    .data               pm_pbs_driver.lib(pm_pbs_info.o)
    0x0804d624   0x00000010   Data   RW         2579    .data               pmic_framework.lib(pm_config_sbl.o)
    0x0804d634   0x00000001   Data   RW         2593    .data               pmic_framework.lib(pm_version.o)
    0x0804d635   0x00000003   PAD
    0x0804d638   0x00000010   Data   RW         2609    .data               pmic_framework.lib(pm_target_information.o)
    0x0804d648   0x00000260   Data   RW         2644    .data               qhsusb_bulk_chg.lib(qhsusb_fd_hdlc.o)
    0x0804d8a8   0x00000030   Data   RW         2645    .data               qhsusb_bulk_chg.lib(qhsusb_fd_hdlc.o)
    0x0804d8d8   0x00000018   Data   RW         2687    .data               qhsusb_bulk_chg.lib(qhsusb_dcd_ch9.o)
    0x0804d8f0   0x00000028   Data   RW         2747    .data               qhsusb_bulk_chg.lib(qhsusb_dci.o)
    0x0804d918   0x00000003   Data   RW         2812    .data               qhsusb_bulk_chg.lib(qhsusb_dci_8909.o)
    0x0804d91b   0x00000001   PAD
    0x0804d91c   0x00000008   Data   RW         2859    .data               qhsusb_bulk_chg.lib(qhsusb_log.o)
    0x0804d924   0x00000030   Data   RW         2876    .data               I2cDriver.lib(I2cDriverDalInfo.o)
    0x0804d954   0x00000280   Data   RW         2928    .data               icb_cfg_lib.lib(icbcfg_data.o)
    0x0804dbd4   0x00000008   Data   RW         2929    .data               icb_cfg_lib.lib(icbcfg_data.o)
    0x0804dbdc   0x00000004   PAD
    0x0804dbe0   0x00000010   Data   RW         2931    .data               icb_cfg_lib.lib(icbcfg_data.o)
    0x0804dbf0   0x00000004   Data   RW         2932    .data               icb_cfg_lib.lib(icbcfg_data.o)
    0x0804dbf4   0x00000020   Data   RW         2933    .data               icb_cfg_lib.lib(icbcfg_data.o)
    0x0804dc14   0x00000004   PAD
    0x0804dc18   0x00000020   Data   RW         2934    .data               icb_cfg_lib.lib(icbcfg_data.o)
    0x0804dc38   0x00000028   Data   RW         2935    .data               icb_cfg_lib.lib(icbcfg_data.o)
    0x0804dc60   0x00000008   Data   RW         2936    .data               icb_cfg_lib.lib(icbcfg_data.o)
    0x0804dc68   0x0000000c   Data   RW         2941    .data               Spmi.lib(SpmiOs.o)
    0x0804dc74   0x0000003c   Data   RW         2961    .data               UART.lib(Uart.o)
    0x0804dcb0   0x00000010   Data   RW         2981    .data               DALFwk.lib(DALGlbCtxt.o)
    0x0804dcc0   0x00000010   Data   RW         3110    .data               DALflash.lib(flash_dal_info.o)
    0x0804dcd0   0x0000000c   Data   RW         3125    .data               DALflash_nand_dma_reduced.lib(flash_nand_init.o)
    0x0804dcdc   0x00000008   Data   RW         3146    .data               DALflash_nand_dma_reduced.lib(flash_nand_partition.o)
    0x0804dce4   0x00000004   Data   RW         3154    .data               chipinfo.lib(DalChipInfoInfo.o)
    0x0804dce8   0x00000004   Data   RW         3174    .data               platforminfo.lib(PlatformInfoFwk.o)
    0x0804dcec   0x0000008c   Data   RW         3175    .data               platforminfo.lib(PlatformInfoFwk.o)
    0x0804dd78   0x00000002   Data   RW         3242    .data               pmic_config_boot.lib(pm_config_common.o)
    0x0804dd7a   0x00000002   PAD
    0x0804dd7c   0x00000004   Data   RW         3243    .data               pmic_config_boot.lib(pm_config_common.o)
    0x0804dd80   0x00000018   Data   RW         3244    .data               pmic_config_boot.lib(pm_config_common.o)
    0x0804dd98   0x00000004   Data   RW         3245    .data               pmic_config_boot.lib(pm_config_common.o)
    0x0804dd9c   0x00000018   Data   RW         3246    .data               pmic_config_boot.lib(pm_config_common.o)
    0x0804ddb4   0x00000004   Data   RW         3247    .data               pmic_config_boot.lib(pm_config_common.o)
    0x0804ddb8   0x00000018   Data   RW         3248    .data               pmic_config_boot.lib(pm_config_common.o)
    0x0804ddd0   0x00000004   Data   RW         3249    .data               pmic_config_boot.lib(pm_config_common.o)
    0x0804ddd4   0x00000024   Data   RW         3250    .data               pmic_config_boot.lib(pm_config_common.o)
    0x0804ddf8   0x00000004   Data   RW         3251    .data               pmic_config_boot.lib(pm_config_common.o)
    0x0804ddfc   0x00000024   Data   RW         3252    .data               pmic_config_boot.lib(pm_config_common.o)
    0x0804de20   0x00000004   Data   RW         3253    .data               pmic_config_boot.lib(pm_config_common.o)
    0x0804de24   0x0000003c   Data   RW         3254    .data               pmic_config_boot.lib(pm_config_common.o)
    0x0804de60   0x00000004   Data   RW         3255    .data               pmic_config_boot.lib(pm_config_common.o)
    0x0804de64   0x00000018   Data   RW         3256    .data               pmic_config_boot.lib(pm_config_common.o)
    0x0804de7c   0x00000004   Data   RW         3257    .data               pmic_config_boot.lib(pm_config_common.o)
    0x0804de80   0x00000024   Data   RW         3258    .data               pmic_config_boot.lib(pm_config_common.o)
    0x0804dea4   0x00000004   Data   RW         3259    .data               pmic_config_boot.lib(pm_config_common.o)
    0x0804dea8   0x00000018   Data   RW         3260    .data               pmic_config_boot.lib(pm_config_common.o)
    0x0804dec0   0x00000004   Data   RW         3261    .data               pmic_config_boot.lib(pm_config_common.o)
    0x0804dec4   0x0000000c   Data   RW         3262    .data               pmic_config_boot.lib(pm_config_common.o)
    0x0804ded0   0x00000004   Data   RW         3263    .data               pmic_config_boot.lib(pm_config_common.o)
    0x0804ded4   0x0000000c   Data   RW         3264    .data               pmic_config_boot.lib(pm_config_common.o)
    0x0804dee0   0x00000004   Data   RW         3265    .data               pmic_config_boot.lib(pm_config_common.o)
    0x0804dee4   0x0000000c   Data   RW         3266    .data               pmic_config_boot.lib(pm_config_common.o)
    0x0804def0   0x0000000a   Data   RW         3267    .data               pmic_config_boot.lib(pm_config_common.o)
    0x0804defa   0x00000024   Data   RW         3268    .data               pmic_config_boot.lib(pm_config_common.o)
    0x0804df1e   0x00000024   Data   RW         3269    .data               pmic_config_boot.lib(pm_config_common.o)
    0x0804df42   0x00000024   Data   RW         3270    .data               pmic_config_boot.lib(pm_config_common.o)
    0x0804df66   0x0000001c   Data   RW         3272    .data               pmic_config_boot.lib(pm_config_common.o)
    0x0804df82   0x00000054   Data   RW         3273    .data               pmic_config_boot.lib(pm_config_common.o)
    0x0804dfd6   0x00000052   Data   RW         3274    .data               pmic_config_boot.lib(pm_config_common.o)
    0x0804e028   0x00000008   Data   RW         3275    .data               pmic_config_boot.lib(pm_config_common.o)
    0x0804e030   0x00000050   Data   RW         3276    .data               pmic_config_boot.lib(pm_config_common.o)
    0x0804e080   0x0000003c   Data   RW         3277    .data               pmic_config_boot.lib(pm_config_common.o)
    0x0804e0bc   0x00000004   Data   RW         3278    .data               pmic_config_boot.lib(pm_config_common.o)
    0x0804e0c0   0x00000004   Data   RW         3279    .data               pmic_config_boot.lib(pm_config_common.o)
    0x0804e0c4   0x0000000e   Data   RW         3280    .data               pmic_config_boot.lib(pm_config_common.o)
    0x0804e0d2   0x00000028   Data   RW         3281    .data               pmic_config_boot.lib(pm_config_common.o)
    0x0804e0fa   0x0000002c   Data   RW         3282    .data               pmic_config_boot.lib(pm_config_common.o)
    0x0804e126   0x0000000a   Data   RW         3283    .data               pmic_config_boot.lib(pm_config_common.o)
    0x0804e130   0x0000002c   Data   RW         3284    .data               pmic_config_boot.lib(pm_config_common.o)
    0x0804e15c   0x0000000a   Data   RW         3285    .data               pmic_config_boot.lib(pm_config_common.o)
    0x0804e166   0x0000002a   Data   RW         3286    .data               pmic_config_boot.lib(pm_config_common.o)
    0x0804e190   0x0000002c   Data   RW         3287    .data               pmic_config_boot.lib(pm_config_common.o)
    0x0804e1bc   0x0000001a   Data   RW         3288    .data               pmic_config_boot.lib(pm_config_common.o)
    0x0804e1d6   0x0000000a   Data   RW         3289    .data               pmic_config_boot.lib(pm_config_common.o)
    0x0804e1e0   0x0000000c   Data   RW         3294    .data               pmic_config_boot.lib(pm_config_target.o)
    0x0804e1ec   0x00000018   Data   RW         3295    .data               pmic_config_boot.lib(pm_config_target.o)
    0x0804e204   0x0000000c   Data   RW         3296    .data               pmic_config_boot.lib(pm_config_target.o)
    0x0804e210   0x00000002   Data   RW         3297    .data               pmic_config_boot.lib(pm_config_target.o)
    0x0804e212   0x00000002   PAD
    0x0804e214   0x00000014   Data   RW         3298    .data               pmic_config_boot.lib(pm_config_target.o)
    0x0804e228   0x00000004   Data   RW         3299    .data               pmic_config_boot.lib(pm_config_target.o)
    0x0804e22c   0x00000004   Data   RW         3300    .data               pmic_config_boot.lib(pm_config_target.o)
    0x0804e230   0x00000032   Data   RW         3301    .data               pmic_config_boot.lib(pm_config_target.o)
    0x0804e262   0x00000016   Data   RW         3302    .data               pmic_config_boot.lib(pm_config_target.o)
    0x0804e278   0x00000004   Data   RW         3303    .data               pmic_config_boot.lib(pm_config_target.o)
    0x0804e27c   0x00000aec   Data   RW         3304    .data               pmic_config_boot.lib(pm_config_target_sbl_sequence.o)
    0x0804ed68   0x00000400   Data   RW         3305    .data               pmic_config_boot.lib(pm_config_target_pbs_ram.o)
    0x0804f168   0x00000008   Data   RW         3310    .data               pmic_config_boot.lib(pm_config_target.o)
    0x0804f170   0x00000018   Data   RW         3311    .data               pmic_config_boot.lib(pm_config_target.o)
    0x0804f188   0x0000000c   Data   RW         3312    .data               pmic_config_boot.lib(pm_config_target.o)
    0x0804f194   0x00000002   Data   RW         3313    .data               pmic_config_boot.lib(pm_config_target.o)
    0x0804f196   0x00000002   PAD
    0x0804f198   0x00000014   Data   RW         3314    .data               pmic_config_boot.lib(pm_config_target.o)
    0x0804f1ac   0x00000004   Data   RW         3315    .data               pmic_config_boot.lib(pm_config_target.o)
    0x0804f1b0   0x00000004   Data   RW         3316    .data               pmic_config_boot.lib(pm_config_target.o)
    0x0804f1b4   0x00000032   Data   RW         3317    .data               pmic_config_boot.lib(pm_config_target.o)
    0x0804f1e6   0x00000016   Data   RW         3318    .data               pmic_config_boot.lib(pm_config_target.o)
    0x0804f1fc   0x00000004   Data   RW         3319    .data               pmic_config_boot.lib(pm_config_target.o)
    0x0804f200   0x00000c54   Data   RW         3320    .data               pmic_config_boot.lib(pm_config_target_sbl_sequence.o)
    0x0804fe54   0x00000400   Data   RW         3321    .data               pmic_config_boot.lib(pm_config_target_pbs_ram.o)
    0x08050254   0x00000004   Data   RW         3470    .data               pm_pbs_driver.lib(pm_pbs_driver.o)
    0x08050258   0x00000008   Data   RW         3510    .data               pmic_drivers_smb.lib(pm_smb_driver.o)
    0x08050260   0x00000040   Data   RW         3511    .data               pmic_drivers_smb.lib(pm_smb_driver.o)
    0x080502a0   0x00000020   Data   RW         3512    .data               pmic_drivers_smb.lib(pm_smb_driver.o)
    0x080502c0   0x0000002c   Data   RW         3513    .data               pmic_drivers_smb.lib(pm_smb_driver.o)
    0x080502ec   0x00000014   Data   RW         3531    .data               pmic_drivers_smb.lib(pm_smb.o)
    0x08050300   0x00000008   Data   RW         3608    .data               DALtlmm.lib(DALTLMMInfo.o)
    0x08050308   0x00000010   Data   RW         3627    .data               qhsusb_bulk_chg.lib(qhsusb_al_charger.o)
    0x08050318   0x00000004   Data   RW         3673    .data               I2cDriver.lib(I2cDeviceQup.o)
    0x0805031c   0x00000208   Data   RW         3785    .data               UART.lib(Uart_log.o)
    0x08050524   0x00000004   PAD
    0x08050528   0x000001d8   Data   RW         3821    .data               adc.lib(DalVAdcFwk.o)
    0x08050700   0x00000005   Data   RW         3856    .data               CeEL.lib(CeEL_Env.o)
    0x08050705   0x00000003   PAD
    0x08050708   0x000001c0   Data   RW         3947    .data               DALflash.lib(flash_dal_fwk.o)
    0x080508c8   0x00000018   Data   RW         3978    .data               DALflash.lib(flash_properties.o)
    0x080508e0   0x00000064   Data   RW         4037    .data               DALflash_nand_dma_reduced.lib(flash_onfi.o)
    0x08050944   0x00000001   Data   RW         4063    .data               DALflash_nand_dma_reduced.lib(flash_nand_entry.o)
    0x08050945   0x00000003   PAD
    0x08050948   0x00000010   Data   RW         4088    .data               DALflash_nand_dma_reduced.lib(flash_nand_config.o)
    0x08050958   0x0000002c   Data   RW         4089    .data               DALflash_nand_dma_reduced.lib(flash_nand_config.o)
    0x08050984   0x00000130   Data   RW         4093    .data               DALflash_nand_dma_reduced.lib(flash_nand_config.o)
    0x08050ab4   0x00000028   Data   RW         4094    .data               DALflash_nand_dma_reduced.lib(flash_nand_config.o)
    0x08050adc   0x000000ac   Data   RW         4176    .data               chipinfo.lib(DalChipInfoFwk.o)
    0x08050b88   0x0000000c   Data   RW         4206    .data               platforminfo.lib(PlatformInfo.o)
    0x08050b94   0x00000004   PAD
    0x08050b98   0x000000a0   Data   RW         4247    .data               DALtlmm.lib(DALTLMMFwk.o)
    0x08050c38   0x000000c0   Data   RW         4272    .data               qhsusb_bulk_chg.lib(qhsusb_fd_chg.o)
    0x08050cf8   0x00000022   Data   RW         4273    .data               qhsusb_bulk_chg.lib(qhsusb_fd_chg.o)
    0x08050d1a   0x00000022   Data   RW         4274    .data               qhsusb_bulk_chg.lib(qhsusb_fd_chg.o)
    0x08050d3c   0x00000014   Data   RW         4275    .data               qhsusb_bulk_chg.lib(qhsusb_fd_chg.o)
    0x08050d50   0x00000018   Data   RW         4276    .data               qhsusb_bulk_chg.lib(qhsusb_fd_chg.o)
    0x08050d68   0x00000010   Data   RW         4277    .data               qhsusb_bulk_chg.lib(qhsusb_fd_chg.o)
    0x08050d78   0x00000014   Data   RW         4278    .data               qhsusb_bulk_chg.lib(qhsusb_fd_chg.o)
    0x08050d8c   0x00000018   Data   RW         4279    .data               qhsusb_bulk_chg.lib(qhsusb_fd_chg.o)
    0x08050da4   0x00000010   Data   RW         4280    .data               qhsusb_bulk_chg.lib(qhsusb_fd_chg.o)
    0x08050db4   0x00000054   Data   RW         4429    .data               DALflash_i2c_nor.lib(flash_nor_entry_reduced.o)
    0x08050e08   0x00000498   Data   RW         4454    .data               DALflash_i2c_nor.lib(flash_nor_i2c_config.o)
    0x080512a0   0x00000048   Data   RW         4455    .data               DALflash_i2c_nor.lib(flash_nor_i2c_config.o)
    0x080512e8   0x00000060   Data   RW         4472    .data               extdrv_i2c_v2.lib(flash_extdrv_i2c_v2.o)
    0x08051348   0x00000004   Data   RW         4492    .data               HALflash.lib(flash_hal_common.o)
    0x0805134c   0x00000050   Data   RW         4559    .data               HALflash_qpic_bam_reduced.lib(flash_hal_nandc_common.o)
    0x0805139c   0x000001f8   Data   RW         4614    .data               chipinfo.lib(DalChipInfoLocal.o)
    0x08051594   0x0000001c   Data   RW         4645    .data               DALtlmm.lib(DALTLMM.o)
    0x080515b0   0x00000004   Data   RW         4731    .data               HALflash_qpic_bam_reduced.lib(flash_hal_nandc_predef_bam_core.o)
    0x080515b4   0x00000008   Data   RW         4747    .data               DALtlmm.lib(DALTLMMState.o)
    0x080515bc   0x00000008   Data   RW         4760    .data               HALtlmmV2.lib(HALtlmm.o)
    0x080515c4   0x00000054   Data   RW         4773    .data               DALflash_i2c_nor.lib(flash_nor_i2c_core.o)
    0x08051618   0x00000020   Data   RW         4865    .data               flash_bam.lib(flash_bam_wrapper.o)
    0x08051638   0x00000004   Data   RW          324    ERR_DATA_PTR        boot_error_dload.lib(boot_error_handler.o)


    Execution Region SBL1_DATA_ZI (Base: 0x08051640, Size: 0x000048ac, Max: 0xffffffff, ABSOLUTE)

    Base Addr    Size         Type   Attr      Idx    E Section Name        Object

    0x08051640   0x000002c8   Zero   RW           28    .bss                sbl1_mc.o
    0x08051908   0x00000054   Zero   RW          297    .bss                boot_target_hw.lib(boot_pbl_v1.o)
    0x0805195c   0x00000100   Zero   RW          321    .bss                boot_error_dload.lib(boot_error_handler.o)
    0x08051a5c   0x00000104   Zero   RW          707    .bss                boot_flash_common.lib(boot_clobber_prot.o)
    0x08051b60   0x000003a8   Zero   RW          753    .bss                boot_nand.lib(boot_flash_dev_nand.o)
    0x08051f08   0x0000018c   Zero   RW          824    .bss                boot_mem_manage.lib(boot_ddr_info.o)
    0x08052094   0x0000000c   PAD
    0x080520a0   0x000000b8   Zero   RW          848    .bss                boot_security.lib(boot_authenticator.o)
    0x08052158   0x00000020   Zero   RW          887    .bss                adc.lib(AdcBoot.o)
    0x08052178   0x000000f0   Zero   RW          898    .bss                seccfg.lib(seccfg.o)
    0x08052268   0x00000010   Zero   RW          994    .bss                DDR_TEST.lib(ddr_test.o)
    0x08052278   0x00000009   Zero   RW         1010    .bss                boot_logger.lib(boot_logger_ram.o)
    0x08052281   0x00000209   Zero   RW         1032    .bss                boot_logger.lib(boot_logger_uart.o)
    0x0805248a   0x00000002   PAD
    0x0805248c   0x00000b28   Zero   RW         1118    .bss                boot_nand.lib(boot_flash_dev_dal.o)
    0x08052fb4   0x0000007c   Zero   RW         1227    .bss                boot_cdt.lib(boot_config_eeprom.o)
    0x08053030   0x00000020   Zero   RW         1253    .bss                icb.lib(icbcfg.o)
    0x08053050   0x000002b8   Zero   RW         1324    .bss                Spmi.lib(SpmiBus.o)
    0x08053308   0x00000020   Zero   RW         1400    .bss                DALFwk.lib(DALModEnv.o)
    0x08053328   0x0000000c   Zero   RW         1540    .bss                busywait_lib.lib(busywait_hw_qtimer.o)
    0x08053334   0x0000006c   Zero   RW         1866    .bss                boot_nand.lib(boot_flash_trans_nand.o)
    0x080533a0   0x00000488   Zero   RW         1941    .bss                Spmi.lib(PmicArb.o)
    0x08053828   0x00000080   Zero   RW         1993    .bss                Spmi.lib(SpmiOsLogs.o)
    0x080538a8   0x00000080   Zero   RW         2010    .bss                version_uuid.lib(image_uuid.o)
    0x08053928   0x00000100   Zero   RW         2162    .bss                tsens.lib(TsensiConversion.o)
    0x08053a28   0x00000018   Zero   RW         2250    .bss                smem_boot.lib(smem.o)
    0x08053a40   0x00000150   Zero   RW         2566    .bss                pm_pbs_driver.lib(pm_pbs_info.o)
    0x08053b90   0x0000003c   Zero   RW         2578    .bss                pmic_framework.lib(pm_config_sbl.o)
    0x08053bcc   0x0000008c   Zero   RW         2592    .bss                pmic_framework.lib(pm_version.o)
    0x08053c58   0x00000018   Zero   RW         2607    .bss                pmic_framework.lib(pm_target_information.o)
    0x08053c70   0x00000020   Zero   RW         3124    .bss                DALflash_nand_dma_reduced.lib(flash_nand_init.o)
    0x08053c90   0x0000004c   Zero   RW         3145    .bss                DALflash_nand_dma_reduced.lib(flash_nand_partition.o)
    0x08053cdc   0x0000001c   Zero   RW         3171    .bss                platforminfo.lib(PlatformInfoFwk.o)
    0x08053cf8   0x00000010   Zero   RW         3290    .bss                pmic_config_boot.lib(pm_config_target.o)
    0x08053d08   0x00000010   Zero   RW         3306    .bss                pmic_config_boot.lib(pm_config_target.o)
    0x08053d18   0x0000001c   Zero   RW         3324    .bss                pmic_drivers_chg.lib(pm_chg_driver.o)
    0x08053d34   0x0000001c   Zero   RW         3330    .bss                pm_drivers_clks.lib(pm_clk_driver.o)
    0x08053d50   0x0000001c   Zero   RW         3336    .bss                pmic_drivers_coincell.lib(pm_coincell_driver.o)
    0x08053d6c   0x0000001c   Zero   RW         3343    .bss                pmic_drivers_gpio.lib(pm_gpio_driver.o)
    0x08053d88   0x0000001c   Zero   RW         3351    .bss                pmic_drivers_ibb.lib(pm_ibb_driver.o)
    0x08053da4   0x0000001c   Zero   RW         3358    .bss                pmic_drivers_lab.lib(pm_lab_driver.o)
    0x08053dc0   0x0000001c   Zero   RW         3407    .bss                pm_ldo_driver.lib(pm_ldo_driver.o)
    0x08053ddc   0x0000001c   Zero   RW         3452    .bss                pmic_drivers_lpg.lib(pm_lpg_driver.o)
    0x08053df8   0x0000001c   Zero   RW         3459    .bss                pmic_drivers_mpp.lib(pm_mpp_driver.o)
    0x08053e14   0x0000001c   Zero   RW         3479    .bss                pm_pbs_driver.lib(pm_pbs_client_driver.o)
    0x08053e30   0x0000001c   Zero   RW         3486    .bss                pmic_drivers_pwm.lib(pm_pwm_driver.o)
    0x08053e4c   0x0000001c   Zero   RW         3498    .bss                pmic_drivers_rgb.lib(pm_rgb_driver.o)
    0x08053e68   0x0000001c   Zero   RW         3504    .bss                pm_drivers_rtc.lib(pm_rtc_driver.o)
    0x08053e84   0x00000040   Zero   RW         3529    .bss                pmic_drivers_smb.lib(pm_smb.o)
    0x08053ec4   0x0000001c   Zero   RW         3571    .bss                pmic_drivers_buck_concrete_v6.lib(pm_smps_driver.o)
    0x08053ee0   0x0000001c   Zero   RW         3578    .bss                pmic_drivers_vib.lib(pm_vib_driver.o)
    0x08053efc   0x0000001c   Zero   RW         3585    .bss                pmic_drivers_vs.lib(pm_vs_driver.o)
    0x08053f18   0x0000001c   Zero   RW         3593    .bss                pmic_drivers_wled.lib(pm_wled_driver.o)
    0x08053f34   0x00000014   Zero   RW         3990    .bss                DALflash.lib(flash_dal_util.o)
    0x08053f48   0x0000001c   Zero   RW         3991    .bss                DALflash.lib(flash_dal_util.o)
    0x08053f64   0x000000e8   Zero   RW         4062    .bss                DALflash_nand_dma_reduced.lib(flash_nand_entry.o)
    0x0805404c   0x000000fc   Zero   RW         4125    .bss                HALflash_qpic_bam_reduced.lib(flash_hal_main.o)
    0x08054148   0x0000001c   Zero   RW         4174    .bss                chipinfo.lib(DalChipInfoFwk.o)
    0x08054164   0x0000001c   Zero   RW         4220    .bss                pmic_drivers_lbc.lib(pm_lbc_driver.o)
    0x08054180   0x0000001c   Zero   RW         4226    .bss                pmic_drivers_smbb.lib(pm_smbb_driver.o)
    0x0805419c   0x0000001c   Zero   RW         4245    .bss                DALtlmm.lib(DALTLMMFwk.o)
    0x080541b8   0x00000014   Zero   RW         4505    .bss                HALflash.lib(flash_hal_properties.o)
    0x080541cc   0x000001c4   Zero   RW         4644    .bss                DALtlmm.lib(DALTLMM.o)
    0x08054390   0x0000000c   Zero   RW         4712    .bss                DALflash_i2c_nor.lib(flash_nor_i2c_init.o)
    0x0805439c   0x0000000c   Zero   RW         4746    .bss                DALtlmm.lib(DALTLMMState.o)
    0x080543a8   0x00000270   Zero   RW         4812    .bss                HALflash_qpic_bam_reduced.lib(flash_hal_nandc_predef_bam_init.o)
    0x08054618   0x000000a4   Zero   RW         4864    .bss                flash_bam.lib(flash_bam_wrapper.o)
    0x080546bc   0x00001800   Zero   RW           36    BOOT_INTERNAL_HEAP  sbl1_mc.o
    0x08055ebc   0x00000004   Zero   RW          275    CACHE_MMU_ZI        boot_mmu.lib(boot_armv7_mmu.o)
    0x08055ec0   0x0000002c   Zero   RW          323    ERR_DATA            boot_error_dload.lib(boot_error_handler.o)


    Execution Region SBL1_LOG_META_INFO_SECTION (Base: 0x08055eec, Size: 0x00000040, Max: 0x00000040, ABSOLUTE, UNINIT)

    Base Addr    Size         Type   Attr      Idx    E Section Name        Object

    0x08055eec   0x00000000   Data   RW         5039    linker$$defined$$symbols  anon$$obj.o
    0x08055eec   0x00000040   Zero   RW            4    SBL1_LOG_META_INFO_SECTION.bss  anon$$obj.o


    Execution Region SBL1_LOG_BUF_SECTION (Base: 0x08055f2c, Size: 0x00000800, Max: 0x00000800, ABSOLUTE, UNINIT)

    Base Addr    Size         Type   Attr      Idx    E Section Name        Object

    0x08055f2c   0x00000000   Data   RW         5040    linker$$defined$$symbols  anon$$obj.o
    0x08055f2c   0x00000800   Zero   RW            5    SBL1_LOG_BUF_SECTION.bss  anon$$obj.o



  Load Region DEVICEPROGRAMMER_BUFFERS (Base: 0x80000000, Size: 0x00000000, Max: 0x00300000, ABSOLUTE)

    Execution Region DEVPRO_BUFF (Base: 0x80000000, Size: 0x00000000, Max: 0xffffffff, ABSOLUTE)

    **** No section assigned to this execution region ****



  Load Region BOOT_DDR (Base: 0x87c00000, Size: 0x00000000, Max: 0x000e0000, ABSOLUTE)

    Execution Region SBL1_DDR_ZI (Base: 0x87c00000, Size: 0x0002d5c0, Max: 0x00068000, ABSOLUTE)

    Base Addr    Size         Type   Attr      Idx    E Section Name        Object

    0x87c00000   0x00000000   Data   RW         5041    linker$$defined$$symbols  anon$$obj.o
    0x87c00000   0x0000002c   Zero   RW         2313    .bss                CeML.lib(CeML.o)
    0x87c0002c   0x000001a0   Zero   RW         3855    .bss                CeEL.lib(CeEL_Env.o)
    0x87c001cc   0x000000bc   Zero   RW           34    BOOT_CRASH_DUMP_ZONE  sbl1_mc.o
    0x87c00288   0x00000028   Zero   RW           70    BOOT_DDR_ZI_DATA_ZONE  sbl1_target.o
    0x87c002b0   0x00000010   PAD
    0x87c002c0   0x0000a000   Zero   RW          473    BOOT_DDR_ZI_DATA_ZONE  boot_error_dload.lib(boot_hash_buffer.o)
    0x87c0a2c0   0x00001000   Zero   RW          757    BOOT_DDR_ZI_DATA_ZONE  boot_nand.lib(boot_flash_dev_nand.o)
    0x87c0b2c0   0x00002300   Zero   RW         1197    BOOT_DDR_ZI_DATA_ZONE  boot_image_loading.lib(boot_elf_loader.o)
    0x87c0d5c0   0x00020000   Zero   RW           35    BOOT_EXTERNAL_HEAP  sbl1_mc.o


    Execution Region SBL1_DDR_PAGE_TABLE (Base: 0x87c68000, Size: 0x00007800, Max: 0x00008000, ABSOLUTE)

    Base Addr    Size         Type   Attr      Idx    E Section Name        Object

    0x87c68000   0x00004000   Zero   RW          267    BOOT_PAGE_TABLE_ZONE  boot_mmu.lib(boot_page_table.o)
    0x87c6c000   0x00003800   Zero   RW          268    BOOT_PAGE_TABLE_ZONE  boot_mmu.lib(boot_page_table.o)


    Execution Region SBL1_DLOAD_ZI (Base: 0x87c70000, Size: 0x00003968, Max: 0xffffffff, ABSOLUTE)

    Base Addr    Size         Type   Attr      Idx    E Section Name        Object

    0x87c70000   0x00000000   Data   RW         5042    linker$$defined$$symbols  anon$$obj.o
    0x87c70000   0x00001190   Zero   RW          170    .bss                sbl1_sahara.o
    0x87c71190   0x00000ee8   Zero   RW          370    .bss                boot_error_dload.lib(boot_dload_debug.o)
    0x87c72078   0x00000bd0   Zero   RW          429    .bss                boot_error_dload.lib(boot_sahara.o)
    0x87c72c48   0x00000d10   Zero   RW          176    BOOT_UNCACHED_DDR_ZI_ZONE  sbl1_sahara.o
    0x87c73958   0x00000010   Zero   RW          218    BOOT_UNCACHED_DDR_ZI_ZONE  boot_dload_debug_target.o


    Execution Region SBL1_DEVPRO_USB_ZI_DUMMY (Base: 0x87c73968, Size: 0x00000000, Max: 0xffffffff, ABSOLUTE)

    **** No section assigned to this execution region ****


    Execution Region SBL1_DEVICEPROGRAMMER_USB_ZI (Base: 0x87c74000, Size: 0x000035b0, Max: 0xffffffff, ABSOLUTE)

    Base Addr    Size         Type   Attr      Idx    E Section Name        Object

    0x87c74000   0x00000000   Data   RW         5043    linker$$defined$$symbols  anon$$obj.o
    0x87c74000   0x00000200   Zero   RW         1703    .bss                qhsusb_bulk_chg.lib(qhsusb_al_bulk.o)
    0x87c74200   0x00000534   Zero   RW         2639    .bss                qhsusb_bulk_chg.lib(qhsusb_fd_hdlc.o)
    0x87c74734   0x0000004a   Zero   RW         2686    .bss                qhsusb_bulk_chg.lib(qhsusb_dcd_ch9.o)
    0x87c7477e   0x00000082   PAD
    0x87c74800   0x00002180   Zero   RW         2746    .bss                qhsusb_bulk_chg.lib(qhsusb_dci.o)
    0x87c76980   0x0000000c   Zero   RW         2810    .bss                qhsusb_bulk_chg.lib(qhsusb_dci_8909.o)
    0x87c7698c   0x00000c00   Zero   RW         2858    .bss                qhsusb_bulk_chg.lib(qhsusb_log.o)
    0x87c7758c   0x00000022   Zero   RW         4270    .bss                qhsusb_bulk_chg.lib(qhsusb_fd_chg.o)


    Execution Region SBL1_DDR_LOG_META_INFO_SECTION (Base: 0x87cdf600, Size: 0x00000040, Max: 0x00000040, ABSOLUTE, UNINIT)

    Base Addr    Size         Type   Attr      Idx    E Section Name        Object

    0x87cdf600   0x00000040   Zero   RW            6    SBL1_DDR_LOG_META_INFO_SECTION.bss  anon$$obj.o


    Execution Region SBL1_DDR_LOG_BUF_SECTION (Base: 0x87cdf640, Size: 0x000009c0, Max: 0x000009c0, ABSOLUTE, UNINIT)

    Base Addr    Size         Type   Attr      Idx    E Section Name        Object

    0x87cdf640   0x000009c0   Zero   RW            7    SBL1_DDR_LOG_BUF_SECTION.bss  anon$$obj.o



  Load Region BOOT_SYSTEM_DEBUG (Base: 0x00220000, Size: 0x000028b4, Max: 0x00003000, ABSOLUTE)

    Execution Region SYSTEM_DEBUG_CO_RO (Base: 0x00220000, Size: 0x000002b8, Max: 0x00003000, ABSOLUTE)

    Base Addr    Size         Type   Attr      Idx    E Section Name        Object

    0x00220000   0x00000178   Code   RO          114    SYSTEM_DEBUG_ENTRY  sys_debug.o
    0x00220178   0x00000026   Code   RO          116    i.Boot_ToggleClock  sys_debug_mc.o
    0x0022019e   0x00000002   PAD
    0x002201a0   0x000000ac   Code   RO          118    i.sys_debug_enable_clocks  sys_debug_mc.o
    0x0022024c   0x0000006c   Code   RO          121    i.sys_debug_main_ctl  sys_debug_mc.o


    Execution Region BOOT_A53 (Base: 0x002202b8, Size: 0x00000118, Max: 0xffffffff, ABSOLUTE)

    Base Addr    Size         Type   Attr      Idx    E Section Name        Object

    0x002202b8   0x00000048   Code   RO         1005    BOOT_A53_ASM        boot_target_hw.lib(boot_a53_asm.o)
    0x00220300   0x00000008   Ven    RO         5079    Veneer$$Code        anon$$obj.o
    0x00220308   0x00000008   Ven    RO         5080    Veneer$$Code        anon$$obj.o
    0x00220310   0x00000048   Code   RO          278    i.boot_hw_powerdown  boot_target_hw.lib(boot_a53.o)
    0x00220358   0x00000030   Code   RO          279    i.boot_hw_reset     boot_target_hw.lib(boot_a53.o)
    0x00220388   0x00000048   Code   RO          281    i.boot_switch_to_aarch64  boot_target_hw.lib(boot_a53.o)


    Execution Region BOOT_SEGMENT2_DDRFW (Base: 0x002203d0, Size: 0x000024e4, Max: 0xffffffff, ABSOLUTE)

    Base Addr    Size         Type   Attr      Idx    E Section Name        Object

    0x002203d0   0x0000000a   Ven    RO         5081    Veneer$$Code        anon$$obj.o
    0x002203da   0x00000002   PAD
    0x002203dc   0x00000008   Ven    RO         5082    Veneer$$Code        anon$$obj.o
    0x002203e4   0x00000008   Ven    RO         5083    Veneer$$Code        anon$$obj.o
    0x002203ec   0x00000008   Ven    RO         5084    Veneer$$Code        anon$$obj.o
    0x002203f4   0x00000008   Ven    RO         5085    Veneer$$Code        anon$$obj.o
    0x002203fc   0x00000008   Ven    RO         5086    Veneer$$Code        anon$$obj.o
    0x00220404   0x0000000a   Ven    RO         5087    Veneer$$Code        anon$$obj.o
    0x0022040e   0x00000002   PAD
    0x00220410   0x00000008   Ven    RO         5088    Veneer$$Code        anon$$obj.o
    0x00220418   0x00000008   Ven    RO         5089    Veneer$$Code        anon$$obj.o
    0x00220420   0x00000008   Ven    RO         5090    Veneer$$Code        anon$$obj.o
    0x00220428   0x00000002   Code   RO         1726    i.DDR_SYNC_INIT     DDR_DRIVERS.lib(ddr_sync.o)
    0x0022042a   0x00000002   Code   RO         1727    i.DDR_SYNC_LOCK     DDR_DRIVERS.lib(ddr_sync.o)
    0x0022042c   0x00000002   Code   RO         1728    i.DDR_SYNC_UNLOCK   DDR_DRIVERS.lib(ddr_sync.o)
    0x0022042e   0x00000002   PAD
    0x00220430   0x0000007c   Code   RO         2869    i.HAL_SDRAM_AHB2PHY_Broadcast_Enable  DDR_HAL.lib(AHB2PHY.o)
    0x002204ac   0x000000a4   Code   RO         1751    i.HAL_SDRAM_BIMC_Rank_Detection  DDR_HAL.lib(BIMC_v1.o)
    0x00220550   0x0000006c   Code   RO         1752    i.HAL_SDRAM_BIMC_Update_Clock_Period  DDR_HAL.lib(BIMC_v1.o)
    0x002205bc   0x00000014   Code   RO         1753    i.HAL_SDRAM_DDR_Wait  DDR_HAL.lib(BIMC_v1.o)
    0x002205d0   0x0000001c   Code   RO         1777    i.HAL_SDRAM_DPE_Disable_Power_Down  DDR_HAL.lib(BIMC_DPE_v1.o)
    0x002205ec   0x000000c0   Code   RO         1778    i.HAL_SDRAM_DPE_Force_Update_Latency  DDR_HAL.lib(BIMC_DPE_v1.o)
    0x002206ac   0x0000008c   Code   RO         1779    i.HAL_SDRAM_DPE_Init  DDR_HAL.lib(BIMC_DPE_v1.o)
    0x00220738   0x00000038   Code   RO         1780    i.HAL_SDRAM_DPE_Post_Clock_Switch  DDR_HAL.lib(BIMC_DPE_v1.o)
    0x00220770   0x00000064   Code   RO         1781    i.HAL_SDRAM_DPE_Pre_Clock_Switch  DDR_HAL.lib(BIMC_DPE_v1.o)
    0x002207d4   0x00000154   Code   RO         1782    i.HAL_SDRAM_DPE_Update_AC_Parameters  DDR_HAL.lib(BIMC_DPE_v1.o)
    0x00220928   0x000000ec   Code   RO         1783    i.HAL_SDRAM_DPE_Update_Latency  DDR_HAL.lib(BIMC_DPE_v1.o)
    0x00220a14   0x0000001a   Code   RO         1754    i.HAL_SDRAM_Enter_Deep_Power_Down  DDR_HAL.lib(BIMC_v1.o)
    0x00220a2e   0x00000032   Code   RO         1755    i.HAL_SDRAM_Enter_Self_Refresh  DDR_HAL.lib(BIMC_v1.o)
    0x00220a60   0x00000020   Code   RO         1756    i.HAL_SDRAM_Exit_Deep_Power_Down  DDR_HAL.lib(BIMC_v1.o)
    0x00220a80   0x0000003a   Code   RO         1757    i.HAL_SDRAM_Exit_Self_Refresh  DDR_HAL.lib(BIMC_v1.o)
    0x00220aba   0x00000072   Code   RO         1758    i.HAL_SDRAM_Get_Base_Addr  DDR_HAL.lib(BIMC_v1.o)
    0x00220b2c   0x0000017c   Code   RO         1759    i.HAL_SDRAM_Init    DDR_HAL.lib(BIMC_v1.o)
    0x00220ca8   0x00000078   Code   RO         1823    i.HAL_SDRAM_PHY_Disable_CDC_Cal  DDR_HAL.lib(DDR_PHY.o)
    0x00220d20   0x0000002a   Code   RO         1824    i.HAL_SDRAM_PHY_Disable_IO_Cal  DDR_HAL.lib(DDR_PHY.o)
    0x00220d4a   0x00000002   PAD
    0x00220d4c   0x0000009c   Code   RO         1825    i.HAL_SDRAM_PHY_Disable_Rapid_CDC_Cal  DDR_HAL.lib(DDR_PHY.o)
    0x00220de8   0x0000004c   Code   RO         1826    i.HAL_SDRAM_PHY_Enable_CDC_Cal  DDR_HAL.lib(DDR_PHY.o)
    0x00220e34   0x00000020   Code   RO         1827    i.HAL_SDRAM_PHY_Enable_IO_Cal  DDR_HAL.lib(DDR_PHY.o)
    0x00220e54   0x00000094   Code   RO         1828    i.HAL_SDRAM_PHY_Enable_Rapid_CDC_Cal  DDR_HAL.lib(DDR_PHY.o)
    0x00220ee8   0x000000cc   Code   RO         1829    i.HAL_SDRAM_PHY_Init  DDR_HAL.lib(DDR_PHY.o)
    0x00220fb4   0x000000bc   Code   RO         1830    i.HAL_SDRAM_PHY_Manual_CDC_Cal  DDR_HAL.lib(DDR_PHY.o)
    0x00221070   0x00000066   Code   RO         1831    i.HAL_SDRAM_PHY_Manual_IO_Cal  DDR_HAL.lib(DDR_PHY.o)
    0x002210d6   0x00000002   PAD
    0x002210d8   0x00000048   Code   RO         1832    i.HAL_SDRAM_PHY_Update_CDC_Config  DDR_HAL.lib(DDR_PHY.o)
    0x00221120   0x00000070   Code   RO          962    i.HAL_SDRAM_PHY_Update_CDC_Delay_Target  DDR_DRIVERS.lib(ddr_target.o)
    0x00221190   0x00000040   Code   RO         1834    i.HAL_SDRAM_PHY_Update_Drive_Strength  DDR_HAL.lib(DDR_PHY.o)
    0x002211d0   0x00000090   Code   RO         1760    i.HAL_SDRAM_RL      DDR_HAL.lib(BIMC_v1.o)
    0x00221260   0x0000015c   Code   RO         1761    i.HAL_SDRAM_Ram_Size_Detection  DDR_HAL.lib(BIMC_v1.o)
    0x002213bc   0x00000058   Code   RO         1791    i.HAL_SDRAM_Read_MR  DDR_HAL.lib(BIMC_SHKE_v1.o)
    0x00221414   0x00000200   Code   RO         2862    i.HAL_SDRAM_SCMO_Init  DDR_HAL.lib(BIMC_SCMO_v1.o)
    0x00221614   0x00000058   Code   RO         2863    i.HAL_SDRAM_SCMO_Rank_Disable  DDR_HAL.lib(BIMC_SCMO_v1.o)
    0x0022166c   0x00000030   Code   RO         2864    i.HAL_SDRAM_SCMO_Rank_Enable  DDR_HAL.lib(BIMC_SCMO_v1.o)
    0x0022169c   0x000000a0   Code   RO         1792    i.HAL_SDRAM_SHKE_DPD_Enter  DDR_HAL.lib(BIMC_SHKE_v1.o)
    0x0022173c   0x00000048   Code   RO         1793    i.HAL_SDRAM_SHKE_DPD_Exit  DDR_HAL.lib(BIMC_SHKE_v1.o)
    0x00221784   0x00000218   Code   RO         1794    i.HAL_SDRAM_SHKE_Device_Init  DDR_HAL.lib(BIMC_SHKE_v1.o)
    0x0022199c   0x00000034   Code   RO         1795    i.HAL_SDRAM_SHKE_Disable_Auto_Refresh  DDR_HAL.lib(BIMC_SHKE_v1.o)
    0x002219d0   0x00000034   Code   RO         1796    i.HAL_SDRAM_SHKE_Disable_HW_Self_Refresh  DDR_HAL.lib(BIMC_SHKE_v1.o)
    0x00221a04   0x0000001c   Code   RO         1797    i.HAL_SDRAM_SHKE_Disable_Periodic_SRR  DDR_HAL.lib(BIMC_SHKE_v1.o)
    0x00221a20   0x0000001c   Code   RO         1798    i.HAL_SDRAM_SHKE_Disable_ZQCAL  DDR_HAL.lib(BIMC_SHKE_v1.o)
    0x00221a3c   0x00000034   Code   RO         1799    i.HAL_SDRAM_SHKE_Enable_Auto_Refresh  DDR_HAL.lib(BIMC_SHKE_v1.o)
    0x00221a70   0x00000034   Code   RO         1800    i.HAL_SDRAM_SHKE_Enable_HW_Self_Refresh  DDR_HAL.lib(BIMC_SHKE_v1.o)
    0x00221aa4   0x0000001c   Code   RO         1801    i.HAL_SDRAM_SHKE_Enable_Periodic_SRR  DDR_HAL.lib(BIMC_SHKE_v1.o)
    0x00221ac0   0x0000001c   Code   RO         1802    i.HAL_SDRAM_SHKE_Enable_ZQCAL  DDR_HAL.lib(BIMC_SHKE_v1.o)
    0x00221adc   0x00000044   Code   RO         1803    i.HAL_SDRAM_SHKE_Enter_Self_Refresh  DDR_HAL.lib(BIMC_SHKE_v1.o)
    0x00221b20   0x00000044   Code   RO         1804    i.HAL_SDRAM_SHKE_Exit_Self_Refresh  DDR_HAL.lib(BIMC_SHKE_v1.o)
    0x00221b64   0x0000005c   Code   RO         1805    i.HAL_SDRAM_SHKE_Init  DDR_HAL.lib(BIMC_SHKE_v1.o)
    0x00221bc0   0x00000058   Code   RO         1762    i.HAL_SDRAM_WL      DDR_HAL.lib(BIMC_v1.o)
    0x00221c18   0x00000060   Code   RO         1806    i.HAL_SDRAM_Write_MR  DDR_HAL.lib(BIMC_SHKE_v1.o)
    0x00221c78   0x0000001a   Code   RO         1885    i.HAL_bimc_GetSlaveSegment  icb.lib(HALbimc.o)
    0x00221c92   0x0000000a   Code   RO         1886    i.HAL_bimc_Init     icb.lib(HALbimc.o)
    0x00221c9c   0x0000001a   Code   RO         1902    i.HAL_bimc_SetSlaveSegment  icb.lib(HALbimc.o)
    0x00221cb6   0x00000002   PAD
    0x00221cb8   0x00000118   Code   RO         2885    i.bimc_GetSlaveSegment  icb.lib(HALbimcImpl.o)
    0x00221dd0   0x0000002c   Code   RO         2886    i.bimc_Init         icb.lib(HALbimcImpl.o)
    0x00221dfc   0x000000d0   Code   RO         2902    i.bimc_SetSlaveSegment  icb.lib(HALbimcImpl.o)
    0x00221ecc   0x00000004   Code   RO          629    i.boot_ddr_do_ddr_training  boot_extern_driver_interface.lib(boot_extern_ddr_interface.o)
    0x00221ed0   0x00000004   Code   RO          630    i.boot_ddr_get_info  boot_extern_driver_interface.lib(boot_extern_ddr_interface.o)
    0x00221ed4   0x00000004   Code   RO          631    i.boot_ddr_get_partition  boot_extern_driver_interface.lib(boot_extern_ddr_interface.o)
    0x00221ed8   0x00000004   Code   RO          632    i.boot_ddr_get_size  boot_extern_driver_interface.lib(boot_extern_ddr_interface.o)
    0x00221edc   0x00000004   Code   RO          633    i.boot_ddr_initialize_device  boot_extern_driver_interface.lib(boot_extern_ddr_interface.o)
    0x00221ee0   0x00000004   Code   RO          634    i.boot_ddr_params_get_training_data  boot_extern_driver_interface.lib(boot_extern_ddr_interface.o)
    0x00221ee4   0x00000004   Code   RO          636    i.boot_ddr_params_is_training_required  boot_extern_driver_interface.lib(boot_extern_ddr_interface.o)
    0x00221ee8   0x00000004   Code   RO          637    i.boot_ddr_params_set_training_data  boot_extern_driver_interface.lib(boot_extern_ddr_interface.o)
    0x00221eec   0x00000004   Code   RO          638    i.boot_ddr_post_init  boot_extern_driver_interface.lib(boot_extern_ddr_interface.o)
    0x00221ef0   0x00000004   Code   RO          639    i.boot_ddr_restore_from_wdog_reset  boot_extern_driver_interface.lib(boot_extern_ddr_interface.o)
    0x00221ef4   0x00000004   Code   RO          640    i.boot_ddr_set_params  boot_extern_driver_interface.lib(boot_extern_ddr_interface.o)
    0x00221ef8   0x000000e0   Code   RO          642    i.boot_ddr_test     boot_extern_driver_interface.lib(boot_extern_ddr_interface.o)
    0x00221fd8   0x00000020   Code   RO          963    i.ddr_busywait      DDR_DRIVERS.lib(ddr_target.o)
    0x00221ff8   0x00000020   Code   RO          964    i.ddr_busywait_init  DDR_DRIVERS.lib(ddr_target.o)
    0x00222018   0x00000010   Code   RO         1763    i.ddr_divide_func   DDR_HAL.lib(BIMC_v1.o)
    0x00222028   0x00000002   Code   RO          965    i.ddr_do_phy_training  DDR_DRIVERS.lib(ddr_target.o)
    0x0022202a   0x00000002   PAD
    0x0022202c   0x0000006c   Code   RO          913    i.ddr_enter_deep_power_down  DDR_DRIVERS.lib(ddr_drivers.o)
    0x00222098   0x00000070   Code   RO          914    i.ddr_enter_self_refresh  DDR_DRIVERS.lib(ddr_drivers.o)
    0x00222108   0x00000070   Code   RO          916    i.ddr_exit_deep_power_down  DDR_DRIVERS.lib(ddr_drivers.o)
    0x00222178   0x00000070   Code   RO          917    i.ddr_exit_self_refresh  DDR_DRIVERS.lib(ddr_drivers.o)
    0x002221e8   0x00000138   Code   RO          919    i.ddr_get_info      DDR_DRIVERS.lib(ddr_drivers.o)
    0x00222320   0x0000003c   Code   RO          939    i.ddr_get_params    DDR_DRIVERS.lib(ddr_params.o)
    0x0022235c   0x00000080   Code   RO          920    i.ddr_get_partition  DDR_DRIVERS.lib(ddr_drivers.o)
    0x002223dc   0x0000000c   Code   RO          940    i.ddr_get_shared_header  DDR_DRIVERS.lib(ddr_params.o)
    0x002223e8   0x0000003c   Code   RO          921    i.ddr_get_size      DDR_DRIVERS.lib(ddr_drivers.o)
    0x00222424   0x00000048   Code   RO          923    i.ddr_init          DDR_DRIVERS.lib(ddr_drivers.o)
    0x0022246c   0x00000080   Code   RO          924    i.ddr_initialize_device  DDR_DRIVERS.lib(ddr_drivers.o)
    0x002224ec   0x0000000c   Code   RO          943    i.ddr_param_interleaved  DDR_DRIVERS.lib(ddr_params.o)
    0x002224f8   0x0000008c   Code   RO          944    i.ddr_params_detection  DDR_DRIVERS.lib(ddr_params.o)
    0x00222584   0x00000010   Code   RO          945    i.ddr_params_get_training_data  DDR_DRIVERS.lib(ddr_params.o)
    0x00222594   0x00000004   Code   RO          967    i.ddr_params_is_training_required  DDR_DRIVERS.lib(ddr_target.o)
    0x00222598   0x00000058   Code   RO          946    i.ddr_params_set_shared_memory  DDR_DRIVERS.lib(ddr_params.o)
    0x002225f0   0x00000030   Code   RO          947    i.ddr_params_set_training_data  DDR_DRIVERS.lib(ddr_params.o)
    0x00222620   0x00000004   Code   RO          968    i.ddr_post_init     DDR_DRIVERS.lib(ddr_target.o)
    0x00222624   0x0000009c   Code   RO          969    i.ddr_restore_from_wdog_reset  DDR_DRIVERS.lib(ddr_target.o)
    0x002226c0   0x00000028   Code   RO          948    i.ddr_restore_param_wdog_reset  DDR_DRIVERS.lib(ddr_params.o)
    0x002226e8   0x00000036   Code   RO         1733    i.ddr_set_config    DDR_DRIVERS.lib(ddr_config.o)
    0x0022271e   0x00000002   PAD
    0x00222720   0x0000005c   Code   RO          949    i.ddr_set_params    DDR_DRIVERS.lib(ddr_params.o)
    0x0022277c   0x00000118   Code   RO          971    i.ddr_target_init   DDR_DRIVERS.lib(ddr_target.o)
    0x00222894   0x00000020   Data   RO          643    .constdata          boot_extern_driver_interface.lib(boot_extern_ddr_interface.o)



  Load Region BOOT_SYSTEM_DEBUG_DATA (Base: 0x00223000, Size: 0x00000980, Max: 0x00001000, ABSOLUTE)

    Execution Region SYSTEM_DEBUG_DATA (Base: 0x00223000, Size: 0x00000960, Max: 0x00001000, ABSOLUTE)

    Base Addr    Size         Type   Attr      Idx    E Section Name        Object

    0x00223000   0x00000018   Data   RW          644    .data               boot_extern_driver_interface.lib(boot_extern_ddr_interface.o)
    0x00223018   0x0000000c   Data   RW          926    .data               DDR_DRIVERS.lib(ddr_drivers.o)
    0x00223024   0x00000024   Data   RW          950    .data               DDR_DRIVERS.lib(ddr_params.o)
    0x00223048   0x00000040   Data   RW          973    .data               DDR_DRIVERS.lib(ddr_target.o)
    0x00223088   0x00000310   Data   RW         1734    .data               DDR_DRIVERS.lib(ddr_config.o)
    0x00223398   0x00000058   Data   RW         1735    .data               DDR_DRIVERS.lib(ddr_config.o)
    0x002233f0   0x000000c0   Data   RW         1736    .data               DDR_DRIVERS.lib(ddr_config.o)
    0x002234b0   0x000000b8   Data   RW         1737    .data               DDR_DRIVERS.lib(ddr_config.o)
    0x00223568   0x00000088   Data   RW         1738    .data               DDR_DRIVERS.lib(ddr_config.o)
    0x002235f0   0x00000008   Data   RW         1739    .data               DDR_DRIVERS.lib(ddr_config.o)
    0x002235f8   0x00000010   Data   RW         1740    .data               DDR_DRIVERS.lib(ddr_config.o)
    0x00223608   0x00000008   Data   RW         1741    .data               DDR_DRIVERS.lib(ddr_config.o)
    0x00223610   0x00000004   Data   RW         1742    .data               DDR_DRIVERS.lib(ddr_config.o)
    0x00223614   0x00000004   Data   RW         1743    .data               DDR_DRIVERS.lib(ddr_config.o)
    0x00223618   0x00000004   Data   RW         1744    .data               DDR_DRIVERS.lib(ddr_config.o)
    0x0022361c   0x00000004   Data   RW         1745    .data               DDR_DRIVERS.lib(ddr_config.o)
    0x00223620   0x00000004   Data   RW         1746    .data               DDR_DRIVERS.lib(ddr_config.o)
    0x00223624   0x00000004   Data   RW         1747    .data               DDR_DRIVERS.lib(ddr_config.o)
    0x00223628   0x00000004   Data   RW         1748    .data               DDR_DRIVERS.lib(ddr_config.o)
    0x0022362c   0x00000004   Data   RW         1749    .data               DDR_DRIVERS.lib(ddr_config.o)
    0x00223630   0x00000314   Data   RW          115    SYSTEM_DEBUG_DATA   sys_debug.o
    0x00223944   0x0000001c   Zero   RW          925    .bss                DDR_DRIVERS.lib(ddr_drivers.o)


    Execution Region BOOT_SEGMENT2_DDRFW_TBL (Base: 0x00223960, Size: 0x00000038, Max: 0xffffffff, ABSOLUTE)

    Base Addr    Size         Type   Attr      Idx    E Section Name        Object

    0x00223960   0x00000038   Data   RW          974    ddr_func_ptr        DDR_DRIVERS.lib(ddr_target.o)


    Execution Region SYSTEM_DEBUG_QSEE_INFO (Base: 0x00223998, Size: 0x00000020, Max: 0x00000020, ABSOLUTE, UNINIT)

    Base Addr    Size         Type   Attr      Idx    E Section Name        Object

    0x00223998   0x00000000   Data   RW         5044    linker$$defined$$symbols  anon$$obj.o
    0x00223998   0x00000020   Zero   RW            8    SYSTEM_DEBUG_QSEE_INFO.bss  anon$$obj.o


==============================================================================

Image component sizes


      Code (inc. data)   RO Data    RW Data    ZI Data      Debug   Object Name

         0          0         86          0          0          0   SBL1_nand_oem_uuid.o
         0          0          0       1028          0          0   boot_cdt_array.o
       444        136        192          0         16        140   boot_dload_debug_target.o
         0          0          0        244          0          0   boot_rollback_img_set.o
         0          0         60          0          0          0   oem_version.o
         0          0         47          0          0          0   qc_version.o
       704         44          0          0          0        164   sbl1.o
       550        136         76        648          0        516   sbl1_config.o
      1322        548          0          4          0       1256   sbl1_hw.o
      2368        544        609        136     138116       3028   sbl1_mc.o
      1186        204          0        248       7840       3892   sbl1_sahara.o
       268         54         32         12         40        268   sbl1_target.o
       200         26          0          0          0        152   seccfg_memset_pheripheral.o
       376         16          0        788          0          0   sys_debug.o
       318         40          0          0          0        384   sys_debug_mc.o

    ----------------------------------------------------------------------
      8078       1868       1105       3108     175308       9800   Object Totals
       328        120          0          0      29280          0   (incl. Generated)
        14          0          3          0         16          0   (incl. Padding)

    ----------------------------------------------------------------------

      Code (inc. data)   RO Data    RW Data    ZI Data      Debug   Library Member Name

      1416         48          0          0          0       1224   CeCL.o
         8          0          0          0          0        232   CeCL_Ce0.o
       240         10          0          0          0       1472   CeEL.o
       116         12          0          5        416        232   CeEL_Env.o
        74          0          0          0          0        256   CeEL_Reg.o
      2010         80          0          8         44       1060   CeML.o
       664          8          0          0          0        644   ClockSBLCommon.o
      1438        220        152          8          0       2232   ClockSBL.o
       124         10          0          4          0        248   ClockSBLCPU.o
       450         52          0       1348          0        720   ClockSBLConfig.o
       144         20          0          4          0        256   ClockTLMMSpare.o
       156         14         96          0          0        252   ClockTools.o
         0          0       4716        348          0          0   DALConfig_boot.o
         0          0          0         76          0          0   DALModDir_boot.o
       648        138          0         16          0       1024   DALGlbCtxt.o
       122         14          0         32          0        484   DALHeap.o
       996         68          0         28          0        916   DALMemDesc.o
      1026         64         12         12         32       3808   DALModEnv.o
       806          6          0          0          0        684   DALProps.o
       474          0          0          0          0        896   dalfwkbase.o
       144          0          0          0          0        492   flash_dal.o
       750         20        112        448          0       3424   flash_dal_fwk.o
         0          0         12         16          0          0   flash_dal_info.o
       162         14          0          0         48        844   flash_dal_util.o
       106         28          0         24          0        268   flash_properties.o
       288          4          0         84          0       2616   flash_nor_entry_reduced.o
        24         12          0       1248          0        232   flash_nor_i2c_config.o
       342          0          0         84          0        404   flash_nor_i2c_core.o
       644         50          0          0         12       1264   flash_nor_i2c_init.o
        88         12          0          4          0        256   flash_boot_ops_setup.o
         4          0          0          0          0        116   flash_dal_nand_reduced.o
        12          6         64        404          0        116   flash_nand_config.o
       690         16          0          0          0        800   flash_nand_core.o
      1212        156          0          1        232       1924   flash_nand_entry.o
      1540         64          0         12         32       1692   flash_nand_init.o
       996         52          0          8         76        696   flash_nand_partition.o
       752         14          0        100          0        420   flash_onfi.o
      1374        278          0         28        452       2132   DALTLMM.o
       180         20         60        160         28       1764   DALTLMMFwk.o
         0          0         12          8          0          0   DALTLMMInfo.o
       360         48          0          8         12        368   DALTLMMState.o
        54          0          0       1448          0        128   ddr_config.o
      1144         42          0         12         28       1212   ddr_drivers.o
       508         60          0         36          0       1088   ddr_params.o
         6          0          0          0          0        348   ddr_sync.o
       622        140          0        120          0        992   ddr_target.o
       124          6          0          0          0        124   AHB2PHY.o
      1092         58          0          0          0        896   BIMC_DPE_v1.o
       648         20          0          0          0        372   BIMC_SCMO_v1.o
      1500        116          0          0          0       1988   BIMC_SHKE_v1.o
      1548        130          0          0          0       1700   BIMC_v1.o
      1204         90          0          0          0       1468   DDR_PHY.o
      2154       1078          0          4         16       1200   ddr_test.o
         0          0          0          4          0          0   flash_hal_common.o
       212         40          0          0         20        728   flash_hal_properties.o
        84          0          0          0          0          0   flash_hal_util_asm.o
       636        122          0          0        252       2196   flash_hal_main.o
       966         58        240         80          0       1096   flash_hal_nandc_common.o
       522         74          0          4          0        636   flash_hal_nandc_predef_bam_core.o
      1500         58          0          0          0       1436   flash_hal_nandc_predef_bam_exec.o
      2982         70          0          0        624       1704   flash_hal_nandc_predef_bam_init.o
       210         28          0          0          0        720   flash_hal_nandc_predef_bam_pprocess.o
         8          0          0          0          0        232   flash_hal_nandc_reduced.o
       216         28          0          8          0        600   HALtlmm.o
      3824         84          0          4          0       3860   I2cDeviceQup.o
         4          0         12         48          0        116   I2cDriverDalInfo.o
       614        108          0          0          0       1116   I2cPlatSvc.o
       236         26          0          0          0       1576   I2cSys.o
       146          4          0          0          0        380   PrngCL.o
         8          0          0          0          0        232   PrngEL.o
        38          0          0          0          0        140   PrngML.o
      1348         90          0          0       1160       1656   PmicArb.o
      1024        174          0          0        696       1092   SpmiBus.o
      1068         54          5          4          0       1132   SpmiCfg.o
        20          4          0          4          0        116   SpmiHal.o
       428         72          0          0          0        524   SpmiMaster.o
       316        126          0         12          0        504   SpmiOs.o
       306         62          0         16          0       1208   SpmiOsImage.o
         0          0          0          0        128          0   SpmiOsLogs.o
       442          6          0          0          0        536   SpmiRadixTree.o
       232         64        404          0          0        116   GeniImage.o
       970         20         43         60          0        936   Uart.o
       478          0          0          0          0       3152   Uart_hal.o
       124         10          0        520          0        128   Uart_log.o
       748        148         29          0          0       1020   Uart_sbl_os.o
       538         80          0          8         32        548   AdcBoot.o
       210          6          0          0          0        376   AdcScalingUtil.o
      1816         32          0          0          0       3152   DalVAdc.o
       250         12         68        472          0       1988   DalVAdcFwk.o
         0          0         12          0          0          0   DalVAdcInfo.o
       812         46          0          0          0       1184   VAdcHal.o
         0          0         16          0          0          0   AdcBsp.o
         0          0       1255          0          0          0   VAdcBsp.o
       524        246          0         15          0        536   boot_apt_test.o
        20          0          0          0          0          0   boot_apt_test_asm.o
      1568         52          0          4          0       2668   bamcore.o
       166          4          0          0          0       1536   bamosal.o
      2728         22          0         16          0       2240   bams.o
       112         12         96          8          0        252   bamtgtcfg.o
       408        128          0          8          0        412   boot_config_data.o
       748        142          0         16        124        528   boot_config_eeprom.o
       242         46          0          0          0        712   boot_dload.o
      1036        264         25         12       3816       1532   boot_dload_debug.o
       806        384          0         24        300       1684   boot_error_handler.o
       422         18          0         12          0        652   boot_hash.o
        38         16          0          1      40960        464   boot_hash_buffer.o
      4680        272          0        116       3024       4636   boot_sahara.o
         4          0          0          0          0        116   boot_extern_apt_interface.o
         4          0          0          0          0        116   boot_extern_bam_interface.o
         8          0          0          0          0        232   boot_extern_bus_interface.o
         8          0          0          0          0        232   boot_extern_busywait_interface.o
        48          0          0          0          0       1276   boot_extern_clk_interface.o
        28          0          0          0          0        812   boot_extern_crypto_interface.o
        58          0          0          0          0       1168   boot_extern_dal_interface.o
       268         44         32         24          0       1428   boot_extern_ddr_interface.o
        58          0          0          0          0        952   boot_extern_flash_interface.o
        32          0          0          0          0        928   boot_extern_hsusb_interface.o
        12          0          0          0          0        232   boot_extern_platforminfo_interface.o
        38          0          0          0          0        928   boot_extern_pmic_interface.o
         8          0          0          0          0        232   boot_extern_secboot_interface.o
        32          0          0          0          0        480   boot_extern_seccfg_interface.o
        24          0          0          0          0        696   boot_extern_smem_interface.o
        48          6          0          0          0        128   boot_extern_tlmm_interface.o
         8          0          0          0          0        232   boot_extern_tsensor_interface.o
        12          0          0          0          0        348   boot_uart.o
       552        108          0          4        260        764   boot_clobber_prot.o
       334        102          0          0          0        508   boot_clobber_prot_local.o
        82         50          0          0          0        244   boot_flash.o
       176         88          0          8          0        372   boot_flash_dev_if.o
        88         30          0          0          0        132   boot_flash_target.o
       848         78          0          0          0        296   boot_config.o
      3240        524          0         48       8960       2588   boot_elf_loader.o
         0          0          0         80          0          0   boot_gpt_partition_id.o
       304         22          0          0          0        144   boot_loader.o
        62         16          0          0          0        244   boot_mc.o
       620        106          0          4          0       2388   boot_logger.o
       502         42          0        146          9        532   boot_logger_ram.o
       216         12          0          0          0        744   boot_logger_timer.o
       368         26          0        155        521        496   boot_logger_uart.o
       500         84          0          1        396        380   boot_ddr_info.o
        76          8          0          4          0        252   boot_ram_init.o
       560         78          0          0          0        656   boot_ram_partition.o
       176         50          0          0          0        508   boot_smem.o
       984          4          0          0          4          0   boot_armv7_mmu.o
       746         22          0          8      30720        804   boot_page_table.o
      1938        300          0         16       2856       3888   boot_flash_dev_dal.o
       656        220         28         52       5032       1708   boot_flash_dev_nand.o
       132         74          0          8          0        248   boot_flash_dev_nand_if.o
       136         30          0          0          0        128   boot_flash_partition.o
      1208        216         68         32        108       1148   boot_flash_trans_nand.o
       100         40          0          0          0        124   boot_secure_watchdog.o
       816        120          0          0        184        908   boot_authenticator.o
       398         76          0         12          0        756   boot_rollback_version.o
       192         66          0          0          0        368   boot_a53.o
        72          0          0          0          0          0   boot_a53_asm.o
       196         54        214         36         84        520   boot_pbl_v1.o
        52          6          0          0          0        140   boot_thermal_management.o
       126          0          0          0          0        372   boot_sbl_qsee_interface.o
       244         76          0         16          0        740   boot_statistics.o
       372          0          0          0          0        856   boot_util.o
       256          4          0          0          0          0   boot_util_asm.o
       188         64          0         12         12        256   busywait_hw_qtimer.o
        56          6          0          0          0         88   __2snprintf.o
       396          6         17          0          0         92   __printf_flags_ss_wp.o
        14          0          0          0          0         68   __printf_wp.o
        44          0          0          0          0        108   _printf_char.o
        48          6          0          0          0         96   _printf_char_common.o
         6          0          0          0          0          0   _printf_d.o
       116         18          0          0          0         92   _printf_dec.o
        92          4         40          0          0         88   _printf_hex_int.o
       184          0          0          0          0         88   _printf_intcommon.o
        82          0          0          0          0        108   _printf_pad.o
         0          0          0          0          0          0   _printf_percent.o
         4          0          0          0          0          0   _printf_percent_end.o
         6          0          0          0          0          0   _printf_s.o
        82          0          0          0          0         80   _printf_str.o
         6          0          0          0          0          0   _printf_u.o
         6          0          0          0          0          0   _printf_x.o
        16          0          0          0          0         68   _snputc.o
        10          0          0          0          0         68   _sputc.o
        16          0          0          0          0         72   abort.o
         4          0          0          0          0         68   aeabi_ldiv0_sigfpe.o
        16          0          0          0          0         68   aeabi_memset.o
         8          0          0          0          0         68   defsig_abrt_formal.o
         8          0          0          0          0         68   defsig_fpe_formal.o
         0          0          0          0          0          0   indicate_semi.o
        38          0          0          0          0         68   llshl.o
       816         64          0          0          0         84   lludiv5.o
        88          0          0          0          0         76   memcmp.o
        12          0          0          0          0         76   memcpy.o
        22          0          0          0          0         76   memset.o
        10          0          0          0          0         76   rt_div0.o
        68          0          0          0          0         68   rt_memclr.o
        78          0          0          0          0         80   rt_memclr_w.o
       212          0          0          0          0         68   rt_memcpy.o
       100          0          0          0          0         80   rt_memcpy_w.o
       212          0          0          0          0         68   rt_memmove.o
       128          0          0          0          0         80   rt_memmove_w.o
        44          0          0          0          0         68   rtudiv10.o
        20          0          0          0          0         68   strchr.o
       160          4          0          0          0         80   strcmp.o
        58          0          0          0          0         68   strlen.o
       240          4          0          0          0         80   strncmp.o
        12          4          0          0          0         68   sys_exit.o
        22          0          0          0          0         68   uread4.o
         2          0          0          0          0         68   use_no_semi.o
        22          0          0          0          0         68   uwrite4.o
       148          0          0          0          0       1748   DalChipInfo.o
       194         16         72        172         28       2112   DalChipInfoFwk.o
         0          0         12          4          0          0   DalChipInfoInfo.o
      1228        374        642        504          0       1296   DalChipInfoLocal.o
      1010         94          0         96          0       1480   flash_extdrv_i2c_v2.o
       816         82          0         32        164       1068   flash_bam_wrapper.o
        62          0          0          0          0        388   HALbimc.o
       532         10          0          0          0        396   HALbimcImpl.o
      3486        200          0          8         32       1888   icbcfg.o
         0          0          0        780          0          0   icbcfg_data.o
        26          0          0          0          0        124   memscpy.o
        56          0          0          0          0        124   strlcpy.o
       974         58          0         12          0       1388   PlatformInfo.o
       174         16         68        144         28       1868   PlatformInfoFwk.o
       308         24          0          0         28        140   pm_clk_driver.o
        48          4          0          0         28        132   pm_rtc_driver.o
       728         74          8          0         28        368   pm_ldo_driver.o
       172         36          8          0         28        132   pm_pbs_client_driver.o
       328          8          0          4          0        768   pm_pbs_driver.o
      1144         50          0          8        336        668   pm_pbs_info.o
      2564        732          0         88          0       2108   pm_app_chg_alg.o
       942         10          0          0          0       2328   pm_app_chg_util.o
       460         46          0          8          0        548   pm_app_led.o
        30          0          0          0          0        116   pm_app_pon.o
       208          0          0          0          0        136   pm_app_rgb.o
       120         10          0          4          0        264   pm_comm.o
       240          0          0          0          0        784   pm_comm_spmi_lite.o
         0          0          0       1126          0          0   pm_config_common.o
         0          0       1078        304         32          0   pm_config_target.o
         0          0          0       2048          0          0   pm_config_target_pbs_ram.o
         0          0          0       5952          0          0   pm_config_target_sbl_sequence.o
       584         34          8          0         28        144   pm_smps_driver.o
        48          0          0          0          0        148   pm_chg.o
       108          8          0          0         28        252   pm_chg_driver.o
       156         38          4          0         28        136   pm_coincell_driver.o
       160         34          8          0         28        132   pm_gpio_driver.o
       120         24          0          0         28        132   pm_ibb_driver.o
       120         24          0          0         28        132   pm_lab_driver.o
      1404          0          0          0          0       1952   pm_lbc.o
       176         34          8          0         28        248   pm_lbc_driver.o
       588          0          0          0          0        932   pm_lpg.o
       176         34          8          0         28        248   pm_lpg_driver.o
       608          0          0          0          0        700   pm_mpp.o
       280         34          8          0         28        252   pm_mpp_driver.o
      1058         76          0        276          0        912   pm_pon.o
       120         24          0          0         28        132   pm_pwm_driver.o
       244          0          0          0          0        260   pm_rgb.o
       176         34          8          0         28        248   pm_rgb_driver.o
      1132        170        128         20         64       1172   pm_smb.o
       120         36          0        148          0        360   pm_smb_driver.o
      1214          0          0          0          0       1204   pm_smbb.o
       180         38          8          0         28        248   pm_smbb_driver.o
       176         30          8          0         28        132   pm_vib_driver.o
       276         28          8          0         28        136   pm_vs_driver.o
       124         28          0          0         28        132   pm_wled_driver.o
       868        186          0         16         60        676   pm_config_sbl.o
        20          0          0          0          0        240   pm_init.o
       266         36          0          0          0        400   pm_resource_manager.o
        52          0          0          0          0        124   pm_sbl_smem.o
       736        300         81         16         24        792   pm_target_information.o
        86         16          0          0          0        264   pm_utils.o
       472         44          0          1        140        740   pm_version.o
       852        334          0          8          0        396   pm_sbl_boot.o
      1436         98          0         66        512       2312   qhsusb_al_bulk.o
       388          8          0         16          0       1008   qhsusb_al_charger.o
        60         12          0          0          0        348   qhsusb_boot_dload.o
      1662         54          0         24         74       2624   qhsusb_dcd_ch9.o
      3170        310          0         40       8576       4340   qhsusb_dci.o
      1436         66          0          3         12       2712   qhsusb_dci_8909.o
        52          0          0          0          0        832   qhsusb_dci_8909_hw_apis_sbl1.o
       210         24         34        380         34        624   qhsusb_fd_chg.o
      1388        112        136        656       1332       1696   qhsusb_fd_hdlc.o
        48          8          0          8       3072        132   qhsusb_log.o
      3566        116         52          0          0       1744   secboot.o
      1220         24          0          0          0       1284   secboot_asn1.o
       784         40        384          4          0       1368   secboot_hw.o
        22          0          0          0          0        116   secboot_hw_apps.o
       298          0          0          0          0        276   secboot_util.o
      4044         42        172          0          0       2952   secboot_x509.o
        92         24          0          0        240        368   seccfg.o
       128          0          0          0          0        164   seccfg_memzi.o
       110          0          0          0          0        132   secmath_BIGINT_read_unsigned_bin.o
       724          0          0          0          0        548   secmath_barrett_reduce.o
       532          0          0          0          0        284   secmath_mod_exp.o
       332          0          0          0          0        284   secmath_montmul_ref.o
       262          0          0          0          0        628   secmath_montmul_utils.o
      1198        120         80         40         24       1928   smem.o
       812         96          0          4          0       1356   smem_boot.o
        88         12          0          0          0        124   smem_boot_target.o
         4          0          0          0          0        116   smem_mapping_rex.o
        72         14          0          0          0        248   smem_rex.o
         0          0        128          0          0          0   smem_8916_structs.o
         8          0          0          0          0        232   smem_ext.o
       144         40          0          8          0        132   BootTempCheck.o
       758         96          0          0          0       2224   HALtsens.o
       496         34          0         16          0        280   TsensBoot.o
       674         40          0         16        256        760   TsensiConversion.o
         0          0         12          0          0          0   BootTempCheckBsp.o
         0          0        152          0          0          0   TsensBootBsp.o
       116         22       3072          0          0        124   crc.o
       250         18          0          4          0        264   image_version.o
        32          8          0          0        128        128   image_uuid.o

    ----------------------------------------------------------------------
    145382      14498      14255      21396     117556     210684   Library Totals
       252          0         20         44        146          0   (incl. Padding)

    ----------------------------------------------------------------------

      Code (inc. data)   RO Data    RW Data    ZI Data      Debug   Library Name

      1424         48          0          0          0       1456   CeCL.lib
       430         22          0          5        416       1960   CeEL.lib
      2010         80          0          8         44       1060   CeML.lib
       664          8          0          0          0        644   Clock_Common_SBL.lib
      2312        316        248       1364          0       3708   Clock_msm8909_SBL.lib
         0          0       4716        424          0          0   DALConfig.lib
      4072        290         12         88         32       7812   DALFwk.lib
      1162         62        124        488         48       5028   DALflash.lib
      1298         66          0       1416         12       4516   DALflash_i2c_nor.lib
      5294        320         64        529        340       6020   DALflash_nand_dma_reduced.lib
      1914        346         72        204        492       4264   DALtlmm.lib
      2334        242          0       1616         28       3768   DDR_DRIVERS.lib
      6116        420          0          0          0       6548   DDR_HAL.lib
      2154       1078          0          4         16       1200   DDR_TEST.lib
       296         40          0          4         20        728   HALflash.lib
      6824        410        240         84        876       8020   HALflash_qpic_bam_reduced.lib
       216         28          0          8          0        600   HALtlmmV2.lib
      4678        218         12         52          0       6668   I2cDriver.lib
       146          4          0          0          0        380   PrngCL.lib
         8          0          0          0          0        232   PrngEL.lib
        38          0          0          0          0        140   PrngML.lib
      4952        588          5         36       1984       6768   Spmi.lib
       232         64        404          0          0        116   SpmiDalCfg.lib
      2320        178         72        580          0       5236   UART.lib
      3626        176         80        480         32       7248   adc.lib
         0          0       1271          0          0          0   adc_bsp_lib.lib
       544        246          0         15          0        536   apt.lib
      4574         90         96         28          0       6696   bam.lib
      1156        270          0         24        124        940   boot_cdt.lib
      7224       1000         25        165      48100       9680   boot_error_dload.lib
       698         50         32         24          0      10536   boot_extern_driver_interface.lib
      1232        378          0         12        260       2020   boot_flash_common.lib
      4454        640          0        128       8960       3272   boot_image_loading.lib
      1706        186          0        305        530       4160   boot_logger.lib
      1312        220          0          5        396       1796   boot_mem_manage.lib
      1730         26          0          8      30724        804   boot_mmu.lib
      4070        840         96        108       7996       7120   boot_nand.lib
       100         40          0          0          0        124   boot_secure_watchdog.lib
      1214        196          0         12        184       1664   boot_security.lib
       512        126        214         36         84       1028   boot_target_hw.lib
       998         80          0         16          0       1968   boot_util.lib
       188         64          0         12         12        256   busywait_lib.lib
      3584        116         57          0          0       2924   c_2.l
      1570        390        726        680         28       5156   chipinfo.lib
      1010         94          0         96          0       1480   extdrv_i2c_v2.lib
       816         82          0         32        164       1068   flash_bam.lib
      4080        210          0          8         32       2672   icb.lib
         0          0          0        780          0          0   icb_cfg_lib.lib
        82          0          0          0          0        248   libstd.lib
      1148         74         68        156         28       3256   platforminfo.lib
       308         24          0          0         28        140   pm_drivers_clks.lib
        48          4          0          0         28        132   pm_drivers_rtc.lib
       728         74          8          0         28        368   pm_ldo_driver.lib
      1644         94          8         12        364       1568   pm_pbs_driver.lib
      3506        742          0         88          0       4436   pmic_app_chg.lib
       460         46          0          8          0        548   pmic_app_led.lib
        30          0          0          0          0        116   pmic_app_pon.lib
       208          0          0          0          0        136   pmic_app_rgb.lib
       120         10          0          4          0        264   pmic_comm.lib
       240          0          0          0          0        784   pmic_comm_spmi_lite.lib
         0          0       1078       9430         32          0   pmic_config_boot.lib
       584         34          8          0         28        144   pmic_drivers_buck_concrete_v6.lib
       156          8          0          0         28        400   pmic_drivers_chg.lib
       156         38          4          0         28        136   pmic_drivers_coincell.lib
       160         34          8          0         28        132   pmic_drivers_gpio.lib
       120         24          0          0         28        132   pmic_drivers_ibb.lib
       120         24          0          0         28        132   pmic_drivers_lab.lib
      1580         34          8          0         28       2200   pmic_drivers_lbc.lib
       764         34          8          0         28       1180   pmic_drivers_lpg.lib
       888         34          8          0         28        952   pmic_drivers_mpp.lib
      1058         76          0        276          0        912   pmic_drivers_pon.lib
       120         24          0          0         28        132   pmic_drivers_pwm.lib
       420         34          8          0         28        508   pmic_drivers_rgb.lib
      1252        206        128        168         64       1532   pmic_drivers_smb.lib
      1394         38          8          0         28       1452   pmic_drivers_smbb.lib
       176         30          8          0         28        132   pmic_drivers_vib.lib
       276         28          8          0         28        136   pmic_drivers_vs.lib
       124         28          0          0         28        132   pmic_drivers_wled.lib
      2500        582         81         33        224       3236   pmic_framework.lib
       852        334          0          8          0        396   pmic_target_sbl1_system.lib
      9850        692        170       1193      13612      16628   qhsusb_bulk_chg.lib
      9934        222        608          4          0       7740   secboot_auth.lib
       220         24          0          0        240        532   seccfg.lib
      1960          0          0          0          0       1876   secmath.lib
      2174        242         80         44         24       3772   smem_boot.lib
         0          0        128          0          0          0   smem_config.lib
         8          0          0          0          0        232   smem_ext_common.lib
      2072        210          0         40        256       3396   tsens.lib
         0          0        164          0          0          0   tsens_bsp_lib.lib
       116         22       3072          0          0        124   utils_tools.lib
       250         18          0          4          0        264   version_image.lib
        32          8          0          0        128        128   version_uuid.lib

    ----------------------------------------------------------------------
    145382      14498      14255      21396     117556     210684   Library Totals

    ----------------------------------------------------------------------

==============================================================================


      Code (inc. data)   RO Data    RW Data    ZI Data      Debug   

    153460      16366      15360      24504     292864      47316   Grand Totals
    153460      16366      15360      24504     292864      47316   ELF Image Totals
    153460      16366      15360      24504          0          0   ROM Totals

==============================================================================

    Total RO  Size (Code + RO Data)               168820 ( 164.86kB)
    Total RW  Size (RW Data + ZI Data)            317368 ( 309.93kB)
    Total ROM Size (Code + RO Data + RW Data)     193324 ( 188.79kB)

==============================================================================

