ARM Linker, 5.01 [Build 94] 

==============================================================================

Image Symbol Table

    Local Symbols

    Symbol Name                              Value     Ov Type        Size  Object(Section)

    ../clib/angel/rt.s                       0x00000000   Number         0  rt_div0.o ABSOLUTE
    ../clib/angel/rt.s                       0x00000000   Number         0  rt_raise.o ABSOLUTE
    ../clib/angel/rt.s                       0x00000000   Number         0  aeabi_idiv0_sigfpe.o ABSOLUTE
    ../clib/angel/rt.s                       0x00000000   Number         0  aeabi_idiv0.o ABSOLUTE
    ../clib/angel/sys.s                      0x00000000   Number         0  indicate_semi.o ABSOLUTE
    ../clib/angel/sys.s                      0x00000000   Number         0  use_no_semi.o ABSOLUTE
    ../clib/angel/sysapp.c                   0x00000000   Number         0  sys_wrch.o ABSOLUTE
    ../clib/angel/sysapp.c                   0x00000000   Number         0  sys_exit.o ABSOLUTE
    ../clib/assert.c                         0x00000000   Number         0  assert_puts.o ABSOLUTE
    ../clib/assert.c                         0x00000000   Number         0  assert.o ABSOLUTE
    ../clib/division.s                       0x00000000   Number         0  aeabi_sdivfast_rs_div0.o ABSOLUTE
    ../clib/division.s                       0x00000000   Number         0  aeabi_sdivfast_rs.o ABSOLUTE
    ../clib/divrt.s                          0x00000000   Number         0  divrt_9e.o ABSOLUTE
    ../clib/divrt.s                          0x00000000   Number         0  divrt_9e_div0.o ABSOLUTE
    ../clib/memcpset.s                       0x00000000   Number         0  aeabi_memset.o ABSOLUTE
    ../clib/memcpset.s                       0x00000000   Number         0  rt_memcpy.o ABSOLUTE
    ../clib/memcpset.s                       0x00000000   Number         0  strcmp.o ABSOLUTE
    ../clib/memcpset.s                       0x00000000   Number         0  rt_memcpy_w.o ABSOLUTE
    ../clib/memcpset.s                       0x00000000   Number         0  rt_memclr_w.o ABSOLUTE
    ../clib/memcpset.s                       0x00000000   Number         0  rt_memclr.o ABSOLUTE
    ../clib/signal.c                         0x00000000   Number         0  defsig_other.o ABSOLUTE
    ../clib/signal.c                         0x00000000   Number         0  defsig_segv_inner.o ABSOLUTE
    ../clib/signal.c                         0x00000000   Number         0  defsig_cppl_inner.o ABSOLUTE
    ../clib/signal.c                         0x00000000   Number         0  defsig_pvfn_inner.o ABSOLUTE
    ../clib/signal.c                         0x00000000   Number         0  defsig_stak_inner.o ABSOLUTE
    ../clib/signal.c                         0x00000000   Number         0  defsig_rtmem_inner.o ABSOLUTE
    ../clib/signal.c                         0x00000000   Number         0  defsig_rtred_inner.o ABSOLUTE
    ../clib/signal.c                         0x00000000   Number         0  defsig_fpe_inner.o ABSOLUTE
    ../clib/signal.c                         0x00000000   Number         0  defsig_general.o ABSOLUTE
    ../clib/signal.c                         0x00000000   Number         0  __raise.o ABSOLUTE
    ../clib/signal.c                         0x00000000   Number         0  defsig_fpe_formal.o ABSOLUTE
    ../clib/signal.c                         0x00000000   Number         0  defsig_fpe_outer.o ABSOLUTE
    ../clib/signal.c                         0x00000000   Number         0  defsig_abrt_inner.o ABSOLUTE
    ../clib/signal.c                         0x00000000   Number         0  defsig_exit.o ABSOLUTE
    ../clib/signal.c                         0x00000000   Number         0  defsig_abrt_formal.o ABSOLUTE
    ../clib/signal.c                         0x00000000   Number         0  defsig_abrt_outer.o ABSOLUTE
    ../clib/signal.s                         0x00000000   Number         0  defsig.o ABSOLUTE
    ../clib/stdlib.c                         0x00000000   Number         0  abort.o ABSOLUTE
    ../clib/string.c                         0x00000000   Number         0  strncmp.o ABSOLUTE
    ../clib/string.c                         0x00000000   Number         0  strlen.o ABSOLUTE
    ../clib/string.c                         0x00000000   Number         0  memcmp.o ABSOLUTE
    ../fplib/daddsub.s                       0x00000000   Number         0  daddsub_clz.o ABSOLUTE
    ../fplib/dfixu.s                         0x00000000   Number         0  dfixu.o ABSOLUTE
    ../fplib/dflt.s                          0x00000000   Number         0  dflt_clz.o ABSOLUTE
    ../fplib/dmul.s                          0x00000000   Number         0  dmul.o ABSOLUTE
    ../fplib/dnaninf.s                       0x00000000   Number         0  dnaninf.o ABSOLUTE
    ../fplib/dretinf.s                       0x00000000   Number         0  dretinf.o ABSOLUTE
[...]
    /local/mnt/workspace/CRMBuilds/BOOT.BF.3.1.2.c3-00012-M8909WAAAANAZB-1_20161208_043404/b/boot_images/core/dal/src/DALMemDesc.c 0x00000000   Number         0  DALMemDesc.o ABSOLUTE
    /local/mnt/workspace/CRMBuilds/BOOT.BF.3.1.2.c3-00012-M8909WAAAANAZB-1_20161208_043404/b/boot_images/core/dal/src/DALModEnv.c 0x00000000   Number         0  DALModEnv.o ABSOLUTE
    /local/mnt/workspace/CRMBuilds/BOOT.BF.3.1.2.c3-00012-M8909WAAAANAZB-1_20161208_043404/b/boot_images/core/dal/src/DALProps.c 0x00000000   Number         0  DALProps.o ABSOLUTE
    /local/mnt/workspace/CRMBuilds/BOOT.BF.3.1.2.c3-00012-M8909WAAAANAZB-1_20161208_043404/b/boot_images/core/dal/src/dalfwkbase.c 0x00000000   Number         0  dalfwkbase.o ABSOLUTE
    /local/mnt/workspace/CRMBuilds/BOOT.BF.3.1.2.c3-00012-M8909WAAAANAZB-1_20161208_043404/b/boot_images/core/kernel/libstd/src/memscpy.c 0x00000000   Number         0  memscpy.o ABSOLUTE
    /local/mnt/workspace/CRMBuilds/BOOT.BF.3.1.2.c3-00012-M8909WAAAANAZB-1_20161208_043404/b/boot_images/core/storage/flash/src/dal/flash_dal.c 0x00000000   Number         0  flash_dal.o ABSOLUTE
    /local/mnt/workspace/CRMBuilds/BOOT.BF.3.1.2.c3-00012-M8909WAAAANAZB-1_20161208_043404/b/boot_images/core/storage/flash/src/dal/flash_dal_fwk.c 0x00000000   Number         0  flash_dal_fwk.o ABSOLUTE
    /local/mnt/workspace/CRMBuilds/BOOT.BF.3.1.2.c3-00012-M8909WAAAANAZB-1_20161208_043404/b/boot_images/core/storage/flash/src/dal/flash_dal_info.c 0x00000000   Number         0  flash_dal_info.o ABSOLUTE
    /local/mnt/workspace/CRMBuilds/BOOT.BF.3.1.2.c3-00012-M8909WAAAANAZB-1_20161208_043404/b/boot_images/core/storage/flash/src/dal/flash_dal_util.c 0x00000000   Number         0  flash_dal_util.o ABSOLUTE
    /local/mnt/workspace/CRMBuilds/BOOT.BF.3.1.2.c3-00012-M8909WAAAANAZB-1_20161208_043404/b/boot_images/core/storage/flash/src/dal/flash_nor_entry_reduced.c 0x00000000   Number         0  flash_nor_entry_reduced.o ABSOLUTE
    /local/mnt/workspace/CRMBuilds/BOOT.BF.3.1.2.c3-00012-M8909WAAAANAZB-1_20161208_043404/b/boot_images/core/storage/flash/src/dal/flash_nor_i2c_config.c 0x00000000   Number         0  flash_nor_i2c_config.o ABSOLUTE
    /local/mnt/workspace/CRMBuilds/BOOT.BF.3.1.2.c3-00012-M8909WAAAANAZB-1_20161208_043404/b/boot_images/core/storage/flash/src/dal/flash_nor_i2c_core.c 0x00000000   Number         0  flash_nor_i2c_core.o ABSOLUTE
    /local/mnt/workspace/CRMBuilds/BOOT.BF.3.1.2.c3-00012-M8909WAAAANAZB-1_20161208_043404/b/boot_images/core/storage/flash/src/dal/flash_nor_i2c_init.c 0x00000000   Number         0  flash_nor_i2c_init.o ABSOLUTE
    /local/mnt/workspace/CRMBuilds/BOOT.BF.3.1.2.c3-00012-M8909WAAAANAZB-1_20161208_043404/b/boot_images/core/storage/flash/src/dal/flash_properties.c 0x00000000   Number         0  flash_properties.o ABSOLUTE
    /local/mnt/workspace/CRMBuilds/BOOT.BF.3.1.2.c3-00012-M8909WAAAANAZB-1_20161208_043404/b/boot_images/core/storage/flash/src/extdrv/config_v2/flash_extdrv_i2c_v2.c 0x00000000   Number         0  flash_extdrv_i2c_v2.o ABSOLUTE
    /local/mnt/workspace/CRMBuilds/BOOT.BF.3.1.2.c3-00012-M8909WAAAANAZB-1_20161208_043404/b/boot_images/core/storage/flash/tools/src/nor/build/nor_tools/sparrow/WAATANAZ/nor_start.o.i 0x00000000   Number         0  nor_start.o ABSOLUTE
    /local/mnt/workspace/CRMBuilds/BOOT.BF.3.1.2.c3-00012-M8909WAAAANAZB-1_20161208_043404/b/boot_images/core/storage/flash/tools/src/nor/config_v1/nor_core_v1.c 0x00000000   Number         0  nor_core_v1.o ABSOLUTE
    /local/mnt/workspace/CRMBuilds/BOOT.BF.3.1.2.c3-00012-M8909WAAAANAZB-1_20161208_043404/b/boot_images/core/storage/flash/tools/src/nor/nor_core.c 0x00000000   Number         0  nor_core.o ABSOLUTE
    /local/mnt/workspace/CRMBuilds/BOOT.BF.3.1.2.c3-00012-M8909WAAAANAZB-1_20161208_043404/b/boot_images/core/storage/flash/tools/src/nor/nor_dump.c 0x00000000   Number         0  nor_dump.o ABSOLUTE
    /local/mnt/workspace/CRMBuilds/BOOT.BF.3.1.2.c3-00012-M8909WAAAANAZB-1_20161208_043404/b/boot_images/core/storage/flash/tools/src/nor/nor_entry.c 0x00000000   Number         0  nor_entry.o ABSOLUTE
    /local/mnt/workspace/CRMBuilds/BOOT.BF.3.1.2.c3-00012-M8909WAAAANAZB-1_20161208_043404/b/boot_images/core/storage/flash/tools/src/nor/nor_mem_init.c 0x00000000   Number         0  nor_mem_init.o ABSOLUTE
    /local/mnt/workspace/CRMBuilds/BOOT.BF.3.1.2.c3-00012-M8909WAAAANAZB-1_20161208_043404/b/boot_images/core/storage/flash/tools/src/nor/nor_param.c 0x00000000   Number         0  nor_param.o ABSOLUTE
    /local/mnt/workspace/CRMBuilds/BOOT.BF.3.1.2.c3-00012-M8909WAAAANAZB-1_20161208_043404/b/boot_images/core/storage/flash/tools/src/nor/nor_stress.c 0x00000000   Number         0  nor_stress.o ABSOLUTE
    /local/mnt/workspace/CRMBuilds/BOOT.BF.3.1.2.c3-00012-M8909WAAAANAZB-1_20161208_043404/b/boot_images/core/storage/flash/tools/src/nor/nor_utils.c 0x00000000   Number         0  nor_utils.o ABSOLUTE
    /local/mnt/workspace/CRMBuilds/BOOT.BF.3.1.2.c3-00012-M8909WAAAANAZB-1_20161208_043404/b/boot_images/core/storage/flash/tools/src/nor/nor_wrapper.c 0x00000000   Number         0  nor_wrapper.o ABSOLUTE
    dc.s                                     0x00000000   Number         0  dc.o ABSOLUTE
    PSR_Supervisor                           0x00000013   Number         0  nor_start.o ABSOLUTE
    PSR_Fiq_Mask                             0x00000040   Number         0  nor_start.o ABSOLUTE
    PSR_Irq_Mask                             0x00000080   Number         0  nor_start.o ABSOLUTE
    SVC_Stack_Size                           0x00001000   Number         0  nor_start.o ABSOLUTE
    StartHere                                0x00200000   Section      108  nor_start.o(StartHere)
    skipmem                                  0x0020002c   ARM Code       0  nor_start.o(StartHere)
    swbp                                     0x00200034   Data           4  nor_start.o(StartHere)
    hanghere                                 0x00200038   ARM Code       0  nor_start.o(StartHere)
    term_put_arm                             0x00200040   ARM Code       0  nor_start.o(StartHere)
    put_again_arm                            0x00200044   ARM Code       0  nor_start.o(StartHere)
    .text                                    0x0020006c   Section        0  assert.o(.text)
    .text                                    0x002000ec   Section        0  memcmp.o(.text)
    .text                                    0x00200144   Section      212  rt_memcpy.o(.text)
    .text                                    0x00200218   Section       16  aeabi_memset.o(.text)
    .text                                    0x00200228   Section       68  rt_memclr.o(.text)
    .text                                    0x0020026c   Section       78  rt_memclr_w.o(.text)
    .text                                    0x002002bc   Section      556  aeabi_sdivfast_rs.o(.text)
    __arm_div_large_positive                 0x002002f0   ARM Code       0  aeabi_sdivfast_rs.o(.text)
    __arm_div16                              0x00200318   ARM Code       0  aeabi_sdivfast_rs.o(.text)
    __arm_div12                              0x00200348   ARM Code       0  aeabi_sdivfast_rs.o(.text)
    __arm_div8                               0x0020037c   ARM Code       0  aeabi_sdivfast_rs.o(.text)
    __arm_div5                               0x002003a0   ARM Code       0  aeabi_sdivfast_rs.o(.text)
    __arm_div2                               0x002003c4   ARM Code       0  aeabi_sdivfast_rs.o(.text)
    .text                                    0x002004e8   Section        0  abort.o(.text)
    .text                                    0x002004f8   Section        0  assert_puts.o(.text)
    .text                                    0x0020050c   Section      100  rt_memcpy_w.o(.text)
    .text                                    0x00200570   Section        0  sys_wrch.o(.text)
    .text                                    0x00200580   Section        0  sys_exit.o(.text)
    .text                                    0x0020058c   Section        0  defsig_abrt_outer.o(.text)
    .text                                    0x0020059a   Section        2  use_no_semi.o(.text)
    .text                                    0x0020059c   Section        0  defsig_exit.o(.text)
    .text                                    0x0020059c   Section        0  indicate_semi.o(.text)
    .text                                    0x002005a8   Section        0  defsig_abrt_inner.o(.text)
    .text                                    0x002005d8   Section        0  defsig_general.o(.text)
    .text_udiv                               0x0020060c   Section       48  aeabi_sdivfast_rs.o(.text_udiv)
    i.DALFW_AddRef                           0x0020063c   Section        0  dalfwkbase.o(i.DALFW_AddRef)
    i.DALFW_AttachToDevice                   0x00200658   Section        0  dalfwkbase.o(i.DALFW_AttachToDevice)
    i.DALFW_DeInitDevCtxt                    0x002006dc   Section        0  dalfwkbase.o(i.DALFW_DeInitDevCtxt)
    DALFW_DeInitDevCtxt                      0x002006dd   Thumb Code    14  dalfwkbase.o(i.DALFW_DeInitDevCtxt)
    i.DALFW_DeInitDrvCtxt                    0x002006ea   Section        0  dalfwkbase.o(i.DALFW_DeInitDrvCtxt)
    DALFW_DeInitDrvCtxt                      0x002006eb   Thumb Code    22  dalfwkbase.o(i.DALFW_DeInitDrvCtxt)
    i.DALFW_InitClientCtxt                   0x00200700   Section        0  dalfwkbase.o(i.DALFW_InitClientCtxt)
    DALFW_InitClientCtxt                     0x00200701   Thumb Code    14  dalfwkbase.o(i.DALFW_InitClientCtxt)
    i.DALFW_InitDevCtxt                      0x0020070e   Section        0  dalfwkbase.o(i.DALFW_InitDevCtxt)
    DALFW_InitDevCtxt                        0x0020070f   Thumb Code    16  dalfwkbase.o(i.DALFW_InitDevCtxt)
    i.DALFW_InitDrvCtxt                      0x0020071e   Section        0  dalfwkbase.o(i.DALFW_InitDrvCtxt)
    DALFW_InitDrvCtxt                        0x0020071f   Thumb Code    50  dalfwkbase.o(i.DALFW_InitDrvCtxt)
    i.DALFW_MemDescBufPtr                    0x00200750   Section        0  DALMemDesc.o(i.DALFW_MemDescBufPtr)
    i.DALFW_MemDescInit                      0x00200764   Section        0  DALMemDesc.o(i.DALFW_MemDescInit)
    i.DALFW_Release                          0x002007cc   Section        0  dalfwkbase.o(i.DALFW_Release)
    i.DALSYS_DestroyObject                   0x0020080a   Section        0  DALModEnv.o(i.DALSYS_DestroyObject)
    i.DALSYS_Free                            0x00200810   Section        0  DALModEnv.o(i.DALSYS_Free)
    i.DALSYS_GetDALPropertyHandle            0x00200828   Section        0  DALModEnv.o(i.DALSYS_GetDALPropertyHandle)
    i.DALSYS_GetPropDir                      0x0020082c   Section        0  DALModEnv.o(i.DALSYS_GetPropDir)
    i.DALSYS_HeapInit                        0x00200838   Section        0  DALHeap.o(i.DALSYS_HeapInit)
    i.DALSYS_InitMod                         0x00200874   Section        0  DALModEnv.o(i.DALSYS_InitMod)
    i.DALSYS_LogEvent                        0x00200884   Section        0  DALModEnv.o(i.DALSYS_LogEvent)
    i.DALSYS_Malloc                          0x002008a0   Section        0  DALModEnv.o(i.DALSYS_Malloc)
    i.DALSYS_SyncCreate                      0x00200918   Section        0  DALModEnv.o(i.DALSYS_SyncCreate)
    i.DAL_DeviceAttach                       0x0020092c   Section        0  DALModEnv.o(i.DAL_DeviceAttach)
    i.DAL_DeviceDetach                       0x0020096a   Section        0  DALModEnv.o(i.DAL_DeviceDetach)
    i.IsExternalMemReady                     0x002009a0   Section        0  DALHeap.o(i.IsExternalMemReady)
    i.System_DalSystem_Attach                0x002009b4   Section        0  DALModEnv.o(i.System_DalSystem_Attach)
    i._DALSYSCMN_GetDeviceObject             0x002009bc   Section        0  DALModEnv.o(i._DALSYSCMN_GetDeviceObject)
    _DALSYSCMN_GetDeviceObject               0x002009bd   Thumb Code    84  DALModEnv.o(i._DALSYSCMN_GetDeviceObject)
    i._DALSYS_GetDALPropertyHandle           0x00200a14   Section        0  DALProps.o(i._DALSYS_GetDALPropertyHandle)
    i._DALSYS_memscpy                        0x00200a58   Section        0  DALModEnv.o(i._DALSYS_memscpy)
    i.busywait                               0x00200a5c   Section        0  nor_core.o(i.busywait)
    i.delay1ms                               0x00200a66   Section        0  flash_extdrv_i2c_v2.o(i.delay1ms)
    delay1ms                                 0x00200a67   Thumb Code    12  flash_extdrv_i2c_v2.o(i.delay1ms)
    i.flash_dal_device_deinit                0x00200a72   Section        0  flash_dal.o(i.flash_dal_device_deinit)
    i.flash_dal_device_init                  0x00200a9a   Section        0  flash_dal.o(i.flash_dal_device_init)
    i.flash_dal_driver_deinit                0x00200b0e   Section        0  flash_dal.o(i.flash_dal_driver_deinit)
    i.flash_dal_driver_init                  0x00200b12   Section        0  flash_dal.o(i.flash_dal_driver_init)
    i.flash_dal_stress_test                  0x00200b18   Section        0  nor_stress.o(i.flash_dal_stress_test)
    i.flash_fwk_addref                       0x00200bd8   Section        0  flash_dal_fwk.o(i.flash_fwk_addref)
    flash_fwk_addref                         0x00200bd9   Thumb Code     6  flash_dal_fwk.o(i.flash_fwk_addref)
    i.flash_fwk_attach                       0x00200be0   Section        0  flash_dal_fwk.o(i.flash_fwk_attach)
    i.flash_fwk_begin_erase_block            0x00200c38   Section        0  flash_dal_fwk.o(i.flash_fwk_begin_erase_block)
    flash_fwk_begin_erase_block              0x00200c39   Thumb Code    26  flash_dal_fwk.o(i.flash_fwk_begin_erase_block)
    i.flash_fwk_block_get_state              0x00200c52   Section        0  flash_dal_fwk.o(i.flash_fwk_block_get_state)
    flash_fwk_block_get_state                0x00200c53   Thumb Code    26  flash_dal_fwk.o(i.flash_fwk_block_get_state)
    i.flash_fwk_block_set_state              0x00200c6c   Section        0  flash_dal_fwk.o(i.flash_fwk_block_set_state)
    flash_fwk_block_set_state                0x00200c6d   Thumb Code    26  flash_dal_fwk.o(i.flash_fwk_block_set_state)
    i.flash_fwk_close                        0x00200c86   Section        0  flash_dal_fwk.o(i.flash_fwk_close)
    flash_fwk_close                          0x00200c87   Thumb Code    26  flash_dal_fwk.o(i.flash_fwk_close)
    i.flash_fwk_copy_pages                   0x00200ca0   Section        0  flash_dal_fwk.o(i.flash_fwk_copy_pages)
    flash_fwk_copy_pages                     0x00200ca1   Thumb Code    26  flash_dal_fwk.o(i.flash_fwk_copy_pages)
    i.flash_fwk_deinit                       0x00200cba   Section        0  flash_dal_fwk.o(i.flash_fwk_deinit)
    flash_fwk_deinit                         0x00200cbb   Thumb Code     6  flash_dal_fwk.o(i.flash_fwk_deinit)
    i.flash_fwk_detach                       0x00200cc0   Section        0  flash_dal_fwk.o(i.flash_fwk_detach)
    flash_fwk_detach                         0x00200cc1   Thumb Code    30  flash_dal_fwk.o(i.flash_fwk_detach)
    i.flash_fwk_erase_blocks                 0x00200cde   Section        0  flash_dal_fwk.o(i.flash_fwk_erase_blocks)
    flash_fwk_erase_blocks                   0x00200cdf   Thumb Code    26  flash_dal_fwk.o(i.flash_fwk_erase_blocks)
    i.flash_fwk_erase_blocks_by_size         0x00200cf8   Section        0  flash_dal_fwk.o(i.flash_fwk_erase_blocks_by_size)
    flash_fwk_erase_blocks_by_size           0x00200cf9   Thumb Code    34  flash_dal_fwk.o(i.flash_fwk_erase_blocks_by_size)
    i.flash_fwk_erase_resume                 0x00200d1a   Section        0  flash_dal_fwk.o(i.flash_fwk_erase_resume)
    flash_fwk_erase_resume                   0x00200d1b   Thumb Code    26  flash_dal_fwk.o(i.flash_fwk_erase_resume)
    i.flash_fwk_erase_suspend                0x00200d34   Section        0  flash_dal_fwk.o(i.flash_fwk_erase_suspend)
    flash_fwk_erase_suspend                  0x00200d35   Thumb Code    26  flash_dal_fwk.o(i.flash_fwk_erase_suspend)
    i.flash_fwk_get_daldevice_info           0x00200d4e   Section        0  flash_dal_fwk.o(i.flash_fwk_get_daldevice_info)
    flash_fwk_get_daldevice_info             0x00200d4f   Thumb Code    10  flash_dal_fwk.o(i.flash_fwk_get_daldevice_info)
    i.flash_fwk_get_info                     0x00200d58   Section        0  flash_dal_fwk.o(i.flash_fwk_get_info)
    flash_fwk_get_info                       0x00200d59   Thumb Code    26  flash_dal_fwk.o(i.flash_fwk_get_info)
    i.flash_fwk_get_status                   0x00200d72   Section        0  flash_dal_fwk.o(i.flash_fwk_get_status)
    flash_fwk_get_status                     0x00200d73   Thumb Code    26  flash_dal_fwk.o(i.flash_fwk_get_status)
    i.flash_fwk_get_uuid                     0x00200d8c   Section        0  flash_dal_fwk.o(i.flash_fwk_get_uuid)
    flash_fwk_get_uuid                       0x00200d8d   Thumb Code    34  flash_dal_fwk.o(i.flash_fwk_get_uuid)
    i.flash_fwk_handle_power_event           0x00200dae   Section        0  flash_dal_fwk.o(i.flash_fwk_handle_power_event)
    flash_fwk_handle_power_event             0x00200daf   Thumb Code    26  flash_dal_fwk.o(i.flash_fwk_handle_power_event)
    i.flash_fwk_handle_sys_request           0x00200dc8   Section        0  flash_dal_fwk.o(i.flash_fwk_handle_sys_request)
    flash_fwk_handle_sys_request             0x00200dc9   Thumb Code     6  flash_dal_fwk.o(i.flash_fwk_handle_sys_request)
    i.flash_fwk_init                         0x00200dce   Section        0  flash_dal_fwk.o(i.flash_fwk_init)
    flash_fwk_init                           0x00200dcf   Thumb Code    26  flash_dal_fwk.o(i.flash_fwk_init)
    i.flash_fwk_open                         0x00200de8   Section        0  flash_dal_fwk.o(i.flash_fwk_open)
    flash_fwk_open                           0x00200de9   Thumb Code     4  flash_dal_fwk.o(i.flash_fwk_open)
    i.flash_fwk_open_partition               0x00200dec   Section        0  flash_dal_fwk.o(i.flash_fwk_open_partition)
    flash_fwk_open_partition                 0x00200ded   Thumb Code    26  flash_dal_fwk.o(i.flash_fwk_open_partition)
    i.flash_fwk_read_pages                   0x00200e06   Section        0  flash_dal_fwk.o(i.flash_fwk_read_pages)
    flash_fwk_read_pages                     0x00200e07   Thumb Code    34  flash_dal_fwk.o(i.flash_fwk_read_pages)
    i.flash_fwk_read_pointer                 0x00200e28   Section        0  flash_dal_fwk.o(i.flash_fwk_read_pointer)
    flash_fwk_read_pointer                   0x00200e29   Thumb Code    26  flash_dal_fwk.o(i.flash_fwk_read_pointer)
    i.flash_fwk_set_power_mode               0x00200e42   Section        0  flash_dal_fwk.o(i.flash_fwk_set_power_mode)
    flash_fwk_set_power_mode                 0x00200e43   Thumb Code    26  flash_dal_fwk.o(i.flash_fwk_set_power_mode)
    i.flash_fwk_write_2x_pages               0x00200e5c   Section        0  flash_dal_fwk.o(i.flash_fwk_write_2x_pages)
    flash_fwk_write_2x_pages                 0x00200e5d   Thumb Code     6  flash_dal_fwk.o(i.flash_fwk_write_2x_pages)
    i.flash_fwk_write_pages                  0x00200e62   Section        0  flash_dal_fwk.o(i.flash_fwk_write_pages)
    flash_fwk_write_pages                    0x00200e63   Thumb Code    34  flash_dal_fwk.o(i.flash_fwk_write_pages)
    i.flash_fwk_write_partial_page           0x00200e84   Section        0  flash_dal_fwk.o(i.flash_fwk_write_partial_page)
    flash_fwk_write_partial_page             0x00200e85   Thumb Code    26  flash_dal_fwk.o(i.flash_fwk_write_partial_page)
    i.flash_get_property                     0x00200ea0   Section        0  flash_properties.o(i.flash_get_property)
    i.flash_i2c_configure                    0x00200f10   Section        0  flash_extdrv_i2c_v2.o(i.flash_i2c_configure)
    i.flash_i2c_init                         0x00200f30   Section        0  flash_extdrv_i2c_v2.o(i.flash_i2c_init)
    i.flash_i2c_read                         0x00200f64   Section        0  flash_extdrv_i2c_v2.o(i.flash_i2c_read)
    i.flash_i2c_write                        0x00201074   Section        0  flash_extdrv_i2c_v2.o(i.flash_i2c_write)
    i.flash_init_interface                   0x002011b0   Section        0  flash_dal_fwk.o(i.flash_init_interface)
    flash_init_interface                     0x002011b1   Thumb Code    12  flash_dal_fwk.o(i.flash_init_interface)
    i.flash_link_in_client                   0x002011c4   Section        0  flash_dal_fwk.o(i.flash_link_in_client)
    flash_link_in_client                     0x002011c5   Thumb Code    40  flash_dal_fwk.o(i.flash_link_in_client)
    i.flash_link_out_client                  0x002011f0   Section        0  flash_dal_fwk.o(i.flash_link_out_client)
    flash_link_out_client                    0x002011f1   Thumb Code    54  flash_dal_fwk.o(i.flash_link_out_client)
    i.flash_nor_i2c_get_configs              0x0020122c   Section        0  flash_nor_i2c_config.o(i.flash_nor_i2c_get_configs)
    i.flash_nor_i2c_get_probe_table          0x00201238   Section        0  flash_nor_i2c_config.o(i.flash_nor_i2c_get_probe_table)
    i.flash_prog_dump_parti                  0x00201244   Section        0  nor_dump.o(i.flash_prog_dump_parti)
    i.flash_prog_erase_chip                  0x00201280   Section        0  nor_core.o(i.flash_prog_erase_chip)
    i.flash_prog_init_for_partition_image    0x00201304   Section        0  nor_core.o(i.flash_prog_init_for_partition_image)
    i.flash_prog_init_image                  0x00201370   Section        0  nor_core_v1.o(i.flash_prog_init_image)
    i.flash_prog_init_parti_dump             0x002013d0   Section        0  nor_dump.o(i.flash_prog_init_parti_dump)
    i.flash_prog_program_img                 0x00201484   Section        0  nor_core.o(i.flash_prog_program_img)
    i.flash_prog_read_pages                  0x002015ac   Section        0  nor_wrapper.o(i.flash_prog_read_pages)
    i.flash_prog_readback_verify             0x002015f8   Section        0  nor_wrapper.o(i.flash_prog_readback_verify)
    flash_prog_readback_verify               0x002015f9   Thumb Code   128  nor_wrapper.o(i.flash_prog_readback_verify)
    i.flash_prog_update_device_info          0x0020167c   Section        0  nor_core.o(i.flash_prog_update_device_info)
    i.flash_prog_write_data                  0x00201784   Section        0  nor_core.o(i.flash_prog_write_data)
    i.flash_prog_write_pages                 0x00201868   Section        0  nor_wrapper.o(i.flash_prog_write_pages)
    i.flash_prog_write_partial_page          0x002018d4   Section        0  nor_wrapper.o(i.flash_prog_write_partial_page)
    i.flash_strcpy                           0x0020191c   Section        0  flash_dal_util.o(i.flash_strcpy)
    i.flash_test_erase_api                   0x00201938   Section        0  nor_stress.o(i.flash_test_erase_api)
    i.flash_test_erase_suspend_api           0x002019ac   Section        0  nor_stress.o(i.flash_test_erase_suspend_api)
    i.flash_test_get_info_api                0x00201b44   Section        0  nor_stress.o(i.flash_test_get_info_api)
    i.flash_test_power_mode_api              0x00201b78   Section        0  nor_stress.o(i.flash_test_power_mode_api)
    i.flash_test_read_partial_write_api      0x00201cb4   Section        0  nor_stress.o(i.flash_test_read_partial_write_api)
    i.flash_test_read_write_api              0x00201e04   Section        0  nor_stress.o(i.flash_test_read_write_api)
    i.flash_utils_deinit                     0x00201f74   Section        0  nor_utils.o(i.flash_utils_deinit)
    flash_utils_deinit                       0x00201f75   Thumb Code    46  nor_utils.o(i.flash_utils_deinit)
    i.flash_utils_erase_block                0x00201fa8   Section        0  nor_utils.o(i.flash_utils_erase_block)
    i.flash_utils_fill_page                  0x00201ffc   Section        0  nor_utils.o(i.flash_utils_fill_page)
    i.flash_utils_init                       0x00202084   Section        0  nor_utils.o(i.flash_utils_init)
    flash_utils_init                         0x00202085   Thumb Code   254  nor_utils.o(i.flash_utils_init)
    i.flash_utils_read_page                  0x002021a8   Section        0  nor_utils.o(i.flash_utils_read_page)
    i.flash_utils_read_platform_id           0x002021f4   Section        0  nor_utils.o(i.flash_utils_read_platform_id)
    i.free                                   0x0020226c   Section        0  DALHeap.o(i.free)
    i.i2c_clk_init                           0x00202270   Section        0  flash_extdrv_i2c_v2.o(i.i2c_clk_init)
    i2c_clk_init                             0x00202271   Thumb Code   192  flash_extdrv_i2c_v2.o(i.i2c_clk_init)
    i.i2c_core_set_state                     0x00202354   Section        0  flash_extdrv_i2c_v2.o(i.i2c_core_set_state)
    i2c_core_set_state                       0x00202355   Thumb Code    30  flash_extdrv_i2c_v2.o(i.i2c_core_set_state)
    i.i2c_io_init                            0x00202378   Section        0  flash_extdrv_i2c_v2.o(i.i2c_io_init)
    i.i2c_qup_config                         0x00202390   Section        0  flash_extdrv_i2c_v2.o(i.i2c_qup_config)
    i2c_qup_config                           0x00202391   Thumb Code    88  flash_extdrv_i2c_v2.o(i.i2c_qup_config)
    i.i2c_qup_init                           0x002023ec   Section        0  flash_extdrv_i2c_v2.o(i.i2c_qup_init)
    i.i2c_read_complete_check                0x0020242c   Section        0  flash_extdrv_i2c_v2.o(i.i2c_read_complete_check)
    i2c_read_complete_check                  0x0020242d   Thumb Code    28  flash_extdrv_i2c_v2.o(i.i2c_read_complete_check)
    i.i2c_reconfigure                        0x00202450   Section        0  flash_extdrv_i2c_v2.o(i.i2c_reconfigure)
    i.i2c_state_error_check                  0x00202454   Section        0  flash_extdrv_i2c_v2.o(i.i2c_state_error_check)
    i2c_state_error_check                    0x00202455   Thumb Code    30  flash_extdrv_i2c_v2.o(i.i2c_state_error_check)
    i.i2c_write_complete_check               0x00202478   Section        0  flash_extdrv_i2c_v2.o(i.i2c_write_complete_check)
    i2c_write_complete_check                 0x00202479   Thumb Code    28  flash_extdrv_i2c_v2.o(i.i2c_write_complete_check)
    i.init_buffer_descriptor                 0x0020249c   Section        0  nor_wrapper.o(i.init_buffer_descriptor)
    init_buffer_descriptor                   0x0020249d   Thumb Code    62  nor_wrapper.o(i.init_buffer_descriptor)
    i.init_page_param                        0x002024e0   Section        0  nor_wrapper.o(i.init_page_param)
    init_page_param                          0x002024e1   Thumb Code    14  nor_wrapper.o(i.init_page_param)
    i.init_partial_page_param                0x002024ee   Section        0  nor_wrapper.o(i.init_partial_page_param)
    init_partial_page_param                  0x002024ef   Thumb Code    10  nor_wrapper.o(i.init_partial_page_param)
    i.kick_watchdog                          0x002024f8   Section        0  flash_properties.o(i.kick_watchdog)
    i.main_c                                 0x00202504   Section        0  nor_entry.o(i.main_c)
    i.malloc                                 0x002025ac   Section        0  DALHeap.o(i.malloc)
    i.mdelay                                 0x0020260c   Section        0  nor_core.o(i.mdelay)
    i.memory_init                            0x00202620   Section        0  nor_mem_init.o(i.memory_init)
    i.memscpy                                0x00202644   Section        0  memscpy.o(i.memscpy)
    i.nor_entry_begin_erase_block            0x00202662   Section        0  flash_nor_entry_reduced.o(i.nor_entry_begin_erase_block)
    nor_entry_begin_erase_block              0x00202663   Thumb Code     6  flash_nor_entry_reduced.o(i.nor_entry_begin_erase_block)
    i.nor_entry_block_get_state              0x00202668   Section        0  flash_nor_entry_reduced.o(i.nor_entry_block_get_state)
    nor_entry_block_get_state                0x00202669   Thumb Code     6  flash_nor_entry_reduced.o(i.nor_entry_block_get_state)
    i.nor_entry_block_set_state              0x0020266e   Section        0  flash_nor_entry_reduced.o(i.nor_entry_block_set_state)
    nor_entry_block_set_state                0x0020266f   Thumb Code     6  flash_nor_entry_reduced.o(i.nor_entry_block_set_state)
    i.nor_entry_close                        0x00202674   Section        0  flash_nor_entry_reduced.o(i.nor_entry_close)
    nor_entry_close                          0x00202675   Thumb Code     4  flash_nor_entry_reduced.o(i.nor_entry_close)
    i.nor_entry_copy_pages                   0x00202678   Section        0  flash_nor_entry_reduced.o(i.nor_entry_copy_pages)
    nor_entry_copy_pages                     0x00202679   Thumb Code     6  flash_nor_entry_reduced.o(i.nor_entry_copy_pages)
    i.nor_entry_deinit                       0x0020267e   Section        0  flash_nor_entry_reduced.o(i.nor_entry_deinit)
    nor_entry_deinit                         0x0020267f   Thumb Code    20  flash_nor_entry_reduced.o(i.nor_entry_deinit)
    i.nor_entry_device_probe_reduced         0x00202694   Section        0  flash_nor_entry_reduced.o(i.nor_entry_device_probe_reduced)
    i.nor_entry_erase_blocks                 0x002026d4   Section        0  flash_nor_entry_reduced.o(i.nor_entry_erase_blocks)
    nor_entry_erase_blocks                   0x002026d5   Thumb Code     6  flash_nor_entry_reduced.o(i.nor_entry_erase_blocks)
    i.nor_entry_erase_blocks_by_size         0x002026da   Section        0  flash_nor_entry_reduced.o(i.nor_entry_erase_blocks_by_size)
    nor_entry_erase_blocks_by_size           0x002026db   Thumb Code     6  flash_nor_entry_reduced.o(i.nor_entry_erase_blocks_by_size)
    i.nor_entry_erase_resume                 0x002026e0   Section        0  flash_nor_entry_reduced.o(i.nor_entry_erase_resume)
    nor_entry_erase_resume                   0x002026e1   Thumb Code     6  flash_nor_entry_reduced.o(i.nor_entry_erase_resume)
    i.nor_entry_erase_suspend                0x002026e6   Section        0  flash_nor_entry_reduced.o(i.nor_entry_erase_suspend)
    nor_entry_erase_suspend                  0x002026e7   Thumb Code     6  flash_nor_entry_reduced.o(i.nor_entry_erase_suspend)
    i.nor_entry_get_info                     0x002026ec   Section        0  flash_nor_entry_reduced.o(i.nor_entry_get_info)
    nor_entry_get_info                       0x002026ed   Thumb Code    22  flash_nor_entry_reduced.o(i.nor_entry_get_info)
    i.nor_entry_get_status                   0x00202702   Section        0  flash_nor_entry_reduced.o(i.nor_entry_get_status)
    nor_entry_get_status                     0x00202703   Thumb Code     6  flash_nor_entry_reduced.o(i.nor_entry_get_status)
    i.nor_entry_get_uuid                     0x00202708   Section        0  flash_nor_entry_reduced.o(i.nor_entry_get_uuid)
    nor_entry_get_uuid                       0x00202709   Thumb Code     6  flash_nor_entry_reduced.o(i.nor_entry_get_uuid)
    i.nor_entry_open_partition               0x0020270e   Section        0  flash_nor_entry_reduced.o(i.nor_entry_open_partition)
    nor_entry_open_partition                 0x0020270f   Thumb Code    28  flash_nor_entry_reduced.o(i.nor_entry_open_partition)
    i.nor_entry_power_event                  0x0020272a   Section        0  flash_nor_entry_reduced.o(i.nor_entry_power_event)
    nor_entry_power_event                    0x0020272b   Thumb Code     6  flash_nor_entry_reduced.o(i.nor_entry_power_event)
    i.nor_entry_read_pages                   0x00202730   Section        0  flash_nor_entry_reduced.o(i.nor_entry_read_pages)
    nor_entry_read_pages                     0x00202731   Thumb Code    32  flash_nor_entry_reduced.o(i.nor_entry_read_pages)
    i.nor_entry_read_pointer                 0x00202750   Section        0  flash_nor_entry_reduced.o(i.nor_entry_read_pointer)
    nor_entry_read_pointer                   0x00202751   Thumb Code     6  flash_nor_entry_reduced.o(i.nor_entry_read_pointer)
    i.nor_entry_set_power_mode               0x00202756   Section        0  flash_nor_entry_reduced.o(i.nor_entry_set_power_mode)
    nor_entry_set_power_mode                 0x00202757   Thumb Code     6  flash_nor_entry_reduced.o(i.nor_entry_set_power_mode)
    i.nor_entry_write_2x_pages               0x0020275c   Section        0  flash_nor_entry_reduced.o(i.nor_entry_write_2x_pages)
    nor_entry_write_2x_pages                 0x0020275d   Thumb Code     6  flash_nor_entry_reduced.o(i.nor_entry_write_2x_pages)
    i.nor_entry_write_pages                  0x00202762   Section        0  flash_nor_entry_reduced.o(i.nor_entry_write_pages)
    nor_entry_write_pages                    0x00202763   Thumb Code    32  flash_nor_entry_reduced.o(i.nor_entry_write_pages)
    i.nor_entry_write_partial_page           0x00202782   Section        0  flash_nor_entry_reduced.o(i.nor_entry_write_partial_page)
    nor_entry_write_partial_page             0x00202783   Thumb Code     6  flash_nor_entry_reduced.o(i.nor_entry_write_partial_page)
    i.nor_i2c_close                          0x00202788   Section        0  flash_nor_i2c_init.o(i.nor_i2c_close)
    nor_i2c_close                            0x00202789   Thumb Code     4  flash_nor_i2c_init.o(i.nor_i2c_close)
    i.nor_i2c_configure                      0x0020278c   Section        0  flash_nor_i2c_init.o(i.nor_i2c_configure)
    nor_i2c_configure                        0x0020278d   Thumb Code    82  flash_nor_i2c_init.o(i.nor_i2c_configure)
    i.nor_i2c_configure_device_ctxt          0x002027f0   Section        0  flash_nor_i2c_init.o(i.nor_i2c_configure_device_ctxt)
    nor_i2c_configure_device_ctxt            0x002027f1   Thumb Code   162  flash_nor_i2c_init.o(i.nor_i2c_configure_device_ctxt)
    i.nor_i2c_configure_pdata                0x00202898   Section        0  flash_nor_i2c_init.o(i.nor_i2c_configure_pdata)
    nor_i2c_configure_pdata                  0x00202899   Thumb Code    10  flash_nor_i2c_init.o(i.nor_i2c_configure_pdata)
    i.nor_i2c_deinit                         0x002028a2   Section        0  flash_nor_i2c_init.o(i.nor_i2c_deinit)
    nor_i2c_deinit                           0x002028a3   Thumb Code    10  flash_nor_i2c_init.o(i.nor_i2c_deinit)
    i.nor_i2c_get_info                       0x002028ac   Section        0  flash_nor_i2c_core.o(i.nor_i2c_get_info)
    nor_i2c_get_info                         0x002028ad   Thumb Code   146  flash_nor_i2c_core.o(i.nor_i2c_get_info)
    i.nor_i2c_init                           0x00202940   Section        0  flash_nor_i2c_init.o(i.nor_i2c_init)
    nor_i2c_init                             0x00202941   Thumb Code    54  flash_nor_i2c_init.o(i.nor_i2c_init)
    i.nor_i2c_init_client_info               0x0020297c   Section        0  flash_nor_i2c_init.o(i.nor_i2c_init_client_info)
    i.nor_i2c_mem_deinit                     0x00202a00   Section        0  flash_nor_i2c_init.o(i.nor_i2c_mem_deinit)
    nor_i2c_mem_deinit                       0x00202a01   Thumb Code    22  flash_nor_i2c_init.o(i.nor_i2c_mem_deinit)
    i.nor_i2c_open_partition                 0x00202a16   Section        0  flash_nor_i2c_init.o(i.nor_i2c_open_partition)
    nor_i2c_open_partition                   0x00202a17   Thumb Code     4  flash_nor_i2c_init.o(i.nor_i2c_open_partition)
    i.nor_i2c_probe                          0x00202a1c   Section        0  flash_nor_i2c_init.o(i.nor_i2c_probe)
    i.nor_i2c_read_op                        0x00202af0   Section        0  flash_nor_i2c_init.o(i.nor_i2c_read_op)
    i.nor_i2c_read_pages                     0x00202b08   Section        0  flash_nor_i2c_core.o(i.nor_i2c_read_pages)
    nor_i2c_read_pages                       0x00202b09   Thumb Code   100  flash_nor_i2c_core.o(i.nor_i2c_read_pages)
    i.nor_i2c_write_op                       0x00202b6c   Section        0  flash_nor_i2c_init.o(i.nor_i2c_write_op)
    i.nor_i2c_write_pages                    0x00202b84   Section        0  flash_nor_i2c_core.o(i.nor_i2c_write_pages)
    nor_i2c_write_pages                      0x00202b85   Thumb Code   106  flash_nor_i2c_core.o(i.nor_i2c_write_pages)
    i.nor_utils_strcpy                       0x00202bee   Section        0  nor_utils.o(i.nor_utils_strcpy)
    nor_utils_strcpy                         0x00202bef   Thumb Code    28  nor_utils.o(i.nor_utils_strcpy)
    i.run_flash_api_tests                    0x00202c0c   Section        0  nor_stress.o(i.run_flash_api_tests)
    x$fpl$dadd                               0x00202c78   Section      336  daddsub_clz.o(x$fpl$dadd)
    _dadd1                                   0x00202c89   Thumb Code     0  daddsub_clz.o(x$fpl$dadd)
    x$fpl$dfixu                              0x00202dc8   Section       90  dfixu.o(x$fpl$dfixu)
    x$fpl$dfltu                              0x00202e22   Section       38  dflt_clz.o(x$fpl$dfltu)
    x$fpl$dmul                               0x00202e48   Section      340  dmul.o(x$fpl$dmul)
    x$fpl$dnaninf                            0x00202f9c   Section      156  dnaninf.o(x$fpl$dnaninf)
    x$fpl$dretinf                            0x00203038   Section       12  dretinf.o(x$fpl$dretinf)
    x$fpl$dsub                               0x00203044   Section      468  daddsub_clz.o(x$fpl$dsub)
    _dsub1                                   0x00203055   Thumb Code     0  daddsub_clz.o(x$fpl$dsub)
    .constdata                               0x00203218   Section       12  DALModEnv.o(.constdata)
    x$fpl$usenofp                            0x00203218   Section        0  usenofp.o(x$fpl$usenofp)
    .constdata                               0x00203224   Section      126  DALModEnv.o(.constdata)
    .constdata                               0x002032a4   Section      116  DALConfig_boot.o(.constdata)
    .constdata                               0x00203318   Section       16  DALConfig_boot.o(.constdata)
    .constdata                               0x00203328   Section       12  flash_dal_info.o(.constdata)
    .constdata                               0x00203334   Section      112  flash_dal_fwk.o(.constdata)
    vtbl                                     0x00203334   Data         112  flash_dal_fwk.o(.constdata)
    .data                                    0x002033a4   Section        4  nor_mem_init.o(.data)
    .data                                    0x002033a8   Section        4  nor_core.o(.data)
    erase_result_data                        0x002033a8   Data           4  nor_core.o(.data)
    .data                                    0x002033ac   Section        4  nor_entry.o(.data)
    flash_tools_init                         0x002033ac   Data           4  nor_entry.o(.data)
    .data                                    0x002033b0   Section        4  DALModEnv.o(.data)
    DalSystem_DeviceId                       0x002033b0   Data           4  DALModEnv.o(.data)
    .data                                    0x002033b4   Section        8  DALModEnv.o(.data)
    iDALSYSFreeInvoked                       0x002033b4   Data           4  DALModEnv.o(.data)
    .data                                    0x002033bc   Section       32  DALHeap.o(.data)
    gDALSYSHeap                              0x002033bc   Data          32  DALHeap.o(.data)
    .data                                    0x002033dc   Section        8  nor_wrapper.o(.data)
    buff_desc_initialized                    0x002033dc   Data           4  nor_wrapper.o(.data)
    .data                                    0x002033e4   Section       24  nor_stress.o(.data)
    .data                                    0x002033fc   Section        4  nor_dump.o(.data)
    .data                                    0x00203400   Section       36  nor_utils.o(.data)
    dev_is_initialized                       0x00203400   Data           4  nor_utils.o(.data)
    erase_result                             0x00203404   Data           4  nor_utils.o(.data)
    handle_flash                             0x0020340c   Data           4  nor_utils.o(.data)
    page_buffer                              0x00203410   Data           4  nor_utils.o(.data)
    page_readback_buffer                     0x00203414   Data           4  nor_utils.o(.data)
    total_block_count                        0x00203418   Data           4  nor_utils.o(.data)
    page_size_bytes                          0x0020341c   Data           4  nor_utils.o(.data)
    total_pages                              0x00203420   Data           4  nor_utils.o(.data)
    .data                                    0x00203424   Section        4  DALConfig_boot.o(.data)
    .data                                    0x00203428   Section        8  DALModDir_boot.o(.data)
    DALDriverInfoArr                         0x00203428   Data           8  DALModDir_boot.o(.data)
    .data                                    0x00203430   Section        8  DALModDir_boot.o(.data)
    .data                                    0x00203438   Section       16  flash_dal_info.o(.data)
    DALFlash_DeviceId                        0x00203438   Data          16  flash_dal_info.o(.data)
    .data                                    0x00203448   Section      448  flash_dal_fwk.o(.data)
    static_flash_clients                     0x00203448   Data           4  flash_dal_fwk.o(.data)
    drv_ctxt                                 0x00203450   Data         440  flash_dal_fwk.o(.data)
    .data                                    0x00203608   Section       24  flash_properties.o(.data)
    flash_i2c_config                         0x0020360c   Data           4  flash_properties.o(.data)
    flash_probe_table                        0x00203610   Data           8  flash_properties.o(.data)
    flash_probe_table_2                      0x00203618   Data           8  flash_properties.o(.data)
    .data                                    0x00203620   Section       84  flash_nor_entry_reduced.o(.data)
    nor_entry_vtbl                           0x00203620   Data          84  flash_nor_entry_reduced.o(.data)
    .data                                    0x00203674   Section     1176  flash_nor_i2c_config.o(.data)
    i2c_eeprom_devices                       0x00203674   Data        1176  flash_nor_i2c_config.o(.data)
    .data                                    0x00203b0c   Section       72  flash_nor_i2c_config.o(.data)
    nor_probe_table                          0x00203b0c   Data           8  flash_nor_i2c_config.o(.data)
    supported_i2c_eeprom_cfgs                0x00203b14   Data          64  flash_nor_i2c_config.o(.data)
    .data                                    0x00203b54   Section       96  flash_extdrv_i2c_v2.o(.data)
    eeprom_slave_id                          0x00203b54   Data           1  flash_extdrv_i2c_v2.o(.data)
    i2c_op_freq                              0x00203b56   Data           2  flash_extdrv_i2c_v2.o(.data)
    i2c_high_time_divider_factor             0x00203b58   Data           4  flash_extdrv_i2c_v2.o(.data)
    .data                                    0x00203bb4   Section       84  flash_nor_i2c_core.o(.data)
    .bss                                     0x00203c20   Section     6944  nor_core.o(.bss)
    flash_param                              0x00203c20   Data          44  nor_core.o(.bss)
    .bss                                     0x00205740   Section     4096  nor_core.o(.bss)
    .bss                                     0x00206740   Section     2400  nor_entry.o(.bss)
    .bss                                     0x002070a0   Section       32  DALModEnv.o(.bss)
    commonObject                             0x002070a0   Data          32  DALModEnv.o(.bss)
    .bss                                     0x002070c0   Section      584  nor_wrapper.o(.bss)
    readback_page_buf                        0x002070c0   Data         512  nor_wrapper.o(.bss)
    page_buff_desc                           0x002072c0   Data          44  nor_wrapper.o(.bss)
    page_data_iovec                          0x002072ec   Data          16  nor_wrapper.o(.bss)
    partial_page_op                          0x002072fc   Data          12  nor_wrapper.o(.bss)
    .bss                                     0x00207308   Section    11264  nor_stress.o(.bss)
    result_vec                               0x00207308   Data         256  nor_stress.o(.bss)
    block_vector                             0x00207408   Data         768  nor_stress.o(.bss)
    .bss                                     0x00209f08   Section      144  nor_dump.o(.bss)
    .bss                                     0x00209f98   Section      176  nor_utils.o(.bss)
    dev_info                                 0x00209f98   Data         112  nor_utils.o(.bss)
    block_vector                             0x0020a008   Data          12  nor_utils.o(.bss)
    device_name                              0x0020a014   Data          32  nor_utils.o(.bss)
    parti_name                               0x0020a034   Data          20  nor_utils.o(.bss)
    .bss                                     0x0020a048   Section       16  nor_core_v1.o(.bss)
    parti_name                               0x0020a048   Data          16  nor_core_v1.o(.bss)
    .bss                                     0x0020a058   Section       12  flash_nor_i2c_init.o(.bss)
    .bss                                     0x0021e000   Section    32800  nor_param.o(.bss)

    Global Symbols

    Symbol Name                              Value     Ov Type        Size  Object(Section)

    BuildAttributes$$THM_ISAv4$ARM_ISAv7$X$E$P$J$Z$K$B$S$PE$A:L22UL41UL21$X:L11$S22US41US21$IEEE1$IW$USESV6$~STKCKD$USESV7$~SHL$OTIME$ROPI$EBA8$STANDARDLIB$THUMB2LIB$REQ8$PRES8$EABIv2 0x00000000   Number         0  anon$$obj.o ABSOLUTE
    __rt_lib_shutdown                         - Undefined Weak Reference
    __sigvec_lookup                           - Undefined Weak Reference
    __main                                   0x00200000   ARM Code       0  nor_start.o(StartHere)
    term_put                                 0x0020003d   Thumb Code     0  nor_start.o(StartHere)
    __aeabi_assert                           0x0020006d   Thumb Code    86  assert.o(.text)
    __assert                                 0x0020006d   Thumb Code     0  assert.o(.text)
    memcmp                                   0x002000ed   Thumb Code    88  memcmp.o(.text)
    __aeabi_memcpy                           0x00200144   ARM Code       0  rt_memcpy.o(.text)
    __rt_memcpy                              0x00200144   ARM Code     212  rt_memcpy.o(.text)
    _memcpy_lastbytes                        0x002001f8   ARM Code       0  rt_memcpy.o(.text)
    __aeabi_memset                           0x00200219   Thumb Code    16  aeabi_memset.o(.text)
    __aeabi_memclr                           0x00200229   Thumb Code     0  rt_memclr.o(.text)
    __rt_memclr                              0x00200229   Thumb Code    68  rt_memclr.o(.text)
    _memset                                  0x0020022d   Thumb Code     0  rt_memclr.o(.text)
    __aeabi_memclr4                          0x0020026d   Thumb Code     0  rt_memclr_w.o(.text)
    __aeabi_memclr8                          0x0020026d   Thumb Code     0  rt_memclr_w.o(.text)
    __rt_memclr_w                            0x0020026d   Thumb Code    78  rt_memclr_w.o(.text)
    _memset_w                                0x00200271   Thumb Code     0  rt_memclr_w.o(.text)
    __aeabi_idiv                             0x002002bc   ARM Code       0  aeabi_sdivfast_rs.o(.text)
    __aeabi_idivmod                          0x002002bc   ARM Code     556  aeabi_sdivfast_rs.o(.text)
    abort                                    0x002004e9   Thumb Code    16  abort.o(.text)
    __assert_puts                            0x002004f9   Thumb Code    20  assert_puts.o(.text)
    __aeabi_memcpy4                          0x0020050c   ARM Code       0  rt_memcpy_w.o(.text)
    __aeabi_memcpy8                          0x0020050c   ARM Code       0  rt_memcpy_w.o(.text)
    __rt_memcpy_w                            0x0020050c   ARM Code     100  rt_memcpy_w.o(.text)
    _memcpy_lastbytes_aligned                0x00200558   ARM Code       0  rt_memcpy_w.o(.text)
    _ttywrch                                 0x00200571   Thumb Code    14  sys_wrch.o(.text)
    _sys_exit                                0x00200581   Thumb Code     8  sys_exit.o(.text)
    __rt_SIGABRT                             0x0020058d   Thumb Code    14  defsig_abrt_outer.o(.text)
    __I$use$semihosting                      0x0020059b   Thumb Code     0  use_no_semi.o(.text)
    __use_no_semihosting_swi                 0x0020059b   Thumb Code     2  use_no_semi.o(.text)
    __semihosting_library_function           0x0020059d   Thumb Code     0  indicate_semi.o(.text)
    __sig_exit                               0x0020059d   Thumb Code    10  defsig_exit.o(.text)
    __rt_SIGABRT_inner                       0x002005a9   Thumb Code    14  defsig_abrt_inner.o(.text)
    __default_signal_display                 0x002005d9   Thumb Code    50  defsig_general.o(.text)
    __aeabi_uidiv                            0x0020060c   ARM Code       0  aeabi_sdivfast_rs.o(.text_udiv)
    __aeabi_uidivmod                         0x0020060c   ARM Code      48  aeabi_sdivfast_rs.o(.text_udiv)
    DALFW_AddRef                             0x0020063d   Thumb Code    28  dalfwkbase.o(i.DALFW_AddRef)
    DALFW_AttachToDevice                     0x00200659   Thumb Code   132  dalfwkbase.o(i.DALFW_AttachToDevice)
    DALFW_MemDescBufPtr                      0x00200751   Thumb Code    20  DALMemDesc.o(i.DALFW_MemDescBufPtr)
    DALFW_MemDescInit                        0x00200765   Thumb Code    98  DALMemDesc.o(i.DALFW_MemDescInit)
    DALFW_Release                            0x002007cd   Thumb Code    62  dalfwkbase.o(i.DALFW_Release)
    DALSYS_DestroyObject                     0x0020080b   Thumb Code     4  DALModEnv.o(i.DALSYS_DestroyObject)
    DALSYS_Free                              0x00200811   Thumb Code    18  DALModEnv.o(i.DALSYS_Free)
    DALSYS_GetDALPropertyHandle              0x00200829   Thumb Code     4  DALModEnv.o(i.DALSYS_GetDALPropertyHandle)
    DALSYS_GetPropDir                        0x0020082d   Thumb Code     8  DALModEnv.o(i.DALSYS_GetPropDir)
    DALSYS_HeapInit                          0x00200839   Thumb Code    56  DALHeap.o(i.DALSYS_HeapInit)
    DALSYS_InitMod                           0x00200875   Thumb Code     8  DALModEnv.o(i.DALSYS_InitMod)
    DALSYS_LogEvent                          0x00200885   Thumb Code    18  DALModEnv.o(i.DALSYS_LogEvent)
    DALSYS_Malloc                            0x002008a1   Thumb Code    50  DALModEnv.o(i.DALSYS_Malloc)
    DALSYS_SyncCreate                        0x00200919   Thumb Code    14  DALModEnv.o(i.DALSYS_SyncCreate)
    DAL_DeviceAttach                         0x0020092d   Thumb Code    62  DALModEnv.o(i.DAL_DeviceAttach)
    DAL_DeviceDetach                         0x0020096b   Thumb Code    52  DALModEnv.o(i.DAL_DeviceDetach)
    IsExternalMemReady                       0x002009a1   Thumb Code    16  DALHeap.o(i.IsExternalMemReady)
    System_DalSystem_Attach                  0x002009b5   Thumb Code     8  DALModEnv.o(i.System_DalSystem_Attach)
    _DALSYS_GetDALPropertyHandle             0x00200a15   Thumb Code    68  DALProps.o(i._DALSYS_GetDALPropertyHandle)
    _DALSYS_memscpy                          0x00200a59   Thumb Code     4  DALModEnv.o(i._DALSYS_memscpy)
    busywait                                 0x00200a5d   Thumb Code    10  nor_core.o(i.busywait)
    flash_dal_device_deinit                  0x00200a73   Thumb Code    40  flash_dal.o(i.flash_dal_device_deinit)
    flash_dal_device_init                    0x00200a9b   Thumb Code   116  flash_dal.o(i.flash_dal_device_init)
    flash_dal_driver_deinit                  0x00200b0f   Thumb Code     4  flash_dal.o(i.flash_dal_driver_deinit)
    flash_dal_driver_init                    0x00200b13   Thumb Code     4  flash_dal.o(i.flash_dal_driver_init)
    flash_dal_stress_test                    0x00200b19   Thumb Code   162  nor_stress.o(i.flash_dal_stress_test)
    flash_fwk_attach                         0x00200be1   Thumb Code    82  flash_dal_fwk.o(i.flash_fwk_attach)
    flash_get_property                       0x00200ea1   Thumb Code    96  flash_properties.o(i.flash_get_property)
    flash_i2c_configure                      0x00200f11   Thumb Code    18  flash_extdrv_i2c_v2.o(i.flash_i2c_configure)
    flash_i2c_init                           0x00200f31   Thumb Code    42  flash_extdrv_i2c_v2.o(i.flash_i2c_init)
    flash_i2c_read                           0x00200f65   Thumb Code   266  flash_extdrv_i2c_v2.o(i.flash_i2c_read)
    flash_i2c_write                          0x00201075   Thumb Code   310  flash_extdrv_i2c_v2.o(i.flash_i2c_write)
    flash_nor_i2c_get_configs                0x0020122d   Thumb Code     6  flash_nor_i2c_config.o(i.flash_nor_i2c_get_configs)
    flash_nor_i2c_get_probe_table            0x00201239   Thumb Code     6  flash_nor_i2c_config.o(i.flash_nor_i2c_get_probe_table)
    flash_prog_dump_parti                    0x00201245   Thumb Code    50  nor_dump.o(i.flash_prog_dump_parti)
    flash_prog_erase_chip                    0x00201281   Thumb Code   106  nor_core.o(i.flash_prog_erase_chip)
    flash_prog_init_for_partition_image      0x00201305   Thumb Code    94  nor_core.o(i.flash_prog_init_for_partition_image)
    flash_prog_init_image                    0x00201371   Thumb Code    80  nor_core_v1.o(i.flash_prog_init_image)
    flash_prog_init_parti_dump               0x002013d1   Thumb Code   166  nor_dump.o(i.flash_prog_init_parti_dump)
    flash_prog_program_img                   0x00201485   Thumb Code   282  nor_core.o(i.flash_prog_program_img)
    flash_prog_read_pages                    0x002015ad   Thumb Code    66  nor_wrapper.o(i.flash_prog_read_pages)
    flash_prog_update_device_info            0x0020167d   Thumb Code   260  nor_core.o(i.flash_prog_update_device_info)
    flash_prog_write_data                    0x00201785   Thumb Code   216  nor_core.o(i.flash_prog_write_data)
    flash_prog_write_pages                   0x00201869   Thumb Code    94  nor_wrapper.o(i.flash_prog_write_pages)
    flash_prog_write_partial_page            0x002018d5   Thumb Code    66  nor_wrapper.o(i.flash_prog_write_partial_page)
    flash_strcpy                             0x0020191d   Thumb Code    28  flash_dal_util.o(i.flash_strcpy)
    flash_test_erase_api                     0x00201939   Thumb Code   112  nor_stress.o(i.flash_test_erase_api)
    flash_test_erase_suspend_api             0x002019ad   Thumb Code   394  nor_stress.o(i.flash_test_erase_suspend_api)
    flash_test_get_info_api                  0x00201b45   Thumb Code    50  nor_stress.o(i.flash_test_get_info_api)
    flash_test_power_mode_api                0x00201b79   Thumb Code   302  nor_stress.o(i.flash_test_power_mode_api)
    flash_test_read_partial_write_api        0x00201cb5   Thumb Code   324  nor_stress.o(i.flash_test_read_partial_write_api)
    flash_test_read_write_api                0x00201e05   Thumb Code   354  nor_stress.o(i.flash_test_read_write_api)
    flash_utils_erase_block                  0x00201fa9   Thumb Code    72  nor_utils.o(i.flash_utils_erase_block)
    flash_utils_fill_page                    0x00201ffd   Thumb Code   124  nor_utils.o(i.flash_utils_fill_page)
    flash_utils_read_page                    0x002021a9   Thumb Code    62  nor_utils.o(i.flash_utils_read_page)
    flash_utils_read_platform_id             0x002021f5   Thumb Code   102  nor_utils.o(i.flash_utils_read_platform_id)
    free                                     0x0020226d   Thumb Code     2  DALHeap.o(i.free)
    i2c_io_init                              0x00202379   Thumb Code    20  flash_extdrv_i2c_v2.o(i.i2c_io_init)
    i2c_qup_init                             0x002023ed   Thumb Code    54  flash_extdrv_i2c_v2.o(i.i2c_qup_init)
    i2c_reconfigure                          0x00202451   Thumb Code     2  flash_extdrv_i2c_v2.o(i.i2c_reconfigure)
    kick_watchdog                            0x002024f9   Thumb Code    10  flash_properties.o(i.kick_watchdog)
    main_c                                   0x00202505   Thumb Code   154  nor_entry.o(i.main_c)
    malloc                                   0x002025ad   Thumb Code    92  DALHeap.o(i.malloc)
    mdelay                                   0x0020260d   Thumb Code    20  nor_core.o(i.mdelay)
    memory_init                              0x00202621   Thumb Code    28  nor_mem_init.o(i.memory_init)
    memscpy                                  0x00202645   Thumb Code    30  memscpy.o(i.memscpy)
    nor_entry_device_probe_reduced           0x00202695   Thumb Code    60  flash_nor_entry_reduced.o(i.nor_entry_device_probe_reduced)
    nor_i2c_init_client_info                 0x0020297d   Thumb Code   128  flash_nor_i2c_init.o(i.nor_i2c_init_client_info)
    nor_i2c_probe                            0x00202a1d   Thumb Code   208  flash_nor_i2c_init.o(i.nor_i2c_probe)
    nor_i2c_read_op                          0x00202af1   Thumb Code    20  flash_nor_i2c_init.o(i.nor_i2c_read_op)
    nor_i2c_write_op                         0x00202b6d   Thumb Code    20  flash_nor_i2c_init.o(i.nor_i2c_write_op)
    run_flash_api_tests                      0x00202c0d   Thumb Code   104  nor_stress.o(i.run_flash_api_tests)
    __aeabi_dadd                             0x00202c79   Thumb Code     0  daddsub_clz.o(x$fpl$dadd)
    _dadd                                    0x00202c79   Thumb Code   332  daddsub_clz.o(x$fpl$dadd)
    __aeabi_d2uiz                            0x00202dc9   Thumb Code     0  dfixu.o(x$fpl$dfixu)
    _dfixu                                   0x00202dc9   Thumb Code    90  dfixu.o(x$fpl$dfixu)
    __aeabi_ui2d                             0x00202e23   Thumb Code     0  dflt_clz.o(x$fpl$dfltu)
    _dfltu                                   0x00202e23   Thumb Code    38  dflt_clz.o(x$fpl$dfltu)
    __aeabi_dmul                             0x00202e49   Thumb Code     0  dmul.o(x$fpl$dmul)
    _dmul                                    0x00202e49   Thumb Code   332  dmul.o(x$fpl$dmul)
    __fpl_dnaninf                            0x00202f9d   Thumb Code   156  dnaninf.o(x$fpl$dnaninf)
    __fpl_dretinf                            0x00203039   Thumb Code    12  dretinf.o(x$fpl$dretinf)
    __aeabi_dsub                             0x00203045   Thumb Code     0  daddsub_clz.o(x$fpl$dsub)
    _dsub                                    0x00203045   Thumb Code   464  daddsub_clz.o(x$fpl$dsub)
    DALSystem_DriverInfo                     0x00203218   Data          12  DALModEnv.o(.constdata)
    __I$use$fp                               0x00203218   Number         0  usenofp.o(x$fpl$usenofp)
    DALPROP_PropBin                          0x002032a4   Data         116  DALConfig_boot.o(.constdata)
    DALPROP_PropsInfo                        0x00203318   Data          16  DALConfig_boot.o(.constdata)
    DALFlash_DriverInfo                      0x00203328   Data          12  flash_dal_info.o(.constdata)
    zero_init_needed                         0x002033a4   Data           4  nor_mem_init.o(.data)
    gDALProcessDriverModList                 0x002033b8   Data           4  DALModEnv.o(.data)
    readback_verify_enabled                  0x002033e0   Data           4  nor_wrapper.o(.data)
    enable_efs2_parti_test                   0x002033e4   Data           4  nor_stress.o(.data)
    enable_erase_test                        0x002033e8   Data           4  nor_stress.o(.data)
    enable_read_write_test                   0x002033ec   Data           4  nor_stress.o(.data)
    enable_partial_write_test                0x002033f0   Data           4  nor_stress.o(.data)
    enable_suspend_resume_test               0x002033f4   Data           4  nor_stress.o(.data)
    enable_power_mode_test                   0x002033f8   Data           4  nor_stress.o(.data)
    dump_dev                                 0x002033fc   Data           4  nor_dump.o(.data)
    dev_id                                   0x00203408   Data           4  nor_utils.o(.data)
    DALPROP_StructPtrs                       0x00203424   Data           4  DALConfig_boot.o(.data)
    gDALModDriverInfoList                    0x00203430   Data           8  DALModDir_boot.o(.data)
    watchdog_table                           0x00203608   Data           4  flash_properties.o(.data)
    i2c_cfg_data                             0x00203b5c   Data           8  flash_extdrv_i2c_v2.o(.data)
    i2c_reg_addr                             0x00203b64   Data          80  flash_extdrv_i2c_v2.o(.data)
    nor_i2c_base_vtbl                        0x00203bb4   Data          84  flash_nor_i2c_core.o(.data)
    Image$$APP_RAM$$ZI$$Base                 0x00203c20   Number         0  nor_core.o(.bss)
    nor_prog_info                            0x00203c4c   Data        6356  nor_core.o(.bss)
    block_vector                             0x00205520   Data          12  nor_core.o(.bss)
    page_buf                                 0x00205540   Data         512  nor_core.o(.bss)
    svc_stack                                0x00205740   Data        4096  nor_core.o(.bss)
    flash_tools_heap                         0x00206740   Data        2400  nor_entry.o(.bss)
    page_write_raw_buffer                    0x00207708   Data        5120  nor_stress.o(.bss)
    page_read_raw_buffer                     0x00208b08   Data        5120  nor_stress.o(.bss)
    dump_dev_info_param                      0x00209f08   Data         144  nor_dump.o(.bss)
    nor_i2c_ops                              0x0020a058   Data          12  flash_nor_i2c_init.o(.bss)
    Image$$APP_RAM$$ZI$$Limit                0x0020a064   Number         0  flash_nor_i2c_init.o(.bss)
    prog_param                               0x0021e000   Data       32800  nor_param.o(.bss)



==============================================================================

Memory Map of the image

  Image Entry point : 0x00200000

  Load Region RAM (Base: 0x00200000, Size: 0x00003c08, Max: 0xffffffff, ABSOLUTE)

    Execution Region CODE (Base: 0x00200000, Size: 0x000033a4, Max: 0xffffffff, ABSOLUTE)

    Base Addr    Size         Type   Attr      Idx    E Section Name        Object

    0x00200000   0x0000006c   Code   RO            1  * StartHere           nor_start.o
    0x0020006c   0x00000080   Code   RO         1754    .text               c_2.l(assert.o)
    0x002000ec   0x00000058   Code   RO         1756    .text               c_2.l(memcmp.o)
    0x00200144   0x000000d4   Code   RO         1762    .text               c_2.l(rt_memcpy.o)
    0x00200218   0x00000010   Code   RO         1764    .text               c_2.l(aeabi_memset.o)
    0x00200228   0x00000044   Code   RO         1766    .text               c_2.l(rt_memclr.o)
    0x0020026c   0x0000004e   Code   RO         1768    .text               c_2.l(rt_memclr_w.o)
    0x002002ba   0x00000002   PAD
    0x002002bc   0x0000022c   Code   RO         1772    .text               c_2.l(aeabi_sdivfast_rs.o)
    0x002004e8   0x00000010   Code   RO         1810    .text               c_2.l(abort.o)
    0x002004f8   0x00000014   Code   RO         1812    .text               c_2.l(assert_puts.o)
    0x0020050c   0x00000064   Code   RO         1814    .text               c_2.l(rt_memcpy_w.o)
    0x00200570   0x0000000e   Code   RO         1821    .text               c_2.l(sys_wrch.o)
    0x0020057e   0x00000002   PAD
    0x00200580   0x0000000c   Code   RO         1823    .text               c_2.l(sys_exit.o)
    0x0020058c   0x0000000e   Code   RO         1827    .text               c_2.l(defsig_abrt_outer.o)
    0x0020059a   0x00000002   Code   RO         1831    .text               c_2.l(use_no_semi.o)
    0x0020059c   0x00000000   Code   RO         1833    .text               c_2.l(indicate_semi.o)
    0x0020059c   0x0000000a   Code   RO         1836    .text               c_2.l(defsig_exit.o)
    0x002005a6   0x00000002   PAD
    0x002005a8   0x00000030   Code   RO         1838    .text               c_2.l(defsig_abrt_inner.o)
    0x002005d8   0x00000032   Code   RO         1846    .text               c_2.l(defsig_general.o)
    0x0020060a   0x00000002   PAD
    0x0020060c   0x00000030   Code   RO         1773    .text_udiv          c_2.l(aeabi_sdivfast_rs.o)
    0x0020063c   0x0000001c   Code   RO         1186    i.DALFW_AddRef      DALFwk.lib(dalfwkbase.o)
    0x00200658   0x00000084   Code   RO         1187    i.DALFW_AttachToDevice  DALFwk.lib(dalfwkbase.o)
    0x002006dc   0x0000000e   Code   RO         1189    i.DALFW_DeInitDevCtxt  DALFwk.lib(dalfwkbase.o)
    0x002006ea   0x00000016   Code   RO         1190    i.DALFW_DeInitDrvCtxt  DALFwk.lib(dalfwkbase.o)
    0x00200700   0x0000000e   Code   RO         1191    i.DALFW_InitClientCtxt  DALFwk.lib(dalfwkbase.o)
    0x0020070e   0x00000010   Code   RO         1192    i.DALFW_InitDevCtxt  DALFwk.lib(dalfwkbase.o)
    0x0020071e   0x00000032   Code   RO         1193    i.DALFW_InitDrvCtxt  DALFwk.lib(dalfwkbase.o)
    0x00200750   0x00000014   Code   RO          848    i.DALFW_MemDescBufPtr  DALFwk.lib(DALMemDesc.o)
    0x00200764   0x00000068   Code   RO          849    i.DALFW_MemDescInit  DALFwk.lib(DALMemDesc.o)
    0x002007cc   0x0000003e   Code   RO         1195    i.DALFW_Release     DALFwk.lib(dalfwkbase.o)
    0x0020080a   0x00000004   Code   RO          203    i.DALSYS_DestroyObject  DALFwk.lib(DALModEnv.o)
    0x0020080e   0x00000002   PAD
    0x00200810   0x00000018   Code   RO          208    i.DALSYS_Free       DALFwk.lib(DALModEnv.o)
    0x00200828   0x00000004   Code   RO          209    i.DALSYS_GetDALPropertyHandle  DALFwk.lib(DALModEnv.o)
    0x0020082c   0x0000000c   Code   RO          211    i.DALSYS_GetPropDir  DALFwk.lib(DALModEnv.o)
    0x00200838   0x0000003c   Code   RO          533    i.DALSYS_HeapInit   DALFwk.lib(DALHeap.o)
    0x00200874   0x00000010   Code   RO          214    i.DALSYS_InitMod    DALFwk.lib(DALModEnv.o)
    0x00200884   0x0000001c   Code   RO          216    i.DALSYS_LogEvent   DALFwk.lib(DALModEnv.o)
    0x002008a0   0x00000078   Code   RO          217    i.DALSYS_Malloc     DALFwk.lib(DALModEnv.o)
    0x00200918   0x00000014   Code   RO          226    i.DALSYS_SyncCreate  DALFwk.lib(DALModEnv.o)
    0x0020092c   0x0000003e   Code   RO          232    i.DAL_DeviceAttach  DALFwk.lib(DALModEnv.o)
    0x0020096a   0x00000034   Code   RO          236    i.DAL_DeviceDetach  DALFwk.lib(DALModEnv.o)
    0x0020099e   0x00000002   PAD
    0x002009a0   0x00000014   Code   RO          534    i.IsExternalMemReady  DALFwk.lib(DALHeap.o)
    0x002009b4   0x00000008   Code   RO          241    i.System_DalSystem_Attach  DALFwk.lib(DALModEnv.o)
    0x002009bc   0x00000058   Code   RO          244    i._DALSYSCMN_GetDeviceObject  DALFwk.lib(DALModEnv.o)
    0x00200a14   0x00000044   Code   RO          915    i._DALSYS_GetDALPropertyHandle  DALFwk.lib(DALProps.o)
    0x00200a58   0x00000004   Code   RO          246    i._DALSYS_memscpy   DALFwk.lib(DALModEnv.o)
    0x00200a5c   0x0000000a   Code   RO           51    i.busywait          nor_common.lib(nor_core.o)
    0x00200a66   0x0000000c   Code   RO         1486    i.delay1ms          extdrv_i2c_v2.lib(flash_extdrv_i2c_v2.o)
    0x00200a72   0x00000028   Code   RO         1247    i.flash_dal_device_deinit  DALflash.lib(flash_dal.o)
    0x00200a9a   0x00000074   Code   RO         1248    i.flash_dal_device_init  DALflash.lib(flash_dal.o)
    0x00200b0e   0x00000004   Code   RO         1249    i.flash_dal_driver_deinit  DALflash.lib(flash_dal.o)
    0x00200b12   0x00000004   Code   RO         1250    i.flash_dal_driver_init  DALflash.lib(flash_dal.o)
    0x00200b16   0x00000002   PAD
    0x00200b18   0x000000c0   Code   RO          642    i.flash_dal_stress_test  nor_arm.lib(nor_stress.o)
    0x00200bd8   0x00000006   Code   RO         1021    i.flash_fwk_addref  DALflash.lib(flash_dal_fwk.o)
    0x00200bde   0x00000002   PAD
    0x00200be0   0x00000058   Code   RO         1022    i.flash_fwk_attach  DALflash.lib(flash_dal_fwk.o)
    0x00200c38   0x0000001a   Code   RO         1023    i.flash_fwk_begin_erase_block  DALflash.lib(flash_dal_fwk.o)
    0x00200c52   0x0000001a   Code   RO         1024    i.flash_fwk_block_get_state  DALflash.lib(flash_dal_fwk.o)
    0x00200c6c   0x0000001a   Code   RO         1025    i.flash_fwk_block_set_state  DALflash.lib(flash_dal_fwk.o)
    0x00200c86   0x0000001a   Code   RO         1026    i.flash_fwk_close   DALflash.lib(flash_dal_fwk.o)
    0x00200ca0   0x0000001a   Code   RO         1027    i.flash_fwk_copy_pages  DALflash.lib(flash_dal_fwk.o)
    0x00200cba   0x00000006   Code   RO         1028    i.flash_fwk_deinit  DALflash.lib(flash_dal_fwk.o)
    0x00200cc0   0x0000001e   Code   RO         1029    i.flash_fwk_detach  DALflash.lib(flash_dal_fwk.o)
    0x00200cde   0x0000001a   Code   RO         1030    i.flash_fwk_erase_blocks  DALflash.lib(flash_dal_fwk.o)
    0x00200cf8   0x00000022   Code   RO         1031    i.flash_fwk_erase_blocks_by_size  DALflash.lib(flash_dal_fwk.o)
    0x00200d1a   0x0000001a   Code   RO         1032    i.flash_fwk_erase_resume  DALflash.lib(flash_dal_fwk.o)
    0x00200d34   0x0000001a   Code   RO         1033    i.flash_fwk_erase_suspend  DALflash.lib(flash_dal_fwk.o)
    0x00200d4e   0x0000000a   Code   RO         1034    i.flash_fwk_get_daldevice_info  DALflash.lib(flash_dal_fwk.o)
    0x00200d58   0x0000001a   Code   RO         1035    i.flash_fwk_get_info  DALflash.lib(flash_dal_fwk.o)
    0x00200d72   0x0000001a   Code   RO         1036    i.flash_fwk_get_status  DALflash.lib(flash_dal_fwk.o)
    0x00200d8c   0x00000022   Code   RO         1037    i.flash_fwk_get_uuid  DALflash.lib(flash_dal_fwk.o)
    0x00200dae   0x0000001a   Code   RO         1038    i.flash_fwk_handle_power_event  DALflash.lib(flash_dal_fwk.o)
    0x00200dc8   0x00000006   Code   RO         1039    i.flash_fwk_handle_sys_request  DALflash.lib(flash_dal_fwk.o)
    0x00200dce   0x0000001a   Code   RO         1040    i.flash_fwk_init    DALflash.lib(flash_dal_fwk.o)
    0x00200de8   0x00000004   Code   RO         1041    i.flash_fwk_open    DALflash.lib(flash_dal_fwk.o)
    0x00200dec   0x0000001a   Code   RO         1042    i.flash_fwk_open_partition  DALflash.lib(flash_dal_fwk.o)
    0x00200e06   0x00000022   Code   RO         1043    i.flash_fwk_read_pages  DALflash.lib(flash_dal_fwk.o)
    0x00200e28   0x0000001a   Code   RO         1044    i.flash_fwk_read_pointer  DALflash.lib(flash_dal_fwk.o)
    0x00200e42   0x0000001a   Code   RO         1045    i.flash_fwk_set_power_mode  DALflash.lib(flash_dal_fwk.o)
    0x00200e5c   0x00000006   Code   RO         1046    i.flash_fwk_write_2x_pages  DALflash.lib(flash_dal_fwk.o)
    0x00200e62   0x00000022   Code   RO         1047    i.flash_fwk_write_pages  DALflash.lib(flash_dal_fwk.o)
    0x00200e84   0x0000001a   Code   RO         1048    i.flash_fwk_write_partial_page  DALflash.lib(flash_dal_fwk.o)
    0x00200e9e   0x00000002   PAD
    0x00200ea0   0x00000070   Code   RO         1280    i.flash_get_property  DALflash.lib(flash_properties.o)
    0x00200f10   0x00000020   Code   RO         1488    i.flash_i2c_configure  extdrv_i2c_v2.lib(flash_extdrv_i2c_v2.o)
    0x00200f30   0x00000034   Code   RO         1489    i.flash_i2c_init    extdrv_i2c_v2.lib(flash_extdrv_i2c_v2.o)
    0x00200f64   0x00000110   Code   RO         1490    i.flash_i2c_read    extdrv_i2c_v2.lib(flash_extdrv_i2c_v2.o)
    0x00201074   0x0000013c   Code   RO         1491    i.flash_i2c_write   extdrv_i2c_v2.lib(flash_extdrv_i2c_v2.o)
    0x002011b0   0x00000014   Code   RO         1049    i.flash_init_interface  DALflash.lib(flash_dal_fwk.o)
    0x002011c4   0x0000002c   Code   RO         1050    i.flash_link_in_client  DALflash.lib(flash_dal_fwk.o)
    0x002011f0   0x0000003c   Code   RO         1051    i.flash_link_out_client  DALflash.lib(flash_dal_fwk.o)
    0x0020122c   0x0000000c   Code   RO         1465    i.flash_nor_i2c_get_configs  DALflash_i2c_nor.lib(flash_nor_i2c_config.o)
    0x00201238   0x0000000c   Code   RO         1466    i.flash_nor_i2c_get_probe_table  DALflash_i2c_nor.lib(flash_nor_i2c_config.o)
    0x00201244   0x0000003c   Code   RO          709    i.flash_prog_dump_parti  nor_arm.lib(nor_dump.o)
    0x00201280   0x00000084   Code   RO           53    i.flash_prog_erase_chip  nor_common.lib(nor_core.o)
    0x00201304   0x0000006c   Code   RO           55    i.flash_prog_init_for_partition_image  nor_common.lib(nor_core.o)
    0x00201370   0x00000060   Code   RO          806    i.flash_prog_init_image  nor_config_v1.lib(nor_core_v1.o)
    0x002013d0   0x000000b4   Code   RO          710    i.flash_prog_init_parti_dump  nor_arm.lib(nor_dump.o)
    0x00201484   0x00000128   Code   RO           56    i.flash_prog_program_img  nor_common.lib(nor_core.o)
    0x002015ac   0x0000004c   Code   RO          589    i.flash_prog_read_pages  nor_arm.lib(nor_wrapper.o)
    0x002015f8   0x00000084   Code   RO          590    i.flash_prog_readback_verify  nor_arm.lib(nor_wrapper.o)
    0x0020167c   0x00000108   Code   RO           57    i.flash_prog_update_device_info  nor_common.lib(nor_core.o)
    0x00201784   0x000000e4   Code   RO           58    i.flash_prog_write_data  nor_common.lib(nor_core.o)
    0x00201868   0x0000006c   Code   RO          591    i.flash_prog_write_pages  nor_arm.lib(nor_wrapper.o)
    0x002018d4   0x00000048   Code   RO          592    i.flash_prog_write_partial_page  nor_arm.lib(nor_wrapper.o)
    0x0020191c   0x0000001c   Code   RO         1666    i.flash_strcpy      DALflash.lib(flash_dal_util.o)
    0x00201938   0x00000074   Code   RO          643    i.flash_test_erase_api  nor_arm.lib(nor_stress.o)
    0x002019ac   0x00000198   Code   RO          644    i.flash_test_erase_suspend_api  nor_arm.lib(nor_stress.o)
    0x00201b44   0x00000032   Code   RO          645    i.flash_test_get_info_api  nor_arm.lib(nor_stress.o)
    0x00201b76   0x00000002   PAD
    0x00201b78   0x0000013c   Code   RO          646    i.flash_test_power_mode_api  nor_arm.lib(nor_stress.o)
    0x00201cb4   0x00000150   Code   RO          647    i.flash_test_read_partial_write_api  nor_arm.lib(nor_stress.o)
    0x00201e04   0x00000170   Code   RO          648    i.flash_test_read_write_api  nor_arm.lib(nor_stress.o)
    0x00201f74   0x00000034   Code   RO          736    i.flash_utils_deinit  nor_arm.lib(nor_utils.o)
    0x00201fa8   0x00000054   Code   RO          737    i.flash_utils_erase_block  nor_arm.lib(nor_utils.o)
    0x00201ffc   0x00000088   Code   RO          738    i.flash_utils_fill_page  nor_arm.lib(nor_utils.o)
    0x00202084   0x00000124   Code   RO          739    i.flash_utils_init  nor_arm.lib(nor_utils.o)
    0x002021a8   0x0000004c   Code   RO          741    i.flash_utils_read_page  nor_arm.lib(nor_utils.o)
    0x002021f4   0x00000078   Code   RO          742    i.flash_utils_read_platform_id  nor_arm.lib(nor_utils.o)
    0x0020226c   0x00000002   Code   RO          535    i.free              DALFwk.lib(DALHeap.o)
    0x0020226e   0x00000002   PAD
    0x00202270   0x000000e4   Code   RO         1492    i.i2c_clk_init      extdrv_i2c_v2.lib(flash_extdrv_i2c_v2.o)
    0x00202354   0x00000024   Code   RO         1493    i.i2c_core_set_state  extdrv_i2c_v2.lib(flash_extdrv_i2c_v2.o)
    0x00202378   0x00000018   Code   RO         1494    i.i2c_io_init       extdrv_i2c_v2.lib(flash_extdrv_i2c_v2.o)
    0x00202390   0x0000005c   Code   RO         1495    i.i2c_qup_config    extdrv_i2c_v2.lib(flash_extdrv_i2c_v2.o)
    0x002023ec   0x00000040   Code   RO         1496    i.i2c_qup_init      extdrv_i2c_v2.lib(flash_extdrv_i2c_v2.o)
    0x0020242c   0x00000024   Code   RO         1497    i.i2c_read_complete_check  extdrv_i2c_v2.lib(flash_extdrv_i2c_v2.o)
    0x00202450   0x00000002   Code   RO         1498    i.i2c_reconfigure   extdrv_i2c_v2.lib(flash_extdrv_i2c_v2.o)
    0x00202452   0x00000002   PAD
    0x00202454   0x00000024   Code   RO         1499    i.i2c_state_error_check  extdrv_i2c_v2.lib(flash_extdrv_i2c_v2.o)
    0x00202478   0x00000024   Code   RO         1500    i.i2c_write_complete_check  extdrv_i2c_v2.lib(flash_extdrv_i2c_v2.o)
    0x0020249c   0x00000044   Code   RO          593    i.init_buffer_descriptor  nor_arm.lib(nor_wrapper.o)
    0x002024e0   0x0000000e   Code   RO          594    i.init_page_param   nor_arm.lib(nor_wrapper.o)
    0x002024ee   0x0000000a   Code   RO          595    i.init_partial_page_param  nor_arm.lib(nor_wrapper.o)
    0x002024f8   0x0000000a   Code   RO         1281    i.kick_watchdog     DALflash.lib(flash_properties.o)
    0x00202502   0x00000002   PAD
    0x00202504   0x000000a8   Code   RO          173    i.main_c            nor_common.lib(nor_entry.o)
    0x002025ac   0x00000060   Code   RO          536    i.malloc            DALFwk.lib(DALHeap.o)
    0x0020260c   0x00000014   Code   RO           59    i.mdelay            nor_common.lib(nor_core.o)
    0x00202620   0x00000024   Code   RO            6    i.memory_init       nor_arm.lib(nor_mem_init.o)
    0x00202644   0x0000001e   Code   RO          569    i.memscpy           libstd.lib(memscpy.o)
    0x00202662   0x00000006   Code   RO         1347    i.nor_entry_begin_erase_block  DALflash_i2c_nor.lib(flash_nor_entry_reduced.o)
    0x00202668   0x00000006   Code   RO         1348    i.nor_entry_block_get_state  DALflash_i2c_nor.lib(flash_nor_entry_reduced.o)
    0x0020266e   0x00000006   Code   RO         1349    i.nor_entry_block_set_state  DALflash_i2c_nor.lib(flash_nor_entry_reduced.o)
    0x00202674   0x00000004   Code   RO         1350    i.nor_entry_close   DALflash_i2c_nor.lib(flash_nor_entry_reduced.o)
    0x00202678   0x00000006   Code   RO         1351    i.nor_entry_copy_pages  DALflash_i2c_nor.lib(flash_nor_entry_reduced.o)
    0x0020267e   0x00000014   Code   RO         1352    i.nor_entry_deinit  DALflash_i2c_nor.lib(flash_nor_entry_reduced.o)
    0x00202692   0x00000002   PAD
    0x00202694   0x00000040   Code   RO         1353    i.nor_entry_device_probe_reduced  DALflash_i2c_nor.lib(flash_nor_entry_reduced.o)
    0x002026d4   0x00000006   Code   RO         1354    i.nor_entry_erase_blocks  DALflash_i2c_nor.lib(flash_nor_entry_reduced.o)
    0x002026da   0x00000006   Code   RO         1355    i.nor_entry_erase_blocks_by_size  DALflash_i2c_nor.lib(flash_nor_entry_reduced.o)
    0x002026e0   0x00000006   Code   RO         1356    i.nor_entry_erase_resume  DALflash_i2c_nor.lib(flash_nor_entry_reduced.o)
    0x002026e6   0x00000006   Code   RO         1357    i.nor_entry_erase_suspend  DALflash_i2c_nor.lib(flash_nor_entry_reduced.o)
    0x002026ec   0x00000016   Code   RO         1358    i.nor_entry_get_info  DALflash_i2c_nor.lib(flash_nor_entry_reduced.o)
    0x00202702   0x00000006   Code   RO         1359    i.nor_entry_get_status  DALflash_i2c_nor.lib(flash_nor_entry_reduced.o)
    0x00202708   0x00000006   Code   RO         1360    i.nor_entry_get_uuid  DALflash_i2c_nor.lib(flash_nor_entry_reduced.o)
    0x0020270e   0x0000001c   Code   RO         1361    i.nor_entry_open_partition  DALflash_i2c_nor.lib(flash_nor_entry_reduced.o)
    0x0020272a   0x00000006   Code   RO         1362    i.nor_entry_power_event  DALflash_i2c_nor.lib(flash_nor_entry_reduced.o)
    0x00202730   0x00000020   Code   RO         1363    i.nor_entry_read_pages  DALflash_i2c_nor.lib(flash_nor_entry_reduced.o)
    0x00202750   0x00000006   Code   RO         1364    i.nor_entry_read_pointer  DALflash_i2c_nor.lib(flash_nor_entry_reduced.o)
    0x00202756   0x00000006   Code   RO         1365    i.nor_entry_set_power_mode  DALflash_i2c_nor.lib(flash_nor_entry_reduced.o)
    0x0020275c   0x00000006   Code   RO         1366    i.nor_entry_write_2x_pages  DALflash_i2c_nor.lib(flash_nor_entry_reduced.o)
    0x00202762   0x00000020   Code   RO         1367    i.nor_entry_write_pages  DALflash_i2c_nor.lib(flash_nor_entry_reduced.o)
    0x00202782   0x00000006   Code   RO         1368    i.nor_entry_write_partial_page  DALflash_i2c_nor.lib(flash_nor_entry_reduced.o)
    0x00202788   0x00000004   Code   RO         1588    i.nor_i2c_close     DALflash_i2c_nor.lib(flash_nor_i2c_init.o)
    0x0020278c   0x00000064   Code   RO         1589    i.nor_i2c_configure  DALflash_i2c_nor.lib(flash_nor_i2c_init.o)
    0x002027f0   0x000000a8   Code   RO         1590    i.nor_i2c_configure_device_ctxt  DALflash_i2c_nor.lib(flash_nor_i2c_init.o)
    0x00202898   0x0000000a   Code   RO         1591    i.nor_i2c_configure_pdata  DALflash_i2c_nor.lib(flash_nor_i2c_init.o)
    0x002028a2   0x0000000a   Code   RO         1592    i.nor_i2c_deinit    DALflash_i2c_nor.lib(flash_nor_i2c_init.o)
    0x002028ac   0x00000092   Code   RO         1728    i.nor_i2c_get_info  DALflash_i2c_nor.lib(flash_nor_i2c_core.o)
    0x0020293e   0x00000002   PAD
    0x00202940   0x0000003c   Code   RO         1593    i.nor_i2c_init      DALflash_i2c_nor.lib(flash_nor_i2c_init.o)
    0x0020297c   0x00000084   Code   RO         1594    i.nor_i2c_init_client_info  DALflash_i2c_nor.lib(flash_nor_i2c_init.o)
    0x00202a00   0x00000016   Code   RO         1595    i.nor_i2c_mem_deinit  DALflash_i2c_nor.lib(flash_nor_i2c_init.o)
    0x00202a16   0x00000004   Code   RO         1596    i.nor_i2c_open_partition  DALflash_i2c_nor.lib(flash_nor_i2c_init.o)
    0x00202a1a   0x00000002   PAD
    0x00202a1c   0x000000d4   Code   RO         1597    i.nor_i2c_probe     DALflash_i2c_nor.lib(flash_nor_i2c_init.o)
    0x00202af0   0x00000018   Code   RO         1598    i.nor_i2c_read_op   DALflash_i2c_nor.lib(flash_nor_i2c_init.o)
    0x00202b08   0x00000064   Code   RO         1729    i.nor_i2c_read_pages  DALflash_i2c_nor.lib(flash_nor_i2c_core.o)
    0x00202b6c   0x00000018   Code   RO         1599    i.nor_i2c_write_op  DALflash_i2c_nor.lib(flash_nor_i2c_init.o)
    0x00202b84   0x0000006a   Code   RO         1730    i.nor_i2c_write_pages  DALflash_i2c_nor.lib(flash_nor_i2c_core.o)
    0x00202bee   0x0000001c   Code   RO          743    i.nor_utils_strcpy  nor_arm.lib(nor_utils.o)
    0x00202c0a   0x00000002   PAD
    0x00202c0c   0x0000006c   Code   RO          649    i.run_flash_api_tests  nor_arm.lib(nor_stress.o)
    0x00202c78   0x00000150   Code   RO         1788    x$fpl$dadd          fz_2s.l(daddsub_clz.o)
    0x00202dc8   0x0000005a   Code   RO         1794    x$fpl$dfixu         fz_2s.l(dfixu.o)
    0x00202e22   0x00000026   Code   RO         1798    x$fpl$dfltu         fz_2s.l(dflt_clz.o)
    0x00202e48   0x00000154   Code   RO         1804    x$fpl$dmul          fz_2s.l(dmul.o)
    0x00202f9c   0x0000009c   Code   RO         1816    x$fpl$dnaninf       fz_2s.l(dnaninf.o)
    0x00203038   0x0000000c   Code   RO         1818    x$fpl$dretinf       fz_2s.l(dretinf.o)
    0x00203044   0x000001d4   Code   RO         1790    x$fpl$dsub          fz_2s.l(daddsub_clz.o)
    0x00203218   0x00000000   Code   RO         1820    x$fpl$usenofp       fz_2s.l(usenofp.o)
    0x00203218   0x0000000c   Data   RO          249    .constdata          DALFwk.lib(DALModEnv.o)
    0x00203224   0x0000007e   Data   RO          250    .constdata          DALFwk.lib(DALModEnv.o)
    0x002032a2   0x00000002   PAD
    0x002032a4   0x00000074   Data   RO          820    .constdata          DALConfig.lib(DALConfig_boot.o)
    0x00203318   0x00000010   Data   RO          821    .constdata          DALConfig.lib(DALConfig_boot.o)
    0x00203328   0x0000000c   Data   RO         1001    .constdata          DALflash.lib(flash_dal_info.o)
    0x00203334   0x00000070   Data   RO         1052    .constdata          DALflash.lib(flash_dal_fwk.o)


    Execution Region APP_RAM (Base: 0x002033a4, Size: 0x00006cc0, Max: 0xffffffff, ABSOLUTE)

    Base Addr    Size         Type   Attr      Idx    E Section Name        Object

    0x002033a4   0x00000004   Data   RW            7    .data               nor_arm.lib(nor_mem_init.o)
    0x002033a8   0x00000004   Data   RW           62    .data               nor_common.lib(nor_core.o)
    0x002033ac   0x00000004   Data   RW          175    .data               nor_common.lib(nor_entry.o)
    0x002033b0   0x00000004   Data   RW          251    .data               DALFwk.lib(DALModEnv.o)
    0x002033b4   0x00000008   Data   RW          252    .data               DALFwk.lib(DALModEnv.o)
    0x002033bc   0x00000020   Data   RW          537    .data               DALFwk.lib(DALHeap.o)
    0x002033dc   0x00000008   Data   RW          597    .data               nor_arm.lib(nor_wrapper.o)
    0x002033e4   0x00000018   Data   RW          651    .data               nor_arm.lib(nor_stress.o)
    0x002033fc   0x00000004   Data   RW          712    .data               nor_arm.lib(nor_dump.o)
    0x00203400   0x00000024   Data   RW          745    .data               nor_arm.lib(nor_utils.o)
    0x00203424   0x00000004   Data   RW          822    .data               DALConfig.lib(DALConfig_boot.o)
    0x00203428   0x00000008   Data   RW          835    .data               DALConfig.lib(DALModDir_boot.o)
    0x00203430   0x00000008   Data   RW          836    .data               DALConfig.lib(DALModDir_boot.o)
    0x00203438   0x00000010   Data   RW         1002    .data               DALflash.lib(flash_dal_info.o)
    0x00203448   0x000001c0   Data   RW         1053    .data               DALflash.lib(flash_dal_fwk.o)
    0x00203608   0x00000018   Data   RW         1282    .data               DALflash.lib(flash_properties.o)
    0x00203620   0x00000054   Data   RW         1369    .data               DALflash_i2c_nor.lib(flash_nor_entry_reduced.o)
    0x00203674   0x00000498   Data   RW         1467    .data               DALflash_i2c_nor.lib(flash_nor_i2c_config.o)
    0x00203b0c   0x00000048   Data   RW         1468    .data               DALflash_i2c_nor.lib(flash_nor_i2c_config.o)
    0x00203b54   0x00000060   Data   RW         1501    .data               extdrv_i2c_v2.lib(flash_extdrv_i2c_v2.o)
    0x00203bb4   0x00000054   Data   RW         1731    .data               DALflash_i2c_nor.lib(flash_nor_i2c_core.o)
    0x00203c08   0x00000018   PAD
    0x00203c20   0x00001b20   Zero   RW           60    .bss                nor_common.lib(nor_core.o)
    0x00205740   0x00001000   Zero   RW           61    .bss                nor_common.lib(nor_core.o)
    0x00206740   0x00000960   Zero   RW          174    .bss                nor_common.lib(nor_entry.o)
    0x002070a0   0x00000020   Zero   RW          248    .bss                DALFwk.lib(DALModEnv.o)
    0x002070c0   0x00000248   Zero   RW          596    .bss                nor_arm.lib(nor_wrapper.o)
    0x00207308   0x00002c00   Zero   RW          650    .bss                nor_arm.lib(nor_stress.o)
    0x00209f08   0x00000090   Zero   RW          711    .bss                nor_arm.lib(nor_dump.o)
    0x00209f98   0x000000b0   Zero   RW          744    .bss                nor_arm.lib(nor_utils.o)
    0x0020a048   0x00000010   Zero   RW          807    .bss                nor_config_v1.lib(nor_core_v1.o)
    0x0020a058   0x0000000c   Zero   RW         1600    .bss                DALflash_i2c_nor.lib(flash_nor_i2c_init.o)


    Execution Region PARAM (Base: 0x0021e000, Size: 0x00008020, Max: 0xffffffff, ABSOLUTE)

    Base Addr    Size         Type   Attr      Idx    E Section Name        Object

    0x0021e000   0x00008020   Zero   RW          796    .bss                nor_common.lib(nor_param.o)


==============================================================================

Image component sizes


      Code (inc. data)   RO Data    RW Data    ZI Data      Debug   Object Name

       108         22          0          0          0        664   nor_start.o

    ----------------------------------------------------------------------
       108         22          0          0          0        664   Object Totals
         0          0          0          0          0          0   (incl. Generated)
         0          0          0          0          0          0   (incl. Padding)

    ----------------------------------------------------------------------

      Code (inc. data)   RO Data    RW Data    ZI Data      Debug   Library Member Name

         0          0        132          4          0       1195   DALConfig_boot.o
         0          0          0         16          0       1116   DALModDir_boot.o
       178         12          0         32          0       5483   DALHeap.o
       124          6          0          0          0       4166   DALMemDesc.o
       442        108        138         12         32      28651   DALModEnv.o
        68          0          0          0          0       1903   DALProps.o
       338          0          0          0          0       5782   dalfwkbase.o
       164          0          0          0          0       5896   flash_dal.o
       832         24        112        448          0      25367   flash_dal_fwk.o
         0          0         12         16          0      11138   flash_dal_info.o
        28          0          0          0          0       1519   flash_dal_util.o
       122         38          0         24          0       6886   flash_properties.o
       292          4          0         84          0      16745   flash_nor_entry_reduced.o
        24         12          0       1248          0       2284   flash_nor_i2c_config.o
       352          0          0         84          0       4260   flash_nor_i2c_core.o
       770         46          0          0         12      11450   flash_nor_i2c_init.o
        16          0          0          0          0         72   abort.o
        16          0          0          0          0         68   aeabi_memset.o
       604          0          0          0          0        144   aeabi_sdivfast_rs.o
       128         42          0          0          0         76   assert.o
        20          0          0          0          0         76   assert_puts.o
        48         34          0          0          0         76   defsig_abrt_inner.o
        14          0          0          0          0         80   defsig_abrt_outer.o
        10          0          0          0          0         68   defsig_exit.o
        50          0          0          0          0         88   defsig_general.o
         0          0          0          0          0          0   indicate_semi.o
        88          0          0          0          0         76   memcmp.o
        68          0          0          0          0         68   rt_memclr.o
        78          0          0          0          0         80   rt_memclr_w.o
       212          0          0          0          0         68   rt_memcpy.o
       100          0          0          0          0         80   rt_memcpy_w.o
        12          4          0          0          0         68   sys_exit.o
        14          0          0          0          0         76   sys_wrch.o
         2          0          0          0          0         68   use_no_semi.o
      1238        118          0         96          0      19633   flash_extdrv_i2c_v2.o
       804         16          0          0          0        280   daddsub_clz.o
        90          4          0          0          0         92   dfixu.o
        38          0          0          0          0         68   dflt_clz.o
       340         12          0          0          0        104   dmul.o
       156          4          0          0          0         92   dnaninf.o
        12          0          0          0          0         68   dretinf.o
         0          0          0          0          0          0   usenofp.o
        30          0          0          0          0       1418   memscpy.o
       240         24          0          4        144      10060   nor_dump.o
        36          8          0          4          0       8023   nor_mem_init.o
      1894         92          0         24      11264      26015   nor_stress.o
       788        100          0         36        176      15550   nor_utils.o
       480         40          0          8        584      24471   nor_wrapper.o
      1058         70          0          4      11040      32991   nor_core.o
       168         14          0          4       2400       2464   nor_entry.o
         0          0          0          0      32800        833   nor_param.o
        96         16          0          0         16       1780   nor_core_v1.o

    ----------------------------------------------------------------------
     12716        848        396       2148      58492     279115   Library Totals
        34          0          2          0         24          0   (incl. Padding)

    ----------------------------------------------------------------------

      Code (inc. data)   RO Data    RW Data    ZI Data      Debug   Library Name

         0          0        132         20          0       2311   DALConfig.lib
      1150        126        138         44         32      45985   DALFwk.lib
      1146         62        124        488          0      50806   DALflash.lib
      1438         62          0       1416         12      34739   DALflash_i2c_nor.lib
      1480         80          0          0          0       1332   c_2.l
      1238        118          0         96          0      19633   extdrv_i2c_v2.lib
      1440         36          0          0          0        704   fz_2s.l
        30          0          0          0          0       1418   libstd.lib
      3438        264          0         76      12168      84119   nor_arm.lib
      1226         84          0          8      46240      36288   nor_common.lib
        96         16          0          0         16       1780   nor_config_v1.lib

    ----------------------------------------------------------------------
     12716        848        396       2148      58492     279115   Library Totals

    ----------------------------------------------------------------------

==============================================================================


      Code (inc. data)   RO Data    RW Data    ZI Data      Debug   

     12824        870        396       2148      58492     271983   Grand Totals
     12824        870        396       2148      58492     271983   ELF Image Totals
     12824        870        396       2148          0          0   ROM Totals

==============================================================================

    Total RO  Size (Code + RO Data)                13220 (  12.91kB)
    Total RW  Size (RW Data + ZI Data)             60640 (  59.22kB)
    Total ROM Size (Code + RO Data + RW Data)      15368 (  15.01kB)

==============================================================================

