ARM Linker, 5.01 [Build 94] 

==============================================================================

Image Symbol Table

    Local Symbols

    Symbol Name                              Value     Ov Type        Size  Object(Section)

    ../clib/angel/rt.s                       0x00000000   Number         0  aeabi_ldiv0_sigfpe.o ABSOLUTE
    ../clib/angel/rt.s                       0x00000000   Number         0  rt_div0.o ABSOLUTE
    ../clib/angel/rt.s                       0x00000000   Number         0  aeabi_ldiv0.o ABSOLUTE
    ../clib/angel/rt.s                       0x00000000   Number         0  aeabi_idiv0_sigfpe.o ABSOLUTE
    ../clib/angel/rt.s                       0x00000000   Number         0  rt_raise.o ABSOLUTE
    ../clib/angel/rt.s                       0x00000000   Number         0  aeabi_idiv0.o ABSOLUTE
    ../clib/angel/sys.s                      0x00000000   Number         0  use_no_semi.o ABSOLUTE
    ../clib/angel/sys.s                      0x00000000   Number         0  indicate_semi.o ABSOLUTE
    ../clib/angel/sysapp.c                   0x00000000   Number         0  sys_wrch.o ABSOLUTE
    ../clib/angel/sysapp.c                   0x00000000   Number         0  sys_exit.o ABSOLUTE
    ../clib/assert.c                         0x00000000   Number         0  assert_puts.o ABSOLUTE
    ../clib/assert.c                         0x00000000   Number         0  assert.o ABSOLUTE
    ../clib/division.s                       0x00000000   Number         0  aeabi_sdivfast_rs.o ABSOLUTE
    ../clib/division.s                       0x00000000   Number         0  aeabi_sdivfast_rs_div0.o ABSOLUTE
    ../clib/divrt.s                          0x00000000   Number         0  divrt_9e_div0.o ABSOLUTE
    ../clib/divrt.s                          0x00000000   Number         0  divrt_9e.o ABSOLUTE
    ../clib/longlong.s                       0x00000000   Number         0  lludiv5.o ABSOLUTE
    ../clib/memcpset.s                       0x00000000   Number         0  strcmp.o ABSOLUTE
    ../clib/memcpset.s                       0x00000000   Number         0  rt_memclr_w.o ABSOLUTE
    ../clib/memcpset.s                       0x00000000   Number         0  rt_memclr.o ABSOLUTE
    ../clib/memcpset.s                       0x00000000   Number         0  aeabi_memset.o ABSOLUTE
    ../clib/memcpset.s                       0x00000000   Number         0  memset.o ABSOLUTE
    ../clib/memcpset.s                       0x00000000   Number         0  rt_memcpy_w.o ABSOLUTE
    ../clib/memcpset.s                       0x00000000   Number         0  rt_memcpy.o ABSOLUTE
    ../clib/memcpset.s                       0x00000000   Number         0  memcpy.o ABSOLUTE
    ../clib/signal.c                         0x00000000   Number         0  defsig_other.o ABSOLUTE
    ../clib/signal.c                         0x00000000   Number         0  defsig_segv_inner.o ABSOLUTE
    ../clib/signal.c                         0x00000000   Number         0  defsig_cppl_inner.o ABSOLUTE
    ../clib/signal.c                         0x00000000   Number         0  defsig_pvfn_inner.o ABSOLUTE
    ../clib/signal.c                         0x00000000   Number         0  defsig_stak_inner.o ABSOLUTE
    ../clib/signal.c                         0x00000000   Number         0  defsig_rtmem_inner.o ABSOLUTE
    ../clib/signal.c                         0x00000000   Number         0  defsig_rtred_inner.o ABSOLUTE
    ../clib/signal.c                         0x00000000   Number         0  defsig_fpe_inner.o ABSOLUTE
    ../clib/signal.c                         0x00000000   Number         0  defsig_general.o ABSOLUTE
    ../clib/signal.c                         0x00000000   Number         0  __raise.o ABSOLUTE
    ../clib/signal.c                         0x00000000   Number         0  defsig_fpe_formal.o ABSOLUTE
    ../clib/signal.c                         0x00000000   Number         0  defsig_fpe_outer.o ABSOLUTE
    ../clib/signal.c                         0x00000000   Number         0  defsig_abrt_inner.o ABSOLUTE
    ../clib/signal.c                         0x00000000   Number         0  defsig_abrt_outer.o ABSOLUTE
    ../clib/signal.c                         0x00000000   Number         0  defsig_abrt_formal.o ABSOLUTE
    ../clib/signal.c                         0x00000000   Number         0  defsig_exit.o ABSOLUTE
    ../clib/signal.s                         0x00000000   Number         0  defsig.o ABSOLUTE
    ../clib/stdlib.c                         0x00000000   Number         0  abort.o ABSOLUTE
    ../clib/string.c                         0x00000000   Number         0  memcmp.o ABSOLUTE
    ../clib/string.c                         0x00000000   Number         0  strlen.o ABSOLUTE
    ../clib/string.c                         0x00000000   Number         0  strncmp.o ABSOLUTE
    ../clib/unhosted.s                       0x00000000   Number         0  uread4.o ABSOLUTE
[...]
    DALSYS_BusyWait                          0x0800a15f   Thumb Code     4  DALModEnv.o(.text)
    DALSYS_MemDescAddBuf                     0x0800a163   Thumb Code     6  DALModEnv.o(.text)
    DALSYS_MemDescPrepare                    0x0800a169   Thumb Code     6  DALModEnv.o(.text)
    DALSYS_MemDescValidate                   0x0800a16f   Thumb Code     6  DALModEnv.o(.text)
    DALSYS_GetDALPropertyHandle              0x0800a175   Thumb Code     4  DALModEnv.o(.text)
    DALSYS_GetPropertyValue                  0x0800a179   Thumb Code     4  DALModEnv.o(.text)
    DALSYS_InitSystemHandle                  0x0800a17d   Thumb Code     2  DALModEnv.o(.text)
    DAL_DeviceDetach                         0x0800a1d3   Thumb Code    52  DALModEnv.o(.text)
    DAL_DeviceAttachLocal                    0x0800a207   Thumb Code    74  DALModEnv.o(.text)
    DAL_DeviceAttachEx                       0x0800a251   Thumb Code   212  DALModEnv.o(.text)
    DAL_DeviceAttach                         0x0800a325   Thumb Code    62  DALModEnv.o(.text)
    DAL_StringDeviceAttachLocal              0x0800a397   Thumb Code    74  DALModEnv.o(.text)
    DAL_StringDeviceAttach                   0x0800a3e1   Thumb Code     8  DALModEnv.o(.text)
    DAL_StringDeviceAttachEx                 0x0800a3e9   Thumb Code    82  DALModEnv.o(.text)
    DAL_DeviceAttachRemote                   0x0800a43b   Thumb Code     6  DALModEnv.o(.text)
    crc_16_calc                              0x0800a449   Thumb Code    96  crc.o(.text)
    crc_16_l_calc                            0x0800a4a9   Thumb Code    92  crc.o(.text)
    crc_30_calc                              0x0800a505   Thumb Code    92  crc.o(.text)
    crc_30_step                              0x0800a561   Thumb Code    96  crc.o(.text)
    crc_16_step                              0x0800a5c1   Thumb Code    42  crc.o(.text)
    crc_16_l_step                            0x0800a5eb   Thumb Code    42  crc.o(.text)
    crc_32_calc                              0x0800a615   Thumb Code    84  crc.o(.text)
    Clock_SBLConfig                          0x0800a7e1   Thumb Code     4  ClockSBLConfig.o(.text)
    Clock_SourceMapToMux                     0x0800a7e5   Thumb Code    24  ClockSBLConfig.o(.text)
    Clock_MuxMapToSource                     0x0800a7fd   Thumb Code     4  ClockSBLConfig.o(.text)
    Clock_SourceMapToGCC                     0x0800a801   Thumb Code    34  ClockSBLConfig.o(.text)
    Clock_SourceMapToAPCS                    0x0800a823   Thumb Code    34  ClockSBLConfig.o(.text)
    Clock_EnableSource                       0x0800a845   Thumb Code   166  ClockSBLConfig.o(.text)
    Clock_ConfigureSource                    0x0800a8eb   Thumb Code   204  ClockSBLConfig.o(.text)
    Clock_SetCPUPerfLevel                    0x0800a9d5   Thumb Code   130  ClockSBLCPU.o(.text)
    Clock_SetL2PerfLevel                     0x0800aa57   Thumb Code     4  ClockSBLCPU.o(.text)
    Clock_GetChipId                          0x0800aa65   Thumb Code     4  ClockTLMMSpareStub.o(.text)
    Clock_ExtBuckGPIOMisc                    0x0800aa69   Thumb Code     4  ClockTLMMSpareStub.o(.text)
    Clock_TriggerUpdate                      0x0800aa6d   Thumb Code    50  ClockSBLCommon.o(.text)
    Clock_ConfigurePLL                       0x0800aa9f   Thumb Code   310  ClockSBLCommon.o(.text)
    Clock_EnablePLL                          0x0800abd5   Thumb Code   254  ClockSBLCommon.o(.text)
    Clock_DisablePLL                         0x0800acd3   Thumb Code   110  ClockSBLCommon.o(.text)
    Clock_IsPLLEnabled                       0x0800ad41   Thumb Code    42  ClockSBLCommon.o(.text)
    Clock_ConfigMux                          0x0800ad6b   Thumb Code   172  ClockSBLCommon.o(.text)
    Clock_ToggleClock                        0x0800ae17   Thumb Code    40  ClockSBLCommon.o(.text)
    Clock_DetectMuxCfg                       0x0800ae3f   Thumb Code    40  ClockSBLCommon.o(.text)
    pm_comm_read_byte                        0x0800ae67   Thumb Code    46  pm_comm_spmi_lite.o(.text)
    pm_comm_read_byte_mask                   0x0800ae95   Thumb Code    28  pm_comm_spmi_lite.o(.text)
    pm_comm_write_byte                       0x0800aeb1   Thumb Code    34  pm_comm_spmi_lite.o(.text)
    pm_comm_write_byte_mask                  0x0800aed3   Thumb Code    88  pm_comm_spmi_lite.o(.text)
    pm_comm_write_byte_array                 0x0800af2b   Thumb Code    28  pm_comm_spmi_lite.o(.text)
    pm_comm_read_byte_array                  0x0800af47   Thumb Code    40  pm_comm_spmi_lite.o(.text)
    pm_version_detect                        0x0800af71   Thumb Code   246  pm_version.o(.text)
    pm_get_pmic_model                        0x0800b067   Thumb Code    30  pm_version.o(.text)
    pm_get_pmic_revision                     0x0800b085   Thumb Code    32  pm_version.o(.text)
    pm_get_slave_id                          0x0800b0a5   Thumb Code    62  pm_version.o(.text)
    pm_get_num_slaves_per_pmic               0x0800b0e3   Thumb Code     4  pm_version.o(.text)
    pm_get_pmic_info                         0x0800b0e7   Thumb Code    44  pm_version.o(.text)
    pm_resolve_chip_revision                 0x0800b113   Thumb Code    56  pm_version.o(.text)
    qhsusb_fd_hdlc_set_core                  0x0800b2e5   Thumb Code    40  qhsusb_fd_hdlc.o(.text)
    qhsusb_fd_set_bulk_mode                  0x0800b30d   Thumb Code    16  qhsusb_fd_hdlc.o(.text)
    qhsusb_fd_hdlc_init                      0x0800b33d   Thumb Code   486  qhsusb_fd_hdlc.o(.text)
    qhsusb_fd_hdlc_shutdown                  0x0800b523   Thumb Code    22  qhsusb_fd_hdlc.o(.text)
    qhsusb_fd_hdlc_tx_byte                   0x0800b539   Thumb Code   132  qhsusb_fd_hdlc.o(.text)
    qhsusb_fd_hdlc_tx_pkt                    0x0800b5bd   Thumb Code   196  qhsusb_fd_hdlc.o(.text)
    qhsusb_fd_hdlc_is_tx_active              0x0800b681   Thumb Code    46  qhsusb_fd_hdlc.o(.text)
    qhsusb_fd_hdlc_rx_pkt                    0x0800b6af   Thumb Code    76  qhsusb_fd_hdlc.o(.text)
    qhsusb_fd_hdlc_rx_completed              0x0800b6fb   Thumb Code    20  qhsusb_fd_hdlc.o(.text)
    qhsusb_fd_hdlc_update_vid_pid            0x0800b70f   Thumb Code    30  qhsusb_fd_hdlc.o(.text)
    qhsusb_fd_hdlc_get_vid_pid               0x0800b72d   Thumb Code    40  qhsusb_fd_hdlc.o(.text)
    qhsusb_fd_hdlc_rx_completed_int_buf_mode 0x0800b755   Thumb Code    26  qhsusb_fd_hdlc.o(.text)
    qhsusb_fd_hdlc_bulk_in_progress          0x0800b76f   Thumb Code     4  qhsusb_fd_hdlc.o(.text)
    qhsusb_dcd_set_config                    0x0800b835   Thumb Code   226  qhsusb_dcd_ch9.o(.text)
    qhsusb_submit_urb                        0x0800b917   Thumb Code    44  qhsusb_dcd_ch9.o(.text)
    qhsusb_dcd_control_transfer              0x0800b943   Thumb Code    46  qhsusb_dcd_ch9.o(.text)
    qhsusb_dcd_port_status_changed           0x0800bc1d   Thumb Code    92  qhsusb_dcd_ch9.o(.text)
    qhsusb_dcd_init                          0x0800bd21   Thumb Code    82  qhsusb_dcd_ch9.o(.text)
    qhsusb_dcd_poll                          0x0800bd73   Thumb Code    12  qhsusb_dcd_ch9.o(.text)
    qhsusb_dcd_shutdown                      0x0800bd7f   Thumb Code    56  qhsusb_dcd_ch9.o(.text)
    qhsusb_dcd_is_enumerated                 0x0800bdb7   Thumb Code    22  qhsusb_dcd_ch9.o(.text)
    qhsusb_dci_enable_test_mode              0x0800bdd9   Thumb Code    64  qhsusb_dci.o(.text)
    qhsusb_dci_get_enum_flag                 0x0800be19   Thumb Code     6  qhsusb_dci.o(.text)
    dci_skip_enumeration                     0x0800bea5   Thumb Code    28  qhsusb_dci.o(.text)
    qhsusb_loop_here                         0x0800bec1   Thumb Code    10  qhsusb_dci.o(.text)
    qhsusb_dci_init                          0x0800becb   Thumb Code   174  qhsusb_dci.o(.text)
    qhsusb_dci_poll_events                   0x0800c103   Thumb Code   146  qhsusb_dci.o(.text)
    qhsusb_dci_set_address                   0x0800c195   Thumb Code    18  qhsusb_dci.o(.text)
    qhsusb_dci_stall_endpoint                0x0800c1a7   Thumb Code   110  qhsusb_dci.o(.text)
    qhsusb_dci_unstall_endpoint              0x0800c215   Thumb Code    94  qhsusb_dci.o(.text)
    qhsusb_dci_config_endpoint               0x0800c273   Thumb Code   162  qhsusb_dci.o(.text)
    qhsusb_dci_unconfig_endpoint             0x0800c315   Thumb Code    72  qhsusb_dci.o(.text)
    qhsusb_dci_transfer_request              0x0800c5a1   Thumb Code   208  qhsusb_dci.o(.text)
    qhsusb_dci_cancel_transfer               0x0800c671   Thumb Code   170  qhsusb_dci.o(.text)
    qhsusb_dci_cancel_transfer_wo_dqh_dtd    0x0800c71b   Thumb Code    80  qhsusb_dci.o(.text)
    qhsusb_dci_shutdown                      0x0800c76b   Thumb Code    86  qhsusb_dci.o(.text)
    qhsusb_dci_start_timer                   0x0800c7c1   Thumb Code    84  qhsusb_dci.o(.text)
    qhsusb_dci_stop_timer                    0x0800c815   Thumb Code    32  qhsusb_dci.o(.text)
    qhsusb_dci_get_time_usec                 0x0800c835   Thumb Code    48  qhsusb_dci.o(.text)
    qhsusb_dci_get_speed                     0x0800c865   Thumb Code    10  qhsusb_dci.o(.text)
    qhsusb_dci_set_max_packet_size           0x0800c86f   Thumb Code     6  qhsusb_dci.o(.text)
    qhsusb_dci_is_suspended                  0x0800c875   Thumb Code    16  qhsusb_dci.o(.text)
    qhsusb_dci_get_line_state                0x0800c885   Thumb Code    10  qhsusb_dci.o(.text)
    qhsusb_dci_set_runstop_bit               0x0800c88f   Thumb Code    12  qhsusb_dci.o(.text)
    qhsusb_dci_ulpi_read                     0x0800c89b   Thumb Code    64  qhsusb_dci.o(.text)
    qhsusb_dci_ulpi_write                    0x0800c8db   Thumb Code    88  qhsusb_dci.o(.text)
    qhsusb_dci_detect_charger_type           0x0800c933   Thumb Code    10  qhsusb_dci.o(.text)
    qhsusb_dci_set_enum_flag                 0x0800c93d   Thumb Code     6  qhsusb_dci.o(.text)
    qhsusb_dci_write_scratch                 0x0800c943   Thumb Code    12  qhsusb_dci.o(.text)
    qhsusb_dci_read_scratch                  0x0800c94f   Thumb Code    16  qhsusb_dci.o(.text)
    dci_set_bulk_progress                    0x0800c95f   Thumb Code     6  qhsusb_dci.o(.text)
    SpmiMaster_LoadFirmware                  0x0800c981   Thumb Code   224  GeniImage.o(.text)
    DALSYS_HeapInit                          0x0800caa1   Thumb Code    56  DALHeap.o(.text)
    IsExternalMemReady                       0x0800cad9   Thumb Code    16  DALHeap.o(.text)
    malloc                                   0x0800cae9   Thumb Code    92  DALHeap.o(.text)
    free                                     0x0800cb45   Thumb Code     2  DALHeap.o(.text)
    _DALSYS_GetDALPropertyHandle             0x0800cb4d   Thumb Code    68  DALProps.o(.text)
    DAL_StringDeviceObjectLookup             0x0800cbb1   Thumb Code   228  DALProps.o(.text)
    DALSYS_GetDALPropertyHandleStr           0x0800cc95   Thumb Code    60  DALProps.o(.text)
    _DALSYS_GetPropertyValue                 0x0800ceab   Thumb Code   174  DALProps.o(.text)
    flash_prog_erase_bad_block_table         0x0800cf75   Thumb Code   246  nand_core.o(.text)
    flash_prog_write_current_page            0x0800d191   Thumb Code   426  nand_core.o(.text)
    flash_prog_write_magic_number_page       0x0800d33b   Thumb Code   102  nand_core.o(.text)
    flash_prog_write_partial_page_data       0x0800d3a1   Thumb Code    32  nand_core.o(.text)
    flash_prog_erase_partition               0x0800d589   Thumb Code   114  nand_core.o(.text)
    flash_prog_erase_some_of_chip            0x0800d5fb   Thumb Code   138  nand_core.o(.text)
    flash_prog_erase_chip                    0x0800d685   Thumb Code     4  nand_core.o(.text)
    flash_prog_find_starting_erase_block     0x0800d689   Thumb Code   144  nand_core.o(.text)
    flash_prog_set_security_mode             0x0800d719   Thumb Code    66  nand_core.o(.text)
    flash_prog_init_parti                    0x0800d75b   Thumb Code   442  nand_core.o(.text)
    flash_prog_deinit_tools                  0x0800d915   Thumb Code    44  nand_core.o(.text)
    flash_prog_program_img                   0x0800d941   Thumb Code   456  nand_core.o(.text)
    flash_prog_str2int                       0x0800db09   Thumb Code    42  nand_core.o(.text)
    flash_prog_program_factory_img           0x0800de99   Thumb Code   912  nand_core.o(.text)
    flash_prog_program_flash_bin             0x0800e229   Thumb Code  1260  nand_core.o(.text)
    flash_prog_get_flash_info                0x0800e715   Thumb Code    78  nand_core.o(.text)
    mdelay                                   0x0800e763   Thumb Code    18  nand_core.o(.text)
    clk_pause                                0x0800e775   Thumb Code     8  nand_core.o(.text)
    nand_dispatch                            0x0800e789   Thumb Code   152  nand_entry.o(.text)
    busywait_init                            0x0800e835   Thumb Code    78  busywait_hw_qtimer.o(.text)
    busywait                                 0x0800e883   Thumb Code    46  busywait_hw_qtimer.o(.text)
    qhsusb_boot_dload_get_qpst_cookie        0x0800e8f1   Thumb Code     4  qhsusb_boot_dload.o(.text)
    qhsusb_boot_dload_mark_dload_info_invalid 0x0800e8f5   Thumb Code    12  qhsusb_boot_dload.o(.text)
    qhsusb_boot_dload_is_dload_info_pid_valid 0x0800e901   Thumb Code    24  qhsusb_boot_dload.o(.text)
    qhsusb_boot_dload_is_dload_info_serial_num_valid 0x0800e919   Thumb Code    24  qhsusb_boot_dload.o(.text)
    qhsusb_boot_dload_get_dload_info_ptr     0x0800e931   Thumb Code     4  qhsusb_boot_dload.o(.text)
    qhsusb_dci_is_attached                   0x0800e965   Thumb Code    20  qhsusb_dci_8909.o(.text)
    qhsusb_dci_is_wall_charger               0x0800e979   Thumb Code     4  qhsusb_dci_8909.o(.text)
    qhsusb_dci_is_connected                  0x0800e97d   Thumb Code     6  qhsusb_dci_8909.o(.text)
    qhsusb_dci_connect                       0x0800e983   Thumb Code    18  qhsusb_dci_8909.o(.text)
    qhsusb_dci_disconnect                    0x0800e995   Thumb Code    18  qhsusb_dci_8909.o(.text)
    qhsusb_get_shared_imem_address           0x0800e9a7   Thumb Code     4  qhsusb_dci_8909.o(.text)
    dci_clk_regime_msm_reset_assert          0x0800e9ab   Thumb Code    32  qhsusb_dci_8909.o(.text)
    dci_clk_regime_msm_reset_deassert        0x0800e9cb   Thumb Code    32  qhsusb_dci_8909.o(.text)
    dci_init_phy                             0x0800eab5   Thumb Code    28  qhsusb_dci_8909.o(.text)
    qhsusb_dci_check_for_pbl_dload           0x0800ead1   Thumb Code   220  qhsusb_dci_8909.o(.text)
    qhsusb_dci_soft_reset_core               0x0800ebad   Thumb Code    26  qhsusb_dci_8909.o(.text)
    dci_dcache_inval                         0x0800ebc7   Thumb Code     4  qhsusb_dci_8909.o(.text)
    dci_dcache_flush                         0x0800ebcb   Thumb Code     4  qhsusb_dci_8909.o(.text)
    dci_enable_ulpi_control_for_charger_block 0x0800ec5f   Thumb Code     2  qhsusb_dci_8909.o(.text)
    dci_detect_charger_type                  0x0800ed7d   Thumb Code   462  qhsusb_dci_8909.o(.text)
    dci_is_streaming_mode_disable_required   0x0800ef4b   Thumb Code     4  qhsusb_dci_8909.o(.text)
    qhsusb_dci_clk_enable                    0x0800ef55   Thumb Code     4  qhsusb_dci_8909_hw_apis_sbl1.o(.text)
    qhsusb_dci_clk_is_usb_system_clk_on      0x0800ef59   Thumb Code    10  qhsusb_dci_8909_hw_apis_sbl1.o(.text)
    qhsusb_dci_clk_disable                   0x0800ef63   Thumb Code     4  qhsusb_dci_8909_hw_apis_sbl1.o(.text)
    qhsusb_dci_usb_reset_assert              0x0800ef67   Thumb Code    54  qhsusb_dci_8909_hw_apis_sbl1.o(.text)
    qhsusb_dci_usb_reset_deassert            0x0800ef9d   Thumb Code    42  qhsusb_dci_8909_hw_apis_sbl1.o(.text)
    qhsusb_dci_delay_ms                      0x0800efc7   Thumb Code    26  qhsusb_dci_8909_hw_apis_sbl1.o(.text)
    qhsusb_dci_delay_us                      0x0800efe1   Thumb Code     4  qhsusb_dci_8909_hw_apis_sbl1.o(.text)
    qhsusb_dci_dcache_flush                  0x0800efe5   Thumb Code     2  qhsusb_dci_8909_hw_apis_sbl1.o(.text)
    qhsusb_dci_dcache_inval                  0x0800efe7   Thumb Code     2  qhsusb_dci_8909_hw_apis_sbl1.o(.text)
    qhsusb_log_init                          0x0800eff9   Thumb Code     2  qhsusb_log.o(.text)
    qhsusb_log                               0x0800effb   Thumb Code     2  qhsusb_log.o(.text)
    bam_pipe_eot_handler                     0x0800f02f   Thumb Code   434  bams.o(.text)
    bam_isr                                  0x0800f1e1   Thumb Code     2  bams.o(.text)
    bam_secure_init                          0x0800f21d   Thumb Code    70  bams.o(.text)
    bam_drv_init                             0x0800f263   Thumb Code    30  bams.o(.text)
    bam_drv_deinit                           0x0800f281   Thumb Code    30  bams.o(.text)
    bam_init                                 0x0800f29f   Thumb Code   884  bams.o(.text)
    bam_deinit                               0x0800f613   Thumb Code   214  bams.o(.text)
    bam_reset                                0x0800f6e9   Thumb Code   128  bams.o(.text)
    bam_setirqmode                           0x0800f769   Thumb Code     4  bams.o(.text)
    bam_pipe_init                            0x0800f76d   Thumb Code   364  bams.o(.text)
    bam_pipe_deinit                          0x0800f8d9   Thumb Code   144  bams.o(.text)
    bam_pipe_enable                          0x0800f969   Thumb Code   122  bams.o(.text)
    bam_pipe_disable                         0x0800f9e3   Thumb Code    86  bams.o(.text)
    bam_pipe_setirqmode                      0x0800fa39   Thumb Code    98  bams.o(.text)
    bami_pipe_transfer_no_lock               0x0800fa9b   Thumb Code   238  bams.o(.text)
    bam_pipe_isirqmode                       0x0800fb89   Thumb Code     4  bams.o(.text)
    bam_pipe_transfer                        0x0800fb8d   Thumb Code    90  bams.o(.text)
    bam_pipe_getfreecount                    0x0800fbe7   Thumb Code    36  bams.o(.text)
    bam_pipe_bulktransfer                    0x0800fc0b   Thumb Code   198  bams.o(.text)
    bam_pipe_isempty                         0x0800fcd1   Thumb Code    42  bams.o(.text)
    bam_pipe_poll                            0x0800fcfb   Thumb Code   108  bams.o(.text)
    bam_pipe_get_current_descriptor_info     0x0800fd67   Thumb Code   100  bams.o(.text)
    bam_fill_ce                              0x0800fdcb   Thumb Code    50  bams.o(.text)
    flash_prog_init_for_partition_image      0x0800feab   Thumb Code   186  nand_partition.o(.text)
    flash_prog_print_mibib                   0x0800ff65   Thumb Code    52  nand_partition.o(.text)
    flash_prog_print_layout                  0x0800ff99   Thumb Code   174  nand_partition.o(.text)
    flash_prog_erase_MIBIB_partition         0x08010047   Thumb Code   114  nand_partition.o(.text)
    flash_prog_partition_tables_are_equal    0x080100cb   Thumb Code   178  nand_partition.o(.text)
    flash_prog_find_nth_good_block           0x0801017d   Thumb Code   168  nand_partition.o(.text)
    flash_prog_convert_usr_parti_tbl_to_sys  0x08010225   Thumb Code   604  nand_partition.o(.text)
    flash_prog_read_page                     0x080104a9   Thumb Code   102  nand_wrapper.o(.text)
    flash_prog_write_page                    0x0801050f   Thumb Code   102  nand_wrapper.o(.text)
    flash_prog_write_page_and_udata          0x08010575   Thumb Code   114  nand_wrapper.o(.text)
    flash_prog_read_page_and_udata           0x080105e7   Thumb Code   114  nand_wrapper.o(.text)
    nand_memcpy                              0x08010659   Thumb Code    54  nand_wrapper.o(.text)
    flash_prog_prepare_this_block            0x080106fd   Thumb Code   422  nand_core_v2.o(.text)
    flash_prog_image_init                    0x080108a3   Thumb Code   988  nand_core_v2.o(.text)
    flash_prog_set_block_offsets_in_mibib    0x08010c7f   Thumb Code    36  nand_core_v2.o(.text)
    flash_prog_get_bbtb_block_from_mibib     0x08010ca3   Thumb Code     6  nand_core_v2.o(.text)
    flash_prog_write_mibib                   0x08010ddb   Thumb Code   228  nand_core_v2.o(.text)
    flash_prog_setup_mibib_not_present       0x08010ebf   Thumb Code    68  nand_core_v2.o(.text)
    flash_prog_setup_mibib_present           0x08010f03   Thumb Code   318  nand_core_v2.o(.text)
    flash_prog_image_finalize                0x08011041   Thumb Code   140  nand_core_v2.o(.text)
    DALFW_MemDescBufPtr                      0x0801112b   Thumb Code    20  DALMemDesc.o(.text)
    DALFW_MemDescInit                        0x0801113f   Thumb Code    98  DALMemDesc.o(.text)
    DALFW_MemDescAddBuf                      0x080111a1   Thumb Code    62  DALMemDesc.o(.text)
    DALFW_AllocPhysForMemDescBufs            0x080113f5   Thumb Code   144  DALMemDesc.o(.text)
    DALFW_MemDescListCopyBufs                0x08011485   Thumb Code   240  DALMemDesc.o(.text)
    bam_osal_init                            0x0801157d   Thumb Code     2  bamosal.o(.text)
    bam_osal_deinit                          0x0801157f   Thumb Code     2  bamosal.o(.text)
    bam_osal_malloc                          0x08011581   Thumb Code    18  bamosal.o(.text)
    bam_osal_free                            0x08011593   Thumb Code     4  bamosal.o(.text)
    bam_osal_memcpy                          0x08011597   Thumb Code    12  bamosal.o(.text)
    bam_osal_mallocmemregion                 0x080115a3   Thumb Code    84  bamosal.o(.text)
    bam_osal_freememregion                   0x080115f7   Thumb Code    16  bamosal.o(.text)
    bam_osal_cachecmd                        0x08011607   Thumb Code    24  bamosal.o(.text)
    bam_osal_memorybarrier                   0x0801161f   Thumb Code     4  bamosal.o(.text)
    bam_osal_syncinit                        0x08011623   Thumb Code     4  bamosal.o(.text)
    bam_osal_syncdestroy                     0x08011627   Thumb Code     4  bamosal.o(.text)
    bam_osal_syncenter                       0x0801162b   Thumb Code     2  bamosal.o(.text)
    bam_osal_syncleave                       0x0801162d   Thumb Code     2  bamosal.o(.text)
    bam_osal_isrinstall                      0x0801162f   Thumb Code     4  bamosal.o(.text)
    bam_osal_isruninstall                    0x08011633   Thumb Code     2  bamosal.o(.text)
    bam_osal_israck                          0x08011635   Thumb Code     2  bamosal.o(.text)
    bam_osal_clock_ctl_init                  0x08011637   Thumb Code     4  bamosal.o(.text)
    bam_osal_clock_ctl_deinit                0x0801163b   Thumb Code     4  bamosal.o(.text)
    bam_osal_clock_ctl_enable                0x0801163f   Thumb Code     4  bamosal.o(.text)
    bam_osal_clock_ctl_disable               0x08011643   Thumb Code     4  bamosal.o(.text)
    bamdev_write_reg                         0x0801164d   Thumb Code     6  bamcore.o(.text)
    bamdev_write_reg_field                   0x08011653   Thumb Code    20  bamcore.o(.text)
    bamdev_read_reg                          0x08011667   Thumb Code     6  bamcore.o(.text)
    bamcore_lpae_supported                   0x08011677   Thumb Code     4  bamcore.o(.text)
    bamcore_setirqmode                       0x0801167b   Thumb Code    70  bamcore.o(.text)
    bamcore_init                             0x080116c1   Thumb Code   134  bamcore.o(.text)
    bamcore_deinit                           0x08011747   Thumb Code    18  bamcore.o(.text)
    bamcore_secure_init                      0x0801177f   Thumb Code    92  bamcore.o(.text)
    bamcore_bam_enabled                      0x080117db   Thumb Code    98  bamcore.o(.text)
    bamcore_check                            0x0801183d   Thumb Code   298  bamcore.o(.text)
    bamcore_pipe_secure_init                 0x08011967   Thumb Code   196  bamcore.o(.text)
    bamcore_secure_set_sg                    0x08011a2b   Thumb Code    98  bamcore.o(.text)
    bamcore_getirqmode                       0x08011a8d   Thumb Code     4  bamcore.o(.text)
    bamcore_getmaxtransfersize               0x08011a91   Thumb Code     6  bamcore.o(.text)
    bamcore_get_error_address                0x08011a97   Thumb Code    48  bamcore.o(.text)
    bamcore_get_error_data                   0x08011ac7   Thumb Code     6  bamcore.o(.text)
    bamcore_get_error_bus_ctrls              0x08011acd   Thumb Code     6  bamcore.o(.text)
    bamcore_get_irq_sources                  0x08011ad3   Thumb Code    22  bamcore.o(.text)
    bamcore_get_and_clear_irq_status         0x08011ae9   Thumb Code    34  bamcore.o(.text)
    bamcore_pipe_setlockgroup                0x08011b0b   Thumb Code    26  bamcore.o(.text)
    bamcore_pipe_setirqmode                  0x08011b25   Thumb Code   144  bamcore.o(.text)
    bamcore_pipe_init                        0x08011bb5   Thumb Code   258  bamcore.o(.text)
    bamcore_pipe_deinit                      0x08011cb7   Thumb Code    72  bamcore.o(.text)
    bamcore_pipe_getirqmode                  0x08011cff   Thumb Code    32  bamcore.o(.text)
    bamcore_pipe_getirqmask                  0x08011d1f   Thumb Code     8  bamcore.o(.text)
    bamcore_pipe_getandclearirqstatus        0x08011d27   Thumb Code    38  bamcore.o(.text)
    bamcore_pipe_setdescwriteoffset          0x08011d4d   Thumb Code    12  bamcore.o(.text)
    bamcore_pipe_getdescwriteoffset          0x08011d59   Thumb Code    14  bamcore.o(.text)
    bamcore_pipe_getdescreadoffset           0x08011d67   Thumb Code    16  bamcore.o(.text)
    bamcore_pipe_getdescfifofullflag         0x08011d77   Thumb Code    24  bamcore.o(.text)
    bamcore_pipe_timerconfig                 0x08011d8f   Thumb Code     2  bamcore.o(.text)
    bamcore_pipe_timerreset                  0x08011d91   Thumb Code     2  bamcore.o(.text)
    bamcore_pipe_timergetcount               0x08011d93   Thumb Code     8  bamcore.o(.text)
    bamcore_pipe_getevtregoffset             0x08011d9b   Thumb Code    10  bamcore.o(.text)
    bamcore_pipe_enabled                     0x08011da5   Thumb Code    14  bamcore.o(.text)
    bamcore_pipe_nwd_done                    0x08011db3   Thumb Code    26  bamcore.o(.text)
    bamcore_pipe_get_descfifobase            0x08011dcd   Thumb Code     8  bamcore.o(.text)
    bamcore_pipe_get_descfifosize            0x08011dd5   Thumb Code    14  bamcore.o(.text)
    bamcore_pipe_get_toggle                  0x08011de3   Thumb Code    24  bamcore.o(.text)
    bamcore_pipe_desc_published              0x08011dfb   Thumb Code    26  bamcore.o(.text)
    bam_tgt_getcfg                           0x08011e45   Thumb Code    64  bamtgtcfg.o(.text)
    bam_tgt_getnumdevs                       0x08011e85   Thumb Code    56  bamtgtcfg.o(.text)
    bam_tgt_getpipelockgroup                 0x08011ebd   Thumb Code     4  bamtgtcfg.o(.text)
    bam_tgt_initpipemem                      0x08011ec1   Thumb Code     2  bamtgtcfg.o(.text)
    bam_tgt_getpipememstartaddr              0x08011ec3   Thumb Code     6  bamtgtcfg.o(.text)
    bam_tgt_getpipememendaddr                0x08011ec9   Thumb Code     6  bamtgtcfg.o(.text)
    bam_tgt_getpipememptaddr                 0x08011ecf   Thumb Code     4  bamtgtcfg.o(.text)
    flash_fwk_attach                         0x08011f49   Thumb Code    82  flash_dal_fwk.o(.text)
    DALFW_AttachToStringDevice               0x08012285   Thumb Code   170  dalfwkbase.o(.text)
    DALFW_AttachToDevice                     0x0801232f   Thumb Code   132  dalfwkbase.o(.text)
    DALFW_MarkDeviceStatic                   0x080123b3   Thumb Code    16  dalfwkbase.o(.text)
    DALFW_AddRef                             0x080123c3   Thumb Code    28  dalfwkbase.o(.text)
    DALFW_Release                            0x080123df   Thumb Code    62  dalfwkbase.o(.text)
    flash_dal_driver_init                    0x0801241d   Thumb Code     4  flash_dal.o(.text)
    flash_dal_driver_deinit                  0x08012421   Thumb Code     4  flash_dal.o(.text)
    flash_dal_device_init                    0x08012425   Thumb Code   116  flash_dal.o(.text)
    flash_dal_device_deinit                  0x08012499   Thumb Code    40  flash_dal.o(.text)
    rex_int_free                             0x080124c1   Thumb Code     2  nand_stubs.o(.text)
    rex_int_lock                             0x080124c3   Thumb Code     2  nand_stubs.o(.text)
    memory_barrier                           0x080124c5   Thumb Code     2  nand_stubs.o(.text)
    flash_get_property                       0x080124c9   Thumb Code    82  flash_properties.o(.text)
    kick_watchdog                            0x0801251b   Thumb Code     2  flash_properties.o(.text)
    nand_entry_mem_alloc                     0x08012559   Thumb Code   194  flash_nand_entry.o(.text)
    nand_entry_erase_blocks                  0x0801283b   Thumb Code    90  flash_nand_entry.o(.text)
    nand_entry_block_get_state               0x080128c7   Thumb Code    50  flash_nand_entry.o(.text)
    nand_entry_write_pages                   0x080128f9   Thumb Code   190  flash_nand_entry.o(.text)
    nand_entry_read_pages                    0x080129b7   Thumb Code   166  flash_nand_entry.o(.text)
    nand_get_entry_vtbl_reduced              0x08012af9   Thumb Code    32  flash_nand_entry.o(.text)
    nand_get_entry_vtbl_default              0x08012b19   Thumb Code    56  flash_nand_entry.o(.text)
    nand_entry_device_probe                  0x08012b51   Thumb Code    82  flash_nand_entry.o(.text)
    flash_vtop_init_list                     0x08012c01   Thumb Code     8  flash_dal_util.o(.text)
    flash_vtop_set_list_count                0x08012c09   Thumb Code     6  flash_dal_util.o(.text)
    flash_vtop_add_item                      0x08012c0f   Thumb Code    38  flash_dal_util.o(.text)
    flash_vtop_get_physical                  0x08012c35   Thumb Code    64  flash_dal_util.o(.text)
    flash_strcpy                             0x08012c75   Thumb Code    28  flash_dal_util.o(.text)
    flash_extract_uuid                       0x08012c91   Thumb Code   350  flash_dal_util.o(.text)
    flash_busy_wait                          0x08012def   Thumb Code     4  flash_dal_util.o(.text)
    flash_dcache_clean                       0x08012df3   Thumb Code    10  flash_dal_util.o(.text)
    flash_dcache_inval                       0x08012dfd   Thumb Code    10  flash_dal_util.o(.text)
    nand_read_id                             0x08013055   Thumb Code    38  flash_nand_core.o(.text)
    nand_erase_blocks                        0x0801307b   Thumb Code   114  flash_nand_core.o(.text)
    nand_set_block_state                     0x080130ed   Thumb Code   252  flash_nand_core.o(.text)
    nand_get_block_state                     0x080132c7   Thumb Code     2  flash_nand_core.o(.text)
    nand_write_pages                         0x080132c9   Thumb Code   168  flash_nand_core.o(.text)
    nand_read_pages                          0x08013371   Thumb Code   168  flash_nand_core.o(.text)
    nand_copy_pages                          0x08013419   Thumb Code   340  flash_nand_core.o(.text)
    nand_read_otp_page                       0x0801356d   Thumb Code   384  flash_nand_core.o(.text)
    nand_get_uuid                            0x080136ed   Thumb Code    86  flash_nand_core.o(.text)
    nand_get_base_tbl_default                0x08013743   Thumb Code    46  flash_nand_core.o(.text)
    nand_get_base_tbl_reduced                0x08013771   Thumb Code    16  flash_nand_core.o(.text)
    nand_predef_init                         0x08013821   Thumb Code    98  flash_nand_init.o(.text)
    nand_close                               0x08013883   Thumb Code    38  flash_nand_init.o(.text)
    nand_deinit                              0x080139e5   Thumb Code    72  flash_nand_init.o(.text)
    nand_open_partition                      0x08013a2d   Thumb Code     2  flash_nand_init.o(.text)
    nand_probe                               0x08013d99   Thumb Code   174  flash_nand_init.o(.text)
    smem_retrieve_mibib                      0x080140df   Thumb Code     6  flash_nand_partition.o(.text)
    nand_retrieve_mibib                      0x080140e5   Thumb Code   442  flash_nand_partition.o(.text)
    nand_partition_update_limits             0x0801429f   Thumb Code    54  flash_nand_partition.o(.text)
    nand_get_entry_vtbl                      0x080142dd   Thumb Code     4  flash_dal_nand_default.o(.text)
    flash_hal_handle_unc_memcpy              0x080142e1   Thumb Code    94  flash_hal_properties.o(.text)
    flash_hal_handle_opti_memcpy             0x0801433f   Thumb Code    14  flash_hal_properties.o(.text)
    flash_hal_handle_unc_memset              0x0801434d   Thumb Code    22  flash_hal_properties.o(.text)
    flash_hal_set_property                   0x08014363   Thumb Code    68  flash_hal_properties.o(.text)
    flash_hal_memcpy                         0x080143a7   Thumb Code     6  flash_hal_properties.o(.text)
    flash_hal_memset                         0x080143ad   Thumb Code     6  flash_hal_properties.o(.text)
    flash_hal_busywait                       0x080143b3   Thumb Code     6  flash_hal_properties.o(.text)
    flash_hal_cache_clean                    0x080143b9   Thumb Code    12  flash_hal_properties.o(.text)
    flash_hal_cache_inval                    0x080143c5   Thumb Code    12  flash_hal_properties.o(.text)
    strlcpy                                  0x080143dd   Thumb Code    66  strlcpy.o(.text)
    gen_crc                                  0x08014421   Thumb Code    78  flash_onfi.o(.text)
    nand_onfi_probe                          0x08014535   Thumb Code   530  flash_onfi.o(.text)
    flash_nand_get_configs                   0x08014759   Thumb Code     6  flash_nand_config.o(.text)
    flash_get_otp_configs                    0x08014765   Thumb Code    24  flash_otp_config.o(.text)
    flash_hal_init                           0x08014781   Thumb Code     6  flash_hal_main.o(.text)
    flash_hal_reset                          0x08014787   Thumb Code     2  flash_hal_main.o(.text)
    flash_hal_save                           0x08014789   Thumb Code     2  flash_hal_main.o(.text)
    flash_hal_restore                        0x0801478b   Thumb Code     2  flash_hal_main.o(.text)
    flash_hal_dev_init                       0x0801478d   Thumb Code    16  flash_hal_main.o(.text)
    flash_hal_dev_deinit                     0x0801479d   Thumb Code    28  flash_hal_main.o(.text)
    flash_hal_set_ecc_state                  0x080147b9   Thumb Code    24  flash_hal_main.o(.text)
    flash_hal_set_ecc_length                 0x080147d1   Thumb Code    24  flash_hal_main.o(.text)
    flash_hal_set_page_size                  0x080147e9   Thumb Code    24  flash_hal_main.o(.text)
    flash_hal_set_spare_size                 0x08014801   Thumb Code    24  flash_hal_main.o(.text)
    flash_hal_set_dev_width                  0x08014819   Thumb Code    24  flash_hal_main.o(.text)
    flash_hal_set_address_cycles             0x08014831   Thumb Code    20  flash_hal_main.o(.text)
    flash_hal_set_clk_cycle_gap              0x08014845   Thumb Code    72  flash_hal_main.o(.text)
    flash_hal_get_page_layout                0x0801488d   Thumb Code    24  flash_hal_main.o(.text)
    flash_hal_begin_op                       0x080148a5   Thumb Code    56  flash_hal_main.o(.text)
    flash_hal_end_op                         0x080148dd   Thumb Code    24  flash_hal_main.o(.text)
    flash_hal_get_op_list                    0x080148f5   Thumb Code   124  flash_hal_main.o(.text)
    flash_hal_post_process_op_list           0x08014971   Thumb Code    22  flash_hal_main.o(.text)
    flash_hal_exec_op                        0x08014987   Thumb Code    88  flash_hal_main.o(.text)
    flash_hal_get_predef_mem_usage           0x080149df   Thumb Code    24  flash_hal_main.o(.text)
    flash_hal_predef_init                    0x080149f7   Thumb Code    22  flash_hal_main.o(.text)
    flash_hal_read_id                        0x08014a0d   Thumb Code    36  flash_hal_main.o(.text)
    flash_hal_read_onfi_id                   0x08014a31   Thumb Code    36  flash_hal_main.o(.text)
    flash_hal_read_param_page                0x08014a55   Thumb Code    36  flash_hal_main.o(.text)
    flash_hal_read_page                      0x08014a79   Thumb Code    36  flash_hal_main.o(.text)
    flash_hal_read_bb_marker                 0x08014a9d   Thumb Code    36  flash_hal_main.o(.text)
    flash_hal_write_page                     0x08014ac1   Thumb Code    36  flash_hal_main.o(.text)
    flash_hal_erase_block                    0x08014ae5   Thumb Code    36  flash_hal_main.o(.text)
    flash_hal_set_xfer_cfg                   0x08014b09   Thumb Code    38  flash_hal_main.o(.text)
    flash_hal_nand_begin_op                  0x08014b6d   Thumb Code    64  flash_hal_nand_main.o(.text)
    flash_hal_nand_end_op                    0x08014bad   Thumb Code    32  flash_hal_nand_main.o(.text)
    flash_hal_nand_map_buffers               0x08014bcd   Thumb Code   188  flash_hal_nand_main.o(.text)
    flash_hal_set_cmd                        0x08014c89   Thumb Code    70  flash_hal_nand_main.o(.text)
    flash_hal_set_sub_cmd                    0x08014ccf   Thumb Code    92  flash_hal_nand_main.o(.text)
    flash_hal_set_addr                       0x08014d2b   Thumb Code    80  flash_hal_nand_main.o(.text)
    flash_hal_wait                           0x08014d7b   Thumb Code    64  flash_hal_nand_main.o(.text)
    flash_hal_read_data                      0x08014dbb   Thumb Code    64  flash_hal_nand_main.o(.text)
    flash_hal_write_data                     0x08014dfb   Thumb Code    66  flash_hal_nand_main.o(.text)
    flash_hal_read_main_spare                0x08014e3d   Thumb Code    66  flash_hal_nand_main.o(.text)
    flash_hal_write_main_spare               0x08014e7f   Thumb Code    66  flash_hal_nand_main.o(.text)
    flash_hal_read_data_with_offset          0x08014ec1   Thumb Code    70  flash_hal_nand_main.o(.text)
    flash_hal_init_ws_buffer                 0x08014f19   Thumb Code   132  flash_hal_common.o(.text)
    flash_hal_get_next_ws_addr               0x08014f9d   Thumb Code    60  flash_hal_common.o(.text)
    flash_hal_get_next_pp_addr               0x08014fd9   Thumb Code    42  flash_hal_common.o(.text)
    get_mask                                 0x08015015   Thumb Code    22  flash_hal_nandc_common.o(.text)
    hal_nandc_get_memory_usage               0x0801502b   Thumb Code    72  flash_hal_nandc_common.o(.text)
    hal_nandc_get_page_layout                0x08015073   Thumb Code   102  flash_hal_nandc_common.o(.text)
    hal_nandc_close                          0x0801538d   Thumb Code    12  flash_hal_nandc_common.o(.text)
    hal_nandc_init                           0x08015399   Thumb Code   128  flash_hal_nandc_common.o(.text)
    hal_nandc_deinit                         0x08015419   Thumb Code     4  flash_hal_nandc_common.o(.text)
    hal_nandc_set_xfer_cfg                   0x08015b93   Thumb Code    54  flash_hal_nandc_predef_direct_cpu.o(.text)
    hal_nandc_predef_deinit                  0x08015bc9   Thumb Code     2  flash_hal_nandc_predef_direct_cpu.o(.text)
    hal_nandc_predef_init                    0x08015bcb   Thumb Code     6  flash_hal_nandc_predef_direct_cpu.o(.text)
    hal_nandc_fptrs_init_default             0x08015bd1   Thumb Code    64  flash_hal_nandc_predef_direct_cpu.o(.text)
    hal_nandc_fptrs_init_reduced             0x08015c11   Thumb Code    54  flash_hal_nandc_predef_direct_cpu.o(.text)
    hal_nandc_predef_cmd_ptrs_init_default   0x08015c47   Thumb Code     4  flash_hal_nandc_predef_direct_cpu.o(.text)
    hal_nandc_predef_cmd_ptrs_init_reduced   0x08015c4b   Thumb Code     4  flash_hal_nandc_predef_direct_cpu.o(.text)
    hal_nandc_iface_init                     0x08015c4f   Thumb Code     4  flash_hal_nandc_predef_direct_cpu.o(.text)
    hal_nandc_iface_deinit                   0x08015c53   Thumb Code     2  flash_hal_nandc_predef_direct_cpu.o(.text)
    hal_nandc_predef_cmd_ptrs_init           0x08015c91   Thumb Code     4  flash_hal_nandc_default.o(.text)
    hal_nandc_fptrs_init                     0x08015c95   Thumb Code     4  flash_hal_nandc_default.o(.text)
    hal_nandc_post_process_op_list           0x08015d5b   Thumb Code   194  flash_hal_nandc.o(.text)
    hal_nandc_process_cmd                    0x080166e5   Thumb Code    88  flash_hal_nandc.o(.text)
    hal_nandc_transfer                       0x0801673d   Thumb Code   100  flash_hal_nandc.o(.text)
    __aeabi_uldivmod                         0x080167ac   ARM Code       0  lludiv5.o(.text)
    _ll_udiv                                 0x080167ac   ARM Code     816  lludiv5.o(.text)
    _ll_udiv_donemoving                      0x080167c0   ARM Code       0  lludiv5.o(.text)
    __aeabi_assert                           0x08016add   Thumb Code    86  assert.o(.text)
    __assert                                 0x08016add   Thumb Code     0  assert.o(.text)
    memcmp                                   0x08016b5d   Thumb Code    88  memcmp.o(.text)
    strlen                                   0x08016bb5   Thumb Code    58  strlen.o(.text)
    strncmp                                  0x08016bf0   ARM Code     236  strncmp.o(.text)
    memcpy                                   0x08016ce0   ARM Code      12  memcpy.o(.text)
    __aeabi_memcpy                           0x08016cec   ARM Code       0  rt_memcpy.o(.text)
    __rt_memcpy                              0x08016cec   ARM Code     212  rt_memcpy.o(.text)
    _memcpy_lastbytes                        0x08016da0   ARM Code       0  rt_memcpy.o(.text)
    __aeabi_memcpy4                          0x08016dc0   ARM Code       0  rt_memcpy_w.o(.text)
    __aeabi_memcpy8                          0x08016dc0   ARM Code       0  rt_memcpy_w.o(.text)
    __rt_memcpy_w                            0x08016dc0   ARM Code     100  rt_memcpy_w.o(.text)
    _memcpy_lastbytes_aligned                0x08016e0c   ARM Code       0  rt_memcpy_w.o(.text)
    memset                                   0x08016e25   Thumb Code    22  memset.o(.text)
    __aeabi_memset                           0x08016e3b   Thumb Code    16  aeabi_memset.o(.text)
    __aeabi_memclr                           0x08016e4b   Thumb Code     0  rt_memclr.o(.text)
    __rt_memclr                              0x08016e4b   Thumb Code    68  rt_memclr.o(.text)
    _memset                                  0x08016e4f   Thumb Code     0  rt_memclr.o(.text)
    __aeabi_memclr4                          0x08016e8f   Thumb Code     0  rt_memclr_w.o(.text)
    __aeabi_memclr8                          0x08016e8f   Thumb Code     0  rt_memclr_w.o(.text)
    __rt_memclr_w                            0x08016e8f   Thumb Code    78  rt_memclr_w.o(.text)
    _memset_w                                0x08016e93   Thumb Code     0  rt_memclr_w.o(.text)
    strcmp                                   0x08016edc   ARM Code     156  strcmp.o(.text)
    __aeabi_uread4                           0x08016f7d   Thumb Code     0  uread4.o(.text)
    __rt_uread4                              0x08016f7d   Thumb Code    22  uread4.o(.text)
    __aeabi_idiv                             0x08016f94   ARM Code       0  aeabi_sdivfast_rs.o(.text)
    __aeabi_idivmod                          0x08016f94   ARM Code     556  aeabi_sdivfast_rs.o(.text)
    abort                                    0x080171c1   Thumb Code    16  abort.o(.text)
    __assert_puts                            0x080171d1   Thumb Code    20  assert_puts.o(.text)
    _ttywrch                                 0x080171e5   Thumb Code    14  sys_wrch.o(.text)
    _sys_exit                                0x080171f5   Thumb Code     8  sys_exit.o(.text)
    __rt_SIGABRT                             0x08017201   Thumb Code    14  defsig_abrt_outer.o(.text)
    __I$use$semihosting                      0x0801720f   Thumb Code     0  use_no_semi.o(.text)
    __use_no_semihosting_swi                 0x0801720f   Thumb Code     2  use_no_semi.o(.text)
    __semihosting_library_function           0x08017211   Thumb Code     0  indicate_semi.o(.text)
    __sig_exit                               0x08017211   Thumb Code    10  defsig_exit.o(.text)
    __rt_SIGABRT_inner                       0x0801721d   Thumb Code    14  defsig_abrt_inner.o(.text)
    __default_signal_display                 0x0801724d   Thumb Code    50  defsig_general.o(.text)
    __aeabi_uidiv                            0x08017280   ARM Code       0  aeabi_sdivfast_rs.o(.text_udiv)
    __aeabi_uidivmod                         0x08017280   ARM Code      48  aeabi_sdivfast_rs.o(.text_udiv)
    flash_hal_asm_memcpy                     0x080172b0   ARM Code       0  flash_hal_util_asm.o(FLASH_UTIL_ASM)
    __aeabi_dadd                             0x08017305   Thumb Code     0  daddsub_clz.o(x$fpl$dadd)
    _dadd                                    0x08017305   Thumb Code   332  daddsub_clz.o(x$fpl$dadd)
    __aeabi_d2uiz                            0x08017455   Thumb Code     0  dfixu.o(x$fpl$dfixu)
    _dfixu                                   0x08017455   Thumb Code    90  dfixu.o(x$fpl$dfixu)
    __aeabi_ui2d                             0x080174af   Thumb Code     0  dflt_clz.o(x$fpl$dfltu)
    _dfltu                                   0x080174af   Thumb Code    38  dflt_clz.o(x$fpl$dfltu)
    __aeabi_dmul                             0x080174d5   Thumb Code     0  dmul.o(x$fpl$dmul)
    _dmul                                    0x080174d5   Thumb Code   332  dmul.o(x$fpl$dmul)
    __fpl_dnaninf                            0x08017629   Thumb Code   156  dnaninf.o(x$fpl$dnaninf)
    __fpl_dretinf                            0x080176c5   Thumb Code    12  dretinf.o(x$fpl$dretinf)
    __aeabi_dsub                             0x080176d1   Thumb Code     0  daddsub_clz.o(x$fpl$dsub)
    _dsub                                    0x080176d1   Thumb Code   464  daddsub_clz.o(x$fpl$dsub)
    __I$use$fp                               0x080178a4   Number         0  usenofp.o(x$fpl$usenofp)
    Image$$APP_RAM$$Base                     0x080178dc   Number         0  SpmiCfg.o(.constdata)
    Load$$APP_RAM$$Base                      0x080178dc   Number         0  anon$$obj.o ABSOLUTE
    digs                                     0x080178e1   Data          17  hostdl_packet.o(.constdata)
    Clock_I2CRegs                            0x08017934   Data          56  ClockSBL.o(.constdata)
    Clock_SDCCRegs                           0x080179cc   Data          72  ClockTools.o(.constdata)
    DALSystem_DriverInfo                     0x08017a2c   Data          12  DALModEnv.o(.constdata)
    crc30_table                              0x08017ab8   Data        1024  crc.o(.constdata)
    crc16_table                              0x08017eb8   Data         512  crc.o(.constdata)
    crc_16_l_table                           0x080180b8   Data         512  crc.o(.constdata)
    crc32_table                              0x080182b8   Data        1024  crc.o(.constdata)
    DALPROP_PropBin                          0x080188d4   Data         116  DALConfig_boot.o(.constdata)
    DALPROP_PropsInfo                        0x08018948   Data          16  DALConfig_boot.o(.constdata)
    DALFlash_DriverInfo                      0x08018958   Data          12  flash_dal_info.o(.constdata)
    bam_tgt_config                           0x08018968   Data          96  bamtgtcfg.o(.constdata)
    disptbl                                  0x08018b68   Data           4  hostdl.o(.data)
    process_packet_flag                      0x08018b72   Data           1  hostdl_packet.o(.data)
    partition_status                         0x08018b75   Data           1  hostdl_packet.o(.data)
    open_multi_status                        0x08018b76   Data           1  hostdl_packet.o(.data)
    reply_length                             0x08018b78   Data           2  hostdl_packet.o(.data)
    size_msg_fixed                           0x08018b88   Data           4  hostdl_packet.o(.data)
    size_msg_overrun                         0x08018b8c   Data           4  hostdl_packet.o(.data)
    enable_crc_check                         0x08018b90   Data           4  hostdl_packet.o(.data)
    free_list                                0x08018b94   Data           4  hostdl_packet.o(.data)
    waiting                                  0x08018b98   Data           4  hostdl_packet.o(.data)
    waiting_last                             0x08018b9c   Data           4  hostdl_packet.o(.data)
    current                                  0x08018ba0   Data           4  hostdl_packet.o(.data)
    packet_handler                           0x08018ba4   Data         196  hostdl_packet.o(.data)
    flash_dev_type                           0x08018c68   Data           1  hostdl_flash.o(.data)
    nand_device_params                       0x08018c6c   Data           4  hostdl_flash.o(.data)
    Clock_platf_info                         0x08018c74   Data           4  ClockSBL.o(.data)
    usb_dispatch_table                       0x08018dac   Data          24  qhsusb_al_hostdl.o(.data)
    pmicArbHwioBase                          0x08018dc4   Data           4  SpmiHal.o(.data)
    gDALProcessDriverModList                 0x08018dd0   Data           4  DALModEnv.o(.data)
    flash_prog_function_tbl                  0x08018dd8   Data          32  nand_tools.o(.data)
    Clock_SBLConfigData                      0x08018df8   Data        1328  ClockSBLConfig.o(.data)
    Clock_SBL_MuxMap                         0x08019328   Data          20  ClockSBLConfig.o(.data)
    clock_apps_speed_khz                     0x0801933c   Data           4  ClockSBLCPU.o(.data)
    hdlc_usb_config_obex                     0x08019366   Data          32  qhsusb_fd_hdlc.o(.data)
    hdlc_usb_config_obex_only                0x08019386   Data          32  qhsusb_fd_hdlc.o(.data)
    sw_config                                0x080194e4   Data          16  qhsusb_fd_hdlc.o(.data)
    sw_device                                0x080194f4   Data         172  qhsusb_fd_hdlc.o(.data)
    sw_strings                               0x080195a0   Data          48  qhsusb_fd_hdlc.o(.data)
    DALPROP_StructPtrs                       0x08019604   Data           4  DALConfig_boot.o(.data)
    gDALModDriverInfoList                    0x08019610   Data           8  DALModDir_boot.o(.data)
    write_type                               0x08019638   Data           1  nand_core.o(.data)
    read_type                                0x08019639   Data           1  nand_core.o(.data)
    current_bad_block_mode                   0x0801963a   Data           1  nand_core.o(.data)
    partition_rcvd                           0x08019640   Data           4  nand_core.o(.data)
    oldest_mibib_block                       0x08019644   Data           4  nand_core.o(.data)
    newest_mibib_block                       0x08019648   Data           4  nand_core.o(.data)
    enable_read_verify                       0x0801964c   Data           4  nand_core.o(.data)
    num_allocated_devices                    0x08019664   Data           4  bams.o(.data)
    bams                                     0x0801966c   Data           4  bams.o(.data)
    bam_drv_sync                             0x08019670   Data           4  bams.o(.data)
    current_mode                             0x08019690   Data           1  nand_core_v2.o(.data)
    bamcore_pipe_tzprotect                   0x080196b0   Data           4  bamcore.o(.data)
    bam_tgt_config_ptr                       0x080196b4   Data           4  bamtgtcfg.o(.data)
    bam_num_configs                          0x080196b8   Data           4  bamtgtcfg.o(.data)
    watchdog_table                           0x08019880   Data           4  flash_properties.o(.data)
    hal_ws_buffer                            0x08019898   Data           4  flash_nand_init.o(.data)
    hal_ws_buffer_size                       0x0801989c   Data           4  flash_nand_init.o(.data)
    nand_partition_table                     0x080198a4   Data           8  flash_nand_partition.o(.data)
    cfg1_sequence                            0x08019aa4   Data         120  flash_otp_config.o(.data)
    cfg2_sequence                            0x08019b1c   Data         120  flash_otp_config.o(.data)
    cfg3_sequence                            0x08019b94   Data          80  flash_otp_config.o(.data)
    cfg4_sequence                            0x08019be4   Data          20  flash_otp_config.o(.data)
    cfg5_sequence                            0x08019bf8   Data          20  flash_otp_config.o(.data)
    cfg6_sequence                            0x08019c0c   Data         100  flash_otp_config.o(.data)
    flash_hal_op_seq                         0x08019cd0   Data           8  flash_hal_main.o(.data)
    nand_write_buff                          0x08019cd8   Data           4  flash_hal_nand_main.o(.data)
    hal_dma_state                            0x08019cdc   Data           1  flash_hal_common.o(.data)
    hal_status                               0x08019ce0   Data           4  flash_hal_common.o(.data)
    Image$$APP_RAM$$ZI$$Base                 0x08019d38   Number         0  hostdl.o(.bss)
    svc_stack                                0x08019d38   Data        4096  hostdl.o(.bss)
    irq_stack                                0x0801ad38   Data        2048  hostdl.o(.bss)
    abort_stack                              0x0801b538   Data         256  hostdl.o(.bss)
    undef_stack                              0x0801b638   Data         256  hostdl.o(.bss)
    spmiBusInfo                              0x0801b738   Data         696  SpmiBus.o(.bss)
    packet_data                              0x0801b9f0   Data        2096  hostdl_packet.o(.bss)
    aligned_buffer                           0x0801c220   Data        1028  hostdl_packet.o(.bss)
    reply_buffer                             0x0801c624   Data        1024  hostdl_packet.o(.bss)
    size_msg                                 0x0801ca24   Data          64  hostdl_packet.o(.bss)
    spmiPmicArbInfo                          0x0801ca64   Data        1160  PmicArb.o(.bss)
    DAL_Mod_Info                             0x0801cf98   Data          16  DALModDir_boot.o(.bss)
    oldest_parti_buffer                      0x0801f3a0   Data        4096  nand_core.o(.bss)
    oldest_usr_parti_buffer                  0x080203a0   Data        4096  nand_core.o(.bss)
    partial_page_buffer                      0x080213a0   Data        4224  nand_core.o(.bss)
    factory_img_buffer                       0x08022420   Data        4224  nand_core.o(.bss)
    mibib                                    0x080234a0   Data        1288  nand_core.o(.bss)
    prog_param                               0x080239a8   Data          36  nand_param.o(.bss)
    mibib_pg_buf                             0x08025a20   Data        4096  nand_core_v2.o(.bss)
    image                                    0x08026a20   Data        1288  nand_core_v2.o(.bss)
    boot_layout                              0x08026f28   Data          12  nand_core_v2.o(.bss)
    nand_entry_init_data                     0x08026fdc   Data          64  flash_nand_entry.o(.bss)
    flash_dbg                                0x0802701c   Data          20  flash_dal_util.o(.bss)
    nand_base_vtbl                           0x0802704c   Data          84  flash_nand_core.o(.bss)
    nand_dev_info                            0x080270a0   Data          32  flash_nand_init.o(.bss)
    flash_hal_prop_tbl                       0x0802710c   Data          20  flash_hal_properties.o(.bss)
    flash_hal_devices                        0x08027120   Data         236  flash_hal_main.o(.bss)
    hal_op_list                              0x0802720c   Data          16  flash_hal_main.o(.bss)
    ws_buffer_info                           0x08028dec   Data          36  flash_hal_common.o(.bss)
    Image$$APP_RAM$$ZI$$Limit                0x08028e10   Number         0  flash_hal_common.o(.bss)



==============================================================================

Memory Map of the image

  Image Entry point : 0x08006050

  Load Region RAM (Base: 0x08006050, Size: 0x00013ce8, Max: 0xffffffff, ABSOLUTE)

    Execution Region ZI_RAM (Base: 0x00210000, Size: 0x000097ac, Max: 0xffffffff, ABSOLUTE)

    Base Addr    Size         Type   Attr      Idx    E Section Name        Object

    0x00210000   0x0000236c   Zero   RW          832    .bss                qhsusb_armprg.lib(qhsusb_fd_hdlc.o)
    0x0021236c   0x0000004a   Zero   RW          870    .bss                qhsusb_armprg.lib(qhsusb_dcd_ch9.o)
    0x002123b6   0x0000044a   PAD
    0x00212800   0x00002180   Zero   RW          890    .bss                qhsusb_armprg.lib(qhsusb_dci.o)
    0x00214980   0x0000000c   Zero   RW         1090    .bss                qhsusb_armprg.lib(qhsusb_dci_8909.o)
    0x0021498c   0x00004e20   Zero   RW         1033    FLASH_TOOLS_HEAP_ZONE  nand_hostdl.lib(nand_entry.o)


    Execution Region CODE (Base: 0x08006050, Size: 0x00000190, Max: 0xffffffff, ABSOLUTE)

    Base Addr    Size         Type   Attr      Idx    E Section Name        Object

    0x08006050   0x00000190   Code   RO            1  * BootRom             hostdl_startup.o


    Execution Region CODE_ALL (Base: 0x080061e0, Size: 0x000116fc, Max: 0xffffffff, ABSOLUTE)

    Base Addr    Size         Type   Attr      Idx    E Section Name        Object

    0x080061e0   0x00000080   Code   RO            6    .text               hostdl.lib(hostdl.o)
    0x08006260   0x00000078   Code   RO           81    .text               hostdl_config_v2.lib(hostdl_config.o)
    0x080062d8   0x000006f8   Code   RO          161    .text               Spmi.lib(SpmiCfg.o)
    0x080069d0   0x00000528   Code   RO          222    .text               Spmi.lib(SpmiBus.o)
    0x08006ef8   0x0000001e   Code   RO          243    .text               libstd.lib(memscpy.o)
    0x08006f16   0x00000002   PAD
    0x08006f18   0x00000e3c   Code   RO          255    .text               hostdl.lib(hostdl_packet.o)
    0x08007d54   0x0000039c   Code   RO          288    .text               hostdl.lib(hostdl_flash.o)
    0x080080f0   0x00000684   Code   RO          309    .text               Clock_msm8909_emmc_SBL.lib(ClockSBL.o)
    0x08008774   0x0000022c   Code   RO          355    .text               Clock_msm8909_emmc_SBL.lib(ClockTools.o)
    0x080089a0   0x00000adc   Code   RO          370    .text               pmic_drivers_pon.lib(pm_pon.o)
    0x0800947c   0x000000bc   Code   RO          458    .text               qhsusb_armprg.lib(qhsusb_al_hostdl.o)
    0x08009538   0x000005d0   Code   RO          513    .text               Spmi.lib(PmicArb.o)
    0x08009b08   0x00000154   Code   RO          533    .text               Spmi.lib(SpmiMaster.o)
    0x08009c5c   0x000001dc   Code   RO          546    .text               Spmi.lib(SpmiRadixTree.o)
    0x08009e38   0x00000034   Code   RO          558    .text               Spmi.lib(SpmiOsImage.o)
    0x08009e6c   0x0000001c   Code   RO          583    .text               Spmi.lib(SpmiHal.o)
    0x08009e88   0x000005c0   Code   RO          599    .text               DALFwk.lib(DALModEnv.o)
    0x0800a448   0x00000238   Code   RO          651    .text               utils_tools.lib(crc.o)
    0x0800a680   0x00000160   Code   RO          670    .text               nand_hostdl.lib(nand_tools.o)
    0x0800a7e0   0x000001f4   Code   RO          710    .text               Clock_msm8909_emmc_SBL.lib(ClockSBLConfig.o)
    0x0800a9d4   0x00000090   Code   RO          725    .text               Clock_msm8909_emmc_SBL.lib(ClockSBLCPU.o)
    0x0800aa64   0x00000008   Code   RO          740    .text               Clock_msm8909_emmc_SBL.lib(ClockTLMMSpareStub.o)
    0x0800aa6c   0x000003fa   Code   RO          752    .text               Clock_Common_SBL.lib(ClockSBLCommon.o)
    0x0800ae66   0x00000108   Code   RO          766    .text               pmic_comm_spmi_lite.lib(pm_comm_spmi_lite.o)
    0x0800af6e   0x00000002   PAD
    0x0800af70   0x000001ec   Code   RO          798    .text               pmic_framework.lib(pm_version.o)
    0x0800b15c   0x0000062c   Code   RO          831    .text               qhsusb_armprg.lib(qhsusb_fd_hdlc.o)
    0x0800b788   0x00000650   Code   RO          869    .text               qhsusb_armprg.lib(qhsusb_dcd_ch9.o)
    0x0800bdd8   0x00000ba8   Code   RO          889    .text               qhsusb_armprg.lib(qhsusb_dci.o)
    0x0800c980   0x00000120   Code   RO          910    .text               Spmi.lib(GeniImage.o)
    0x0800caa0   0x000000ac   Code   RO          950    .text               DALFwk.lib(DALHeap.o)
    0x0800cb4c   0x00000410   Code   RO          965    .text               DALFwk.lib(DALProps.o)
    0x0800cf5c   0x0000182c   Code   RO          979    .text               nand_hostdl.lib(nand_core.o)
    0x0800e788   0x000000ac   Code   RO         1031    .text               nand_hostdl.lib(nand_entry.o)
    0x0800e834   0x000000bc   Code   RO         1055    .text               busywait_lib.lib(busywait_hw_qtimer.o)
    0x0800e8f0   0x0000004c   Code   RO         1073    .text               qhsusb_armprg.lib(qhsusb_boot_dload.o)
    0x0800e93c   0x00000618   Code   RO         1089    .text               qhsusb_armprg.lib(qhsusb_dci_8909.o)
    0x0800ef54   0x000000a4   Code   RO         1113    .text               qhsusb_armprg.lib(qhsusb_dci_8909_hw_apis_sbl1.o)
    0x0800eff8   0x00000004   Code   RO         1125    .text               qhsusb_armprg.lib(qhsusb_log.o)
    0x0800effc   0x00000e00   Code   RO         1137    .text               bam.lib(bams.o)
    0x0800fdfc   0x000006ac   Code   RO         1183    .text               nand_hostdl.lib(nand_partition.o)
    0x080104a8   0x00000254   Code   RO         1217    .text               nand_hostdl.lib(nand_wrapper.o)
    0x080106fc   0x000009dc   Code   RO         1233    .text               nand_config_v2.lib(nand_core_v2.o)
    0x080110d8   0x000004a4   Code   RO         1260    .text               DALFwk.lib(DALMemDesc.o)
    0x0801157c   0x000000d0   Code   RO         1274    .text               bam.lib(bamosal.o)
    0x0801164c   0x000007f8   Code   RO         1287    .text               bam.lib(bamcore.o)
    0x08011e44   0x00000094   Code   RO         1305    .text               bam.lib(bamtgtcfg.o)
    0x08011ed8   0x00000338   Code   RO         1325    .text               DALflash.lib(flash_dal_fwk.o)
    0x08012210   0x0000020c   Code   RO         1340    .text               DALFwk.lib(dalfwkbase.o)
    0x0801241c   0x000000a4   Code   RO         1352    .text               DALflash.lib(flash_dal.o)
    0x080124c0   0x00000006   Code   RO         1367    .text               nand_hostdl.lib(nand_stubs.o)
    0x080124c6   0x00000002   PAD
    0x080124c8   0x00000060   Code   RO         1376    .text               DALflash.lib(flash_properties.o)
    0x08012528   0x000006d8   Code   RO         1431    .text               DALflash_nand_dcpu.lib(flash_nand_entry.o)
    0x08012c00   0x0000020c   Code   RO         1451    .text               DALflash.lib(flash_dal_util.o)
    0x08012e0c   0x00000978   Code   RO         1469    .text               DALflash_nand_dcpu.lib(flash_nand_core.o)
    0x08013784   0x000006d4   Code   RO         1485    .text               DALflash_nand_dcpu.lib(flash_nand_init.o)
    0x08013e58   0x00000484   Code   RO         1503    .text               DALflash_nand_dcpu.lib(flash_nand_partition.o)
    0x080142dc   0x00000004   Code   RO         1522    .text               DALflash_nand_dcpu.lib(flash_dal_nand_default.o)
    0x080142e0   0x000000fc   Code   RO         1534    .text               HALflash.lib(flash_hal_properties.o)
    0x080143dc   0x00000042   Code   RO         1557    .text               libstd.lib(strlcpy.o)
    0x0801441e   0x00000002   PAD
    0x08014420   0x00000338   Code   RO         1569    .text               DALflash_nand_dcpu.lib(flash_onfi.o)
    0x08014758   0x0000000c   Code   RO         1584    .text               DALflash_nand_dcpu.lib(flash_nand_config.o)
    0x08014764   0x0000001c   Code   RO         1609    .text               DALflash_nand_dcpu.lib(flash_otp_config.o)
    0x08014780   0x000003ec   Code   RO         1636    .text               HALflash_qpic_dcpu.lib(flash_hal_main.o)
    0x08014b6c   0x000003ac   Code   RO         1660    .text               HALflash_qpic_dcpu.lib(flash_hal_nand_main.o)
    0x08014f18   0x000000fc   Code   RO         1684    .text               HALflash.lib(flash_hal_common.o)
    0x08015014   0x0000041c   Code   RO         1702    .text               HALflash_qpic_dcpu.lib(flash_hal_nandc_common.o)
    0x08015430   0x00000860   Code   RO         1732    .text               HALflash_qpic_dcpu.lib(flash_hal_nandc_predef_direct_cpu.o)
    0x08015c90   0x00000008   Code   RO         1746    .text               HALflash_qpic_dcpu.lib(flash_hal_nandc_default.o)
    0x08015c98   0x00000b14   Code   RO         1758    .text               HALflash_qpic_dcpu.lib(flash_hal_nandc.o)
    0x080167ac   0x00000330   Code   RO         1772    .text               c_2.l(lludiv5.o)
    0x08016adc   0x00000080   Code   RO         1774    .text               c_2.l(assert.o)
    0x08016b5c   0x00000058   Code   RO         1776    .text               c_2.l(memcmp.o)
    0x08016bb4   0x0000003a   Code   RO         1778    .text               c_2.l(strlen.o)
    0x08016bee   0x00000002   PAD
    0x08016bf0   0x000000f0   Code   RO         1780    .text               c_2.l(strncmp.o)
    0x08016ce0   0x0000000c   Code   RO         1782    .text               c_2.l(memcpy.o)
    0x08016cec   0x000000d4   Code   RO         1784    .text               c_2.l(rt_memcpy.o)
    0x08016dc0   0x00000064   Code   RO         1786    .text               c_2.l(rt_memcpy_w.o)
    0x08016e24   0x00000016   Code   RO         1788    .text               c_2.l(memset.o)
    0x08016e3a   0x00000010   Code   RO         1790    .text               c_2.l(aeabi_memset.o)
    0x08016e4a   0x00000044   Code   RO         1792    .text               c_2.l(rt_memclr.o)
    0x08016e8e   0x0000004e   Code   RO         1794    .text               c_2.l(rt_memclr_w.o)
    0x08016edc   0x000000a0   Code   RO         1796    .text               c_2.l(strcmp.o)
    0x08016f7c   0x00000016   Code   RO         1798    .text               c_2.l(uread4.o)
    0x08016f92   0x00000002   PAD
    0x08016f94   0x0000022c   Code   RO         1800    .text               c_2.l(aeabi_sdivfast_rs.o)
    0x080171c0   0x00000010   Code   RO         1842    .text               c_2.l(abort.o)
    0x080171d0   0x00000014   Code   RO         1844    .text               c_2.l(assert_puts.o)
    0x080171e4   0x0000000e   Code   RO         1851    .text               c_2.l(sys_wrch.o)
    0x080171f2   0x00000002   PAD
    0x080171f4   0x0000000c   Code   RO         1853    .text               c_2.l(sys_exit.o)
    0x08017200   0x0000000e   Code   RO         1857    .text               c_2.l(defsig_abrt_outer.o)
    0x0801720e   0x00000002   Code   RO         1861    .text               c_2.l(use_no_semi.o)
    0x08017210   0x00000000   Code   RO         1863    .text               c_2.l(indicate_semi.o)
    0x08017210   0x0000000a   Code   RO         1866    .text               c_2.l(defsig_exit.o)
    0x0801721a   0x00000002   PAD
    0x0801721c   0x00000030   Code   RO         1868    .text               c_2.l(defsig_abrt_inner.o)
    0x0801724c   0x00000032   Code   RO         1876    .text               c_2.l(defsig_general.o)
    0x0801727e   0x00000002   PAD
    0x08017280   0x00000030   Code   RO         1801    .text_udiv          c_2.l(aeabi_sdivfast_rs.o)
    0x080172b0   0x00000054   Code   RO         1633    FLASH_UTIL_ASM      HALflash.lib(flash_hal_util_asm.o)
    0x08017304   0x00000150   Code   RO         1816    x$fpl$dadd          fz_2s.l(daddsub_clz.o)
    0x08017454   0x0000005a   Code   RO         1822    x$fpl$dfixu         fz_2s.l(dfixu.o)
    0x080174ae   0x00000026   Code   RO         1826    x$fpl$dfltu         fz_2s.l(dflt_clz.o)
    0x080174d4   0x00000154   Code   RO         1832    x$fpl$dmul          fz_2s.l(dmul.o)
    0x08017628   0x0000009c   Code   RO         1846    x$fpl$dnaninf       fz_2s.l(dnaninf.o)
    0x080176c4   0x0000000c   Code   RO         1848    x$fpl$dretinf       fz_2s.l(dretinf.o)
    0x080176d0   0x000001d4   Code   RO         1818    x$fpl$dsub          fz_2s.l(daddsub_clz.o)
    0x080178a4   0x00000000   Code   RO         1850    x$fpl$usenofp       fz_2s.l(usenofp.o)
    0x080178a4   0x00000036   Data   RO          258    .conststring        hostdl.lib(hostdl_packet.o)


    Execution Region APP_RAM (Base: 0x080178dc, Size: 0x00011534, Max: 0xffffffff, ABSOLUTE)

    Base Addr    Size         Type   Attr      Idx    E Section Name        Object

    0x080178dc   0x00000005   Data   RO          162    .constdata          Spmi.lib(SpmiCfg.o)
    0x080178e1   0x00000053   Data   RO          257    .constdata          hostdl.lib(hostdl_packet.o)
    0x08017934   0x00000098   Data   RO          310    .constdata          Clock_msm8909_emmc_SBL.lib(ClockSBL.o)
    0x080179cc   0x00000060   Data   RO          356    .constdata          Clock_msm8909_emmc_SBL.lib(ClockTools.o)
    0x08017a2c   0x0000000c   Data   RO          601    .constdata          DALFwk.lib(DALModEnv.o)
    0x08017a38   0x0000007e   Data   RO          602    .constdata          DALFwk.lib(DALModEnv.o)
    0x08017ab6   0x00000002   PAD
    0x08017ab8   0x00000c00   Data   RO          652    .constdata          utils_tools.lib(crc.o)
    0x080186b8   0x00000004   Data   RO          833    .constdata          qhsusb_armprg.lib(qhsusb_fd_hdlc.o)
    0x080186bc   0x0000003e   Data   RO          834    .constdata          qhsusb_armprg.lib(qhsusb_fd_hdlc.o)
    0x080186fa   0x00000024   Data   RO          835    .constdata          qhsusb_armprg.lib(qhsusb_fd_hdlc.o)
    0x0801871e   0x00000022   Data   RO          836    .constdata          qhsusb_armprg.lib(qhsusb_fd_hdlc.o)
    0x08018740   0x00000194   Data   RO          911    .constdata          Spmi.lib(GeniImage.o)
    0x080188d4   0x00000074   Data   RO          924    .constdata          DALConfig.lib(DALConfig_boot.o)
    0x08018948   0x00000010   Data   RO          925    .constdata          DALConfig.lib(DALConfig_boot.o)
    0x08018958   0x0000000c   Data   RO         1165    .constdata          DALflash.lib(flash_dal_info.o)
    0x08018964   0x00000004   PAD
    0x08018968   0x00000060   Data   RO         1306    .constdata          bam.lib(bamtgtcfg.o)
    0x080189c8   0x00000070   Data   RO         1326    .constdata          DALflash.lib(flash_dal_fwk.o)
    0x08018a38   0x00000020   Data   RO         1585    .constdata          DALflash_nand_dcpu.lib(flash_nand_config.o)
    0x08018a58   0x00000020   Data   RO         1586    .constdata          DALflash_nand_dcpu.lib(flash_nand_config.o)
    0x08018a78   0x00000028   Data   RO         1703    .constdata          HALflash_qpic_dcpu.lib(flash_hal_nandc_common.o)
    0x08018aa0   0x00000014   Data   RO         1704    .constdata          HALflash_qpic_dcpu.lib(flash_hal_nandc_common.o)
    0x08018ab4   0x00000028   Data   RO         1705    .constdata          HALflash_qpic_dcpu.lib(flash_hal_nandc_common.o)
    0x08018adc   0x00000014   Data   RO         1706    .constdata          HALflash_qpic_dcpu.lib(flash_hal_nandc_common.o)
    0x08018af0   0x00000028   Data   RO         1707    .constdata          HALflash_qpic_dcpu.lib(flash_hal_nandc_common.o)
    0x08018b18   0x00000014   Data   RO         1708    .constdata          HALflash_qpic_dcpu.lib(flash_hal_nandc_common.o)
    0x08018b2c   0x00000028   Data   RO         1709    .constdata          HALflash_qpic_dcpu.lib(flash_hal_nandc_common.o)
    0x08018b54   0x00000014   Data   RO         1710    .constdata          HALflash_qpic_dcpu.lib(flash_hal_nandc_common.o)
    0x08018b68   0x00000004   Data   RW           11    .data               hostdl.lib(hostdl.o)
    0x08018b6c   0x00000004   Data   RW          163    .data               Spmi.lib(SpmiCfg.o)
    0x08018b70   0x000000f8   Data   RW          259    .data               hostdl.lib(hostdl_packet.o)
    0x08018c68   0x00000008   Data   RW          289    .data               hostdl.lib(hostdl_flash.o)
    0x08018c70   0x00000008   Data   RW          311    .data               Clock_msm8909_emmc_SBL.lib(ClockSBL.o)
    0x08018c78   0x00000114   Data   RW          375    .data               pmic_drivers_pon.lib(pm_pon.o)
    0x08018d8c   0x00000020   Data   RW          459    .data               qhsusb_armprg.lib(qhsusb_al_hostdl.o)
    0x08018dac   0x00000018   Data   RW          460    .data               qhsusb_armprg.lib(qhsusb_al_hostdl.o)
    0x08018dc4   0x00000004   Data   RW          584    .data               Spmi.lib(SpmiHal.o)
    0x08018dc8   0x00000004   Data   RW          603    .data               DALFwk.lib(DALModEnv.o)
    0x08018dcc   0x00000008   Data   RW          604    .data               DALFwk.lib(DALModEnv.o)
    0x08018dd4   0x00000001   Data   RW          671    .data               nand_hostdl.lib(nand_tools.o)
    0x08018dd5   0x00000003   PAD
    0x08018dd8   0x00000020   Data   RW          672    .data               nand_hostdl.lib(nand_tools.o)
    0x08018df8   0x00000544   Data   RW          711    .data               Clock_msm8909_emmc_SBL.lib(ClockSBLConfig.o)
    0x0801933c   0x00000004   Data   RW          726    .data               Clock_msm8909_emmc_SBL.lib(ClockSBLCPU.o)
    0x08019340   0x00000001   Data   RW          800    .data               pmic_framework.lib(pm_version.o)
    0x08019341   0x00000003   PAD
    0x08019344   0x0000025c   Data   RW          837    .data               qhsusb_armprg.lib(qhsusb_fd_hdlc.o)
    0x080195a0   0x00000030   Data   RW          838    .data               qhsusb_armprg.lib(qhsusb_fd_hdlc.o)
    0x080195d0   0x00000010   Data   RW          871    .data               qhsusb_armprg.lib(qhsusb_dcd_ch9.o)
    0x080195e0   0x00000024   Data   RW          891    .data               qhsusb_armprg.lib(qhsusb_dci.o)
    0x08019604   0x00000004   Data   RW          926    .data               DALConfig.lib(DALConfig_boot.o)
    0x08019608   0x00000008   Data   RW          939    .data               DALConfig.lib(DALModDir_boot.o)
    0x08019610   0x00000008   Data   RW          940    .data               DALConfig.lib(DALModDir_boot.o)
    0x08019618   0x00000020   Data   RW          951    .data               DALFwk.lib(DALHeap.o)
    0x08019638   0x00000018   Data   RW          981    .data               nand_hostdl.lib(nand_core.o)
    0x08019650   0x00000004   Data   RW         1032    .data               nand_hostdl.lib(nand_entry.o)
    0x08019654   0x0000000c   Data   RW         1057    .data               busywait_lib.lib(busywait_hw_qtimer.o)
    0x08019660   0x00000003   Data   RW         1092    .data               qhsusb_armprg.lib(qhsusb_dci_8909.o)
    0x08019663   0x00000001   PAD
    0x08019664   0x00000010   Data   RW         1138    .data               bam.lib(bams.o)
    0x08019674   0x00000010   Data   RW         1166    .data               DALflash.lib(flash_dal_info.o)
    0x08019684   0x00000008   Data   RW         1185    .data               nand_hostdl.lib(nand_partition.o)
    0x0801968c   0x00000004   Data   RW         1219    .data               nand_hostdl.lib(nand_wrapper.o)
    0x08019690   0x00000001   Data   RW         1236    .data               nand_config_v2.lib(nand_core_v2.o)
    0x08019691   0x00000003   PAD
    0x08019694   0x0000001c   Data   RW         1261    .data               DALFwk.lib(DALMemDesc.o)
    0x080196b0   0x00000004   Data   RW         1288    .data               bam.lib(bamcore.o)
    0x080196b4   0x00000008   Data   RW         1307    .data               bam.lib(bamtgtcfg.o)
    0x080196bc   0x00000004   PAD
    0x080196c0   0x000001c0   Data   RW         1327    .data               DALflash.lib(flash_dal_fwk.o)
    0x08019880   0x00000014   Data   RW         1377    .data               DALflash.lib(flash_properties.o)
    0x08019894   0x00000001   Data   RW         1433    .data               DALflash_nand_dcpu.lib(flash_nand_entry.o)
    0x08019895   0x00000003   PAD
    0x08019898   0x0000000c   Data   RW         1487    .data               DALflash_nand_dcpu.lib(flash_nand_init.o)
    0x080198a4   0x00000008   Data   RW         1505    .data               DALflash_nand_dcpu.lib(flash_nand_partition.o)
    0x080198ac   0x00000064   Data   RW         1570    .data               DALflash_nand_dcpu.lib(flash_onfi.o)
    0x08019910   0x00000010   Data   RW         1587    .data               DALflash_nand_dcpu.lib(flash_nand_config.o)
    0x08019920   0x0000002c   Data   RW         1588    .data               DALflash_nand_dcpu.lib(flash_nand_config.o)
    0x0801994c   0x00000130   Data   RW         1592    .data               DALflash_nand_dcpu.lib(flash_nand_config.o)
    0x08019a7c   0x00000028   Data   RW         1593    .data               DALflash_nand_dcpu.lib(flash_nand_config.o)
    0x08019aa4   0x00000078   Data   RW         1610    .data               DALflash_nand_dcpu.lib(flash_otp_config.o)
    0x08019b1c   0x00000078   Data   RW         1611    .data               DALflash_nand_dcpu.lib(flash_otp_config.o)
    0x08019b94   0x00000050   Data   RW         1612    .data               DALflash_nand_dcpu.lib(flash_otp_config.o)
    0x08019be4   0x00000014   Data   RW         1613    .data               DALflash_nand_dcpu.lib(flash_otp_config.o)
    0x08019bf8   0x00000014   Data   RW         1614    .data               DALflash_nand_dcpu.lib(flash_otp_config.o)
    0x08019c0c   0x00000064   Data   RW         1615    .data               DALflash_nand_dcpu.lib(flash_otp_config.o)
    0x08019c70   0x0000000c   Data   RW         1616    .data               DALflash_nand_dcpu.lib(flash_otp_config.o)
    0x08019c7c   0x0000000c   Data   RW         1617    .data               DALflash_nand_dcpu.lib(flash_otp_config.o)
    0x08019c88   0x00000048   Data   RW         1618    .data               DALflash_nand_dcpu.lib(flash_otp_config.o)
    0x08019cd0   0x00000008   Data   RW         1638    .data               HALflash_qpic_dcpu.lib(flash_hal_main.o)
    0x08019cd8   0x00000004   Data   RW         1662    .data               HALflash_qpic_dcpu.lib(flash_hal_nand_main.o)
    0x08019cdc   0x00000001   Data   RW         1686    .data               HALflash.lib(flash_hal_common.o)
    0x08019cdd   0x00000003   PAD
    0x08019ce0   0x00000004   Data   RW         1687    .data               HALflash.lib(flash_hal_common.o)
    0x08019ce4   0x00000050   Data   RW         1711    .data               HALflash_qpic_dcpu.lib(flash_hal_nandc_common.o)
    0x08019d34   0x00000004   Data   RW         1733    .data               HALflash_qpic_dcpu.lib(flash_hal_nandc_predef_direct_cpu.o)
    0x08019d38   0x00001000   Zero   RW            7    .bss                hostdl.lib(hostdl.o)
    0x0801ad38   0x00000800   Zero   RW            8    .bss                hostdl.lib(hostdl.o)
    0x0801b538   0x00000100   Zero   RW            9    .bss                hostdl.lib(hostdl.o)
    0x0801b638   0x00000100   Zero   RW           10    .bss                hostdl.lib(hostdl.o)
    0x0801b738   0x000002b8   Zero   RW          223    .bss                Spmi.lib(SpmiBus.o)
    0x0801b9f0   0x00001074   Zero   RW          256    .bss                hostdl.lib(hostdl_packet.o)
    0x0801ca64   0x00000488   Zero   RW          514    .bss                Spmi.lib(PmicArb.o)
    0x0801ceec   0x00000020   Zero   RW          600    .bss                DALFwk.lib(DALModEnv.o)
    0x0801cf0c   0x0000008c   Zero   RW          799    .bss                pmic_framework.lib(pm_version.o)
    0x0801cf98   0x00000010   Zero   RW          938    .bss                DALConfig.lib(DALModDir_boot.o)
    0x0801cfa8   0x00000018   PAD
    0x0801cfc0   0x000069e8   Zero   RW          980    .bss                nand_hostdl.lib(nand_core.o)
    0x080239a8   0x00000024   Zero   RW         1021    .bss                nand_hostdl.lib(nand_param.o)
    0x080239cc   0x0000000c   Zero   RW         1056    .bss                busywait_lib.lib(busywait_hw_qtimer.o)
    0x080239d8   0x00000008   PAD
    0x080239e0   0x00002000   Zero   RW         1184    .bss                nand_hostdl.lib(nand_partition.o)
    0x080259e0   0x0000003c   Zero   RW         1218    .bss                nand_hostdl.lib(nand_wrapper.o)
    0x08025a1c   0x00000004   PAD
    0x08025a20   0x00001514   Zero   RW         1234    .bss                nand_config_v2.lib(nand_core_v2.o)
    0x08026f34   0x000000e8   Zero   RW         1432    .bss                DALflash_nand_dcpu.lib(flash_nand_entry.o)
    0x0802701c   0x00000014   Zero   RW         1452    .bss                DALflash.lib(flash_dal_util.o)
    0x08027030   0x0000001c   Zero   RW         1453    .bss                DALflash.lib(flash_dal_util.o)
    0x0802704c   0x00000054   Zero   RW         1470    .bss                DALflash_nand_dcpu.lib(flash_nand_core.o)
    0x080270a0   0x00000020   Zero   RW         1486    .bss                DALflash_nand_dcpu.lib(flash_nand_init.o)
    0x080270c0   0x0000004c   Zero   RW         1504    .bss                DALflash_nand_dcpu.lib(flash_nand_partition.o)
    0x0802710c   0x00000014   Zero   RW         1535    .bss                HALflash.lib(flash_hal_properties.o)
    0x08027120   0x000000fc   Zero   RW         1637    .bss                HALflash_qpic_dcpu.lib(flash_hal_main.o)
    0x0802721c   0x00001bd0   Zero   RW         1661    .bss                HALflash_qpic_dcpu.lib(flash_hal_nand_main.o)
    0x08028dec   0x00000024   Zero   RW         1685    .bss                HALflash.lib(flash_hal_common.o)


==============================================================================

Image component sizes


      Code (inc. data)   RO Data    RW Data    ZI Data      Debug   Object Name

       400         74          0          0          0        724   hostdl_startup.o

    ----------------------------------------------------------------------
       400         74          0          0          0        724   Object Totals
         0          0          0          0          0          0   (incl. Generated)
         0          0          0          0          0          0   (incl. Padding)

    ----------------------------------------------------------------------

      Code (inc. data)   RO Data    RW Data    ZI Data      Debug   Library Member Name

      1018          0          0          0          0      17506   ClockSBLCommon.o
      1668        194        152          8          0      34469   ClockSBL.o
       144         10          0          4          0       2684   ClockSBLCPU.o
       500         30          0       1348          0       4199   ClockSBLConfig.o
         8          0          0          0          0        760   ClockTLMMSpareStub.o
       556         42         96          0          0       4963   ClockTools.o
         0          0        132          4          0       1191   DALConfig_boot.o
         0          0          0         16         16       1108   DALModDir_boot.o
       172          6          0         32          0       3137   DALHeap.o
      1188         46          0         28          0       8136   DALMemDesc.o
      1472        136        138         12         32      39940   DALModEnv.o
      1040          4          0          0          0       9536   DALProps.o
       524          0          0          0          0       4008   dalfwkbase.o
       164          0          0          0          0       4554   flash_dal.o
       824         16        112        448          0      11811   flash_dal_fwk.o
         0          0         12         16          0      12326   flash_dal_info.o
       524          6          0          0         48       5127   flash_dal_util.o
        96         18          0         20          0      15796   flash_properties.o
         4          0          0          0          0        654   flash_dal_nand_default.o
        12          6         64        404          0       5705   flash_nand_config.o
      2424         22          0          0         84      12750   flash_nand_core.o
      1752        122          0          1        232      14970   flash_nand_entry.o
      1748         30          0         12         32      12744   flash_nand_init.o
      1156         44          0          8         76       9186   flash_nand_partition.o
       824         18          0        100          0       6741   flash_onfi.o
        28          4          0        556          0       2002   flash_otp_config.o
       252         18          0          5         36       2755   flash_hal_common.o
       252         20          0          0         20      14604   flash_hal_properties.o
        84          0          0          0          0        600   flash_hal_util_asm.o
      1004         62          0          8        252      13578   flash_hal_main.o
       940         18          0          4       7120       6473   flash_hal_nand_main.o
      2836         86          0          0          0      11214   flash_hal_nandc.o
      1052         20        240         80          0       5444   flash_hal_nandc_common.o
         8          0          0          0          0       1790   flash_hal_nandc_default.o
      2144         76          0          4          0      11179   flash_hal_nandc_predef_direct_cpu.o
       288         64        404          0          0       1814   GeniImage.o
      1488         26          0          0       1160      10376   PmicArb.o
      1320         16          0          0        696      12773   SpmiBus.o
      1784         28          5          4          0      16707   SpmiCfg.o
        28          6          0          4          0       1776   SpmiHal.o
       340          4          0          0          0       2302   SpmiMaster.o
        52          0          0          0          0       3171   SpmiOsImage.o
       476          4          0          0          0       3895   SpmiRadixTree.o
      2040         52          0          4          0      17916   bamcore.o
       208          6          0          0          0       6221   bamosal.o
      3584         20          0         16          0      27993   bams.o
       148          6         96          8          0       4392   bamtgtcfg.o
       188         64          0         12         12       1557   busywait_hw_qtimer.o
        16          0          0          0          0         72   abort.o
        16          0          0          0          0         68   aeabi_memset.o
       604          0          0          0          0        144   aeabi_sdivfast_rs.o
       128         42          0          0          0         76   assert.o
        20          0          0          0          0         76   assert_puts.o
        48         34          0          0          0         76   defsig_abrt_inner.o
        14          0          0          0          0         80   defsig_abrt_outer.o
        10          0          0          0          0         68   defsig_exit.o
        50          0          0          0          0         88   defsig_general.o
         0          0          0          0          0          0   indicate_semi.o
       816         64          0          0          0         84   lludiv5.o
        88          0          0          0          0         76   memcmp.o
        12          0          0          0          0         76   memcpy.o
        22          0          0          0          0         76   memset.o
        68          0          0          0          0         68   rt_memclr.o
        78          0          0          0          0         80   rt_memclr_w.o
       212          0          0          0          0         68   rt_memcpy.o
       100          0          0          0          0         80   rt_memcpy_w.o
       160          4          0          0          0         80   strcmp.o
        58          0          0          0          0         68   strlen.o
       240          4          0          0          0         80   strncmp.o
        12          4          0          0          0         68   sys_exit.o
        14          0          0          0          0         76   sys_wrch.o
        22          0          0          0          0         68   uread4.o
         2          0          0          0          0         68   use_no_semi.o
       804         16          0          0          0        280   daddsub_clz.o
        90          4          0          0          0         92   dfixu.o
        38          0          0          0          0         68   dflt_clz.o
       340         12          0          0          0        104   dmul.o
       156          4          0          0          0         92   dnaninf.o
        12          0          0          0          0         68   dretinf.o
         0          0          0          0          0          0   usenofp.o
       128         12          0          4       6656      12416   hostdl.o
       924         48          0          8          0       8237   hostdl_flash.o
      3644        938        137        248       4212      21730   hostdl_packet.o
       120         30          0          0          0      34983   hostdl_config.o
        30          0          0          0          0        794   memscpy.o
        66          0          0          0          0        838   strlcpy.o
      2524        420          0          1       5396      23016   nand_core_v2.o
      6188        280          0         24      27112      48134   nand_core.o
       172         20          0          4      20000       7071   nand_entry.o
         0          0          0          0         36        829   nand_param.o
      1708         76          0          8       8192      29778   nand_partition.o
         6          0          0          0          0        739   nand_stubs.o
       352         40          0         33          0      14962   nand_tools.o
       596          8          0          4         60      12076   nand_wrapper.o
       264          0          0          0          0      14719   pm_comm_spmi_lite.o
      2780        156          0        276          0      27982   pm_pon.o
       492         18          0          1        140       6644   pm_version.o
       188         12          0         56          0      36415   qhsusb_al_hostdl.o
        76          8          0          0          0       4894   qhsusb_boot_dload.o
      1616         30          0         16         74      16226   qhsusb_dcd_ch9.o
      2984         90          0         36       8576      18979   qhsusb_dci.o
      1560         38          0          3         12      12462   qhsusb_dci_8909.o
       164         16          0          0          0       3353   qhsusb_dci_8909_hw_apis_sbl1.o
      1580         78        136        652       9068      12729   qhsusb_fd_hdlc.o
         4          0          0          0          0        821   qhsusb_log.o
       568         24       3072          0          0       4239   crc.o

    ----------------------------------------------------------------------
     71364       3880       4804       4560     100484     802167   Library Totals
        18          0          8         20       1134          0   (incl. Padding)

    ----------------------------------------------------------------------

      Code (inc. data)   RO Data    RW Data    ZI Data      Debug   Library Name

      1018          0          0          0          0      17506   Clock_Common_SBL.lib
      2876        276        248       1360          0      47075   Clock_msm8909_emmc_SBL.lib
         0          0        132         20         16       2299   DALConfig.lib
      4396        192        138         72         32      64757   DALFwk.lib
      1608         40        124        484         48      49614   DALflash.lib
      7948        246         64       1081        424      64752   DALflash_nand_dcpu.lib
       588         38          0          5         56      17959   HALflash.lib
      7984        262        240         96       7372      49678   HALflash_qpic_dcpu.lib
      5776        148        409          8       1856      52814   Spmi.lib
      5980         84         96         28          0      56522   bam.lib
       188         64          0         12         12       1557   busywait_lib.lib
      2810        152          0          0          0       1864   c_2.l
      1440         36          0          0          0        704   fz_2s.l
      4696        998        137        260      10868      42383   hostdl.lib
       120         30          0          0          0      34983   hostdl_config_v2.lib
        96          0          0          0          0       1632   libstd.lib
      2524        420          0          1       5396      23016   nand_config_v2.lib
      9022        424          0         73      55400     113589   nand_hostdl.lib
       264          0          0          0          0      14719   pmic_comm_spmi_lite.lib
      2780        156          0        276          0      27982   pmic_drivers_pon.lib
       492         18          0          1        140       6644   pmic_framework.lib
      8172        272        136        763      17730     105879   qhsusb_armprg.lib
       568         24       3072          0          0       4239   utils_tools.lib

    ----------------------------------------------------------------------
     71364       3880       4804       4560     100484     802167   Library Totals

    ----------------------------------------------------------------------

==============================================================================


      Code (inc. data)   RO Data    RW Data    ZI Data      Debug   

     71764       3954       4804       4560     100484     795487   Grand Totals
     71764       3954       4804       4560     100484     795487   ELF Image Totals
     71764       3954       4804       4560          0          0   ROM Totals

==============================================================================

    Total RO  Size (Code + RO Data)                76568 (  74.77kB)
    Total RW  Size (RW Data + ZI Data)            105044 ( 102.58kB)
    Total ROM Size (Code + RO Data + RW Data)      81128 (  79.23kB)

==============================================================================

