ARM Linker, 5.01 [Build 94] 

==============================================================================

Image Symbol Table

    Local Symbols

    Symbol Name                              Value     Ov Type        Size  Object(Section)

    ../clib/angel/rt.s                       0x00000000   Number         0  rt_div0.o ABSOLUTE
    ../clib/angel/rt.s                       0x00000000   Number         0  aeabi_ldiv0_sigfpe.o ABSOLUTE
    ../clib/angel/rt.s                       0x00000000   Number         0  aeabi_ldiv0.o ABSOLUTE
    ../clib/angel/sys.s                      0x00000000   Number         0  indicate_semi.o ABSOLUTE
    ../clib/angel/sys.s                      0x00000000   Number         0  use_no_semi.o ABSOLUTE
    ../clib/angel/sysapp.c                   0x00000000   Number         0  sys_wrch.o ABSOLUTE
    ../clib/longlong.s                       0x00000000   Number         0  lludiv5.o ABSOLUTE
    ../clib/longlong.s                       0x00000000   Number         0  llshl.o ABSOLUTE
    ../clib/longlong.s                       0x00000000   Number         0  llushr.o ABSOLUTE
    ../clib/longlong.s                       0x00000000   Number         0  llsdiv.o ABSOLUTE
    ../clib/memcpset.s                       0x00000000   Number         0  rt_memcpy_v6.o ABSOLUTE
    ../clib/memcpset.s                       0x00000000   Number         0  memcpy.o ABSOLUTE
    ../clib/memcpset.s                       0x00000000   Number         0  rt_memcpy_w.o ABSOLUTE
    ../clib/memcpset.s                       0x00000000   Number         0  rt_memmove_w.o ABSOLUTE
    ../clib/memcpset.s                       0x00000000   Number         0  memset.o ABSOLUTE
    ../clib/memcpset.s                       0x00000000   Number         0  aeabi_memset.o ABSOLUTE
    ../clib/memcpset.s                       0x00000000   Number         0  rt_memclr.o ABSOLUTE
    ../clib/memcpset.s                       0x00000000   Number         0  rt_memclr_w.o ABSOLUTE
    ../clib/memcpset.s                       0x00000000   Number         0  strcmpfast.o ABSOLUTE
    ../clib/signal.c                         0x00000000   Number         0  defsig_abrt_outer.o ABSOLUTE
    ../clib/signal.c                         0x00000000   Number         0  defsig_abrt_formal.o ABSOLUTE
    ../clib/signal.c                         0x00000000   Number         0  defsig_exit.o ABSOLUTE
    ../clib/signal.c                         0x00000000   Number         0  defsig_abrt_inner.o ABSOLUTE
    ../clib/signal.c                         0x00000000   Number         0  defsig_fpe_inner.o ABSOLUTE
    ../clib/signal.c                         0x00000000   Number         0  defsig_fpe_formal.o ABSOLUTE
    ../clib/signal.c                         0x00000000   Number         0  defsig_fpe_outer.o ABSOLUTE
    ../clib/signal.c                         0x00000000   Number         0  defsig_general.o ABSOLUTE
    ../clib/stdlib.c                         0x00000000   Number         0  abort.o ABSOLUTE
    ../clib/string.c                         0x00000000   Number         0  strchr.o ABSOLUTE
    ../clib/string.c                         0x00000000   Number         0  memcmp.o ABSOLUTE
    ../clib/string.c                         0x00000000   Number         0  strncmp_v6.o ABSOLUTE
    ../clib/string.c                         0x00000000   Number         0  strlen_v6.o ABSOLUTE
    /local/mnt/workspace/CRMBuilds/TZ.BF.2.5.c10-00004-M8909AAAAANAZT-2_20161130_222454/b/trustzone_images/build/build/tzbsp_no_xpu/cortexA7/MATAANAA/oem_version.c 0x00000000   Number         0  oem_version.o ABSOLUTE
    /local/mnt/workspace/CRMBuilds/TZ.BF.2.5.c10-00004-M8909AAAAANAZT-2_20161130_222454/b/trustzone_images/build/build/tzbsp_no_xpu/cortexA7/MATAANAA/qc_version.c 0x00000000   Number         0  qc_version.o ABSOLUTE
    /local/mnt/workspace/CRMBuilds/TZ.BF.2.5.c10-00004-M8909AAAAANAZT-2_20161130_222454/b/trustzone_images/core/boot/qfprom/hw/core_2_0/HALqfprom.c 0x00000000   Number         0  HALqfprom.o ABSOLUTE
    /local/mnt/workspace/CRMBuilds/TZ.BF.2.5.c10-00004-M8909AAAAANAZT-2_20161130_222454/b/trustzone_images/core/boot/qfprom/hw/core_2_0/qfprom_fuse_region_v8.c 0x00000000   Number         0  qfprom_fuse_region_v8.o ABSOLUTE
    /local/mnt/workspace/CRMBuilds/TZ.BF.2.5.c10-00004-M8909AAAAANAZT-2_20161130_222454/b/trustzone_images/core/boot/qfprom/hw/core_2_0/qfprom_target_v6.c 0x00000000   Number         0  qfprom_target_v6.o ABSOLUTE
    /local/mnt/workspace/CRMBuilds/TZ.BF.2.5.c10-00004-M8909AAAAANAZT-2_20161130_222454/b/trustzone_images/core/boot/qfprom/src/qfprom.c 0x00000000   Number         0  qfprom.o ABSOLUTE
    /local/mnt/workspace/CRMBuilds/TZ.BF.2.5.c10-00004-M8909AAAAANAZT-2_20161130_222454/b/trustzone_images/core/buses/icb/src/8909/ABT_data.c 0x00000000   Number         0  ABT_data.o ABSOLUTE
[...]
    0x87ed1034   0x00000004   Data   RW          169    .data               tzbsp_msmdcvs.o
    0x87ed1038   0x00000004   Data   RW          170    .data               tzbsp_msmdcvs.o
    0x87ed103c   0x00000004   PAD
    0x87ed1040   0x000001d0   Data   RW          280    .data               mapper_sd.o
    0x87ed1210   0x000000d0   Data   RW          392    .data               tzbsp_blacklist.o
    0x87ed12e0   0x00000004   Data   RW          393    .data               tzbsp_blacklist.o
    0x87ed12e4   0x0000004c   Data   RW          577    .data               tzbsp_xpu.o
    0x87ed1330   0x00000004   Data   RW          578    .data               tzbsp_xpu.o
    0x87ed1334   0x00000004   Data   RW          579    .data               tzbsp_xpu.o
    0x87ed1338   0x00000004   Data   RW          580    .data               tzbsp_xpu.o
    0x87ed133c   0x0000000c   Data   RW          638    .data               tzbsp_memory_dump.o
    0x87ed1348   0x00000008   Data   RW          733    .data               tzbsp_sec_core.o
    0x87ed1350   0x00000040   Data   RW          760    .data               tzbsp_subsys.o
    0x87ed1390   0x00000008   Data   RW          781    .data               tzbsp_ext_os.o
    0x87ed1398   0x0000000c   Data   RW          807    .data               tzbsp_blsp.o
    0x87ed13a4   0x00000008   Data   RW          845    .data               tzbsp_blsp_arch.o
    0x87ed13ac   0x00000200   Data   RW          883    .data               tzbsp_blsp_config_8909w.o
    0x87ed15ac   0x00000004   Data   RW          884    .data               tzbsp_blsp_config_8909w.o
    0x87ed15b0   0x00000004   Data   RW          894    .data               tzbsp_jtag.o
    0x87ed15b4   0x00000001   Data   RW          910    .data               tzbsp_prng.o
    0x87ed15b5   0x00000003   PAD
    0x87ed15b8   0x00000010   Data   RW          927    .data               tzbsp_init.o
    0x87ed15c8   0x00000004   Data   RW          997    .data               tzbsp_dload_mode.o
    0x87ed15cc   0x0000000c   Data   RW         1022    .data               tzbsp_isr_array.o
    0x87ed15d8   0x00000008   Data   RW         1050    .data               tzbsp_mem.o
    0x87ed15e0   0x00000020   Data   RW         1084    .data               main.o
    0x87ed1600   0x00000004   Data   RW         1085    .data               main.o
    0x87ed1604   0x00000004   Data   RW         1086    .data               main.o
    0x87ed1608   0x00000004   Data   RW         1087    .data               main.o
    0x87ed160c   0x00000004   Data   RW         1088    .data               main.o
    0x87ed1610   0x00000002   Data   RW         1197    .data               tzbsp_boot.o
    0x87ed1612   0x00000002   PAD
    0x87ed1614   0x00000028   Data   RW         1231    .data               tzbsp_counter.o
    0x87ed163c   0x00000060   Data   RW         1309    .data               tzbsp_fver.o
    0x87ed169c   0x00000008   Data   RW         1330    .data               tzbsp_pil_auth.o
    0x87ed16a4   0x00000018   Data   RW         1431    .data               tzbsp_log.o
    0x87ed16bc   0x00000004   Data   RW         1432    .data               tzbsp_log.o
    0x87ed16c0   0x0000002c   Data   RW         1447    .data               qc_version.o
    0x87ed16ec   0x0000001f   Data   RW         1454    .data               oem_version.o
    0x87ed170b   0x0000001d   Data   RW         1455    .data               oem_version.o
    0x87ed1728   0x00000016   Data   RW         1463    .data               icb.lib(ABTimeout.o)
    0x87ed173e   0x00000002   PAD
    0x87ed1740   0x00000004   Data   RW         1546    .data               DALSys_tz.lib(DALModEnv.o)
    0x87ed1744   0x0000002a   Data   RW         1547    .data               DALSys_tz.lib(DALModEnv.o)
    0x87ed176e   0x00000002   PAD
    0x87ed1770   0x0000001c   Data   RW         1586    .data               bam.lib(bam.o)
    0x87ed178c   0x00000018   Data   RW         1680    .data               LK.lib(thread.o)
    0x87ed17a4   0x0000000c   Data   RW         1707    .data               LK.lib(dpc.o)
    0x87ed17b0   0x00000001   Data   RW         1741    .data               SMMUTzos.lib(SMMUTranslation.o)
    0x87ed17b1   0x00000003   PAD
    0x87ed17b4   0x000016c4   Data   RW         1838    .data               lm_lib.lib(lm_main.o)
    0x87ed2e78   0x00000020   Data   RW         1870    .data               rpm.lib(ubsp_rpm.o)
    0x87ed2e98   0x00000004   Data   RW         1953    .data               tz_monitor.lib(tzbsp_l1_dump.o)
    0x87ed2e9c   0x00000008   Data   RW         1994    .data               tz_common.lib(tzbsp_amt.o)
    0x87ed2ea4   0x00000004   Data   RW         2008    .data               tz_common.lib(tzbsp_nand.o)
    0x87ed2ea8   0x00000018   Data   RW         2040    .data               tz_common.lib(tzbsp_securechannel.o)
    0x87ed2ec0   0x00000001   Data   RW         2092    .data               tz_chipset.lib(tzbsp_wlan.o)
    0x87ed2ec1   0x00000003   PAD
    0x87ed2ec4   0x0000000c   Data   RW         2108    .data               tz_chipset.lib(tzbsp_video.o)
    0x87ed2ed0   0x00000110   Data   RW         2215    .data               tz_chipset.lib(tzbsp_chipset_fuse.o)
    0x87ed2fe0   0x00000008   Data   RW         2239    .data               tz_chipset.lib(tzbsp_config.o)
    0x87ed2fe8   0x0000006c   Data   RW         2261    .data               tz_chipset.lib(tzbsp_clk.o)
    0x87ed3054   0x00000004   Data   RW         2282    .data               tz_chipset.lib(tzbsp_syscall_def.o)
    0x87ed3058   0x00000004   Data   RW         2283    .data               tz_chipset.lib(tzbsp_syscall_def.o)
    0x87ed305c   0x00000094   Data   RW         2388    .data               tz_exec.lib(tzbsp_exec.o)
    0x87ed30f0   0x00000004   Data   RW         2428    .data               tz_init.lib(tzbsp_configure_hw.o)
    0x87ed30f4   0x00000004   Data   RW         2442    .data               QSEECORE.lib(tzos_boot_shim.o)
    0x87ed30f8   0x00000004   Data   RW         2457    .data               QSEECORE.lib(tzos_int_shim.o)
    0x87ed30fc   0x00000004   Data   RW         2471    .data               QSEECORE.lib(tzos_timer_shim.o)
    0x87ed3100   0x00000004   Data   RW         2486    .data               QSEECORE.lib(tzos_cache_shim.o)
    0x87ed3104   0x00000004   Data   RW         2500    .data               QSEECORE.lib(tzos_core_shim.o)
    0x87ed3108   0x00000004   Data   RW         2515    .data               QSEECORE.lib(tzos_crypto_shim.o)
    0x87ed310c   0x00000004   Data   RW         2530    .data               QSEECORE.lib(tzos_securechannel_shim.o)
    0x87ed3110   0x00000008   Data   RW         2545    .data               QSEECORE.lib(interrupts.o)
    0x87ed3118   0x00000008   Data   RW         2579    .data               QSEECORE.lib(tzbsp_secboot.o)
    0x87ed3120   0x00000004   Data   RW         2594    .data               tz_syscall.lib(tzbsp_syscall_def.o)
    0x87ed3124   0x00000004   Data   RW         2595    .data               tz_syscall.lib(tzbsp_syscall_def.o)
    0x87ed3128   0x00000004   Data   RW         2606    .data               tz_oem.lib(tzbsp_oem_log.o)
    0x87ed312c   0x00000004   Data   RW         2607    .data               tz_oem.lib(tzbsp_oem_log.o)
    0x87ed3130   0x00000004   Data   RW         2651    .data               tz_oem.lib(tzbsp_syscall_def.o)
    0x87ed3134   0x00000004   Data   RW         2652    .data               tz_oem.lib(tzbsp_syscall_def.o)
    0x87ed3138   0x0000002c   Data   RW         2676    .data               QSEESECAPP.lib(apps.o)
    0x87ed3164   0x00000004   Data   RW         2677    .data               QSEESECAPP.lib(apps.o)
    0x87ed3168   0x00000044   Data   RW         2728    .data               QSEESECAPP.lib(smc.o)
    0x87ed31ac   0x00000004   Data   RW         2782    .data               QSEESECAPP.lib(syscall_handler.o)
    0x87ed31b0   0x0000000c   Data   RW         2841    .data               FUSEPROV.lib(tzbsp_fuseprov.o)
    0x87ed31bc   0x00000018   Data   RW         2876    .data               tz_img_auth.lib(tzbsp_rollback_version.o)
    0x87ed31d4   0x00000008   Data   RW         2971    .data               tz_logging.lib(tzbsp_diag.o)
    0x87ed31dc   0x00000010   Data   RW         2972    .data               tz_logging.lib(tzbsp_diag.o)
    0x87ed31ec   0x00000010   Data   RW         2973    .data               tz_logging.lib(tzbsp_diag.o)
    0x87ed31fc   0x00000010   Data   RW         2974    .data               tz_logging.lib(tzbsp_diag.o)
    0x87ed320c   0x00000010   Data   RW         2975    .data               tz_logging.lib(tzbsp_diag.o)
    0x87ed321c   0x00000010   Data   RW         2976    .data               tz_logging.lib(tzbsp_diag.o)
    0x87ed322c   0x00000026   Data   RW         2992    .data               tz_logging.lib(tzbsp_jprintf.o)
    0x87ed3252   0x00000001   Data   RW         2993    .data               tz_logging.lib(tzbsp_jprintf.o)
    0x87ed3253   0x00000001   Data   RW         2994    .data               tz_logging.lib(tzbsp_jprintf.o)
    0x87ed3254   0x00000001   Data   RW         3011    .data               tz_logging.lib(tzbsp_err.o)
    0x87ed3255   0x00000003   PAD
    0x87ed3258   0x00000004   Data   RW         3046    .data               tz_logging.lib(tzbsp_sw_fuse.o)
    0x87ed325c   0x00000001   Data   RW         3098    .data               sd_mgr.lib(sd_mgr_rpmb.o)
    0x87ed325d   0x00000003   PAD
    0x87ed3260   0x0000001c   Data   RW         3186    .data               tz_init.lib(sysdbg_mem_dump.o)
    0x87ed327c   0x00000004   Data   RW         3187    .data               tz_init.lib(sysdbg_mem_dump.o)
    0x87ed3280   0x00000010   Data   RW         3282    .data               HALqgic.lib(HALqgic.o)
    0x87ed3290   0x00000008   Data   RW         3319    .data               qfprom_driver.lib(qfprom.o)
    0x87ed3298   0x00000004   Data   RW         3400    .data               Spmi.lib(SpmiHal.o)
    0x87ed329c   0x0000000c   Data   RW         3455    .data               DALConfig.lib(DALConfig_tz.o)
    0x87ed32a8   0x0000000c   Data   RW         3456    .data               DALConfig.lib(DALConfig_tz.o)
    0x87ed32b4   0x0000000c   Data   RW         3457    .data               DALConfig.lib(DALConfig_tz.o)
    0x87ed32c0   0x0000000c   Data   RW         3458    .data               DALConfig.lib(DALConfig_tz.o)
    0x87ed32cc   0x0000000c   Data   RW         3459    .data               DALConfig.lib(DALConfig_tz.o)
    0x87ed32d8   0x00000020   Data   RW         3460    .data               DALConfig.lib(DALConfig_tz.o)
    0x87ed32f8   0x00000020   Data   RW         3461    .data               DALConfig.lib(DALConfig_tz.o)
    0x87ed3318   0x00000020   Data   RW         3462    .data               DALConfig.lib(DALConfig_tz.o)
    0x87ed3338   0x00000020   Data   RW         3463    .data               DALConfig.lib(DALConfig_tz.o)
    0x87ed3358   0x00000020   Data   RW         3464    .data               DALConfig.lib(DALConfig_tz.o)
    0x87ed3378   0x00000020   Data   RW         3465    .data               DALConfig.lib(DALConfig_tz.o)
    0x87ed3398   0x00000020   Data   RW         3466    .data               DALConfig.lib(DALConfig_tz.o)
    0x87ed33b8   0x00000020   Data   RW         3467    .data               DALConfig.lib(DALConfig_tz.o)
    0x87ed33d8   0x00000020   Data   RW         3468    .data               DALConfig.lib(DALConfig_tz.o)
    0x87ed33f8   0x00000020   Data   RW         3469    .data               DALConfig.lib(DALConfig_tz.o)
    0x87ed3418   0x00000020   Data   RW         3470    .data               DALConfig.lib(DALConfig_tz.o)
    0x87ed3438   0x00000020   Data   RW         3471    .data               DALConfig.lib(DALConfig_tz.o)
    0x87ed3458   0x00000020   Data   RW         3472    .data               DALConfig.lib(DALConfig_tz.o)
    0x87ed3478   0x00000020   Data   RW         3473    .data               DALConfig.lib(DALConfig_tz.o)
    0x87ed3498   0x00000020   Data   RW         3474    .data               DALConfig.lib(DALConfig_tz.o)
    0x87ed34b8   0x00000020   Data   RW         3475    .data               DALConfig.lib(DALConfig_tz.o)
    0x87ed34d8   0x00000020   Data   RW         3476    .data               DALConfig.lib(DALConfig_tz.o)
    0x87ed34f8   0x00000020   Data   RW         3477    .data               DALConfig.lib(DALConfig_tz.o)
    0x87ed3518   0x00000020   Data   RW         3478    .data               DALConfig.lib(DALConfig_tz.o)
    0x87ed3538   0x00000020   Data   RW         3479    .data               DALConfig.lib(DALConfig_tz.o)
    0x87ed3558   0x00000020   Data   RW         3480    .data               DALConfig.lib(DALConfig_tz.o)
    0x87ed3578   0x00000020   Data   RW         3481    .data               DALConfig.lib(DALConfig_tz.o)
    0x87ed3598   0x00000020   Data   RW         3482    .data               DALConfig.lib(DALConfig_tz.o)
    0x87ed35b8   0x00000020   Data   RW         3483    .data               DALConfig.lib(DALConfig_tz.o)
    0x87ed35d8   0x00000020   Data   RW         3484    .data               DALConfig.lib(DALConfig_tz.o)
    0x87ed35f8   0x00000020   Data   RW         3485    .data               DALConfig.lib(DALConfig_tz.o)
    0x87ed3618   0x0000001c   Data   RW         3486    .data               DALConfig.lib(DALConfig_tz.o)
    0x87ed3634   0x000001f4   Data   RW         3487    .data               DALConfig.lib(DALConfig_tz.o)
    0x87ed3828   0x00000004   Data   RW         3488    .data               DALConfig.lib(DALConfig_tz.o)
    0x87ed382c   0x0000001c   Data   RW         3489    .data               DALConfig.lib(DALConfig_tz.o)
    0x87ed3848   0x000001f4   Data   RW         3490    .data               DALConfig.lib(DALConfig_tz.o)
    0x87ed3a3c   0x00000004   Data   RW         3491    .data               DALConfig.lib(DALConfig_tz.o)
    0x87ed3a40   0x00000014   Data   RW         3492    .data               DALConfig.lib(DALConfig_tz.o)
    0x87ed3a54   0x0000003c   Data   RW         3493    .data               DALConfig.lib(DALConfig_tz.o)
    0x87ed3a90   0x00000004   Data   RW         3494    .data               DALConfig.lib(DALConfig_tz.o)
    0x87ed3a94   0x00000014   Data   RW         3495    .data               DALConfig.lib(DALConfig_tz.o)
    0x87ed3aa8   0x00000028   Data   RW         3496    .data               DALConfig.lib(DALConfig_tz.o)
    0x87ed3ad0   0x00000004   Data   RW         3497    .data               DALConfig.lib(DALConfig_tz.o)
    0x87ed3ad4   0x00000014   Data   RW         3498    .data               DALConfig.lib(DALConfig_tz.o)
    0x87ed3ae8   0x00000004   Data   RW         3499    .data               DALConfig.lib(DALConfig_tz.o)
    0x87ed3aec   0x00000014   Data   RW         3500    .data               DALConfig.lib(DALConfig_tz.o)
    0x87ed3b00   0x00000014   Data   RW         3501    .data               DALConfig.lib(DALConfig_tz.o)
    0x87ed3b14   0x00000004   Data   RW         3502    .data               DALConfig.lib(DALConfig_tz.o)
    0x87ed3b18   0x00000014   Data   RW         3503    .data               DALConfig.lib(DALConfig_tz.o)
    0x87ed3b2c   0x000000dc   Data   RW         3504    .data               DALConfig.lib(DALConfig_tz.o)
    0x87ed3c08   0x00000004   Data   RW         3505    .data               DALConfig.lib(DALConfig_tz.o)
    0x87ed3c0c   0x00000014   Data   RW         3506    .data               DALConfig.lib(DALConfig_tz.o)
    0x87ed3c20   0x000000a0   Data   RW         3507    .data               DALConfig.lib(DALConfig_tz.o)
    0x87ed3cc0   0x00000004   Data   RW         3508    .data               DALConfig.lib(DALConfig_tz.o)
    0x87ed3cc4   0x00000014   Data   RW         3509    .data               DALConfig.lib(DALConfig_tz.o)
    0x87ed3cd8   0x000000a0   Data   RW         3510    .data               DALConfig.lib(DALConfig_tz.o)
    0x87ed3d78   0x00000004   Data   RW         3511    .data               DALConfig.lib(DALConfig_tz.o)
    0x87ed3d7c   0x00000014   Data   RW         3512    .data               DALConfig.lib(DALConfig_tz.o)
    0x87ed3d90   0x000000a0   Data   RW         3513    .data               DALConfig.lib(DALConfig_tz.o)
    0x87ed3e30   0x00000004   Data   RW         3514    .data               DALConfig.lib(DALConfig_tz.o)
    0x87ed3e34   0x00000014   Data   RW         3515    .data               DALConfig.lib(DALConfig_tz.o)
    0x87ed3e48   0x000000a0   Data   RW         3516    .data               DALConfig.lib(DALConfig_tz.o)
    0x87ed3ee8   0x00000004   Data   RW         3517    .data               DALConfig.lib(DALConfig_tz.o)
    0x87ed3eec   0x00000014   Data   RW         3518    .data               DALConfig.lib(DALConfig_tz.o)
    0x87ed3f00   0x00000064   Data   RW         3519    .data               DALConfig.lib(DALConfig_tz.o)
    0x87ed3f64   0x00000004   Data   RW         3520    .data               DALConfig.lib(DALConfig_tz.o)
    0x87ed3f68   0x00000014   Data   RW         3521    .data               DALConfig.lib(DALConfig_tz.o)
    0x87ed3f7c   0x00000028   Data   RW         3522    .data               DALConfig.lib(DALConfig_tz.o)
    0x87ed3fa4   0x00000004   Data   RW         3523    .data               DALConfig.lib(DALConfig_tz.o)
    0x87ed3fa8   0x00000014   Data   RW         3524    .data               DALConfig.lib(DALConfig_tz.o)
    0x87ed3fbc   0x0000003c   Data   RW         3525    .data               DALConfig.lib(DALConfig_tz.o)
    0x87ed3ff8   0x00000004   Data   RW         3526    .data               DALConfig.lib(DALConfig_tz.o)
    0x87ed3ffc   0x00000014   Data   RW         3527    .data               DALConfig.lib(DALConfig_tz.o)
    0x87ed4010   0x00000104   Data   RW         3528    .data               DALConfig.lib(DALConfig_tz.o)
    0x87ed4114   0x00000004   Data   RW         3529    .data               DALConfig.lib(DALConfig_tz.o)
    0x87ed4118   0x00000008   Data   RW         3530    .data               DALConfig.lib(DALConfig_tz.o)
    0x87ed4120   0x000005c0   Data   RW         3531    .data               DALConfig.lib(DALConfig_tz.o)
    0x87ed46e0   0x00000004   Data   RW         3532    .data               DALConfig.lib(DALConfig_tz.o)
    0x87ed46e4   0x00000008   Data   RW         3533    .data               DALConfig.lib(DALConfig_tz.o)
    0x87ed46ec   0x00000090   Data   RW         3534    .data               DALConfig.lib(DALConfig_tz.o)
    0x87ed477c   0x00000004   Data   RW         3535    .data               DALConfig.lib(DALConfig_tz.o)
    0x87ed4780   0x00000008   Data   RW         3536    .data               DALConfig.lib(DALConfig_tz.o)
    0x87ed4788   0x00000450   Data   RW         3537    .data               DALConfig.lib(DALConfig_tz.o)
    0x87ed4bd8   0x00000004   Data   RW         3538    .data               DALConfig.lib(DALConfig_tz.o)
    0x87ed4bdc   0x00000008   Data   RW         3539    .data               DALConfig.lib(DALConfig_tz.o)
    0x87ed4be4   0x00000200   Data   RW         3540    .data               DALConfig.lib(DALConfig_tz.o)
    0x87ed4de4   0x00000004   Data   RW         3541    .data               DALConfig.lib(DALConfig_tz.o)
    0x87ed4de8   0x00000008   Data   RW         3542    .data               DALConfig.lib(DALConfig_tz.o)
    0x87ed4df0   0x00000070   Data   RW         3543    .data               DALConfig.lib(DALConfig_tz.o)
    0x87ed4e60   0x00000004   Data   RW         3544    .data               DALConfig.lib(DALConfig_tz.o)
    0x87ed4e64   0x00000008   Data   RW         3545    .data               DALConfig.lib(DALConfig_tz.o)
    0x87ed4e6c   0x00000060   Data   RW         3546    .data               DALConfig.lib(DALConfig_tz.o)
    0x87ed4ecc   0x00000004   Data   RW         3547    .data               DALConfig.lib(DALConfig_tz.o)
    0x87ed4ed0   0x00000008   Data   RW         3548    .data               DALConfig.lib(DALConfig_tz.o)
    0x87ed4ed8   0x00000200   Data   RW         3549    .data               DALConfig.lib(DALConfig_tz.o)
    0x87ed50d8   0x00000004   Data   RW         3550    .data               DALConfig.lib(DALConfig_tz.o)
    0x87ed50dc   0x00000008   Data   RW         3551    .data               DALConfig.lib(DALConfig_tz.o)
    0x87ed50e4   0x00000070   Data   RW         3552    .data               DALConfig.lib(DALConfig_tz.o)
    0x87ed5154   0x00000004   Data   RW         3553    .data               DALConfig.lib(DALConfig_tz.o)
    0x87ed5158   0x00000008   Data   RW         3554    .data               DALConfig.lib(DALConfig_tz.o)
    0x87ed5160   0x00000280   Data   RW         3555    .data               DALConfig.lib(DALConfig_tz.o)
    0x87ed53e0   0x00000004   Data   RW         3556    .data               DALConfig.lib(DALConfig_tz.o)
    0x87ed53e4   0x00000008   Data   RW         3557    .data               DALConfig.lib(DALConfig_tz.o)
    0x87ed53ec   0x00000100   Data   RW         3558    .data               DALConfig.lib(DALConfig_tz.o)
    0x87ed54ec   0x00000004   Data   RW         3559    .data               DALConfig.lib(DALConfig_tz.o)
    0x87ed54f0   0x00000008   Data   RW         3560    .data               DALConfig.lib(DALConfig_tz.o)
    0x87ed54f8   0x000002b0   Data   RW         3561    .data               DALConfig.lib(DALConfig_tz.o)
    0x87ed57a8   0x00000004   Data   RW         3562    .data               DALConfig.lib(DALConfig_tz.o)
    0x87ed57ac   0x00000008   Data   RW         3563    .data               DALConfig.lib(DALConfig_tz.o)
    0x87ed57b4   0x00000100   Data   RW         3564    .data               DALConfig.lib(DALConfig_tz.o)
    0x87ed58b4   0x00000004   Data   RW         3565    .data               DALConfig.lib(DALConfig_tz.o)
    0x87ed58b8   0x00000008   Data   RW         3566    .data               DALConfig.lib(DALConfig_tz.o)
    0x87ed58c0   0x000002b0   Data   RW         3567    .data               DALConfig.lib(DALConfig_tz.o)
    0x87ed5b70   0x00000004   Data   RW         3568    .data               DALConfig.lib(DALConfig_tz.o)
    0x87ed5b74   0x00000008   Data   RW         3569    .data               DALConfig.lib(DALConfig_tz.o)
    0x87ed5b7c   0x000002b0   Data   RW         3570    .data               DALConfig.lib(DALConfig_tz.o)
    0x87ed5e2c   0x00000004   Data   RW         3571    .data               DALConfig.lib(DALConfig_tz.o)
    0x87ed5e30   0x00000008   Data   RW         3572    .data               DALConfig.lib(DALConfig_tz.o)
    0x87ed5e38   0x000001d0   Data   RW         3573    .data               DALConfig.lib(DALConfig_tz.o)
    0x87ed6008   0x00000004   Data   RW         3574    .data               DALConfig.lib(DALConfig_tz.o)
    0x87ed600c   0x00000008   Data   RW         3575    .data               DALConfig.lib(DALConfig_tz.o)
    0x87ed6014   0x00000020   Data   RW         3576    .data               DALConfig.lib(DALConfig_tz.o)
    0x87ed6034   0x00000004   Data   RW         3577    .data               DALConfig.lib(DALConfig_tz.o)
    0x87ed6038   0x00000008   Data   RW         3578    .data               DALConfig.lib(DALConfig_tz.o)
    0x87ed6040   0x00000020   Data   RW         3579    .data               DALConfig.lib(DALConfig_tz.o)
    0x87ed6060   0x00000004   Data   RW         3580    .data               DALConfig.lib(DALConfig_tz.o)
    0x87ed6064   0x00000008   Data   RW         3581    .data               DALConfig.lib(DALConfig_tz.o)
    0x87ed606c   0x00000040   Data   RW         3582    .data               DALConfig.lib(DALConfig_tz.o)
    0x87ed60ac   0x00000004   Data   RW         3583    .data               DALConfig.lib(DALConfig_tz.o)
    0x87ed60b0   0x00000008   Data   RW         3584    .data               DALConfig.lib(DALConfig_tz.o)
    0x87ed60b8   0x00000290   Data   RW         3585    .data               DALConfig.lib(DALConfig_tz.o)
    0x87ed6348   0x00000004   Data   RW         3586    .data               DALConfig.lib(DALConfig_tz.o)
    0x87ed634c   0x00000008   Data   RW         3587    .data               DALConfig.lib(DALConfig_tz.o)
    0x87ed6354   0x00000050   Data   RW         3588    .data               DALConfig.lib(DALConfig_tz.o)
    0x87ed63a4   0x00000004   Data   RW         3589    .data               DALConfig.lib(DALConfig_tz.o)
    0x87ed63a8   0x00000008   Data   RW         3590    .data               DALConfig.lib(DALConfig_tz.o)
    0x87ed63b0   0x000000b0   Data   RW         3591    .data               DALConfig.lib(DALConfig_tz.o)
    0x87ed6460   0x00000004   Data   RW         3592    .data               DALConfig.lib(DALConfig_tz.o)
    0x87ed6464   0x00000008   Data   RW         3593    .data               DALConfig.lib(DALConfig_tz.o)
    0x87ed646c   0x00000080   Data   RW         3594    .data               DALConfig.lib(DALConfig_tz.o)
    0x87ed64ec   0x00000004   Data   RW         3595    .data               DALConfig.lib(DALConfig_tz.o)
    0x87ed64f0   0x00000008   Data   RW         3596    .data               DALConfig.lib(DALConfig_tz.o)
    0x87ed64f8   0x000000b0   Data   RW         3597    .data               DALConfig.lib(DALConfig_tz.o)
    0x87ed65a8   0x00000004   Data   RW         3598    .data               DALConfig.lib(DALConfig_tz.o)
    0x87ed65ac   0x00000008   Data   RW         3599    .data               DALConfig.lib(DALConfig_tz.o)
    0x87ed65b4   0x00000020   Data   RW         3600    .data               DALConfig.lib(DALConfig_tz.o)
    0x87ed65d4   0x00000004   Data   RW         3601    .data               DALConfig.lib(DALConfig_tz.o)
    0x87ed65d8   0x00000008   Data   RW         3602    .data               DALConfig.lib(DALConfig_tz.o)
    0x87ed65e0   0x00000020   Data   RW         3603    .data               DALConfig.lib(DALConfig_tz.o)
    0x87ed6600   0x00000004   Data   RW         3604    .data               DALConfig.lib(DALConfig_tz.o)
    0x87ed6604   0x00000008   Data   RW         3605    .data               DALConfig.lib(DALConfig_tz.o)
    0x87ed660c   0x000000c0   Data   RW         3606    .data               DALConfig.lib(DALConfig_tz.o)
    0x87ed66cc   0x00000004   Data   RW         3607    .data               DALConfig.lib(DALConfig_tz.o)
    0x87ed66d0   0x00000008   Data   RW         3608    .data               DALConfig.lib(DALConfig_tz.o)
    0x87ed66d8   0x00000010   Data   RW         3609    .data               DALConfig.lib(DALConfig_tz.o)
    0x87ed66e8   0x00000004   Data   RW         3610    .data               DALConfig.lib(DALConfig_tz.o)
    0x87ed66ec   0x00000008   Data   RW         3611    .data               DALConfig.lib(DALConfig_tz.o)
    0x87ed66f4   0x00000020   Data   RW         3612    .data               DALConfig.lib(DALConfig_tz.o)
    0x87ed6714   0x00000004   Data   RW         3613    .data               DALConfig.lib(DALConfig_tz.o)
    0x87ed6718   0x00000008   Data   RW         3614    .data               DALConfig.lib(DALConfig_tz.o)
    0x87ed6720   0x00000090   Data   RW         3615    .data               DALConfig.lib(DALConfig_tz.o)
    0x87ed67b0   0x00000004   Data   RW         3616    .data               DALConfig.lib(DALConfig_tz.o)
    0x87ed67b4   0x00000008   Data   RW         3617    .data               DALConfig.lib(DALConfig_tz.o)
    0x87ed67bc   0x000000c0   Data   RW         3618    .data               DALConfig.lib(DALConfig_tz.o)
    0x87ed687c   0x00000004   Data   RW         3619    .data               DALConfig.lib(DALConfig_tz.o)
    0x87ed6880   0x00000008   Data   RW         3620    .data               DALConfig.lib(DALConfig_tz.o)
    0x87ed6888   0x00000010   Data   RW         3621    .data               DALConfig.lib(DALConfig_tz.o)
    0x87ed6898   0x00000004   Data   RW         3622    .data               DALConfig.lib(DALConfig_tz.o)
    0x87ed689c   0x00000008   Data   RW         3623    .data               DALConfig.lib(DALConfig_tz.o)
    0x87ed68a4   0x000000d0   Data   RW         3624    .data               DALConfig.lib(DALConfig_tz.o)
    0x87ed6974   0x00000004   Data   RW         3625    .data               DALConfig.lib(DALConfig_tz.o)
    0x87ed6978   0x00000008   Data   RW         3626    .data               DALConfig.lib(DALConfig_tz.o)
    0x87ed6980   0x00000020   Data   RW         3627    .data               DALConfig.lib(DALConfig_tz.o)
    0x87ed69a0   0x00000004   Data   RW         3628    .data               DALConfig.lib(DALConfig_tz.o)
    0x87ed69a4   0x00000008   Data   RW         3629    .data               DALConfig.lib(DALConfig_tz.o)
    0x87ed69ac   0x000000b0   Data   RW         3630    .data               DALConfig.lib(DALConfig_tz.o)
    0x87ed6a5c   0x00000004   Data   RW         3631    .data               DALConfig.lib(DALConfig_tz.o)
    0x87ed6a60   0x00000008   Data   RW         3632    .data               DALConfig.lib(DALConfig_tz.o)
    0x87ed6a68   0x00000050   Data   RW         3633    .data               DALConfig.lib(DALConfig_tz.o)
    0x87ed6ab8   0x00000004   Data   RW         3634    .data               DALConfig.lib(DALConfig_tz.o)
    0x87ed6abc   0x00000008   Data   RW         3635    .data               DALConfig.lib(DALConfig_tz.o)
    0x87ed6ac4   0x00000020   Data   RW         3636    .data               DALConfig.lib(DALConfig_tz.o)
    0x87ed6ae4   0x00000004   Data   RW         3637    .data               DALConfig.lib(DALConfig_tz.o)
    0x87ed6ae8   0x00000008   Data   RW         3638    .data               DALConfig.lib(DALConfig_tz.o)
    0x87ed6af0   0x00000080   Data   RW         3639    .data               DALConfig.lib(DALConfig_tz.o)
    0x87ed6b70   0x00000004   Data   RW         3640    .data               DALConfig.lib(DALConfig_tz.o)
    0x87ed6b74   0x00000008   Data   RW         3641    .data               DALConfig.lib(DALConfig_tz.o)
    0x87ed6b7c   0x00000020   Data   RW         3642    .data               DALConfig.lib(DALConfig_tz.o)
    0x87ed6b9c   0x00000004   Data   RW         3643    .data               DALConfig.lib(DALConfig_tz.o)
    0x87ed6ba0   0x00000008   Data   RW         3644    .data               DALConfig.lib(DALConfig_tz.o)
    0x87ed6ba8   0x000000b0   Data   RW         3645    .data               DALConfig.lib(DALConfig_tz.o)
    0x87ed6c58   0x00000004   Data   RW         3646    .data               DALConfig.lib(DALConfig_tz.o)
    0x87ed6c5c   0x00000008   Data   RW         3647    .data               DALConfig.lib(DALConfig_tz.o)
    0x87ed6c64   0x000000b0   Data   RW         3648    .data               DALConfig.lib(DALConfig_tz.o)
    0x87ed6d14   0x00000004   Data   RW         3649    .data               DALConfig.lib(DALConfig_tz.o)
    0x87ed6d18   0x00000008   Data   RW         3650    .data               DALConfig.lib(DALConfig_tz.o)
    0x87ed6d20   0x000000b0   Data   RW         3651    .data               DALConfig.lib(DALConfig_tz.o)
    0x87ed6dd0   0x00000004   Data   RW         3652    .data               DALConfig.lib(DALConfig_tz.o)
    0x87ed6dd4   0x00000008   Data   RW         3653    .data               DALConfig.lib(DALConfig_tz.o)
    0x87ed6ddc   0x000000b0   Data   RW         3654    .data               DALConfig.lib(DALConfig_tz.o)
    0x87ed6e8c   0x00000004   Data   RW         3655    .data               DALConfig.lib(DALConfig_tz.o)
    0x87ed6e90   0x00000008   Data   RW         3656    .data               DALConfig.lib(DALConfig_tz.o)
    0x87ed6e98   0x00000020   Data   RW         3657    .data               DALConfig.lib(DALConfig_tz.o)
    0x87ed6eb8   0x00000004   Data   RW         3658    .data               DALConfig.lib(DALConfig_tz.o)
    0x87ed6ebc   0x00000008   Data   RW         3659    .data               DALConfig.lib(DALConfig_tz.o)
    0x87ed6ec4   0x00000020   Data   RW         3660    .data               DALConfig.lib(DALConfig_tz.o)
    0x87ed6ee4   0x00000004   Data   RW         3661    .data               DALConfig.lib(DALConfig_tz.o)
    0x87ed6ee8   0x00000008   Data   RW         3662    .data               DALConfig.lib(DALConfig_tz.o)
    0x87ed6ef0   0x00000010   Data   RW         3663    .data               DALConfig.lib(DALConfig_tz.o)
    0x87ed6f00   0x00000004   Data   RW         3664    .data               DALConfig.lib(DALConfig_tz.o)
    0x87ed6f04   0x00000008   Data   RW         3665    .data               DALConfig.lib(DALConfig_tz.o)
    0x87ed6f0c   0x00000010   Data   RW         3666    .data               DALConfig.lib(DALConfig_tz.o)
    0x87ed6f1c   0x00000004   Data   RW         3667    .data               DALConfig.lib(DALConfig_tz.o)
    0x87ed6f20   0x00000008   Data   RW         3668    .data               DALConfig.lib(DALConfig_tz.o)
    0x87ed6f28   0x00000030   Data   RW         3669    .data               DALConfig.lib(DALConfig_tz.o)
    0x87ed6f58   0x00000004   Data   RW         3670    .data               DALConfig.lib(DALConfig_tz.o)
    0x87ed6f5c   0x00000008   Data   RW         3671    .data               DALConfig.lib(DALConfig_tz.o)
    0x87ed6f64   0x00000a50   Data   RW         3672    .data               DALConfig.lib(DALConfig_tz.o)
    0x87ed79b4   0x00000004   Data   RW         3673    .data               DALConfig.lib(DALConfig_tz.o)
    0x87ed79b8   0x00000008   Data   RW         3674    .data               DALConfig.lib(DALConfig_tz.o)
    0x87ed79c0   0x00000150   Data   RW         3675    .data               DALConfig.lib(DALConfig_tz.o)
    0x87ed7b10   0x00000004   Data   RW         3676    .data               DALConfig.lib(DALConfig_tz.o)
    0x87ed7b14   0x00000008   Data   RW         3677    .data               DALConfig.lib(DALConfig_tz.o)
    0x87ed7b1c   0x00000150   Data   RW         3678    .data               DALConfig.lib(DALConfig_tz.o)
    0x87ed7c6c   0x00000004   Data   RW         3679    .data               DALConfig.lib(DALConfig_tz.o)
    0x87ed7c70   0x00000008   Data   RW         3680    .data               DALConfig.lib(DALConfig_tz.o)
    0x87ed7c78   0x00000020   Data   RW         3681    .data               DALConfig.lib(DALConfig_tz.o)
    0x87ed7c98   0x00000004   Data   RW         3682    .data               DALConfig.lib(DALConfig_tz.o)
    0x87ed7c9c   0x00000008   Data   RW         3683    .data               DALConfig.lib(DALConfig_tz.o)
    0x87ed7ca4   0x00000008   Data   RW         3684    .data               DALConfig.lib(DALConfig_tz.o)
    0x87ed7cac   0x00000008   Data   RW         3685    .data               DALConfig.lib(DALConfig_tz.o)
    0x87ed7cb4   0x00000008   Data   RW         3686    .data               DALConfig.lib(DALConfig_tz.o)
    0x87ed7cbc   0x00000008   Data   RW         3687    .data               DALConfig.lib(DALConfig_tz.o)
    0x87ed7cc4   0x00000008   Data   RW         3688    .data               DALConfig.lib(DALConfig_tz.o)
    0x87ed7ccc   0x00000008   Data   RW         3689    .data               DALConfig.lib(DALConfig_tz.o)
    0x87ed7cd4   0x00000008   Data   RW         3690    .data               DALConfig.lib(DALConfig_tz.o)
    0x87ed7cdc   0x00000008   Data   RW         3691    .data               DALConfig.lib(DALConfig_tz.o)
    0x87ed7ce4   0x00000008   Data   RW         3692    .data               DALConfig.lib(DALConfig_tz.o)
    0x87ed7cec   0x00000008   Data   RW         3693    .data               DALConfig.lib(DALConfig_tz.o)
    0x87ed7cf4   0x00000008   Data   RW         3694    .data               DALConfig.lib(DALConfig_tz.o)
    0x87ed7cfc   0x00000008   Data   RW         3695    .data               DALConfig.lib(DALConfig_tz.o)
    0x87ed7d04   0x00000008   Data   RW         3696    .data               DALConfig.lib(DALConfig_tz.o)
    0x87ed7d0c   0x00000008   Data   RW         3697    .data               DALConfig.lib(DALConfig_tz.o)
    0x87ed7d14   0x00000008   Data   RW         3698    .data               DALConfig.lib(DALConfig_tz.o)
    0x87ed7d1c   0x00000008   Data   RW         3699    .data               DALConfig.lib(DALConfig_tz.o)
    0x87ed7d24   0x00000008   Data   RW         3700    .data               DALConfig.lib(DALConfig_tz.o)
    0x87ed7d2c   0x00000008   Data   RW         3701    .data               DALConfig.lib(DALConfig_tz.o)
    0x87ed7d34   0x00000008   Data   RW         3702    .data               DALConfig.lib(DALConfig_tz.o)
    0x87ed7d3c   0x00000008   Data   RW         3703    .data               DALConfig.lib(DALConfig_tz.o)
    0x87ed7d44   0x00000008   Data   RW         3704    .data               DALConfig.lib(DALConfig_tz.o)
    0x87ed7d4c   0x00000008   Data   RW         3705    .data               DALConfig.lib(DALConfig_tz.o)
    0x87ed7d54   0x00000008   Data   RW         3706    .data               DALConfig.lib(DALConfig_tz.o)
    0x87ed7d5c   0x00000008   Data   RW         3707    .data               DALConfig.lib(DALConfig_tz.o)
    0x87ed7d64   0x00000008   Data   RW         3708    .data               DALConfig.lib(DALConfig_tz.o)
    0x87ed7d6c   0x00000008   Data   RW         3709    .data               DALConfig.lib(DALConfig_tz.o)
    0x87ed7d74   0x00000008   Data   RW         3710    .data               DALConfig.lib(DALConfig_tz.o)
    0x87ed7d7c   0x00000008   Data   RW         3711    .data               DALConfig.lib(DALConfig_tz.o)
    0x87ed7d84   0x00000008   Data   RW         3712    .data               DALConfig.lib(DALConfig_tz.o)
    0x87ed7d8c   0x00000008   Data   RW         3713    .data               DALConfig.lib(DALConfig_tz.o)
    0x87ed7d94   0x00000008   Data   RW         3714    .data               DALConfig.lib(DALConfig_tz.o)
    0x87ed7d9c   0x00000008   Data   RW         3715    .data               DALConfig.lib(DALConfig_tz.o)
    0x87ed7da4   0x00000e84   Data   RW         3716    .data               DALConfig.lib(DALConfig_tz.o)
    0x87ed8c28   0x00000004   Data   RW         3760    .data               DALConfig.lib(DALModDir_tz.o)
    0x87ed8c2c   0x00000008   Data   RW         3761    .data               DALConfig.lib(DALModDir_tz.o)
    0x87ed8c34   0x00000010   Data   RW         3762    .data               DALConfig.lib(DALModDir_tz.o)
    0x87ed8c44   0x0000001c   Data   RW         3773    .data               DALFwk_tz.lib(DALGlbCtxt.o)
    0x87ed8c60   0x00000004   Data   RW         3817    .data               version_image.lib(image_version.o)
    0x87ed8c64   0x00000014   Data   RW         3835    .data               bam.lib(bamosal.o)
    0x87ed8c78   0x00000004   Data   RW         3862    .data               bam.lib(bamcore.o)
    0x87ed8c7c   0x00000008   Data   RW         3883    .data               bam.lib(bamtgtcfg.o)
    0x87ed8c84   0x00000048   Data   RW         3959    .data               SMMUTzos.lib(SMMUConfig.o)
    0x87ed8ccc   0x000013a8   Data   RW         3960    .data               SMMUTzos.lib(SMMUConfig.o)
    0x87eda074   0x00000008   Data   RW         3961    .data               SMMUTzos.lib(SMMUConfig.o)
    0x87eda07c   0x0000000c   Data   RW         3973    .data               SMMUTzos.lib(SMMUTrustZone.o)
    0x87eda088   0x00000008   Data   RW         3994    .data               SMMUTzos.lib(SMMUClock.o)
    0x87eda090   0x00000074   Data   RW         4011    .data               HALxpu2TZOS.lib(HALxpu2InfoImpl.o)
    0x87eda104   0x00000028   Data   RW         4039    .data               smem_boot.lib(smem.o)
    0x87eda12c   0x0000000c   Data   RW         4104    .data               CeML.lib(CeML.o)
    0x87eda138   0x00000008   Data   RW         4267    .data               CeML.lib(CeML_kdf.o)
    0x87eda140   0x00000004   Data   RW         4396    .data               tz_common.lib(tzbsp_dehr.o)
    0x87eda144   0x0000000c   Data   RW         4454    .data               tz_chipset.lib(tzbsp_bam.o)
    0x87eda150   0x00000004   Data   RW         4470    .data               tz_chipset.lib(tzbsp_vmidmt.o)
    0x87eda154   0x0000005c   Data   RW         4471    .data               tz_chipset.lib(tzbsp_vmidmt.o)
    0x87eda1b0   0x00000008   Data   RW         4491    .data               tz_chipset.lib(tzbsp_smmu.o)
    0x87eda1b8   0x0000004a   Data   RW         4520    .data               tz_crypto.lib(tzbsp_ce_pipe.o)
    0x87eda202   0x00000002   PAD
    0x87eda204   0x00000008   Data   RW         4599    .data               QSEESECAPP.lib(qsee_handle.o)
    0x87eda20c   0x0000000c   Data   RW         4626    .data               QSEESECAPP.lib(qsee_log.o)
    0x87eda218   0x00000014   Data   RW         4646    .data               QSEEELFSERV.lib(elf.o)
    0x87eda22c   0x00000010   Data   RW         4662    .data               QSEEEXTSERV.lib(external.o)
    0x87eda23c   0x00000140   Data   RW         4681    .data               FUSEPROV.lib(tzbsp_secctrl.o)
    0x87eda37c   0x000000fc   Data   RW         4703    .data               FUSEPROV.lib(tzbsp_rollback_version_fuseprov.o)
    0x87eda478   0x00000100   Data   RW         4796    .data               macchiato_keyprov.lib(macchiato_cert.o)
    0x87eda578   0x00000100   Data   RW         4797    .data               macchiato_keyprov.lib(macchiato_cert.o)
    0x87eda678   0x00000003   Data   RW         4798    .data               macchiato_keyprov.lib(macchiato_cert.o)
    0x87eda67b   0x00000001   PAD
    0x87eda67c   0x00000046   Data   RW         4799    .data               macchiato_keyprov.lib(macchiato_cert.o)
    0x87eda6c2   0x00000008   Data   RW         4830    .data               tz_ks.lib(ks_ns.o)
    0x87eda6ca   0x00000002   PAD
    0x87eda6cc   0x00000004   Data   RW         4867    .data               tz_ssd.lib(tz_ssd_ns.o)
    0x87eda6d0   0x00000008   Data   RW         4890    .data               tz_ssd.lib(tz_ssd_i.o)
    0x87eda6d8   0x00000008   Data   RW         5056    .data               sd_mgr.lib(sd_mgr_cg.o)
    0x87eda6e0   0x00000004   Data   RW         5073    .data               tz_init.lib(sysdbg_target_sequence.o)
    0x87eda6e4   0x0000000c   Data   RW         5095    .data               tz_init.lib(sysdbg_target.o)
    0x87eda6f0   0x0000000a   Data   RW         5161    .data               pmic_pon.lib(pm_pon.o)
    0x87eda6fa   0x00000001   Data   RW         5278    .data               qfprom_driver.lib(qfprom_target_v6.o)
    0x87eda6fb   0x00000001   PAD
    0x87eda6fc   0x00000008   Data   RW         5298    .data               qfprom_hal.lib(HALqfprom.o)
    0x87eda704   0x0000000c   Data   RW         5328    .data               icb.lib(BIMC_error.o)
    0x87eda710   0x00000024   Data   RW         5343    .data               icb.lib(NOC_error.o)
    0x87eda734   0x000000a0   Data   RW         5357    .data               icb.lib(icbcfg_data.o)
    0x87eda7d4   0x00000008   Data   RW         5358    .data               icb.lib(icbcfg_data.o)
    0x87eda7dc   0x00000004   Data   RW         5359    .data               icb.lib(icbcfg_data.o)
    0x87eda7e0   0x00000010   Data   RW         5360    .data               icb.lib(icbcfg_data.o)
    0x87eda7f0   0x00000004   Data   RW         5361    .data               icb.lib(icbcfg_data.o)
    0x87eda7f4   0x0000001c   Data   RW         5362    .data               icb.lib(icbcfg_data.o)
    0x87eda810   0x00000020   Data   RW         5363    .data               icb.lib(icbcfg_data.o)
    0x87eda830   0x000000c8   Data   RW         5380    .data               icb.lib(ABT_data.o)
    0x87eda8f8   0x00000004   Data   RW         5381    .data               icb.lib(ABT_data.o)
    0x87eda8fc   0x00000004   Data   RW         5382    .data               icb.lib(ABT_data.o)
    0x87eda900   0x0000001c   Data   RW         5383    .data               icb.lib(ABT_data.o)
    0x87eda91c   0x0000000c   Data   RW         5384    .data               icb.lib(ABT_data.o)
    0x87eda928   0x00000014   Data   RW         5421    .data               Spmi.lib(SpmiOs.o)
    0x87eda93c   0x00000002   Data   RW         5422    .data               Spmi.lib(SpmiOs.o)
    0x87eda93e   0x00000001   Data   RW         5451    .data               Spmi.lib(SpmiBus.o)
    0x87eda93f   0x00000001   PAD
    0x87eda940   0x00000108   Data   RW         5474    .data               bam_cfg.lib(bamconfig_props.o)
    0x87edaa48   0x00000108   Data   RW         5475    .data               bam_cfg.lib(bamconfig_props.o)
    0x87edab50   0x00000108   Data   RW         5476    .data               bam_cfg.lib(bamconfig_props.o)
    0x87edac58   0x00000108   Data   RW         5477    .data               bam_cfg.lib(bamconfig_props.o)
    0x87edad60   0x00000108   Data   RW         5478    .data               bam_cfg.lib(bamconfig_props.o)
    0x87edae68   0x00000004   Data   RW         5560    .data               smem_boot.lib(smem_boot.o)
    0x87edae6c   0x000001ab   Data   RW         5901    .data               macchiato_keyprov.lib(secx509.o)
    0x87edb017   0x00000012   Data   RW         5902    .data               macchiato_keyprov.lib(secx509.o)
    0x87edb029   0x00000012   Data   RW         5903    .data               macchiato_keyprov.lib(secx509.o)
    0x87edb03b   0x0000000f   Data   RW         5904    .data               macchiato_keyprov.lib(secx509.o)
    0x87edb04a   0x00000013   Data   RW         5905    .data               macchiato_keyprov.lib(secx509.o)
    0x87edb05d   0x00000013   Data   RW         5906    .data               macchiato_keyprov.lib(secx509.o)
    0x87edb070   0x00000013   Data   RW         5907    .data               macchiato_keyprov.lib(secx509.o)
    0x87edb083   0x00000003   Data   RW         5908    .data               macchiato_keyprov.lib(secx509.o)
    0x87edb086   0x00000002   PAD
    0x87edb088   0x00000008   Data   RW         5969    .data               tz_ks.lib(tz_ks_dy.o)
    0x87edb090   0x000000b0   Data   RW         6025    .data               tz_ssd.lib(tz_ssd_md_parser.o)
    0x87edb140   0x00000008   Data   RW         6251    .data               tz_init.lib(sysdbg_pmic.o)
    0x87edb148   0x000001fa   Data   RW         6274    .data               tz_init.lib(sysdbg_spmi.o)
    0x87edb342   0x00000002   PAD
    0x87edb344   0x0000009c   Data   RW         6299    .data               ClockConfig.lib(ClockBSP.o)
    0x87edb3e0   0x00000048   Data   RW         6300    .data               ClockConfig.lib(ClockBSP.o)
    0x87edb428   0x00000024   Data   RW         6301    .data               ClockConfig.lib(ClockBSP.o)
    0x87edb44c   0x00000040   Data   RW         6302    .data               ClockConfig.lib(ClockBSP.o)
    0x87edb48c   0x00000010   Data   RW         6303    .data               ClockConfig.lib(ClockBSP.o)
    0x87edb49c   0x00000050   Data   RW         6304    .data               ClockConfig.lib(ClockBSP.o)
    0x87edb4ec   0x00000028   Data   RW         6305    .data               ClockConfig.lib(ClockBSP.o)
    0x87edb514   0x00000008   Data   RW         6306    .data               ClockConfig.lib(ClockBSP.o)
    0x87edb51c   0x000000c4   Data   RW         6307    .data               ClockConfig.lib(ClockBSP.o)
    0x87edb5e0   0x00000018   Data   RW         6308    .data               ClockConfig.lib(ClockBSP.o)
    0x87edb5f8   0x00000018   Data   RW         6309    .data               ClockConfig.lib(ClockBSP.o)
    0x87edb610   0x00000018   Data   RW         6310    .data               ClockConfig.lib(ClockBSP.o)
    0x87edb628   0x00000018   Data   RW         6311    .data               ClockConfig.lib(ClockBSP.o)
    0x87edb640   0x00000018   Data   RW         6312    .data               ClockConfig.lib(ClockBSP.o)
    0x87edb658   0x00000018   Data   RW         6313    .data               ClockConfig.lib(ClockBSP.o)
    0x87edb670   0x00000018   Data   RW         6314    .data               ClockConfig.lib(ClockBSP.o)
    0x87edb688   0x00000168   Data   RW         6315    .data               ClockConfig.lib(ClockBSP.o)
    0x87edb7f0   0x00000010   Data   RW         6316    .data               ClockConfig.lib(ClockBSP.o)
    0x87edb800   0x00000001   Data   RW         6326    .data               pmic_spmi_lite.lib(spmi_1_0_lite.o)
    0x87edb801   0x00000001   PAD
    0x87edb802   0x00000004   Data   RW         6376    .data               pmic_config.lib(pm_spmi_config_pm8909.o)
    0x87edb806   0x00000010   Data   RW         6399    .data               pmic_config.lib(pm_spmi_config_pm8916.o)
    0x87edb816   0x00000004   Data   RW         6400    .data               pmic_config.lib(pm_spmi_config_pm8916.o)
    0x87edb81a   0x00000002   PAD
    0x87edb81c   0x0000001c   Data   RW         6410    .data               pmic_framework.lib(pm_tz.o)
    0x87edb838   0x00000020   Data   RW         6510    .data               icb.lib(NOC_error_data.o)
    0x87edb858   0x00000034   Data   RW         6511    .data               icb.lib(NOC_error_data.o)
    0x87edb88c   0x00000034   Data   RW         6512    .data               icb.lib(NOC_error_data.o)
    0x87edb8c0   0x00000014   Data   RW         6513    .data               icb.lib(NOC_error_data.o)
    0x87edb8d4   0x00000008   Data   RW         6574    .data               Spmi.lib(SpmiBusCfg.o)
    0x87edb8dc   0x00000010   Data   RW         6600    .data               Spmi.lib(SpmiOsImage.o)
    0x87edb8ec   0x00000054   Data   RW         6617    .data               HALvmidmtTZOS.lib(HALvmidmtInfoImpl.o)
    0x87edb940   0x00000024   Data   RW         6681    .data               CeEL.lib(CeEL_Bam.o)
    0x87edb964   0x00000034   Data   RW         6820    .data               secrsa.lib(secrsa_padding.o)
    0x87edb998   0x00000120   Data   RW         6963    .data               tz_init.lib(pm_map.o)
    0x87edbab8   0x0000006c   Data   RW         6973    .data               chipinfo_lib.lib(Chipinfo.o)
    0x87edbb24   0x0000000c   Data   RW         6992    .data               pmic_framework.lib(pm_version.o)
    0x87edbb30   0x00000000   Data   RW         3174    DBI_DATA            tz_init.lib(sysdbg.o)
    0x87edbb30   0x00000048   Data   RW          266    FIQWorkspaceDataArea  tzbsp_monitor.o
    0x87edbb78   0x00000008   PAD
    0x87edbb80   0x00000080   Data   RW          267    MonitorLock         tzbsp_monitor.o
    0x87edbc00   0x00001004   Data   RW          265    MonitorStack        tzbsp_monitor.o
    0x87edcc04   0x000001dc   Data   RW          264    MonitorWorkspaceDataArea  tzbsp_monitor.o
    0x87edcde0   0x00000020   PAD
    0x87edce00   0x00000010   Data   RW         4641    QSEE_APP_Init_Stack_Area  QSEESECAPP.lib(tzos_init_thread.o)
    0x87edce10   0x0000104c   Data   RW         1151    QSEE_SWI_Area       qsee_exception.o
    0x87edde5c   0x00000004   Data   RW         5089    SYSDBG_CACHE_DATA   tz_init.lib(sysdbg_cache.o)
    0x87edde60   0x00000088   Data   RW         3175    SysdbgWorkspaceDataArea  tz_init.lib(sysdbg.o)
    0x87eddee8   0x00000044   Data   RW         2422    TZBSPExecWorkspace  tz_exec.lib(tzbsp_exec_asm.o)
    0x87eddf2c   0x00000014   Data   RW         2210    TZBSP_9k_DATA       tz_chipset.lib(tzbsp_wrapper.o)
    0x87eddf40   0x00000408   Data   RW          991    TZBSP_DATA          tzbsp_entry.o
    0x87ede348   0x000000d0   Data   RW         1421    _tz_syscall         tzbsp_pil_syscall_def.o
    0x87ede418   0x000003bc   Data   RW         2284    _tz_syscall         tz_chipset.lib(tzbsp_syscall_def.o)
    0x87ede7d4   0x000002e8   Data   RW         2596    _tz_syscall         tz_syscall.lib(tzbsp_syscall_def.o)
    0x87edeabc   0x00000004   PAD
    0x87edeac0   0x00000004   Data   RW         4440    sysini_config_global  tz_common.lib(a7_sysini_config_silicon.o)


    Execution Region TZBSP_RAM_ZI (Base: 0x87edeac4, Size: 0x00008474, Max: 0xffffffff, ABSOLUTE)

    Base Addr    Size         Type   Attr      Idx    E Section Name        Object

    0x87edeac4   0x00000040   Zero   RW            3    .bss                mmu_lpae.o
    0x87edeb04   0x00000078   Zero   RW           29    .bss                tzbsp_dcvs.o
    0x87edeb7c   0x00000050   Zero   RW          520    .bss                tzbsp_mpu.o
    0x87edebcc   0x000001d8   Zero   RW          576    .bss                tzbsp_xpu.o
    0x87ededa4   0x000000b8   Zero   RW          637    .bss                tzbsp_memory_dump.o
    0x87edee5c   0x00000020   Zero   RW          759    .bss                tzbsp_subsys.o
    0x87edee7c   0x0000001c   Zero   RW          780    .bss                tzbsp_ext_os.o
    0x87edee98   0x00000280   Zero   RW         1021    .bss                tzbsp_isr_array.o
    0x87edf118   0x00000010   Zero   RW         1049    .bss                tzbsp_mem.o
    0x87edf128   0x00000030   Zero   RW         1196    .bss                tzbsp_boot.o
    0x87edf158   0x00000240   Zero   RW         1229    .bss                tzbsp_counter.o
    0x87edf398   0x000002d0   Zero   RW         1328    .bss                tzbsp_pil_auth.o
    0x87edf668   0x00000060   Zero   RW         1544    .bss                DALSys_tz.lib(DALModEnv.o)
    0x87edf6c8   0x000002cc   Zero   RW         1679    .bss                LK.lib(thread.o)
    0x87edf994   0x000021cc   Zero   RW         1706    .bss                LK.lib(dpc.o)
    0x87ee1b60   0x000003b0   Zero   RW         1781    .bss                HALxpu2TZOS.lib(HALxpu2.o)
    0x87ee1f10   0x00000600   Zero   RW         1837    .bss                lm_lib.lib(lm_main.o)
    0x87ee2510   0x0000011c   Zero   RW         1869    .bss                rpm.lib(ubsp_rpm.o)
    0x87ee262c   0x00000200   Zero   RW         1993    .bss                tz_common.lib(tzbsp_amt.o)
    0x87ee282c   0x00000040   Zero   RW         2039    .bss                tz_common.lib(tzbsp_securechannel.o)
    0x87ee286c   0x00000018   Zero   RW         2106    .bss                tz_chipset.lib(tzbsp_video.o)
    0x87ee2884   0x00000600   Zero   RW         2146    .bss                tz_chipset.lib(tzbsp_cp.o)
    0x87ee2e84   0x00000004   PAD
    0x87ee2e88   0x000000c0   Zero   RW         2174    .bss                tz_chipset.lib(tzbsp_bimc.o)
    0x87ee2f48   0x00000024   Zero   RW         2258    .bss                tz_chipset.lib(tzbsp_clk.o)
    0x87ee2f6c   0x00000004   PAD
    0x87ee2f70   0x000000c8   Zero   RW         2372    .bss                tz_exec.lib(tzbsp_exec.o)
    0x87ee3038   0x00000248   Zero   RW         2577    .bss                QSEECORE.lib(tzbsp_secboot.o)
    0x87ee3280   0x000000b4   Zero   RW         2674    .bss                QSEESECAPP.lib(apps.o)
    0x87ee3334   0x000001a0   Zero   RW         2726    .bss                QSEESECAPP.lib(smc.o)
    0x87ee34d4   0x0000005c   Zero   RW         2727    .bss                QSEESECAPP.lib(smc.o)
    0x87ee3530   0x00000028   Zero   RW         2781    .bss                QSEESECAPP.lib(syscall_handler.o)
    0x87ee3558   0x00000200   Zero   RW         2874    .bss                tz_img_auth.lib(tzbsp_rollback_version.o)
    0x87ee3758   0x00000020   Zero   RW         2899    .bss                macchiato_keyprov.lib(macchiato.o)
    0x87ee3778   0x000001d8   Zero   RW         3097    .bss                sd_mgr.lib(sd_mgr_rpmb.o)
    0x87ee3950   0x00000400   Zero   RW         3126    .bss                tz_init.lib(sysdbg_main.o)
    0x87ee3d50   0x00000178   Zero   RW         3183    .bss                tz_init.lib(sysdbg_mem_dump.o)
    0x87ee3ec8   0x000000a0   Zero   RW         3184    .bss                tz_init.lib(sysdbg_mem_dump.o)
    0x87ee3f68   0x00000010   Zero   RW         3250    .bss                Clock.lib(ClockDriver.o)
    0x87ee3f78   0x00000018   Zero   RW         3301    .bss                platforminfo.lib(PlatformInfo.o)
    0x87ee3f90   0x00000048   Zero   RW         3380    .bss                spdm.lib(spdm_syscall.o)
    0x87ee3fd8   0x00000018   Zero   RW         3759    .bss                DALConfig.lib(DALModDir_tz.o)
    0x87ee3ff0   0x0000002c   Zero   RW         3972    .bss                SMMUTzos.lib(SMMUTrustZone.o)
    0x87ee401c   0x00000018   Zero   RW         4037    .bss                smem_boot.lib(smem.o)
    0x87ee4034   0x00000014   Zero   RW         4486    .bss                tz_chipset.lib(tzbsp_smmu.o)
    0x87ee4048   0x00000020   Zero   RW         4519    .bss                tz_crypto.lib(tzbsp_ce_pipe.o)
    0x87ee4068   0x000000f0   Zero   RW         4584    .bss                QSEESECAPP.lib(message.o)
    0x87ee4158   0x00000050   Zero   RW         4645    .bss                QSEEELFSERV.lib(elf.o)
    0x87ee41a8   0x0000000c   Zero   RW         4661    .bss                QSEEEXTSERV.lib(external.o)
    0x87ee41b4   0x00000004   PAD
    0x87ee41b8   0x00001418   Zero   RW         5397    .bss                spdm.lib(spdm.o)
    0x87ee55d0   0x00000308   Zero   RW         5450    .bss                Spmi.lib(SpmiBus.o)
    0x87ee58d8   0x000001d0   Zero   RW         5509    .bss                HALvmidmtTZOS.lib(HALvmidmt.o)
    0x87ee5aa8   0x00000810   Zero   RW         5809    .bss                secmath.lib(secmath_mod_exp.o)
    0x87ee62b8   0x000000c8   Zero   RW         5899    .bss                macchiato_keyprov.lib(secx509.o)
    0x87ee6380   0x00000040   Zero   RW         5934    .bss                tz_ks.lib(ks.o)
    0x87ee63c0   0x00000014   Zero   RW         5952    .bss                tz_ks.lib(tz_ks_pp.o)
    0x87ee63d4   0x000000b0   Zero   RW         5968    .bss                tz_ks.lib(tz_ks_dy.o)
    0x87ee6484   0x00000010   Zero   RW         6371    .bss                pmic_config.lib(pm_spmi_config_pm8909.o)
    0x87ee6494   0x0000050c   Zero   RW         6553    .bss                Spmi.lib(PmicArb.o)
    0x87ee69a0   0x00000020   PAD
    0x87ee69c0   0x00000560   Zero   RW         6680    .bss                CeEL.lib(CeEL_Bam.o)
    0x87ee6f20   0x00000018   Zero   RW         6991    .bss                pmic_framework.lib(pm_version.o)



  Load Region TZ_L2_POOL (Base: 0x87ee7000, Size: 0x00004400, Max: 0xffffffff, ABSOLUTE)

    Execution Region L2_POOL (Base: 0x87ee7000, Size: 0x00004400, Max: 0xffffffff, ABSOLUTE)

    Base Addr    Size         Type   Attr      Idx    E Section Name        Object

    0x87ee7000   0x00004400   Data   RW          282    L2_TT_MEM           mapper_sd.o



  Load Region TZBSP_DAL_HEAP (Base: 0x87ef3000, Size: 0x00008000, Max: 0xffffffff, ABSOLUTE)

    Execution Region TZBSP_DAL_HEAP (Base: 0x87ef3000, Size: 0x00008000, Max: 0xffffffff, ABSOLUTE)

    Base Addr    Size         Type   Attr      Idx    E Section Name        Object

    0x87ef3000   0x00008000   Data   RW         1155    TZBSP_HEAP_AREA     tzbsp_asm.o



  Load Region TZ_STACK (Base: 0x87efb000, Size: 0x00001000, Max: 0xffffffff, ABSOLUTE)

    Execution Region TZBSP_STACK (Base: 0x87efb000, Size: 0x00001000, Max: 0x00001000, ABSOLUTE, UNINIT)

    Base Addr    Size         Type   Attr      Idx    E Section Name        Object

    0x87efb000   0x00000000   Data   RW         7445    linker$$defined$$symbols  anon$$obj.o
    0x87efb000   0x00001000   Zero   RW            1    TZBSP_STACK.bss     anon$$obj.o



  Load Region TZ_L1 (Base: 0x87efc000, Size: 0x00004000, Max: 0xffffffff, ABSOLUTE)

    Execution Region L1 (Base: 0x87efc000, Size: 0x00004000, Max: 0xffffffff, ABSOLUTE)

    Base Addr    Size         Type   Attr      Idx    E Section Name        Object

    0x87efc000   0x00004000   Data   RW          281    L1_TT_MEM           mapper_sd.o



  Load Region TZBSP_UNCACHED_ZI (Base: 0x87ef2000, Size: 0x00000c48, Max: 0xffffffff, ABSOLUTE)

    Execution Region TZBSP_UNCACHED_ZI (Base: 0x87ef2000, Size: 0x00000c48, Max: 0xffffffff, ABSOLUTE)

    Base Addr    Size         Type   Attr      Idx    E Section Name        Object

    0x87ef2000   0x00000200   Data   RW          993    TZBSP_UNCACHED_ZI_BOOT_STACK  tzbsp_entry.o
    0x87ef2200   0x00000200   Data   RW          268    TZBSP_UNCACHED_ZI_LOCKS  tzbsp_monitor.o
    0x87ef2400   0x00000004   Data   RW         3251    TZBSP_UNCACHED_ZI_LOCKS  Clock.lib(ClockDriver.o)
    0x87ef2404   0x0000004c   Data   RW          992    TZBSP_UNCACHED_ZI_PC_DATA  tzbsp_entry.o
    0x87ef2450   0x000007c4   Data   RW          162    TZBSP_UNCACHED_ZI_QDSS_AREA  tzbsp_qdss.o
    0x87ef2c14   0x00000010   Data   RW          206    TZBSP_UNCACHED_ZI_VARS  tzbsp_l2_dump.o
    0x87ef2c24   0x00000010   Data   RW          639    TZBSP_UNCACHED_ZI_VARS  tzbsp_memory_dump.o
    0x87ef2c34   0x00000004   Data   RW          734    TZBSP_UNCACHED_ZI_VARS  tzbsp_sec_core.o
    0x87ef2c38   0x00000010   Data   RW         1954    TZBSP_UNCACHED_ZI_VARS  tz_monitor.lib(tzbsp_l1_dump.o)


==============================================================================

Image component sizes


      Code (inc. data)   RO Data    RW Data    ZI Data      Debug   Object Name

        28          4          0          0          0        753   fuse_hw_mutex.o
       260         56          0         48          0      27753   main.o
      2262         92        104      34256          0      27865   mapper_sd.o
      2532         36         36         16         64      19796   mmu_lpae.o
       180          8          0          0          0        896   mmu_sd.o
         0          0          0         60          0        650   oem_version.o
         0          0          0         44          0        551   qc_version.o
       512         68          0       4172          0        728   qsee_exception.o
        16          0          0          0          0       3999   qsee_spmi_bus_disable.o
        36          6          0          0          0      10325   tzbsp_abt.o
        80          4          0      32768          0        852   tzbsp_asm.o
        44          4          0        212          0       4243   tzbsp_blacklist.o
       996        198       1165         12          0      20814   tzbsp_blsp.o
       920        344        425          8          0      30402   tzbsp_blsp_arch.o
         0          0          0        516          0       1192   tzbsp_blsp_config_8909w.o
       608         28          0          2         48      12388   tzbsp_boot.o
      1292         12          0          0          0       2172   tzbsp_cache.o
       868        148          0          0          0       8286   tzbsp_configure_qgic.o
      4272        478        170         40        576      37465   tzbsp_counter.o
         8          0          0          0          0        808   tzbsp_crypto.o
       624         30          0         16        120      39391   tzbsp_dcvs.o
       276         24          0          4          0       7146   tzbsp_dload_mode.o
      1072        176          0       1620          0        796   tzbsp_entry.o
      1478         22          0          8         28      26423   tzbsp_ext_os.o
      2256        144         71          0          0      16904   tzbsp_fs.o
        96          8          0         96          0       3881   tzbsp_fver.o
        16          0          0          0          0      15876   tzbsp_i2c.o
       684         98          0         16          0      31462   tzbsp_init.o
      1588         58          0         12        640      16695   tzbsp_isr_array.o
        84          4          0          4          0        941   tzbsp_jtag.o
        14          0          0         16          0      25180   tzbsp_l2_dump.o
       304          8          0         28          0       3833   tzbsp_log.o
      1220         14          0          8         16      30718   tzbsp_mem.o
      2672        292          0         28        184      29912   tzbsp_memory_dump.o
         6          0          0          0          0       1690   tzbsp_mmss.o
      4224        300          0       5288          0       2632   tzbsp_monitor.o
       492         24          0          0         80       9659   tzbsp_mpu.o
        28          0          0          8          0       3356   tzbsp_msmdcvs.o
       460         28          0         20          0      11527   tzbsp_ns_debug_fiq.o
      2460        104          7          8        720      40253   tzbsp_pil_auth.o
       916         12          0          0          0      10855   tzbsp_pil_auth_sec.o
         0          0        199        208          0       2392   tzbsp_pil_syscall_def.o
       240          8          0          0          0       4210   tzbsp_pil_xpu.o
       360         18          0          1          0       4755   tzbsp_prng.o
      2568         40          0       1988          0       1692   tzbsp_qdss.o
       728        108          0         12          0       8853   tzbsp_sec_core.o
        20          0          0          0          0       5326   tzbsp_spi.o
      1324         30          0         64         32      14069   tzbsp_subsys.o
      1108         32         32          0          0      10915   tzbsp_syscall.o
      4252       1230          0         88        472      38601   tzbsp_xpu.o
         0          0       3388          0          0       3823   tzbsp_xpu_config.o

    ----------------------------------------------------------------------
     46760       4418       5608      81744       7076     635704   Object Totals
       152          0          0          0       4096          0   (incl. Generated)
       124        120         11         49          0          0   (incl. Padding)

    ----------------------------------------------------------------------

      Code (inc. data)   RO Data    RW Data    ZI Data      Debug   Library Member Name

      2036         30      21108          0          0      25800   aes_core.o
      2590          0          0          0          0      17723   ccm.o
      1758          0          0          0          0      19825   gcm.o
       670         16        512          0          0      15448   gf128mul.o
      2538          0          0          0          0      16631   aes_shared.o
      1210         46          0          0          0      23573   CeCL.o
       224         10          0          0          0       7489   CeEL.o
      7480        216          0         36       1376      33853   CeEL_Bam.o
        82          0          0          0          0       3628   CeEL_Reg.o
      5416        166          0         12          0      45728   CeML.o
       990         16          0          8          0      13444   CeML_kdf.o
      1152         30          0          4         16      24737   ClockDriver.o
       352          6          0          0          0       5014   HALclk.o
         0          0        209       1212          0       2043   ClockBSP.o
       284         30          0          0          0       3835   ClockPIL.o
         4          0          0          0          0       1578   ClockTZ.o
         0          0       2770      22924          0      41987   DALConfig_tz.o
         0          0          0         28         24       1144   DALModDir_tz.o
       816        138          0         28          0      17555   DALGlbCtxt.o
      1244         46         12         46         96      38621   DALModEnv.o
       820          6          0          0          0       8125   DALProps.o
      3814         96        588          0          0      37454   ecc_core.o
       158          0          0          0          0       3852   ecc_shared.o
      1964        234          0         12          0      12464   tzbsp_fuseprov.o
      1684        524          0        252          0      11790   tzbsp_rollback_version_fuseprov.o
      1456        194        187        320          0      16008   tzbsp_secctrl.o
      1204         12          0         16          0      11915   HALqgic.o
      1324         14          0          0        464      14955   HALvmidmt.o
      2556         52          0          0          0      13221   HALvmidmtGenImpl.o
       436          6          0          0          0       4040   HALvmidmtImpl_unpaged.o
       156         28          0         84          0      13570   HALvmidmtInfoImpl.o
      1756         14          0          0        944      29926   HALxpu2.o
      5940         16          0          0          0      28136   HALxpu2GenImpl.o
       932          8          0          0          0       4950   HALxpu2Impl_unpaged.o
       112         24          0        116          0      14080   HALxpu2InfoImpl.o
       136         12          0          0          0       4420   archthread.o
       296         26          0         12       8652       6989   dpc.o
       308         12          0          0          0       5977   event.o
        32          0          0          0          0        568   ops.o
        92          0          0          0          0        588   switch.o
      1568         54          0         24        716      16368   thread.o
         8          0          0          0          0       2177   timer.o
        40          4          0          8          0       1200   interrupts.o
       156         24          0          0          0       1210   mmu.o
        24          0          0          0          0       1376   pager.o
       492         96         28          8        584       5980   tzbsp_secboot.o
        36          4          0          4          0       2204   tzos_boot_shim.o
        44          4          0          4          0       1609   tzos_cache_shim.o
        12          4          0          4          0        927   tzos_core_shim.o
        12          4          0          4          0        943   tzos_crypto_shim.o
        20          4          0          4          0       1187   tzos_int_shim.o
        12          4          0          4          0        989   tzos_securechannel_shim.o
        36          6          0          4          0       1319   tzos_timer_shim.o
      1564         48          0         20         80      11377   elf.o
      1028        100          0          0          0       8252   mem.o
       216         30          0         16         12       4356   external.o
        14          0          0          0          0       1251   oem.o
      3428        264         47         48        180      28552   apps.o
         4          0          0          0          0       1532   apps_unpaged.o
       192         12          0          0          0       1210   map.o
      1384         78          0          0        240      10658   message.o
       420         38          0          8          0       4766   qsee_handle.o
        84          8          0         12          0       3054   qsee_log.o
      2636        274          0         68        508      20824   smc.o
      4892        288          0          4         40      30303   syscall_handler.o
        64          4          0         16          0        632   tzos_init_thread.o
       508         56          0          0          0       4988   tzos_legacy.o
      6988         48        288          0          0      24872   sha_core.o
       912          0          0          0          0      12610   sha_shared.o
      1824          6          0          0          0      46892   HALSMMU.o
       244         14          0          8          0       3425   SMMUClock.o
         0          0          0       5112          0       2584   SMMUConfig.o
      1856         16          0          0          0      17941   SMMUInit.o
      4060        572          0          1          0      37020   SMMUTranslation.o
      2768        772          0         12         44      25637   SMMUTrustZone.o
      1428         46          0          0       1292      11396   PmicArb.o
      1628         78          0          1        776      13900   SpmiBus.o
      1700         34          5          8          0      14006   SpmiBusCfg.o
        40          6          0          4          0       3094   SpmiHal.o
        92          4          0          0          0       5331   SpmiHalt.o
       416         48          0          0          0       2970   SpmiMaster.o
       292         90          0         22          0      15060   SpmiOs.o
       304         48          0         16          0      10503   SpmiOsImage.o
       416          4          0          0          0       3887   SpmiRadixTree.o
       232         66        404          0          0       1914   GeniImage.o
       102          0          0          0          0       5832   uc_env.o
      1144         10          0          0          0       9290   memheap_lite.o
       168          0          0          0          0       1360   tzbsp_cp15_funcs.o
       488          4          0          0          0       1444   tzbsp_mmu.o
        72          4          0          0          0        900   tzbsp_sys_asm_common.o
       328         26          0          0          0       3744   tzbsp_uio.o
      8780       2260       3236         28          0      38819   bam.o
      3528        346        378          4          0      26921   bamcore.o
       568         68          0         20          0      21273   bamosal.o
       112          4          0          8          0       3221   bamtgtcfg.o
         0          0        136       1320          0       3473   bamconfig_props.o
        56         10          0          0          0       9449   busywait_qtimer_nondal.o
        16          0          0          0          0         64   abort.o
         4          0          0          0          0         68   aeabi_ldiv0_sigfpe.o
        16          0          0          0          0         68   aeabi_memset.o
        12          0          0          0          0         68   defsig_abrt_formal.o
        12          0          0          0          0         68   defsig_fpe_formal.o
        80          0          0          0          0         76   llsdiv.o
        40          0          0          0          0         68   llshl.o
       756         64          0          0          0         84   lludiv5.o
        40          0          0          0          0         68   llushr.o
       116          0          0          0          0         68   memcmp.o
        16          0          0          0          0         76   memcpy.o
        28          0          0          0          0         76   memset.o
        16          0          0          0          0         76   rt_div0.o
        68          0          0          0          0         68   rt_memclr.o
        88          0          0          0          0         80   rt_memclr_w.o
       140          0          0          0          0         68   rt_memcpy_v6.o
       104          0          0          0          0         80   rt_memcpy_w.o
       128          0          0          0          0         80   rt_memmove_w.o
        22          0          0          0          0         60   strchr.o
       188          4          0          0          0         80   strcmpfast.o
        96          4          0          0          0         68   strlen_v6.o
       240          4          0          0          0         76   strncmp_v6.o
        96          8          0        108          0       2931   Chipinfo.o
         0          0         81        248          0       2899   ABT_data.o
       296        146          0          0          0       5600   ABT_tz.o
       500          4          0         22          0       5799   ABTimeout.o
      1212        380          0         12          0       2268   BIMC_error.o
         0          0         28          0          0        960   BIMC_error_data.o
       316          0          0          0          0       5711   HALbimc.o
      2548         64          0          0          0      10103   HALbimcImpl.o
       968        346          0         36          0       3842   NOC_error.o
         0          0        445        156          0       1222   NOC_error_data.o
         0          0          0        252          0       2294   icbcfg_data.o
      1394        116          0          0          0       9153   icbcfg_query.o
        16          0          0          0          0        907   tzbsp_imgver_wrapper.o
        26          0          0          0          0       1394   memscpy.o
        18          0          0          0          0       1432   secure_memset.o
        64          0          0          0          0       1054   strlcat.o
        56          0          0          0          0        918   strlcpy.o
        20          0          0          0          0        750   strnlen.o
        50          0          0          0          0       1570   timesafe_memcmp.o
       332         20          0       5828       1536       8265   lm_main.o
      4124       1628       1999          0         32      30519   macchiato.o
      2704        924          0        585          0      21699   macchiato_cert.o
      1144        564         66          0          0       4954   macchiato_ecc.o
      3732       1716          0          0          0      11999   macchiato_eciesad.o
       504         10         72          0          0       8608   macchiato_keygen.o
       544        274          0          0          0       3528   macchiato_rsa.o
       528        206        385          0          0       5604   macchiato_service.o
        88          0          0          0          0       5115   macchiato_wrapper.o
       564         14          0          0          0       2782   secasn1.o
      9744       3234        212        538        200      49004   secx509.o
       196         24          0          0         24       6451   PlatformInfo.o
         0          0        216          0          0       3761   pm_config_pm8909.o
         0          0         35          4         16       1435   pm_spmi_config_pm8909.o
         0          0         35         20          0       1492   pm_spmi_config_pm8916.o
         0          0        834          0          0        987   pm_xpu_config_pm8909.o
         0          0        894          0          0       1017   pm_xpu_config_pm8916.o
       808        254          0         28          0      21433   pm_tz.o
       360          8          0         12         24       4152   pm_version.o
       320         18          0         10          0       5505   pm_pon.o
       320          6          0          1          0       4315   spmi_1_0_lite.o
       432         10          0          8          0      10065   qfprom.o
         0          0       1044          0          0       2613   qfprom_fuse_region_v8.o
       856         24          0          1          0       9591   qfprom_target_v6.o
       300         22          0          8          0       5639   HALqfprom.o
       748         34          0         32        284       8519   ubsp_rpm.o
      2196        492          4          8          0      10900   sd_mgr_cg.o
      4480       1138          0          1        472      22762   sd_mgr_rpmb.o
      3456         86         52          0          0      15488   secboot.o
      1220         24          0          0          0       7395   secboot_asn1.o
       740         18        384          0          0       8174   secboot_hw.o
        24          4          0          0          0       1915   secboot_hw_apps.o
       852        126          6          0          0      14670   secboot_util.o
      4000         22        172          0          0      30218   secboot_x509.o
       126          0          0          0          0       1899   secmath_BIGINT_read_unsigned_bin.o
        82          0          0          0          0       1873   secmath_BIGINT_to_unsigned_bin.o
      1026          0          0          0          0       5629   secmath_barrett_reduce.o
       652          4          0          0       2064       4761   secmath_mod_exp.o
       462          0          0          0          0       3166   secmath_montmul_ref.o
       812          0          0          0          0       6477   secmath_montmul_utils.o
       704          0          0          0          0       5586   secasn1.o
       598          0          0          0          0       4021   secrsa_crt.o
       388          0          0          0          0       2993   secrsa_exptmod.o
      1126          0          0          0          0       5945   secrsa_math2.o
        20          0          0          0          0        828   secrsa_mem.o
      3752         26        784         52          0      18156   secrsa_padding.o
       598          0          0          0          0       4983   secrsa_signature.o
       570          0          0          0          0       7117   secrsa_utils.o
      1700        348        235         40         24      10897   smem.o
      1360        504         65          4          0       7767   smem_boot.o
       108         16         69          0          0       1727   smem_boot_target.o
        22          0          0          0          0       1134   smem_mapping_rex.o
       168         66         67          0          0       2018   smem_rex.o
         8          0          0          0          0        872   smem_ext.o
       496          8          0          0          0      11629   smem_tz.o
      2672         30          0          0       5144      11257   spdm.o
       248         10          0          0         72       4895   spdm_syscall.o
       140         16          0          0          0       3835   spdm_target.o
       344         22          0         12          0       5620   tzbsp_bam.o
       348         62          0          0        192       6810   tzbsp_bimc.o
       868         20          0        272          0      12625   tzbsp_chipset_fuse.o
      1060        202        283        108         36       8947   tzbsp_clk.o
       736        102         22          8          0       8133   tzbsp_config.o
      1668         36         64          0       1536      14241   tzbsp_cp.o
        48          8          0          0          0       1049   tzbsp_mon_sec_io_arch.o
       136         26          0          0          0       1198   tzbsp_pc.o
      1286         34        500          8         20      13124   tzbsp_smmu.o
        10          0          0          0          0        766   tzbsp_sys.o
         0          0        793        964          0       6046   tzbsp_syscall_def.o
      1024        100          0          0          0      12279   tzbsp_timer.o
      1068         94         70         12         24      28525   tzbsp_video.o
      1360        402         68         96          0      10439   tzbsp_vmidmt.o
       124         18          0          1          0       2997   tzbsp_wlan.o
       696         36          0         20          0       1192   tzbsp_wrapper.o
        60          0          0          0          0        656   a7_aarch32_sysini.o
         0          0          0          4          0          0   a7_sysini_config_silicon.o
       276         14          0          8        512       5608   tzbsp_amt.o
        12          0          0          0          0       2234   tzbsp_cpu_config.o
        88         20       1304          4          0       1719   tzbsp_dehr.o
         4          0          0          0          0        602   tzbsp_hyp.o
       228          0          0          0          0       1656   tzbsp_krait_cp15.o
        56          8          0          4          0       2111   tzbsp_nand.o
        40          4        120          0          0       2949   tzbsp_peripheral_info.o
        48          0          0          0          0       1228   tzbsp_pmic.o
      3068       1288          0         24         64      13271   tzbsp_securechannel.o
       388          4          0          0          0       1624   tzbsp_sys_asm.o
      1136         52          0         74         32      13649   tzbsp_ce_pipe.o
       940         32          0          0          0       8413   tzbsp_cipher.o
       132          0          0          0          0       3077   tzbsp_cmac.o
       518          0          0          0          0       6128   tzbsp_hash.o
       462          0          0          0          0       5490   tzbsp_hmac.o
        34          0          0          0          0        884   tzbsp_kdf.o
       188          8          0          0          0       3348   tzbsp_rollback.o
      2432        122       1548        148        200      29438   tzbsp_exec.o
       152         28          0         68          0        820   tzbsp_exec_asm.o
      2104        178        110         24        512      18824   tzbsp_rollback_version.o
         0          0       1792        288          0       3993   pm_map.o
       120          0          0        136          0        856   sysdbg.o
        88         12          0          4          0        868   sysdbg_cache.o
       468         64          0          0       1024       6428   sysdbg_main.o
      1522         86          7         32        536      19083   sysdbg_mem_dump.o
       620         88          0          8          0       7091   sysdbg_pmic.o
       322          0          0          0          0      47130   sysdbg_pmic_target.o
       384        110          0        506          0       9311   sysdbg_spmi.o
      2620        304          0         12          0      11589   sysdbg_target.o
         0          0        256          4          0       6571   sysdbg_target_sequence.o
        64          4          0          4          0       2509   tzbsp_configure_hw.o
        68          0          0          0          0       2103   tzbsp_sec_arm.o
      2856        130          0          0         64      19133   ks.o
       312         18          0          8          0       6442   ks_ns.o
       884         16          0          0          0       9448   tz_ks_common.o
      2868         52          0          8        176      26434   tz_ks_dy.o
      1178         10          0          0          0       7053   tz_ks_ns.o
        92         18          0          0         20       3087   tz_ks_pp.o
       480         18          0         88          0       8226   tzbsp_diag.o
       200         48        176          1          0       2831   tzbsp_err.o
      1180         28          0         40          0       6653   tzbsp_jprintf.o
       132         10          0          4          0       3355   tzbsp_sw_fuse.o
        24          4          0         20          0       3850   tzbsp_l1_dump.o
       208         10          0          0          0       3015   tzbsp_context_util.o
        28          4          2          0          0       2049   tzbsp_oem_fiq_debug.o
        44          6          0          8          0       1245   tzbsp_oem_log.o
         8          0          0          0          0       1784   tzbsp_oem_secboot.o
         0          0          0          8          0        366   tzbsp_syscall_def.o
      2348         18          0          8          0      18692   tz_ssd_i.o
      1708        162        791        176          0      12800   tz_ssd_md_parser.o
       852         22          0          4          0       9051   tz_ssd_ns.o
       176          8          0          0          0       2921   tz_ssd_s.o
         0          0        646        752          0       5180   tzbsp_syscall_def.o
       248         16          0          4          0       5814   image_version.o

    ----------------------------------------------------------------------
    231720      25294      46668      43964      30928    2227811   Library Totals
        54         20         24         34         44          0   (incl. Padding)

    ----------------------------------------------------------------------

      Code (inc. data)   RO Data    RW Data    ZI Data      Debug   Library Name

      7054         46      21620          0          0      78796   AESCORE.lib
      2538          0          0          0          0      16631   AESSHARED.lib
      1210         46          0          0          0      23573   CeCL.lib
      7786        226          0         36       1376      44970   CeEL.lib
      6406        182          0         20          0      59172   CeML.lib
      1504         36          0          4         16      29751   Clock.lib
         0          0        209       1212          0       2043   ClockConfig.lib
       288         30          0          0          0       5413   Clock_msm8909_TZ.lib
         0          0       2770      22952         24      43131   DALConfig.lib
       816        138          0         28          0      17555   DALFwk_tz.lib
      2064         52         12         46         96      46746   DALSys_tz.lib
      3814         96        588          0          0      37454   ECCCORE.lib
       158          0          0          0          0       3852   ECCSHARED.lib
      5104        952        187        584          0      40262   FUSEPROV.lib
      1204         12          0         16          0      11915   HALqgic.lib
      4472        100          0         84        464      45786   HALvmidmtTZOS.lib
      8740         62          0        116        944      77092   HALxpu2TZOS.lib
      2440        104          0         36       9368      37087   LK.lib
       884        154         28         44        584      18944   QSEECORE.lib
      2592        148          0         20         80      19629   QSEEELFSERV.lib
       216         30          0         16         12       4356   QSEEEXTSERV.lib
        14          0          0          0          0       1251   QSEEOEM.lib
     13612       1022         47        156        968     106519   QSEESECAPP.lib
      6988         48        288          0          0      24872   SHACORE.lib
       912          0          0          0          0      12610   SHASHARED.lib
     10752       1380          0       5133         44     133499   SMMUTzos.lib
      6316        358          5         51       2068      80147   Spmi.lib
       232         66        404          0          0       1914   SpmiDalCfg.lib
       102          0          0          0          0       5832   TZENV.lib
      1144         10          0          0          0       9290   Utils_tz.lib
      1056         34          0          0          0       7448   arch.lib
     12988       2678       3614         60          0      90234   bam.lib
         0          0        136       1320          0       3473   bam_cfg.lib
        56         10          0          0          0       9449   busywait_lib.lib
      2226         76          0          0          0       1588   c_5.l
        96          8          0        108          0       2931   chipinfo_lib.lib
      7234       1056        554        726          0      49851   icb.lib
        16          0          0          0          0        907   image_version.lib
       234          0          0          0          0       7118   libstd.lib
       332         20          0       5828       1536       8265   lm_lib.lib
     23676       8570       2734       1123        232     143812   macchiato_keyprov.lib
       196         24          0          0         24       6451   platforminfo.lib
         0          0       2014         24         16       8692   pmic_config.lib
      1168        262          0         40         24      25585   pmic_framework.lib
       320         18          0         10          0       5505   pmic_pon.lib
       320          6          0          1          0       4315   pmic_spmi_lite.lib
      1288         34       1044          9          0      22269   qfprom_driver.lib
       300         22          0          8          0       5639   qfprom_hal.lib
       748         34          0         32        284       8519   rpm.lib
      6676       1630          4          9        472      33662   sd_mgr.lib
     10292        280        614          0          0      77860   secboot_auth.lib
      3160          4          0          0       2064      23805   secmath.lib
      7756         26        784         52          0      49629   secrsa.lib
      3358        934        436         44         24      23543   smem_boot.lib
         8          0          0          0          0        872   smem_ext_common.lib
       496          8          0          0          0      11629   smem_tz.lib
      3060         56          0          0       5216      19987   spdm.lib
     10776       1162       1800       1501       1808     133991   tz_chipset.lib
      4268       1338       1424         44        576      33658   tz_common.lib
      3222         84          0         74         32      37641   tz_crypto.lib
       188          8          0          0          0       3348   tz_drivers_sec_ctrl.lib
      2584        150       1548        216        200      30258   tz_exec.lib
      2104        178        110         24        512      18824   tz_img_auth.lib
       132          4          0          4          0       4612   tz_init.lib
       942         88       1792        296          0      58214   tz_init.lib
       384        110          0        506          0       9311   tz_init.lib
      4818        466        263        188       1560      45395   tz_init.lib
      8190        244          0         16        260      71597   tz_ks.lib
      1860         94        176        129          0      17710   tz_logging.lib
       132         10          0          4          0       3355   tz_logging.lib
        24          4          0         20          0       3850   tz_monitor.lib
       208         10          0          0          0       3015   tz_monitor_common.lib
        80         10          2         16          0       5444   tz_oem.lib
      5084        210        791        188          0      43464   tz_ssd.lib
         0          0        646        752          0       5180   tz_syscall.lib
       248         16          0          4          0       5814   version_image.lib

    ----------------------------------------------------------------------
    231720      25294      46668      43964      30928    2227811   Library Totals

    ----------------------------------------------------------------------

==============================================================================


      Code (inc. data)   RO Data    RW Data    ZI Data      Debug   

    278480      29712      52276     125708      38004    2806995   Grand Totals
    278480      29712      52276     125708      38004    2806995   ELF Image Totals
    278480      29712      52276     125708          0          0   ROM Totals

==============================================================================

    Total RO  Size (Code + RO Data)               330756 ( 323.00kB)
    Total RW  Size (RW Data + ZI Data)            163712 ( 159.88kB)
    Total ROM Size (Code + RO Data + RW Data)     456464 ( 445.77kB)

==============================================================================

