__deregister_frame_info_bases
__register_frame_info_bases
__registerx
__stack_chk_guard
_Atrealloc
_Assert
_Geterrno
_Getptimes
_Strxfrmx
_Tls_get__Errno
_Tls_get__Times
a64l
abort
abs
acos
acosf
acosh
acoshf
acoshl
acosl
alarm
alarm_handler
alarmx
asin
asinf
asinh
asinhf
asinhl
asinl
atan
atan2
atan2f
atan2l
atanf
atanh
atanhf
atanhl
atanl
atexit
atof
atoi
atol
atoll
bcmp
bcopy
bzero
cbrt
cbrtf
cbrtl
ceil
ceilf
ceill
copysign
copysignf
copysignl
cos
cosf
cosh
_Cosh
coshf
_FCosh
coshl
cosl
_LCosh
div
ecvt
erf
erfc
erfcf
erfcl
erff
erfl
exit
exp
exp2
exp2f
exp2l
expf
expl
expm1
expm1f
expm1l
fabs
fabsf
fabsl
fcvt
fdim
fdimf
fdiml
ffs
floor
floorf
floorl
_Flt
fma
fmaf
fmal
fmax
fmaxf
fmaxl
fmemcpy_asm
fmin
fminf
fminl
fmod
fmodf
fmodl
frexp
frexpf
frexpl
gcvt
getenv
getpid
hexagon_cache_cleaninv
hexagon_cache_inva
_Hugeval
hypot
hypotf
hypotl
ilogb
ilogbf
ilogbl
imaxabs
imaxdiv
index
isalnum
isalpha
isascii
isatty
isblank
iscntrl
isdigit
isgraph
isinf
islower
isnan
isprint
ispunct
isspace
isupper
iswalnum
iswalpha
iswblank
iswcntrl
iswctype
iswdigit
iswgraph
iswlower
iswprint
iswpunct
iswspace
iswupper
iswxdigit
isxdigit
l64a
l64a_r
labs
ldexp
ldexpf
ldexpl
ldiv
lgamma
lgammaf
lgammal
llabs
lldiv
llrint
llrintf
llrintl
llround
llroundf
llroundl
log
_Log
log10
log10f
log10l
log1p
log1pf
log1pl
log2
log2f
log2l
logb
logbf
logbl
logf
_FLog
logl
_LLog
longjmp
lround
lroundf
lroundl
mblen
mbsinit
memccpy
memchr
memcmp
memcpy
memscpy
memcpy_v
memmove
memsmove
memmove_v
memset
modf
modff
modfl
nan
nanf
nanl
nearbyint
nextafter
nexttoward
norm
normf
norml
perror
pow
powf
powl
puts
printf
qsort
raise
rand
remainder
remainderf
remainderl
remove
remquo
remquof
remquol
rindex
rint
rintf
rintl
round
roundf
roundl
sbrk
scanf
setjmp
setlocale
signal
sin
_Sin
_Sinh
sinf
_FSin
sinh
_FSinh
sinhf
sinhl
sinl
snprintf
sprintf
sqrt
sqrtf
sqrtl
srand
sscanf
statvfs
strcasecmp
strcat
strchr
strcmp
strcmp_c
strcoll
strcpy
strcspn
strdup
strerror
strftime
strlcat
strlcpy
strlen
strncasecmp
strncat
strncmp
strncpy
strpbrk
strptime
strrchr
strsep
strspn
strstr
strtod
strtof
strtoimax
strtok
strtok_r
strtol
strtold
strtoll
strtoul
strtoull
strtoumax
strxfrm
swab
swprintf
swscanf
sysconf
tan
tanf
tanh
tanhf
tanhl
tanl
tempnam
tgamma
tgammaf
tgammal
toascii
tolower
toupper
towctrans
towlower
towupper
trunc
truncf
truncl
vscanf
vsnprintf
vsprintf
vsscanf
vswscanf
vwscanf
wmemchr
wmemcmp
wmemcpy
wmemmove
wmemset
wscanf
__builtin_HEXAGON_S4_clbpnorm
__builtin_mr_assignment
__builtin_pseudo_barrier
__builtinfunction_bitrev_update1_for_load
__builtinfunction_bitrev_update1_for_store
__builtinfunction_bitrev_update2_for_load
__builtinfunction_bitrev_update2_for_store
__builtinfunction_bitrev_update4_for_load
__builtinfunction_bitrev_update4_for_store
__builtinfunction_bitrev_update8_for_load
__builtinfunction_bitrev_update8_for_store
__builtinfunction_bitreverse
__builtinfunction_bitrevupdate
__builtinfunction_circular_update1_for_load
__builtinfunction_circular_update1_for_store
__builtinfunction_circular_update1I_for_load
__builtinfunction_circular_update1I_for_store
__builtinfunction_circular_update2_for_load
__builtinfunction_circular_update2_for_store
__builtinfunction_circular_update2I_for_load
__builtinfunction_circular_update2I_for_store
__builtinfunction_circular_update4_for_load
__builtinfunction_circular_update4_for_store
__builtinfunction_circular_update4I_for_load
__builtinfunction_circular_update4I_for_store
__builtinfunction_circular_update8_for_load
__builtinfunction_circular_update8_for_store
__builtinfunction_circular_update8I_for_load
__builtinfunction_circular_update8I_for_store
__builtinfunction_circupdate
__deallocframe
__hexagon_adddf3
__hexagon_addsf3
__hexagon_cmpdf2
__hexagon_cmpsf2
__hexagon_cmpxdf2
__hexagon_cmpxsf2
__hexagon_divdf3
__hexagon_divdi3
__hexagon_divsf3
__hexagon_divsi3
__hexagon_eqdf2
__hexagon_eqsf2
__hexagon_extendsfdf2
__hexagon_fast_adddf3
__hexagon_fast_divdf3
__hexagon_fast_gtdf2
__hexagon_fast_ltdf2
__hexagon_fast_muldf3
__hexagon_fast_negdf2
__hexagon_fast_subdf3
__hexagon_fast2_adddf3
__hexagon_fast2_addsf3
__hexagon_fast2_divdf3
__hexagon_fast2_divsf3
__hexagon_fast2_gtdf2
__hexagon_fast2_gtsf2
__hexagon_fast2_ltdf2
__hexagon_fast2_ltsf2
__hexagon_fast2_muldf3
__hexagon_fast2_mulsf3
__hexagon_fast2_negdf2
__hexagon_fast2_negsf3
__hexagon_fast2_sqrt_df
__hexagon_fast2_subdf3
__hexagon_fast2_subsf3
__hexagon_fixdfdi
__hexagon_fixdfsi
__hexagon_fixdfti
__hexagon_fixsfdi
__hexagon_fixsfsi
__hexagon_fixsfti
__hexagon_fixunsdfdi
__hexagon_fixunsdfsi
__hexagon_fixunsdfti
__hexagon_fixunssfdi
__hexagon_fixunssfsi
__hexagon_fixunssfti
__hexagon_floatdidf
__hexagon_floatdisf
__hexagon_floatsidf
__hexagon_floatsisf
__hexagon_floattidf
__hexagon_floattisf
__hexagon_floatundidf
__hexagon_floatundisf
__hexagon_floatunsidf
__hexagon_floatunsisf
__hexagon_gedf2
__hexagon_gesf2
__hexagon_gtdf2
__hexagon_gtsf2
__hexagon_ledf2
__hexagon_lesf2
__hexagon_ltdf2
__hexagon_ltsf2
__hexagon_memcpy_likely_aligned_min32bytes_mult8bytes
__hexagon_moddi3
__hexagon_modsi3
__hexagon_muldf3
__hexagon_mulsf3
__hexagon_nedf2
__hexagon_negdf2
__hexagon_negsf2
__hexagon_nesf2
__hexagon_subdf3
__hexagon_subsf3
__hexagon_truncdfsf2
__hexagon_udivdi3
__hexagon_udivmoddi4
__hexagon_udivmodsi4
__hexagon_udivsi3
__hexagon_umoddi3
__hexagon_umodsi3
__hexagon_unorddf2
__hexagon_unordsf2
__qdsp_adddf3
__qdsp_addsf3
__qdsp_cmpdf2
__qdsp_cmpsf2
__qdsp_cmpxdf2
__qdsp_cmpxsf2
__qdsp_divdf3
__qdsp_divdi3
__qdsp_divsf3
__qdsp_divsi3
__qdsp_eqdf2
__qdsp_eqsf2
__qdsp_extendsfdf2
__qdsp_fast_adddf3
__qdsp_fast_divdf3
__qdsp_fast_gtdf2
__qdsp_fast_ltdf2
__qdsp_fast_muldf3
__qdsp_fast_negdf2
__qdsp_fast_subdf3
__qdsp_fast2_adddf3
__qdsp_fast2_addsf3
__qdsp_fast2_divdf3
__qdsp_fast2_divsf3
__qdsp_fast2_gtdf2
__qdsp_fast2_gtsf2
__qdsp_fast2_ltdf2
__qdsp_fast2_ltsf2
__qdsp_fast2_muldf3
__qdsp_fast2_mulsf3
__qdsp_fast2_negdf2
__qdsp_fast2_negsf3
__qdsp_fast2_sqrt_df
__qdsp_fast2_subdf3
__qdsp_fast2_subsf3
__qdsp_fixdfdi
__qdsp_fixdfsi
__qdsp_fixdfti
__qdsp_fixsfdi
__qdsp_fixsfsi
__qdsp_fixsfti
__qdsp_fixunsdfdi
__qdsp_fixunsdfsi
__qdsp_fixunsdfti
__qdsp_fixunssfdi
__qdsp_fixunssfsi
__qdsp_fixunssfti
__qdsp_floatdidf
__qdsp_floatdisf
__qdsp_floatsidf
__qdsp_floatsisf
__qdsp_floattidf
__qdsp_floattisf
__qdsp_floatundidf
__qdsp_floatundisf
__qdsp_floatunsidf
__qdsp_floatunsisf
__qdsp_gedf2
__qdsp_gesf2
__qdsp_gtdf2
__qdsp_gtsf2
__qdsp_ledf2
__qdsp_lesf2
__qdsp_ltdf2
__qdsp_ltsf2
__qdsp_memcpy_likely_aligned_min32bytes_mult8bytes
__qdsp_moddi3
__qdsp_modsi3
__qdsp_muldf3
__qdsp_mulsf3
__qdsp_nedf2
__qdsp_negdf2
__qdsp_negsf2
__qdsp_nesf2
__qdsp_subdf3
__qdsp_subsf3
__qdsp_truncdfsf2
__qdsp_udivdi3
__qdsp_udivmoddi4
__qdsp_udivmodsi4
__qdsp_udivsi3
__qdsp_umoddi3
__qdsp_umodsi3
__qdsp_unorddf2
__qdsp_unordsf2
__restore_r16_through_r17_and_deallocframe
__restore_r16_through_r17_and_deallocframe_before_tailcall
__restore_r16_through_r19_and_deallocframe
__restore_r16_through_r19_and_deallocframe_before_tailcall
__restore_r16_through_r21_and_deallocframe
__restore_r16_through_r21_and_deallocframe_before_tailcall
__restore_r16_through_r23_and_deallocframe
__restore_r16_through_r23_and_deallocframe_before_tailcall
__restore_r16_through_r25_and_deallocframe
__restore_r16_through_r25_and_deallocframe_before_tailcall
__restore_r16_through_r27_and_deallocframe
__restore_r16_through_r27_and_deallocframe_before_tailcall
__restore_r24_through_r25_and_deallocframe
__restore_r24_through_r25_and_deallocframe_before_tailcall
__restore_r24_through_r27_and_deallocframe
__restore_r24_through_r27_and_deallocframe_before_tailcall
__restore_r27_through_r16_and_deallocframe
__restore_r27_through_r16_and_deallocframe_before_sibcall
__restore_r27_through_r18_and_deallocframe
__restore_r27_through_r18_and_deallocframe_before_sibcall
__restore_r27_through_r20_and_deallocframe
__restore_r27_through_r20_and_deallocframe_before_sibcall
__restore_r27_through_r22_and_deallocframe
__restore_r27_through_r22_and_deallocframe_before_sibcall
__restore_r27_through_r24_and_deallocframe
__restore_r27_through_r24_and_deallocframe_before_sibcall
__restore_r27_through_r26_and_deallocframe
__restore_r27_through_r26_and_deallocframe_before_sibcall
__save_r16_through_r17
__save_r16_through_r19
__save_r16_through_r21
__save_r16_through_r23
__save_r16_through_r25
__save_r16_through_r27
__save_r24_through_r25
__save_r24_through_r27
__save_r27_through_r16
__save_r27_through_r18
__save_r27_through_r20
__save_r27_through_r22
__save_r27_through_r24
create_qdouble
create_qdouble_li
d2qd
dadd_asm
dmpy
dmpy_asm
drecip
drecipsqrt
dsub
dsub_asm
fast_fabs
fast_sqrt
fast2_create_qdouble
fast2_create_qdouble_li
fast2_create_qldouble
fast2_create_qldouble_li
fast2_d2qd
fast2_d2qld
fast2_dadd
fast2_dadd_asm
fast2_dmpy
fast2_dmpy_asm
fast2_doubletoqdouble
fast2_drecip
fast2_drecipsqrt
fast2_dsub
fast2_dsub_asm
fast2_f2qd
fast2_f2qd_asm
fast2_fabs
fast2_get_exp_qd
fast2_get_exp_qld
fast2_get_mant_qd
fast2_get_mant_qld
fast2_ldadd
fast2_ldadd_asm
fast2_ldmpy
fast2_ldmpy_asm
fast2_ldrecip
fast2_ldrecipsqrt
fast2_ldsub
fast2_ldsub_asm
fast2_pow
fast2_qd_add
fast2_qd_add_dq
fast2_qd_add_qd
fast2_qd_div
fast2_qd_div_dq
fast2_qd_div_qd
fast2_qd_fabs
fast2_qd_gt
fast2_qd_gt_dq
fast2_qd_gt_qd
fast2_qd_lt
fast2_qd_lt_dq
fast2_qd_lt_qd
fast2_qd_mul
fast2_qd_mul_dq
fast2_qd_mul_qd
fast2_qd_neg
fast2_qd_self_div
fast2_qd_self_div_dd
fast2_qd_self_increment
fast2_qd_self_increment_qd
fast2_qd_self_mul
fast2_qd_self_mul_qd
fast2_qd_self_sub
fast2_qd_self_sub_dd
fast2_qd_sub
fast2_qd_sub_dq
fast2_qd_sub_qd
fast2_qd2f
fast2_qd2f_asm
fast2_qld_add
fast2_qld_add_dq
fast2_qld_add_qd
fast2_qld_div
fast2_qld_div_dq
fast2_qld_div_qd
fast2_qld_fabs
fast2_qld_gt
fast2_qld_gt_dq
fast2_qld_gt_qd
fast2_qld_lt
fast2_qld_lt_dq
fast2_qld_lt_qd
fast2_qld_mul
fast2_qld_mul_dq
fast2_qld_mul_qd
fast2_qld_neg
fast2_qld_pow
fast2_qld_self_div
fast2_qld_self_div_dd
fast2_qld_self_increment
fast2_qld_self_increment_qd
fast2_qld_self_mul
fast2_qld_self_mul_qd
fast2_qld_self_sub
fast2_qld_self_sub_dd
fast2_qld_sqrt
fast2_qld_sub
fast2_qld_sub_dq
fast2_qld_sub_qd
fast2_qld2d
fast2_set_exp_qd
fast2_set_exp_qld
fast2_set_mant_qd
fast2_set_mant_qld
fast2_to_qldouble
fast2_todouble
fast2_tofloat
fast2_toqdouble
get_exp_qd
get_mant_qd
qd_add
qd_add_dq
qd_add_qd
qd_div
qd_div_dq
qd_div_qd
qd_fabs
qd_gt
qd_gt_dq
qd_gt_qd
qd_lt
qd_lt_dq
qd_lt_qd
qd_mul
qd_mul_dq
qd_mul_qd
qd_neg
qd_self_div
qd_self_div_dd
qd_self_increment
qd_self_increment_qd
qd_self_mul
qd_self_mul_qd
qd_self_sub
qd_self_sub_dd
qd_sqrt
qd_sub
qd_sub_dq
qd_sub_qd
qd2d
set_exp_qd
set_mant_qd
todouble
toqdouble
_Stod
_Getptoupper
_Getpctype
_Stoul
_Stdin
_Getptolower
wcslen
__divdc3
__divsc3
__divxc3
__muldc3
__mulsc3
__mulxc3
qurt_malloc
qurt_calloc
qurt_realloc
qurt_free
qurt_allsignal_init
qurt_allsignal_destroy
qurt_allsignal_wait
qurt_allsignal_set
qurt_anysignal_set
qurt_anysignal_clear
qurt_atomic_barrier
qurt_atomic64_barrier
qurt_barrier_init
qurt_barrier_destroy
qurt_barrier_wait
qurt_cond_init
qurt_cond_destroy
qurt_cond_signal
qurt_cond_broadcast
qurt_cond_wait
qurt_profile_reset_idle_pcycles
qurt_profile_get_thread_pcycles
qurt_profile_get_thread_tcycles
qurt_get_core_pcycles
qurt_profile_get_idle_pcycles
qurt_profile_get_threadid_pcycles
qurt_profile_reset_threadid_pcycles
qurt_profile_enable
qurt_sysenv_get_swap_spool0
qurt_sysenv_get_swap_spool1
qurt_sysenv_get_app_heap
qurt_sysenv_get_hw_timer
qurt_sysenv_get_arch_version
qurt_sysenv_get_max_hw_threads
qurt_sysenv_get_max_pi_prio
qurt_sysenv_get_process_name
qurt_futex_wait
qurt_futex_wait64
qurt_futex_wake
qurt_anysignal_wait
qurt_anysignal_clear
qurt_lifo_pop
qurt_lifo_push
qurt_lifo_remove
qurt_lookup_physaddr
qurt_mutex_init
qurt_mutex_destroy
qurt_mutex_lock
qurt_mutex_unlock
qurt_mutex_try_lock
qurt_pimutex_init
qurt_pimutex_destroy
qurt_pimutex_lock
qurt_pimutex_unlock
qurt_pimutex_try_lock
qurt_pipe_create
qurt_pipe_attr_init
qurt_pipe_attr_set_buffer
qurt_pipe_attr_set_elements
qurt_pipe_init
qurt_pipe_destroy
qurt_pipe_delete
qurt_pipe_send
qurt_pipe_receive
qurt_pipe_try_send
qurt_pipe_try_receive
qurt_pmu_set
qurt_pmu_get
qurt_pmu_enable
qurt_power_shutdown_prepare
qurt_power_shutdown_fail_exit
qurt_power_shutdown_enter
qurt_power_shutdown_exit
qurt_power_tcxo_prepare
qurt_power_tcxo_fail_exit
qurt_power_tcxo_enter
qurt_power_tcxo_exit
qurt_power_wait_for_idle
qurt_power_wait_for_active
qurt_system_ipend_get
qurt_system_avscfg_set
qurt_system_avscfg_get
qurt_system_vid_get
qurt_get_shutdown_pcycles
qurt_qdi_qhi3
qurt_qdi_qhi4
qurt_qdi_qhi5
qurt_qdi_qhi6
qurt_qdi_qhi7
qurt_qdi_qhi8
qurt_qdi_qhi9
qurt_qdi_qhi10
qurt_qdi_qhi11
qurt_qdi_qhi12
qurt_qdi_write
qurt_qdi_read
qurt_qdi_close
qurt_rmutex_init
qurt_rmutex_destroy
qurt_rmutex_lock
qurt_rmutex_unlock
qurt_rmutex_try_lock
qurt_rmutex_try_lock_block_once
qurt_sysclock_get_hw_ticks
qurt_sem_add
qurt_sem_down
qurt_sem_try_down
qurt_sem_init
qurt_sem_destroy
qurt_sem_init_val
qurt_signal_init
qurt_signal_destroy
qurt_signal_wait
qurt_signal_set
qurt_signal_get
qurt_signal_clear
qurt_spawn
qurt_getpid
qurt_wait
qurt_api_version
qurt_total_sw_threads
qurt_thread_get_name
qurt_thread_create
qurt_thread_stop
qurt_thread_resume
qurt_thread_get_id
qurt_thread_set_timetest_id
qurt_thread_set_prefetch
qurt_thread_get_timetest_id
qurt_thread_exit
qurt_thread_join
qurt_thread_get_anysignal
qurt_thread_get_priority
qurt_thread_set_priority
qurt_thread_id_list_front
qurt_thread_id_list_next
qurt_thread_id_list_lock
qurt_thread_id_list_unlock
qurt_thread_context_get_tname
qurt_thread_context_get_prio
qurt_thread_context_get_pcycles
qurt_thread_context_get_stack_base
qurt_thread_context_get_stack_size
qurt_thread_context_get_pid
qurt_thread_context_get_pname
qurt_timer_stop
qurt_timer_restart
qurt_timer_create
qurt_timer_attr_init
qurt_timer_attr_set_duration
qurt_timer_attr_set_expiry
qurt_timer_attr_get_duration
qurt_timer_attr_get_remaining
qurt_timer_attr_set_type
qurt_timer_attr_get_type
qurt_timer_attr_set_group
qurt_timer_attr_get_group
qurt_timer_get_attr
qurt_timer_delete
qurt_timer_sleep
qurt_timer_group_disable
qurt_timer_group_enable
qurt_timer_recover_pc
qurt_timer_get_ticks
qurt_timer_timetick_from_us
qurt_timer_timetick_to_us
qurt_timer_max_duration
qurt_timer_max_duration_ticks
qurt_timetick_error_magin
qurt_tls_create_key
qurt_tls_set_specific
qurt_tls_get_specific
qurt_tls_delete_key
qurt_trace_get_marker
qurt_trace_changed
qurt_printf
qurt_mem_region_create
qurt_mem_region_delete
qurt_mem_default_pool
dlopen
dlsym
dlerror
dlclose
__wrap_malloc
__wrap_calloc
__wrap_free
__wrap_realloc
__wrap_memalign
__wrap___stack_chk_fail
std_memscpy
std_memsmove
SigVerify_HaveTestRoot
adsp_power_boost_on
adsp_power_boost_off
HAP_power_request
HAP_power_request_abs
HAP_power_get_max_speed
HAP_pls_add
HAP_pls_add_lookup
HAP_pls_lookup
HAP_get_chip_family_id
HAP_cx_free
HAP_cx_malloc
HAP_perf_get_time_us
HAP_perf_get_pcycles
HAP_debug
HAP_debug_v2
HAP_setFARFRuntimeLoggingParams
