ARM Linker, 5.01 [Build 43] 

==============================================================================

Image Symbol Table

    Local Symbols

    Symbol Name                              Value     Ov Type        Size  Object(Section)

    !!!main                                  0x00000000   Section        8  __main.o(!!!main)
    ../clib/angel/boardlib.s                 0x00000000   Number         0  boardshut.o ABSOLUTE
    ../clib/angel/boardlib.s                 0x00000000   Number         0  boardinit1.o ABSOLUTE
    ../clib/angel/boardlib.s                 0x00000000   Number         0  boardinit2.o ABSOLUTE
    ../clib/angel/boardlib.s                 0x00000000   Number         0  boardinit3.o ABSOLUTE
    ../clib/angel/dclz77c.s                  0x00000000   Number         0  __dclz77c.o ABSOLUTE
    ../clib/angel/handlers.s                 0x00000000   Number         0  __scatter_copy.o ABSOLUTE
    ../clib/angel/handlers.s                 0x00000000   Number         0  __scatter_zi.o ABSOLUTE
    ../clib/angel/kernel.s                   0x00000000   Number         0  rtentry2.o ABSOLUTE
    ../clib/angel/kernel.s                   0x00000000   Number         0  rtexit.o ABSOLUTE
    ../clib/angel/kernel.s                   0x00000000   Number         0  rtentry4.o ABSOLUTE
    ../clib/angel/kernel.s                   0x00000000   Number         0  rtexit2.o ABSOLUTE
    ../clib/angel/kernel.s                   0x00000000   Number         0  rtentry.o ABSOLUTE
    ../clib/angel/rt.s                       0x00000000   Number         0  rt_raise.o ABSOLUTE
    ../clib/angel/scatter.s                  0x00000000   Number         0  __scatter.o ABSOLUTE
    ../clib/angel/startup.s                  0x00000000   Number         0  __main.o ABSOLUTE
    ../clib/angel/sys.s                      0x00000000   Number         0  sys_stackheap_outer.o ABSOLUTE
    ../clib/angel/sys.s                      0x00000000   Number         0  libspace.o ABSOLUTE
    ../clib/angel/sys.s                      0x00000000   Number         0  use_no_semi.o ABSOLUTE
    ../clib/angel/sys.s                      0x00000000   Number         0  indicate_semi.o ABSOLUTE
    ../clib/angel/sysapp.c                   0x00000000   Number         0  sys_wrch.o ABSOLUTE
    ../clib/angel/sysapp.c                   0x00000000   Number         0  sys_exit.o ABSOLUTE
    ../clib/angel/sysapp.c                   0x00000000   Number         0  sys_command.o ABSOLUTE
    ../clib/armsys.c                         0x00000000   Number         0  no_argv.o ABSOLUTE
    ../clib/armsys.c                         0x00000000   Number         0  argv_veneer.o ABSOLUTE
    ../clib/armsys.c                         0x00000000   Number         0  argv_veneer.o ABSOLUTE
    ../clib/armsys.c                         0x00000000   Number         0  _get_argv_nomalloc.o ABSOLUTE
    ../clib/heapalloc.c                      0x00000000   Number         0  hrguard.o ABSOLUTE
    ../clib/libinit.s                        0x00000000   Number         0  libinit2.o ABSOLUTE
    ../clib/libinit.s                        0x00000000   Number         0  libinit.o ABSOLUTE
    ../clib/libinit.s                        0x00000000   Number         0  libshutdown.o ABSOLUTE
    ../clib/libinit.s                        0x00000000   Number         0  libshutdown2.o ABSOLUTE
    ../clib/signal.c                         0x00000000   Number         0  defsig_rtred_inner.o ABSOLUTE
    ../clib/signal.c                         0x00000000   Number         0  defsig_fpe_inner.o ABSOLUTE
    ../clib/signal.c                         0x00000000   Number         0  defsig_abrt_inner.o ABSOLUTE
    ../clib/signal.c                         0x00000000   Number         0  defsig_general.o ABSOLUTE
    ../clib/signal.c                         0x00000000   Number         0  __raise.o ABSOLUTE
    ../clib/signal.c                         0x00000000   Number         0  defsig_rtmem_inner.o ABSOLUTE
    ../clib/signal.c                         0x00000000   Number         0  defsig_rtmem_outer.o ABSOLUTE
    ../clib/signal.c                         0x00000000   Number         0  defsig_rtmem_formal.o ABSOLUTE
    ../clib/signal.c                         0x00000000   Number         0  defsig_exit.o ABSOLUTE
    ../clib/signal.c                         0x00000000   Number         0  defsig_other.o ABSOLUTE
    ../clib/signal.c                         0x00000000   Number         0  defsig_segv_inner.o ABSOLUTE
    ../clib/signal.c                         0x00000000   Number         0  defsig_cppl_inner.o ABSOLUTE
    ../clib/signal.c                         0x00000000   Number         0  defsig_pvfn_inner.o ABSOLUTE
    ../clib/signal.c                         0x00000000   Number         0  defsig_stak_inner.o ABSOLUTE
    ../clib/signal.s                         0x00000000   Number         0  defsig.o ABSOLUTE
[...]
    .constdata                               0x8d513ed8   Section        4  ul_data.o(.constdata)
    .constdata                               0x8d513edc   Section        4  ul_data.o(.constdata)
    .constdata                               0x8d513ee0   Section        4  ul_data.o(.constdata)
    .constdata                               0x8d513ee4   Section        8  hwevent_config.o(.constdata)
    .constdata                               0x8d513eec   Section        4  hwevent_config.o(.constdata)
    .constdata                               0x8d513ef0   Section       60  hwevent_config.o(.constdata)
    .constdata                               0x8d513f2c   Section        4  hwevent_config.o(.constdata)
    .constdata                               0x8d513f30   Section      240  ClockBSP.o(.constdata)
    .constdata                               0x8d514020   Section      640  ClockBSP.o(.constdata)
    .constdata                               0x8d5142a0   Section      360  ClockBSP.o(.constdata)
    .constdata                               0x8d514408   Section       80  ClockBSP.o(.constdata)
    .constdata                               0x8d514458   Section       80  ClockBSP.o(.constdata)
    .constdata                               0x8d5144a8   Section        8  ClockBSP.o(.constdata)
    .constdata                               0x8d5144b0   Section       48  ClockBSP.o(.constdata)
    .conststring                             0x8d5144e0   Section      303  DALConfig_wcn.o(.conststring)
    .conststring                             0x8d51460f   Section       10  ul_data.o(.conststring)
    .conststring                             0x8d514619   Section        5  ul_data.o(.conststring)
    .conststring                             0x8d51461e   Section       11  ul_data.o(.conststring)
    .conststring                             0x8d514629   Section        7  ul_data.o(.conststring)
    .conststring                             0x8d514630   Section       10  ul_data.o(.conststring)
    .conststring                             0x8d51463a   Section       11  ul_data.o(.conststring)
    .conststring                             0x8d514645   Section       24  ul_data.o(.conststring)
    .conststring                             0x8d51465d   Section       15  ul_data.o(.conststring)
    .conststring                             0x8d51466c   Section       17  ul_data.o(.conststring)
    .conststring                             0x8d51467d   Section       19  ul_data.o(.conststring)
    .conststring                             0x8d514690   Section       19  ul_data.o(.conststring)
    .conststring                             0x8d5146a3   Section       19  ul_data.o(.conststring)
    .conststring                             0x8d5146b6   Section       19  ul_data.o(.conststring)
    .conststring                             0x8d5146c9   Section       23  ul_data.o(.conststring)
    .conststring                             0x8d5146e0   Section       22  ul_data.o(.conststring)
    .conststring                             0x8d5146f6   Section       22  ul_data.o(.conststring)
    .conststring                             0x8d51470c   Section       24  ul_data.o(.conststring)
    .conststring                             0x8d514724   Section       24  ul_data.o(.conststring)
    .conststring                             0x8d51473c   Section       22  ul_data.o(.conststring)
    .conststring                             0x8d514752   Section       22  ul_data.o(.conststring)
    .conststring                             0x8d514768   Section       22  ul_data.o(.conststring)
    .conststring                             0x8d51477e   Section       22  ul_data.o(.conststring)
    .conststring                             0x8d514794   Section       22  ul_data.o(.conststring)
    .conststring                             0x8d5147aa   Section       22  ul_data.o(.conststring)
    .conststring                             0x8d5147c0   Section       16  ul_data.o(.conststring)
    .conststring                             0x8d5147d0   Section       18  ul_data.o(.conststring)
    .conststring                             0x8d5147e2   Section       18  ul_data.o(.conststring)
    .conststring                             0x8d5147f4   Section       23  ul_data.o(.conststring)
    .conststring                             0x8d51480b   Section       15  ul_data.o(.conststring)
    .conststring                             0x8d51481a   Section       18  ul_data.o(.conststring)
    .conststring                             0x8d51482c   Section       16  ul_data.o(.conststring)
    .conststring                             0x8d51483c   Section       18  ul_data.o(.conststring)
    .conststring                             0x8d51484e   Section       20  ul_data.o(.conststring)
    .conststring                             0x8d514862   Section       19  ul_data.o(.conststring)
    .conststring                             0x8d514875   Section       16  ul_data.o(.conststring)
    .conststring                             0x8d514885   Section       20  ul_data.o(.conststring)
    .conststring                             0x8d514899   Section       22  ul_data.o(.conststring)
    .conststring                             0x8d5148af   Section       21  ul_data.o(.conststring)
    .conststring                             0x8d5148c4   Section       21  ul_data.o(.conststring)
    .conststring                             0x8d5148d9   Section       23  ul_data.o(.conststring)
    .conststring                             0x8d5148f0   Section       23  ul_data.o(.conststring)
    .conststring                             0x8d514907   Section       21  ul_data.o(.conststring)
    .conststring                             0x8d51491c   Section       21  ul_data.o(.conststring)
    .conststring                             0x8d514931   Section       21  ul_data.o(.conststring)
    .conststring                             0x8d514946   Section       21  ul_data.o(.conststring)
    .conststring                             0x8d51495b   Section       21  ul_data.o(.conststring)
    .conststring                             0x8d514970   Section       21  ul_data.o(.conststring)
    .conststring                             0x8d514985   Section       23  ul_data.o(.conststring)
    .conststring                             0x8d51499c   Section       17  ul_data.o(.conststring)
    .conststring                             0x8d5149ad   Section       23  ul_data.o(.conststring)
    .conststring                             0x8d5149c4   Section       26  ul_data.o(.conststring)
    .conststring                             0x8d5149de   Section       23  ul_data.o(.conststring)
    .conststring                             0x8d5149f5   Section       16  ul_data.o(.conststring)
    .conststring                             0x8d514a05   Section       22  ul_data.o(.conststring)
    .conststring                             0x8d514a1b   Section       20  ul_data.o(.conststring)
    .conststring                             0x8d514a2f   Section       22  ul_data.o(.conststring)
    .conststring                             0x8d514a45   Section       25  ul_data.o(.conststring)
    .conststring                             0x8d514a5e   Section     2145  InterruptConfigData.o(.conststring)
    .conststring                             0x8d5152bf   Section       69  ClockBSP.o(.conststring)
    .conststring                             0x8d515304   Section       10  HWIOBaseMap.o(.conststring)
    .conststring                             0x8d51530e   Section       46  HWIOBaseMap.o(.conststring)
    .conststring                             0x8d51533c   Section       75  HWIOBaseMap.o(.conststring)
    .conststring                             0x8d515387   Section      150  HWIOBaseMap.o(.conststring)
    .conststring                             0x8d51541d   Section      486  HWIOBaseMap.o(.conststring)
    .conststring                             0x8d515603   Section       36  HWIOBaseMap.o(.conststring)
    .conststring                             0x8d515627   Section       39  HWIOBaseMap.o(.conststring)
    .conststring                             0x8d51564e   Section       52  HWIOBaseMap.o(.conststring)
    .conststring                             0x8d515682   Section      142  HWIOBaseMap.o(.conststring)
    .conststring                             0x8d515710   Section      205  HWIOBaseMap.o(.conststring)
    .conststring                             0x8d5157dd   Section      887  HWIOBaseMap.o(.conststring)
    .conststring                             0x8d515b54   Section      116  HWIOBaseMap.o(.conststring)
    .conststring                             0x8d515bc8   Section       28  pm_wcn_node_resources.o(.conststring)
    .conststring                             0x8d515be4   Section       30  pm_wcn_node_resources.o(.conststring)
    .conststring                             0x8d515c02   Section       28  pm_wcn_node_resources.o(.conststring)
    .conststring                             0x8d515c1e   Section       29  pm_wcn_node_resources.o(.conststring)
    .conststring                             0x8d515c3b   Section       56  pm_wcn_node_resources.o(.conststring)
    .conststring                             0x8d515c73   Section       28  pm_wcn_node_resources.o(.conststring)
    .conststring                             0x8d515c8f   Section      161  pm_wcn_node_resources.o(.conststring)
    .conststrlit                             0x8d515d30   Section       18  pm_wcn_node_resources.o(.conststrlit)
    .conststrlit                             0x8d515d42   Section       36  pm_wcn_node_resources.o(.conststrlit)
    .conststrlit                             0x8d515d66   Section        9  pm_wcn_node_resources.o(.conststrlit)
    .conststrlit                             0x8d515d6f   Section       18  pm_wcn_node_resources.o(.conststrlit)
    .conststrlit                             0x8d515d81   Section       27  pm_wcn_node_resources.o(.conststrlit)
    .conststrlit                             0x8d515d9c   Section        9  pm_wcn_node_resources.o(.conststrlit)

    Global Symbols

    Symbol Name                              Value     Ov Type        Size  Object(Section)

    BuildAttributes$$THM_ISAv2$ARM_ISAv5$E$P$J$S$PE$A:L22$X:L11$S22$IEEE1$IW$USESV6$~STKCKD$USESV7$~SHL$OTIME$ROPI$EBA8$UX$STANDARDLIB$REQ8$PRES8$EABIv2 0x00000000   Number         0  anon$$obj.o ABSOLUTE
    __ARM_use_no_argv                        0x00000000   Number         0  devcfg_main.o ABSOLUTE
    __main                                   0x00000000   ARM Code       8  __main.o(!!!main)
    __ARM_exceptions_init                     - Undefined Weak Reference
    __alloca_initialize                       - Undefined Weak Reference
    __cpp_initialize__aeabi_                  - Undefined Weak Reference
    __cxa_finalize                            - Undefined Weak Reference
    __rt_locale                               - Undefined Weak Reference
    __sigvec_lookup                           - Undefined Weak Reference
    _atexit_init                              - Undefined Weak Reference
    _call_atexit_fns                          - Undefined Weak Reference
    _clock_init                               - Undefined Weak Reference
    _fp_trap_init                             - Undefined Weak Reference
    _fp_trap_shutdown                         - Undefined Weak Reference
    _get_lc_collate                           - Undefined Weak Reference
    _get_lc_ctype                             - Undefined Weak Reference
    _get_lc_monetary                          - Undefined Weak Reference
    _get_lc_numeric                           - Undefined Weak Reference
    _get_lc_time                              - Undefined Weak Reference
    _getenv_init                              - Undefined Weak Reference
    _handle_redirection                       - Undefined Weak Reference
    _init_alloc                               - Undefined Weak Reference
    _init_user_alloc                          - Undefined Weak Reference
    _initio                                   - Undefined Weak Reference
    _rand_init                                - Undefined Weak Reference
    _signal_finish                            - Undefined Weak Reference
    _signal_init                              - Undefined Weak Reference
    _terminate_alloc                          - Undefined Weak Reference
    _terminate_user_alloc                     - Undefined Weak Reference
    _terminateio                              - Undefined Weak Reference
    __scatterload                            0x00000008   ARM Code       0  __scatter.o(!!!scatter)
    __scatterload_rt2                        0x00000008   ARM Code      52  __scatter.o(!!!scatter)
    __scatterload_null                       0x0000001c   ARM Code       0  __scatter.o(!!!scatter)
    __decompress                             0x00000044   ARM Code      96  __dclz77c.o(!!dclz77c)
    __decompress2                            0x00000044   ARM Code       0  __dclz77c.o(!!dclz77c)
    __scatterload_copy                       0x000000a4   ARM Code      40  __scatter_copy.o(!!handler_copy)
    __scatterload_zeroinit                   0x000000cc   ARM Code      44  __scatter_zi.o(!!handler_zi)
    __rt_lib_init                            0x000000f9   Thumb Code     0  libinit.o(.ARM.Collect$$libinit$$00000000)
    __rt_lib_init_alloca_1                   0x000000fb   Thumb Code     0  libinit2.o(.ARM.Collect$$libinit$$0000002C)
    __rt_lib_init_argv_1                     0x000000fb   Thumb Code     0  libinit2.o(.ARM.Collect$$libinit$$0000002A)
    __rt_lib_init_atexit_1                   0x000000fb   Thumb Code     0  libinit2.o(.ARM.Collect$$libinit$$00000019)
    __rt_lib_init_clock_1                    0x000000fb   Thumb Code     0  libinit2.o(.ARM.Collect$$libinit$$0000001F)
    __rt_lib_init_cpp_1                      0x000000fb   Thumb Code     0  libinit2.o(.ARM.Collect$$libinit$$00000030)
    __rt_lib_init_exceptions_1               0x000000fb   Thumb Code     0  libinit2.o(.ARM.Collect$$libinit$$0000002E)
    __rt_lib_init_fp_1                       0x000000fb   Thumb Code     0  libinit2.o(.ARM.Collect$$libinit$$00000002)
    __rt_lib_init_fp_trap_1                  0x000000fb   Thumb Code     0  libinit2.o(.ARM.Collect$$libinit$$0000001D)
    __rt_lib_init_getenv_1                   0x000000fb   Thumb Code     0  libinit2.o(.ARM.Collect$$libinit$$00000021)
    __rt_lib_init_heap_1                     0x000000fb   Thumb Code     0  libinit2.o(.ARM.Collect$$libinit$$00000008)
    __rt_lib_init_lc_collate_1               0x000000fb   Thumb Code     0  libinit2.o(.ARM.Collect$$libinit$$0000000F)
    __rt_lib_init_lc_ctype_1                 0x000000fb   Thumb Code     0  libinit2.o(.ARM.Collect$$libinit$$00000011)
    __rt_lib_init_lc_monetary_1              0x000000fb   Thumb Code     0  libinit2.o(.ARM.Collect$$libinit$$00000013)
    __rt_lib_init_lc_numeric_1               0x000000fb   Thumb Code     0  libinit2.o(.ARM.Collect$$libinit$$00000015)
    __rt_lib_init_lc_time_1                  0x000000fb   Thumb Code     0  libinit2.o(.ARM.Collect$$libinit$$00000017)
    __rt_lib_init_rand_1                     0x000000fb   Thumb Code     0  libinit2.o(.ARM.Collect$$libinit$$0000000C)
    __rt_lib_init_return                     0x000000fb   Thumb Code     0  libinit2.o(.ARM.Collect$$libinit$$00000031)
    __rt_lib_init_signal_1                   0x000000fb   Thumb Code     0  libinit2.o(.ARM.Collect$$libinit$$0000001B)
    __rt_lib_init_stdio_1                    0x000000fb   Thumb Code     0  libinit2.o(.ARM.Collect$$libinit$$00000023)
    __rt_lib_init_user_alloc_1               0x000000fb   Thumb Code     0  libinit2.o(.ARM.Collect$$libinit$$0000000A)
    __rt_lib_shutdown                        0x000000fd   Thumb Code     0  libshutdown.o(.ARM.Collect$$libshutdown$$00000000)
    __rt_lib_shutdown_fp_trap_1              0x000000ff   Thumb Code     0  libshutdown2.o(.ARM.Collect$$libshutdown$$00000006)
    __rt_lib_shutdown_heap_1                 0x000000ff   Thumb Code     0  libshutdown2.o(.ARM.Collect$$libshutdown$$0000000E)
    __rt_lib_shutdown_return                 0x000000ff   Thumb Code     0  libshutdown2.o(.ARM.Collect$$libshutdown$$0000000F)
    __rt_lib_shutdown_signal_1               0x000000ff   Thumb Code     0  libshutdown2.o(.ARM.Collect$$libshutdown$$00000009)
    __rt_lib_shutdown_stdio_1                0x000000ff   Thumb Code     0  libshutdown2.o(.ARM.Collect$$libshutdown$$00000003)
    __rt_lib_shutdown_user_alloc_1           0x000000ff   Thumb Code     0  libshutdown2.o(.ARM.Collect$$libshutdown$$0000000B)
    __rt_entry                               0x00000100   ARM Code       0  rtentry.o(.ARM.Collect$$rtentry$$00000000)
    __rt_entry_presh_1                       0x00000100   ARM Code       0  rtentry2.o(.ARM.Collect$$rtentry$$00000002)
    __rt_entry_sh                            0x00000100   ARM Code       0  rtentry4.o(.ARM.Collect$$rtentry$$00000004)
    __rt_entry_li                            0x00000108   ARM Code       0  rtentry2.o(.ARM.Collect$$rtentry$$0000000A)
    __rt_entry_postsh_1                      0x00000108   ARM Code       0  rtentry2.o(.ARM.Collect$$rtentry$$00000009)
    __rt_entry_main                          0x0000010c   ARM Code       0  rtentry2.o(.ARM.Collect$$rtentry$$0000000D)
    __rt_entry_postli_1                      0x0000010c   ARM Code       0  rtentry2.o(.ARM.Collect$$rtentry$$0000000C)
    __rt_exit                                0x00000134   ARM Code       0  rtexit.o(.ARM.Collect$$rtexit$$00000000)
    __rt_exit_ls                             0x00000138   ARM Code       0  rtexit2.o(.ARM.Collect$$rtexit$$00000003)
    __rt_exit_prels_1                        0x00000138   ARM Code       0  rtexit2.o(.ARM.Collect$$rtexit$$00000002)
    __rt_exit_exit                           0x0000013c   ARM Code       0  rtexit2.o(.ARM.Collect$$rtexit$$00000004)
    main                                     0x00000145   Thumb Code     4  devcfg_main.o(.text)
    __user_initial_stackheap                 0x00000149   Thumb Code     2  devcfg_main.o(.text)
    __user_setup_stackheap                   0x0000014c   ARM Code      96  sys_stackheap_outer.o(.text)
    exit                                     0x000001ad   Thumb Code    12  exit.o(.text)
    __user_libspace                          0x000001b8   ARM Code      12  libspace.o(.text)
    __user_perproc_libspace                  0x000001b8   ARM Code       0  libspace.o(.text)
    __user_perthread_libspace                0x000001b8   ARM Code       0  libspace.o(.text)
    _sys_exit                                0x000001c5   Thumb Code     8  sys_exit.o(.text)
    __I$use$semihosting                      0x000001d0   ARM Code       0  use_no_semi.o(.text)
    __use_no_semihosting_swi                 0x000001d0   ARM Code       4  use_no_semi.o(.text)
    __libspace_start                         0x000001d4   Data          96  libspace.o(.bss)
    __semihosting_library_function           0x000001d4   ARM Code       0  indicate_semi.o(.text)
    __temporary_stack_top$libspace           0x00000234   Data           0  libspace.o(.bss)
    DALPROP_PropsInfo                        0x8d50c000   Data          16  devcfg_data.o(.data)
    DALPROP_StructPtrs                       0x8d50c010   Data         192  DALConfig_wcn.o(.data)
    DALPROP_PropBin                          0x8d50c0d0   Data        4272  DALConfig_wcn.o(.data)
    driver_list                              0x8d50d180   Data         408  DALConfig_wcn.o(.data)
    cfg_bus_list                             0x8d50df30   Data          12  ul_data.o(.data)
    cfg_slave_list                           0x8d50df3c   Data         120  ul_data.o(.data)
    cfg_master_list                          0x8d50dfb4   Data          84  ul_data.o(.data)
    ul_cfg_clock_node_list                   0x8d50e008   Data          12  ul_data.o(.data)
    cfg_tcsr_info                            0x8d50e014   Data           4  ul_data.o(.data)
    route_tree_root                          0x8d5103b8   Data           4  ul_data.o(.data)
    ul_arb_master_list                       0x8d5103bc   Data          84  ul_data.o(.data)
    ul_arb_slave_list                        0x8d510410   Data         120  ul_data.o(.data)
    ul_arb_clock_node_list                   0x8d510488   Data          12  ul_data.o(.data)
    tfunnel_port_stm                         0x8d510494   Data          12  tfunnel_config.o(.data)
    devcfgSpmBspData                         0x8d5104a0   Data          56  SPMDevCfgData.o(.data)
    devcfgSpmCmdSeqArray                     0x8d5104f8   Data          84  SPMDevCfgData.o(.data)
    gSpmCmdDelay                             0x8d51054c   Data           1  SPMDevCfgData.o(.data)
    interrupt_config_map                     0x8d510550   Data          24  GPIOInt_ConfigData.o(.data)
    pInterruptControllerConfigData           0x8d510c0c   Data          16  InterruptConfigData.o(.data)
    HWIOBaseMap                              0x8d511300   Data         280  HWIOBaseMap.o(.data)
    pm_wcn_proc_client_dev_deps_pll_sr2      0x8d511418   Data          24  pm_wcn_node_resources.o(.data)
    pm_wcn_proc_client_dev_deps_rail_cx      0x8d511430   Data          24  pm_wcn_node_resources.o(.data)
    pm_wcn_proc_client_dev_deps_rail_mx      0x8d511448   Data          24  pm_wcn_node_resources.o(.data)
    pm_wcn_proc_client_dev_deps_wcn_core     0x8d511460   Data          48  pm_wcn_node_resources.o(.data)
    pm_wcn_proc_client_dev_deps_wcn_core_clk 0x8d511490   Data          96  pm_wcn_node_resources.o(.data)
    pm_wcn_proc_client_dev_deps_wcn_pa       0x8d5114f0   Data          24  pm_wcn_node_resources.o(.data)
    pm_npa_wcn_pam_node_rsrcs                0x8d511508   Data         216  pm_wcn_node_resources.o(.data)
    num_of_pm_wcn_nodes                      0x8d5115e0   Data           4  pm_wcn_node_resources.o(.data)
    pmic_npa_clk_remote_resources            0x8d5115e4   Data          16  pm_wcn_node_resources.o(.data)
    pmic_npa_remote_clk                      0x8d5115f4   Data           8  pm_wcn_node_resources.o(.data)
    pmic_npa_ldo_remote_resources            0x8d5115fc   Data          32  pm_wcn_node_resources.o(.data)
    pmic_npa_remote_ldo                      0x8d51161c   Data           8  pm_wcn_node_resources.o(.data)
    pmic_npa_smps_remote_resources           0x8d511624   Data           8  pm_wcn_node_resources.o(.data)
    pmic_npa_remote_smps                     0x8d51162c   Data           8  pm_wcn_node_resources.o(.data)
    GPIOCommonConfig_V6_VariantCommon        0x8d511634   Data           4  wcnss_settings.o(.data)
    GPIORegConfig_V6_VariantCommon           0x8d511638   Data          14  wcnss_settings.o(.data)
    pm8916_pm_wcn_proc_client_dev_deps_pll_sr2 0x8d511648   Data          24  pm_wcn_node_resources.o(.data)
    pm8916_pm_wcn_proc_client_dev_deps_rail_cx 0x8d511660   Data          24  pm_wcn_node_resources.o(.data)
    pm8916_pm_wcn_proc_client_dev_deps_rail_mx 0x8d511678   Data          24  pm_wcn_node_resources.o(.data)
    pm8916_pm_wcn_proc_client_dev_deps_wcn_core 0x8d511690   Data          24  pm_wcn_node_resources.o(.data)
    pm8916_pm_wcn_proc_client_dev_deps_wcn_core_clk 0x8d5116a8   Data          72  pm_wcn_node_resources.o(.data)
    pm8916_pm_wcn_proc_client_dev_deps_wcn_pa 0x8d5116f0   Data          24  pm_wcn_node_resources.o(.data)
    pm8916_pm_npa_wcn_pam_node_rsrcs         0x8d511708   Data         216  pm_wcn_node_resources.o(.data)
    pm8916_num_of_pm_wcn_nodes               0x8d5117e0   Data           4  pm_wcn_node_resources.o(.data)
    pm8916_pmic_npa_clk_remote_resources     0x8d5117e4   Data          16  pm_wcn_node_resources.o(.data)
    pm8916_pmic_npa_remote_clk               0x8d5117f4   Data           8  pm_wcn_node_resources.o(.data)
    pm8916_pmic_npa_ldo_remote_resources     0x8d5117fc   Data          24  pm_wcn_node_resources.o(.data)
    pm8916_pmic_npa_remote_ldo               0x8d511814   Data           8  pm_wcn_node_resources.o(.data)
    pm8916_pmic_npa_smps_remote_resources    0x8d51181c   Data           8  pm_wcn_node_resources.o(.data)
    pm8916_pmic_npa_remote_smps              0x8d511824   Data           8  pm_wcn_node_resources.o(.data)
    pm8916_GPIOCommonConfig_V6_VariantCommon 0x8d51182c   Data           4  wcnss_settings.o(.data)
    pm8916_GPIORegConfig_V6_VariantCommon    0x8d511830   Data          14  wcnss_settings.o(.data)
    pm_pam_pll_sr2_a_ldo7                    0x8d511840   Data         216  pm_wcn_proc_pam.o(.data)
    pm_pam_pll_sr2_rails_info                0x8d511918   Data           8  pm_wcn_proc_pam.o(.data)
    pm_pam_rail_cx_a_smps1                   0x8d511920   Data        1008  pm_wcn_proc_pam.o(.data)
    pm_pam_rail_cx_rails_info                0x8d511d10   Data           8  pm_wcn_proc_pam.o(.data)
    pm_pam_rail_mx_a_ldo3                    0x8d511d18   Data         756  pm_wcn_proc_pam.o(.data)
    pm_pam_rail_mx_rails_info                0x8d51200c   Data           8  pm_wcn_proc_pam.o(.data)
    pm_pam_wcn_core_a_ldo7                   0x8d512014   Data         648  pm_wcn_proc_pam.o(.data)
    pm_pam_wcn_core_a_ldo10                  0x8d51229c   Data         648  pm_wcn_proc_pam.o(.data)
    pm_pam_wcn_core_rails_info               0x8d512524   Data          16  pm_wcn_proc_pam.o(.data)
    pm_pam_wcn_core_clk_a_clk_buff4          0x8d512534   Data         144  pm_wcn_proc_pam.o(.data)
    pm_pam_wcn_core_clk_a_clk_buff5          0x8d5125c4   Data         144  pm_wcn_proc_pam.o(.data)
    pm_pam_wcn_core_clk_a_ldo7               0x8d512654   Data         648  pm_wcn_proc_pam.o(.data)
    pm_pam_wcn_core_clk_a_ldo10              0x8d5128dc   Data         648  pm_wcn_proc_pam.o(.data)
    pm_pam_wcn_core_clk_rails_info           0x8d512b64   Data          32  pm_wcn_proc_pam.o(.data)
    pm_pam_wcn_pa_a_ldo9                     0x8d512b84   Data         648  pm_wcn_proc_pam.o(.data)
    pm_pam_wcn_pa_rails_info                 0x8d512e0c   Data           8  pm_wcn_proc_pam.o(.data)
    pm8916_pm_pam_pll_sr2_a_ldo7             0x8d512e14   Data         216  pm_wcn_proc_pam.o(.data)
    pm8916_pm_pam_pll_sr2_rails_info         0x8d512eec   Data           8  pm_wcn_proc_pam.o(.data)
    pm8916_pm_pam_rail_cx_a_smps1            0x8d512ef4   Data        1008  pm_wcn_proc_pam.o(.data)
    pm8916_pm_pam_rail_cx_rails_info         0x8d5132e4   Data           8  pm_wcn_proc_pam.o(.data)
    pm8916_pm_pam_rail_mx_a_ldo3             0x8d5132ec   Data         756  pm_wcn_proc_pam.o(.data)
    pm8916_pm_pam_rail_mx_rails_info         0x8d5135e0   Data           8  pm_wcn_proc_pam.o(.data)
    pm8916_pm_pam_wcn_core_a_ldo7            0x8d5135e8   Data         648  pm_wcn_proc_pam.o(.data)
    pm8916_pm_pam_wcn_core_rails_info        0x8d513870   Data           8  pm_wcn_proc_pam.o(.data)
    pm8916_pm_pam_wcn_core_clk_a_clk_buff4   0x8d513878   Data         144  pm_wcn_proc_pam.o(.data)
    pm8916_pm_pam_wcn_core_clk_a_clk_buff5   0x8d513908   Data         144  pm_wcn_proc_pam.o(.data)
    pm8916_pm_pam_wcn_core_clk_a_ldo7        0x8d513998   Data         648  pm_wcn_proc_pam.o(.data)
    pm8916_pm_pam_wcn_core_clk_rails_info    0x8d513c20   Data          24  pm_wcn_proc_pam.o(.data)
    pm8916_pm_pam_wcn_pa_a_ldo9              0x8d513c38   Data         648  pm_wcn_proc_pam.o(.data)
    pm8916_pm_pam_wcn_pa_rails_info          0x8d513ec0   Data           8  pm_wcn_proc_pam.o(.data)
    u32cfg_bus_list_size                     0x8d513ec8   Data           4  ul_data.o(.constdata)
    u32cfg_slave_list_size                   0x8d513ecc   Data           4  ul_data.o(.constdata)
    u32cfg_master_list_size                  0x8d513ed0   Data           4  ul_data.o(.constdata)
    u32ul_cfg_clk_node_list_size             0x8d513ed4   Data           4  ul_data.o(.constdata)
    u32ul_arb_master_list_size               0x8d513ed8   Data           4  ul_data.o(.constdata)
    u32ul_arb_slave_list_size                0x8d513edc   Data           4  ul_data.o(.constdata)
    u32ul_arb_clk_node_list_size             0x8d513ee0   Data           4  ul_data.o(.constdata)
    hwevent_config_table                     0x8d513ee4   Data           8  hwevent_config.o(.constdata)
    table_size_array                         0x8d513eec   Data           4  hwevent_config.o(.constdata)
    hwevent_addr_table                       0x8d513ef0   Data          60  hwevent_config.o(.constdata)
    addr_range_table_size                    0x8d513f2c   Data           4  hwevent_config.o(.constdata)
    SourceConfig                             0x8d513f30   Data         240  ClockBSP.o(.constdata)
    UARTClockConfig                          0x8d514020   Data         640  ClockBSP.o(.constdata)
    WCNClockConfig                           0x8d5142a0   Data         360  ClockBSP.o(.constdata)
    WCNFMClockConfig                         0x8d514408   Data          80  ClockBSP.o(.constdata)
    WCNBT32MHZClockConfig                    0x8d514458   Data          80  ClockBSP.o(.constdata)
    ClockLogDefaultConfig                    0x8d5144a8   Data           8  ClockBSP.o(.constdata)
    ClockFlagInitConfig                      0x8d5144b0   Data          48  ClockBSP.o(.constdata)
    Region$$Table$$Base                      0x8d515da8   Number         0  anon$$obj.o(Region$$Table)
    Region$$Table$$Limit                     0x8d515dd8   Number         0  anon$$obj.o(Region$$Table)



==============================================================================

Memory Map of the image

  Image Entry point : 0x00000000

  Load Region DEVCFG_CODE_SEG (Base: 0x00000000, Size: 0x000001d4, Max: 0xffffffff, ABSOLUTE)

    Execution Region CODE_SEC (Base: 0x00000000, Size: 0x000001d4, Max: 0xffffffff, ABSOLUTE)

    Base Addr    Size         Type   Attr      Idx    E Section Name        Object

    0x00000000   0x00000008   Code   RO         1067  * !!!main             c_5.l(__main.o)
    0x00000008   0x0000003c   Code   RO         1223    !!!scatter          c_5.l(__scatter.o)
    0x00000044   0x00000060   Code   RO         1221    !!dclz77c           c_5.l(__dclz77c.o)
    0x000000a4   0x00000028   Code   RO         1225    !!handler_copy      c_5.l(__scatter_copy.o)
    0x000000cc   0x0000002c   Code   RO         1227    !!handler_zi        c_5.l(__scatter_zi.o)
    0x000000f8   0x00000002   Code   RO         1094    .ARM.Collect$$libinit$$00000000  c_5.l(libinit.o)
    0x000000fa   0x00000000   Code   RO         1101    .ARM.Collect$$libinit$$00000002  c_5.l(libinit2.o)
    0x000000fa   0x00000000   Code   RO         1104    .ARM.Collect$$libinit$$00000008  c_5.l(libinit2.o)
    0x000000fa   0x00000000   Code   RO         1106    .ARM.Collect$$libinit$$0000000A  c_5.l(libinit2.o)
    0x000000fa   0x00000000   Code   RO         1108    .ARM.Collect$$libinit$$0000000C  c_5.l(libinit2.o)
    0x000000fa   0x00000000   Code   RO         1111    .ARM.Collect$$libinit$$0000000F  c_5.l(libinit2.o)
    0x000000fa   0x00000000   Code   RO         1113    .ARM.Collect$$libinit$$00000011  c_5.l(libinit2.o)
    0x000000fa   0x00000000   Code   RO         1115    .ARM.Collect$$libinit$$00000013  c_5.l(libinit2.o)
    0x000000fa   0x00000000   Code   RO         1117    .ARM.Collect$$libinit$$00000015  c_5.l(libinit2.o)
    0x000000fa   0x00000000   Code   RO         1119    .ARM.Collect$$libinit$$00000017  c_5.l(libinit2.o)
    0x000000fa   0x00000000   Code   RO         1121    .ARM.Collect$$libinit$$00000019  c_5.l(libinit2.o)
    0x000000fa   0x00000000   Code   RO         1123    .ARM.Collect$$libinit$$0000001B  c_5.l(libinit2.o)
    0x000000fa   0x00000000   Code   RO         1125    .ARM.Collect$$libinit$$0000001D  c_5.l(libinit2.o)
    0x000000fa   0x00000000   Code   RO         1127    .ARM.Collect$$libinit$$0000001F  c_5.l(libinit2.o)
    0x000000fa   0x00000000   Code   RO         1129    .ARM.Collect$$libinit$$00000021  c_5.l(libinit2.o)
    0x000000fa   0x00000000   Code   RO         1131    .ARM.Collect$$libinit$$00000023  c_5.l(libinit2.o)
    0x000000fa   0x00000000   Code   RO         1135    .ARM.Collect$$libinit$$0000002A  c_5.l(libinit2.o)
    0x000000fa   0x00000000   Code   RO         1137    .ARM.Collect$$libinit$$0000002C  c_5.l(libinit2.o)
    0x000000fa   0x00000000   Code   RO         1139    .ARM.Collect$$libinit$$0000002E  c_5.l(libinit2.o)
    0x000000fa   0x00000000   Code   RO         1141    .ARM.Collect$$libinit$$00000030  c_5.l(libinit2.o)
    0x000000fa   0x00000002   Code   RO         1142    .ARM.Collect$$libinit$$00000031  c_5.l(libinit2.o)
    0x000000fc   0x00000002   Code   RO         1162    .ARM.Collect$$libshutdown$$00000000  c_5.l(libshutdown.o)
    0x000000fe   0x00000000   Code   RO         1176    .ARM.Collect$$libshutdown$$00000003  c_5.l(libshutdown2.o)
    0x000000fe   0x00000000   Code   RO         1179    .ARM.Collect$$libshutdown$$00000006  c_5.l(libshutdown2.o)
    0x000000fe   0x00000000   Code   RO         1182    .ARM.Collect$$libshutdown$$00000009  c_5.l(libshutdown2.o)
    0x000000fe   0x00000000   Code   RO         1184    .ARM.Collect$$libshutdown$$0000000B  c_5.l(libshutdown2.o)
    0x000000fe   0x00000000   Code   RO         1187    .ARM.Collect$$libshutdown$$0000000E  c_5.l(libshutdown2.o)
    0x000000fe   0x00000002   Code   RO         1188    .ARM.Collect$$libshutdown$$0000000F  c_5.l(libshutdown2.o)
    0x00000100   0x00000000   Code   RO         1069    .ARM.Collect$$rtentry$$00000000  c_5.l(rtentry.o)
    0x00000100   0x00000000   Code   RO         1071    .ARM.Collect$$rtentry$$00000002  c_5.l(rtentry2.o)
    0x00000100   0x00000008   Code   RO         1083    .ARM.Collect$$rtentry$$00000004  c_5.l(rtentry4.o)
    0x00000108   0x00000000   Code   RO         1073    .ARM.Collect$$rtentry$$00000009  c_5.l(rtentry2.o)
    0x00000108   0x00000004   Code   RO         1074    .ARM.Collect$$rtentry$$0000000A  c_5.l(rtentry2.o)
    0x0000010c   0x00000000   Code   RO         1076    .ARM.Collect$$rtentry$$0000000C  c_5.l(rtentry2.o)
    0x0000010c   0x00000028   Code   RO         1077    .ARM.Collect$$rtentry$$0000000D  c_5.l(rtentry2.o)
    0x00000134   0x00000004   Code   RO         1098    .ARM.Collect$$rtexit$$00000000  c_5.l(rtexit.o)
    0x00000138   0x00000000   Code   RO         1144    .ARM.Collect$$rtexit$$00000002  c_5.l(rtexit2.o)
    0x00000138   0x00000004   Code   RO         1145    .ARM.Collect$$rtexit$$00000003  c_5.l(rtexit2.o)
    0x0000013c   0x00000008   Code   RO         1146    .ARM.Collect$$rtexit$$00000004  c_5.l(rtexit2.o)
    0x00000144   0x00000006   Code   RO           27    .text               devcfg_main.o
    0x0000014a   0x00000002   PAD
    0x0000014c   0x00000060   Code   RO         1085    .text               c_5.l(sys_stackheap_outer.o)
    0x000001ac   0x0000000c   Code   RO         1087    .text               c_5.l(exit.o)
    0x000001b8   0x0000000c   Code   RO         1095    .text               c_5.l(libspace.o)
    0x000001c4   0x0000000c   Code   RO         1154    .text               c_5.l(sys_exit.o)
    0x000001d0   0x00000004   Code   RO         1165    .text               c_5.l(use_no_semi.o)
    0x000001d4   0x00000000   Code   RO         1167    .text               c_5.l(indicate_semi.o)


    Execution Region BSS_SEC (Base: 0x000001d4, Size: 0x00000060, Max: 0xffffffff, ABSOLUTE)

    Base Addr    Size         Type   Attr      Idx    E Section Name        Object

    0x000001d4   0x00000060   Zero   RW         1096    .bss                c_5.l(libspace.o)



  Load Region DEVCFG_DATA_SEG1 (Base: 0x8d50c000, Size: 0x00007ec8, Max: 0xffffffff, ABSOLUTE)

    Execution Region DEVCFG_DATA_RW (Base: 0x8d50c000, Size: 0x00007ec8, Max: 0xffffffff, ABSOLUTE)

    Base Addr    Size         Type   Attr      Idx    E Section Name        Object

    0x8d50c000   0x00000010   Data   RW            1    .data               devcfg_data.o
    0x8d50c010   0x000000c0   Data   RW           37    .data               DALConfig.lib(DALConfig_wcn.o)
    0x8d50c0d0   0x000010b0   Data   RW           38    .data               DALConfig.lib(DALConfig_wcn.o)
    0x8d50d180   0x00000198   Data   RW           39    .data               DALConfig.lib(DALConfig_wcn.o)
    0x8d50d318   0x00000020   Data   RW          214    .data               icb_cfg_lib.lib(ul_data.o)
    0x8d50d338   0x00000004   Data   RW          215    .data               icb_cfg_lib.lib(ul_data.o)
    0x8d50d33c   0x00000004   Data   RW          216    .data               icb_cfg_lib.lib(ul_data.o)
    0x8d50d340   0x00000044   Data   RW          217    .data               icb_cfg_lib.lib(ul_data.o)
    0x8d50d384   0x00000028   Data   RW          218    .data               icb_cfg_lib.lib(ul_data.o)
    0x8d50d3ac   0x00000034   Data   RW          219    .data               icb_cfg_lib.lib(ul_data.o)
    0x8d50d3e0   0x00000004   Data   RW          220    .data               icb_cfg_lib.lib(ul_data.o)
    0x8d50d3e4   0x00000004   Data   RW          221    .data               icb_cfg_lib.lib(ul_data.o)
    0x8d50d3e8   0x00000044   Data   RW          222    .data               icb_cfg_lib.lib(ul_data.o)
    0x8d50d42c   0x00000018   Data   RW          223    .data               icb_cfg_lib.lib(ul_data.o)
    0x8d50d444   0x00000034   Data   RW          224    .data               icb_cfg_lib.lib(ul_data.o)
    0x8d50d478   0x00000004   Data   RW          225    .data               icb_cfg_lib.lib(ul_data.o)
    0x8d50d47c   0x00000004   Data   RW          226    .data               icb_cfg_lib.lib(ul_data.o)
    0x8d50d480   0x00000044   Data   RW          227    .data               icb_cfg_lib.lib(ul_data.o)
    0x8d50d4c4   0x00000004   Data   RW          228    .data               icb_cfg_lib.lib(ul_data.o)
    0x8d50d4c8   0x0000002c   Data   RW          229    .data               icb_cfg_lib.lib(ul_data.o)
    0x8d50d4f4   0x00000004   Data   RW          230    .data               icb_cfg_lib.lib(ul_data.o)
    0x8d50d4f8   0x0000002c   Data   RW          231    .data               icb_cfg_lib.lib(ul_data.o)
    0x8d50d524   0x00000004   Data   RW          232    .data               icb_cfg_lib.lib(ul_data.o)
    0x8d50d528   0x0000002c   Data   RW          233    .data               icb_cfg_lib.lib(ul_data.o)
    0x8d50d554   0x00000004   Data   RW          234    .data               icb_cfg_lib.lib(ul_data.o)
    0x8d50d558   0x0000002c   Data   RW          235    .data               icb_cfg_lib.lib(ul_data.o)
    0x8d50d584   0x0000002c   Data   RW          236    .data               icb_cfg_lib.lib(ul_data.o)
    0x8d50d5b0   0x0000002c   Data   RW          237    .data               icb_cfg_lib.lib(ul_data.o)
    0x8d50d5dc   0x0000002c   Data   RW          238    .data               icb_cfg_lib.lib(ul_data.o)
    0x8d50d608   0x0000002c   Data   RW          239    .data               icb_cfg_lib.lib(ul_data.o)
    0x8d50d634   0x0000002c   Data   RW          240    .data               icb_cfg_lib.lib(ul_data.o)
    0x8d50d660   0x0000002c   Data   RW          241    .data               icb_cfg_lib.lib(ul_data.o)
    0x8d50d68c   0x0000002c   Data   RW          242    .data               icb_cfg_lib.lib(ul_data.o)
    0x8d50d6b8   0x0000002c   Data   RW          243    .data               icb_cfg_lib.lib(ul_data.o)
    0x8d50d6e4   0x0000002c   Data   RW          244    .data               icb_cfg_lib.lib(ul_data.o)
    0x8d50d710   0x0000002c   Data   RW          245    .data               icb_cfg_lib.lib(ul_data.o)
    0x8d50d73c   0x00000004   Data   RW          246    .data               icb_cfg_lib.lib(ul_data.o)
    0x8d50d740   0x0000002c   Data   RW          247    .data               icb_cfg_lib.lib(ul_data.o)
    0x8d50d76c   0x00000004   Data   RW          248    .data               icb_cfg_lib.lib(ul_data.o)
    0x8d50d770   0x0000002c   Data   RW          249    .data               icb_cfg_lib.lib(ul_data.o)
    0x8d50d79c   0x00000004   Data   RW          250    .data               icb_cfg_lib.lib(ul_data.o)
    0x8d50d7a0   0x0000002c   Data   RW          251    .data               icb_cfg_lib.lib(ul_data.o)
    0x8d50d7cc   0x00000004   Data   RW          252    .data               icb_cfg_lib.lib(ul_data.o)
    0x8d50d7d0   0x0000002c   Data   RW          253    .data               icb_cfg_lib.lib(ul_data.o)
    0x8d50d7fc   0x00000004   Data   RW          254    .data               icb_cfg_lib.lib(ul_data.o)
    0x8d50d800   0x0000002c   Data   RW          255    .data               icb_cfg_lib.lib(ul_data.o)
    0x8d50d82c   0x00000004   Data   RW          256    .data               icb_cfg_lib.lib(ul_data.o)
    0x8d50d830   0x0000002c   Data   RW          257    .data               icb_cfg_lib.lib(ul_data.o)
    0x8d50d85c   0x00000004   Data   RW          258    .data               icb_cfg_lib.lib(ul_data.o)
    0x8d50d860   0x0000002c   Data   RW          259    .data               icb_cfg_lib.lib(ul_data.o)
    0x8d50d88c   0x00000004   Data   RW          260    .data               icb_cfg_lib.lib(ul_data.o)
    0x8d50d890   0x0000002c   Data   RW          261    .data               icb_cfg_lib.lib(ul_data.o)
    0x8d50d8bc   0x00000004   Data   RW          262    .data               icb_cfg_lib.lib(ul_data.o)
    0x8d50d8c0   0x0000002c   Data   RW          263    .data               icb_cfg_lib.lib(ul_data.o)
    0x8d50d8ec   0x0000002c   Data   RW          264    .data               icb_cfg_lib.lib(ul_data.o)
    0x8d50d918   0x0000002c   Data   RW          265    .data               icb_cfg_lib.lib(ul_data.o)
    0x8d50d944   0x00000004   Data   RW          266    .data               icb_cfg_lib.lib(ul_data.o)
    0x8d50d948   0x0000002c   Data   RW          267    .data               icb_cfg_lib.lib(ul_data.o)
    0x8d50d974   0x00000004   Data   RW          268    .data               icb_cfg_lib.lib(ul_data.o)
    0x8d50d978   0x0000002c   Data   RW          269    .data               icb_cfg_lib.lib(ul_data.o)
    0x8d50d9a4   0x00000004   Data   RW          270    .data               icb_cfg_lib.lib(ul_data.o)
    0x8d50d9a8   0x0000002c   Data   RW          271    .data               icb_cfg_lib.lib(ul_data.o)
    0x8d50d9d4   0x00000004   Data   RW          272    .data               icb_cfg_lib.lib(ul_data.o)
    0x8d50d9d8   0x0000002c   Data   RW          273    .data               icb_cfg_lib.lib(ul_data.o)
    0x8d50da04   0x00000004   Data   RW          274    .data               icb_cfg_lib.lib(ul_data.o)
    0x8d50da08   0x0000002c   Data   RW          275    .data               icb_cfg_lib.lib(ul_data.o)
    0x8d50da34   0x00000004   Data   RW          276    .data               icb_cfg_lib.lib(ul_data.o)
    0x8d50da38   0x00000038   Data   RW          277    .data               icb_cfg_lib.lib(ul_data.o)
    0x8d50da70   0x00000038   Data   RW          278    .data               icb_cfg_lib.lib(ul_data.o)
    0x8d50daa8   0x00000038   Data   RW          279    .data               icb_cfg_lib.lib(ul_data.o)
    0x8d50dae0   0x00000004   Data   RW          280    .data               icb_cfg_lib.lib(ul_data.o)
    0x8d50dae4   0x00000038   Data   RW          281    .data               icb_cfg_lib.lib(ul_data.o)
    0x8d50db1c   0x00000004   Data   RW          282    .data               icb_cfg_lib.lib(ul_data.o)
    0x8d50db20   0x00000038   Data   RW          283    .data               icb_cfg_lib.lib(ul_data.o)
    0x8d50db58   0x00000038   Data   RW          284    .data               icb_cfg_lib.lib(ul_data.o)
    0x8d50db90   0x00000038   Data   RW          285    .data               icb_cfg_lib.lib(ul_data.o)
    0x8d50dbc8   0x00000038   Data   RW          286    .data               icb_cfg_lib.lib(ul_data.o)
    0x8d50dc00   0x00000038   Data   RW          287    .data               icb_cfg_lib.lib(ul_data.o)
    0x8d50dc38   0x00000038   Data   RW          288    .data               icb_cfg_lib.lib(ul_data.o)
    0x8d50dc70   0x00000038   Data   RW          289    .data               icb_cfg_lib.lib(ul_data.o)
    0x8d50dca8   0x00000004   Data   RW          290    .data               icb_cfg_lib.lib(ul_data.o)
    0x8d50dcac   0x00000004   Data   RW          291    .data               icb_cfg_lib.lib(ul_data.o)
    0x8d50dcb0   0x00000038   Data   RW          292    .data               icb_cfg_lib.lib(ul_data.o)
    0x8d50dce8   0x00000004   Data   RW          293    .data               icb_cfg_lib.lib(ul_data.o)
    0x8d50dcec   0x00000038   Data   RW          294    .data               icb_cfg_lib.lib(ul_data.o)
    0x8d50dd24   0x00000004   Data   RW          295    .data               icb_cfg_lib.lib(ul_data.o)
    0x8d50dd28   0x00000004   Data   RW          296    .data               icb_cfg_lib.lib(ul_data.o)
    0x8d50dd2c   0x00000038   Data   RW          297    .data               icb_cfg_lib.lib(ul_data.o)
    0x8d50dd64   0x00000004   Data   RW          298    .data               icb_cfg_lib.lib(ul_data.o)
    0x8d50dd68   0x00000004   Data   RW          299    .data               icb_cfg_lib.lib(ul_data.o)
    0x8d50dd6c   0x00000038   Data   RW          300    .data               icb_cfg_lib.lib(ul_data.o)
    0x8d50dda4   0x00000004   Data   RW          301    .data               icb_cfg_lib.lib(ul_data.o)
    0x8d50dda8   0x00000004   Data   RW          302    .data               icb_cfg_lib.lib(ul_data.o)
    0x8d50ddac   0x00000038   Data   RW          303    .data               icb_cfg_lib.lib(ul_data.o)
    0x8d50dde4   0x00000038   Data   RW          304    .data               icb_cfg_lib.lib(ul_data.o)
    0x8d50de1c   0x00000038   Data   RW          305    .data               icb_cfg_lib.lib(ul_data.o)
    0x8d50de54   0x00000004   Data   RW          306    .data               icb_cfg_lib.lib(ul_data.o)
    0x8d50de58   0x00000004   Data   RW          307    .data               icb_cfg_lib.lib(ul_data.o)
    0x8d50de5c   0x00000038   Data   RW          308    .data               icb_cfg_lib.lib(ul_data.o)
    0x8d50de94   0x00000004   Data   RW          309    .data               icb_cfg_lib.lib(ul_data.o)
    0x8d50de98   0x00000038   Data   RW          310    .data               icb_cfg_lib.lib(ul_data.o)
    0x8d50ded0   0x00000004   Data   RW          311    .data               icb_cfg_lib.lib(ul_data.o)
    0x8d50ded4   0x00000004   Data   RW          312    .data               icb_cfg_lib.lib(ul_data.o)
    0x8d50ded8   0x00000020   Data   RW          313    .data               icb_cfg_lib.lib(ul_data.o)
    0x8d50def8   0x00000038   Data   RW          314    .data               icb_cfg_lib.lib(ul_data.o)
    0x8d50df30   0x0000000c   Data   RW          315    .data               icb_cfg_lib.lib(ul_data.o)
    0x8d50df3c   0x00000078   Data   RW          316    .data               icb_cfg_lib.lib(ul_data.o)
    0x8d50dfb4   0x00000054   Data   RW          317    .data               icb_cfg_lib.lib(ul_data.o)
    0x8d50e008   0x0000000c   Data   RW          318    .data               icb_cfg_lib.lib(ul_data.o)
    0x8d50e014   0x00000004   Data   RW          319    .data               icb_cfg_lib.lib(ul_data.o)
    0x8d50e018   0x00000010   Data   RW          320    .data               icb_cfg_lib.lib(ul_data.o)
    0x8d50e028   0x00000080   Data   RW          321    .data               icb_cfg_lib.lib(ul_data.o)
    0x8d50e0a8   0x00000010   Data   RW          322    .data               icb_cfg_lib.lib(ul_data.o)
    0x8d50e0b8   0x00000078   Data   RW          323    .data               icb_cfg_lib.lib(ul_data.o)
    0x8d50e130   0x00000010   Data   RW          324    .data               icb_cfg_lib.lib(ul_data.o)
    0x8d50e140   0x00000080   Data   RW          325    .data               icb_cfg_lib.lib(ul_data.o)
    0x8d50e1c0   0x00000010   Data   RW          326    .data               icb_cfg_lib.lib(ul_data.o)
    0x8d50e1d0   0x00000080   Data   RW          327    .data               icb_cfg_lib.lib(ul_data.o)
    0x8d50e250   0x00000010   Data   RW          328    .data               icb_cfg_lib.lib(ul_data.o)
    0x8d50e260   0x00000080   Data   RW          329    .data               icb_cfg_lib.lib(ul_data.o)
    0x8d50e2e0   0x00000010   Data   RW          330    .data               icb_cfg_lib.lib(ul_data.o)
    0x8d50e2f0   0x00000080   Data   RW          331    .data               icb_cfg_lib.lib(ul_data.o)
    0x8d50e370   0x00000010   Data   RW          332    .data               icb_cfg_lib.lib(ul_data.o)
    0x8d50e380   0x00000080   Data   RW          333    .data               icb_cfg_lib.lib(ul_data.o)
    0x8d50e400   0x00000010   Data   RW          334    .data               icb_cfg_lib.lib(ul_data.o)
    0x8d50e410   0x00000080   Data   RW          335    .data               icb_cfg_lib.lib(ul_data.o)
    0x8d50e490   0x00000010   Data   RW          336    .data               icb_cfg_lib.lib(ul_data.o)
    0x8d50e4a0   0x00000080   Data   RW          337    .data               icb_cfg_lib.lib(ul_data.o)
    0x8d50e520   0x00000010   Data   RW          338    .data               icb_cfg_lib.lib(ul_data.o)
    0x8d50e530   0x00000080   Data   RW          339    .data               icb_cfg_lib.lib(ul_data.o)
    0x8d50e5b0   0x00000010   Data   RW          340    .data               icb_cfg_lib.lib(ul_data.o)
    0x8d50e5c0   0x00000080   Data   RW          341    .data               icb_cfg_lib.lib(ul_data.o)
    0x8d50e640   0x00000010   Data   RW          342    .data               icb_cfg_lib.lib(ul_data.o)
    0x8d50e650   0x00000080   Data   RW          343    .data               icb_cfg_lib.lib(ul_data.o)
    0x8d50e6d0   0x00000010   Data   RW          344    .data               icb_cfg_lib.lib(ul_data.o)
    0x8d50e6e0   0x00000080   Data   RW          345    .data               icb_cfg_lib.lib(ul_data.o)
    0x8d50e760   0x00000010   Data   RW          346    .data               icb_cfg_lib.lib(ul_data.o)
    0x8d50e770   0x00000080   Data   RW          347    .data               icb_cfg_lib.lib(ul_data.o)
    0x8d50e7f0   0x00000010   Data   RW          348    .data               icb_cfg_lib.lib(ul_data.o)
    0x8d50e800   0x00000080   Data   RW          349    .data               icb_cfg_lib.lib(ul_data.o)
    0x8d50e880   0x00000010   Data   RW          350    .data               icb_cfg_lib.lib(ul_data.o)
    0x8d50e890   0x00000080   Data   RW          351    .data               icb_cfg_lib.lib(ul_data.o)
    0x8d50e910   0x00000010   Data   RW          352    .data               icb_cfg_lib.lib(ul_data.o)
    0x8d50e920   0x00000080   Data   RW          353    .data               icb_cfg_lib.lib(ul_data.o)
    0x8d50e9a0   0x00000010   Data   RW          354    .data               icb_cfg_lib.lib(ul_data.o)
    0x8d50e9b0   0x00000080   Data   RW          355    .data               icb_cfg_lib.lib(ul_data.o)
    0x8d50ea30   0x00000010   Data   RW          356    .data               icb_cfg_lib.lib(ul_data.o)
    0x8d50ea40   0x00000078   Data   RW          357    .data               icb_cfg_lib.lib(ul_data.o)
    0x8d50eab8   0x00000010   Data   RW          358    .data               icb_cfg_lib.lib(ul_data.o)
    0x8d50eac8   0x00000078   Data   RW          359    .data               icb_cfg_lib.lib(ul_data.o)
    0x8d50eb40   0x00000010   Data   RW          360    .data               icb_cfg_lib.lib(ul_data.o)
    0x8d50eb50   0x00000078   Data   RW          361    .data               icb_cfg_lib.lib(ul_data.o)
    0x8d50ebc8   0x00000010   Data   RW          362    .data               icb_cfg_lib.lib(ul_data.o)
    0x8d50ebd8   0x00000078   Data   RW          363    .data               icb_cfg_lib.lib(ul_data.o)
    0x8d50ec50   0x00000010   Data   RW          364    .data               icb_cfg_lib.lib(ul_data.o)
    0x8d50ec60   0x00000078   Data   RW          365    .data               icb_cfg_lib.lib(ul_data.o)
    0x8d50ecd8   0x00000010   Data   RW          366    .data               icb_cfg_lib.lib(ul_data.o)
    0x8d50ece8   0x00000078   Data   RW          367    .data               icb_cfg_lib.lib(ul_data.o)
    0x8d50ed60   0x00000010   Data   RW          368    .data               icb_cfg_lib.lib(ul_data.o)
    0x8d50ed70   0x00000078   Data   RW          369    .data               icb_cfg_lib.lib(ul_data.o)
    0x8d50ede8   0x00000010   Data   RW          370    .data               icb_cfg_lib.lib(ul_data.o)
    0x8d50edf8   0x00000078   Data   RW          371    .data               icb_cfg_lib.lib(ul_data.o)
    0x8d50ee70   0x00000010   Data   RW          372    .data               icb_cfg_lib.lib(ul_data.o)
    0x8d50ee80   0x00000078   Data   RW          373    .data               icb_cfg_lib.lib(ul_data.o)
    0x8d50eef8   0x00000010   Data   RW          374    .data               icb_cfg_lib.lib(ul_data.o)
    0x8d50ef08   0x00000078   Data   RW          375    .data               icb_cfg_lib.lib(ul_data.o)
    0x8d50ef80   0x00000010   Data   RW          376    .data               icb_cfg_lib.lib(ul_data.o)
    0x8d50ef90   0x00000078   Data   RW          377    .data               icb_cfg_lib.lib(ul_data.o)
    0x8d50f008   0x00000010   Data   RW          378    .data               icb_cfg_lib.lib(ul_data.o)
    0x8d50f018   0x00000078   Data   RW          379    .data               icb_cfg_lib.lib(ul_data.o)
    0x8d50f090   0x00000010   Data   RW          380    .data               icb_cfg_lib.lib(ul_data.o)
    0x8d50f0a0   0x00000078   Data   RW          381    .data               icb_cfg_lib.lib(ul_data.o)
    0x8d50f118   0x00000010   Data   RW          382    .data               icb_cfg_lib.lib(ul_data.o)
    0x8d50f128   0x00000078   Data   RW          383    .data               icb_cfg_lib.lib(ul_data.o)
    0x8d50f1a0   0x00000010   Data   RW          384    .data               icb_cfg_lib.lib(ul_data.o)
    0x8d50f1b0   0x00000078   Data   RW          385    .data               icb_cfg_lib.lib(ul_data.o)
    0x8d50f228   0x00000010   Data   RW          386    .data               icb_cfg_lib.lib(ul_data.o)
    0x8d50f238   0x00000078   Data   RW          387    .data               icb_cfg_lib.lib(ul_data.o)
    0x8d50f2b0   0x00000010   Data   RW          388    .data               icb_cfg_lib.lib(ul_data.o)
    0x8d50f2c0   0x00000078   Data   RW          389    .data               icb_cfg_lib.lib(ul_data.o)
    0x8d50f338   0x00000010   Data   RW          390    .data               icb_cfg_lib.lib(ul_data.o)
    0x8d50f348   0x00000078   Data   RW          391    .data               icb_cfg_lib.lib(ul_data.o)
    0x8d50f3c0   0x00000010   Data   RW          392    .data               icb_cfg_lib.lib(ul_data.o)
    0x8d50f3d0   0x00000078   Data   RW          393    .data               icb_cfg_lib.lib(ul_data.o)
    0x8d50f448   0x00000010   Data   RW          394    .data               icb_cfg_lib.lib(ul_data.o)
    0x8d50f458   0x00000078   Data   RW          395    .data               icb_cfg_lib.lib(ul_data.o)
    0x8d50f4d0   0x00000010   Data   RW          396    .data               icb_cfg_lib.lib(ul_data.o)
    0x8d50f4e0   0x00000078   Data   RW          397    .data               icb_cfg_lib.lib(ul_data.o)
    0x8d50f558   0x00000010   Data   RW          398    .data               icb_cfg_lib.lib(ul_data.o)
    0x8d50f568   0x00000078   Data   RW          399    .data               icb_cfg_lib.lib(ul_data.o)
    0x8d50f5e0   0x00000010   Data   RW          400    .data               icb_cfg_lib.lib(ul_data.o)
    0x8d50f5f0   0x00000078   Data   RW          401    .data               icb_cfg_lib.lib(ul_data.o)
    0x8d50f668   0x00000010   Data   RW          402    .data               icb_cfg_lib.lib(ul_data.o)
    0x8d50f678   0x00000080   Data   RW          403    .data               icb_cfg_lib.lib(ul_data.o)
    0x8d50f6f8   0x00000010   Data   RW          404    .data               icb_cfg_lib.lib(ul_data.o)
    0x8d50f708   0x00000080   Data   RW          405    .data               icb_cfg_lib.lib(ul_data.o)
    0x8d50f788   0x00000010   Data   RW          406    .data               icb_cfg_lib.lib(ul_data.o)
    0x8d50f798   0x00000080   Data   RW          407    .data               icb_cfg_lib.lib(ul_data.o)
    0x8d50f818   0x00000010   Data   RW          408    .data               icb_cfg_lib.lib(ul_data.o)
    0x8d50f828   0x00000080   Data   RW          409    .data               icb_cfg_lib.lib(ul_data.o)
    0x8d50f8a8   0x00000010   Data   RW          410    .data               icb_cfg_lib.lib(ul_data.o)
    0x8d50f8b8   0x00000078   Data   RW          411    .data               icb_cfg_lib.lib(ul_data.o)
    0x8d50f930   0x00000010   Data   RW          412    .data               icb_cfg_lib.lib(ul_data.o)
    0x8d50f940   0x00000078   Data   RW          413    .data               icb_cfg_lib.lib(ul_data.o)
    0x8d50f9b8   0x00000010   Data   RW          414    .data               icb_cfg_lib.lib(ul_data.o)
    0x8d50f9c8   0x00000078   Data   RW          415    .data               icb_cfg_lib.lib(ul_data.o)
    0x8d50fa40   0x00000010   Data   RW          416    .data               icb_cfg_lib.lib(ul_data.o)
    0x8d50fa50   0x00000078   Data   RW          417    .data               icb_cfg_lib.lib(ul_data.o)
    0x8d50fac8   0x00000010   Data   RW          418    .data               icb_cfg_lib.lib(ul_data.o)
    0x8d50fad8   0x00000078   Data   RW          419    .data               icb_cfg_lib.lib(ul_data.o)
    0x8d50fb50   0x00000010   Data   RW          420    .data               icb_cfg_lib.lib(ul_data.o)
    0x8d50fb60   0x00000078   Data   RW          421    .data               icb_cfg_lib.lib(ul_data.o)
    0x8d50fbd8   0x00000028   Data   RW          422    .data               icb_cfg_lib.lib(ul_data.o)
    0x8d50fc00   0x00000008   Data   RW          423    .data               icb_cfg_lib.lib(ul_data.o)
    0x8d50fc08   0x00000020   Data   RW          424    .data               icb_cfg_lib.lib(ul_data.o)
    0x8d50fc28   0x00000008   Data   RW          425    .data               icb_cfg_lib.lib(ul_data.o)
    0x8d50fc30   0x00000020   Data   RW          426    .data               icb_cfg_lib.lib(ul_data.o)
    0x8d50fc50   0x00000008   Data   RW          427    .data               icb_cfg_lib.lib(ul_data.o)
    0x8d50fc58   0x00000028   Data   RW          428    .data               icb_cfg_lib.lib(ul_data.o)
    0x8d50fc80   0x00000008   Data   RW          429    .data               icb_cfg_lib.lib(ul_data.o)
    0x8d50fc88   0x00000020   Data   RW          430    .data               icb_cfg_lib.lib(ul_data.o)
    0x8d50fca8   0x00000008   Data   RW          431    .data               icb_cfg_lib.lib(ul_data.o)
    0x8d50fcb0   0x00000020   Data   RW          432    .data               icb_cfg_lib.lib(ul_data.o)
    0x8d50fcd0   0x00000008   Data   RW          433    .data               icb_cfg_lib.lib(ul_data.o)
    0x8d50fcd8   0x00000028   Data   RW          434    .data               icb_cfg_lib.lib(ul_data.o)
    0x8d50fd00   0x00000008   Data   RW          435    .data               icb_cfg_lib.lib(ul_data.o)
    0x8d50fd08   0x00000020   Data   RW          436    .data               icb_cfg_lib.lib(ul_data.o)
    0x8d50fd28   0x00000008   Data   RW          437    .data               icb_cfg_lib.lib(ul_data.o)
    0x8d50fd30   0x00000020   Data   RW          438    .data               icb_cfg_lib.lib(ul_data.o)
    0x8d50fd50   0x00000008   Data   RW          439    .data               icb_cfg_lib.lib(ul_data.o)
    0x8d50fd58   0x00000028   Data   RW          440    .data               icb_cfg_lib.lib(ul_data.o)
    0x8d50fd80   0x00000008   Data   RW          441    .data               icb_cfg_lib.lib(ul_data.o)
    0x8d50fd88   0x00000020   Data   RW          442    .data               icb_cfg_lib.lib(ul_data.o)
    0x8d50fda8   0x00000008   Data   RW          443    .data               icb_cfg_lib.lib(ul_data.o)
    0x8d50fdb0   0x00000020   Data   RW          444    .data               icb_cfg_lib.lib(ul_data.o)
    0x8d50fdd0   0x00000008   Data   RW          445    .data               icb_cfg_lib.lib(ul_data.o)
    0x8d50fdd8   0x00000028   Data   RW          446    .data               icb_cfg_lib.lib(ul_data.o)
    0x8d50fe00   0x00000008   Data   RW          447    .data               icb_cfg_lib.lib(ul_data.o)
    0x8d50fe08   0x00000020   Data   RW          448    .data               icb_cfg_lib.lib(ul_data.o)
    0x8d50fe28   0x00000008   Data   RW          449    .data               icb_cfg_lib.lib(ul_data.o)
    0x8d50fe30   0x00000020   Data   RW          450    .data               icb_cfg_lib.lib(ul_data.o)
    0x8d50fe50   0x00000008   Data   RW          451    .data               icb_cfg_lib.lib(ul_data.o)
    0x8d50fe58   0x00000028   Data   RW          452    .data               icb_cfg_lib.lib(ul_data.o)
    0x8d50fe80   0x00000008   Data   RW          453    .data               icb_cfg_lib.lib(ul_data.o)
    0x8d50fe88   0x00000018   Data   RW          454    .data               icb_cfg_lib.lib(ul_data.o)
    0x8d50fea0   0x00000008   Data   RW          455    .data               icb_cfg_lib.lib(ul_data.o)
    0x8d50fea8   0x00000010   Data   RW          456    .data               icb_cfg_lib.lib(ul_data.o)
    0x8d50feb8   0x00000008   Data   RW          457    .data               icb_cfg_lib.lib(ul_data.o)
    0x8d50fec0   0x00000028   Data   RW          458    .data               icb_cfg_lib.lib(ul_data.o)
    0x8d50fee8   0x00000008   Data   RW          459    .data               icb_cfg_lib.lib(ul_data.o)
    0x8d50fef0   0x00000028   Data   RW          460    .data               icb_cfg_lib.lib(ul_data.o)
    0x8d50ff18   0x00000008   Data   RW          461    .data               icb_cfg_lib.lib(ul_data.o)
    0x8d50ff20   0x00000028   Data   RW          462    .data               icb_cfg_lib.lib(ul_data.o)
    0x8d50ff48   0x00000008   Data   RW          463    .data               icb_cfg_lib.lib(ul_data.o)
    0x8d50ff50   0x00000010   Data   RW          464    .data               icb_cfg_lib.lib(ul_data.o)
    0x8d50ff60   0x00000008   Data   RW          465    .data               icb_cfg_lib.lib(ul_data.o)
    0x8d50ff68   0x00000028   Data   RW          466    .data               icb_cfg_lib.lib(ul_data.o)
    0x8d50ff90   0x00000008   Data   RW          467    .data               icb_cfg_lib.lib(ul_data.o)
    0x8d50ff98   0x00000028   Data   RW          468    .data               icb_cfg_lib.lib(ul_data.o)
    0x8d50ffc0   0x00000008   Data   RW          469    .data               icb_cfg_lib.lib(ul_data.o)
    0x8d50ffc8   0x00000028   Data   RW          470    .data               icb_cfg_lib.lib(ul_data.o)
    0x8d50fff0   0x00000008   Data   RW          471    .data               icb_cfg_lib.lib(ul_data.o)
    0x8d50fff8   0x00000028   Data   RW          472    .data               icb_cfg_lib.lib(ul_data.o)
    0x8d510020   0x00000008   Data   RW          473    .data               icb_cfg_lib.lib(ul_data.o)
    0x8d510028   0x00000028   Data   RW          474    .data               icb_cfg_lib.lib(ul_data.o)
    0x8d510050   0x00000008   Data   RW          475    .data               icb_cfg_lib.lib(ul_data.o)
    0x8d510058   0x00000028   Data   RW          476    .data               icb_cfg_lib.lib(ul_data.o)
    0x8d510080   0x00000008   Data   RW          477    .data               icb_cfg_lib.lib(ul_data.o)
    0x8d510088   0x00000028   Data   RW          478    .data               icb_cfg_lib.lib(ul_data.o)
    0x8d5100b0   0x00000008   Data   RW          479    .data               icb_cfg_lib.lib(ul_data.o)
    0x8d5100b8   0x00000028   Data   RW          480    .data               icb_cfg_lib.lib(ul_data.o)
    0x8d5100e0   0x00000008   Data   RW          481    .data               icb_cfg_lib.lib(ul_data.o)
    0x8d5100e8   0x00000018   Data   RW          482    .data               icb_cfg_lib.lib(ul_data.o)
    0x8d510100   0x00000018   Data   RW          483    .data               icb_cfg_lib.lib(ul_data.o)
    0x8d510118   0x00000018   Data   RW          484    .data               icb_cfg_lib.lib(ul_data.o)
    0x8d510130   0x00000018   Data   RW          485    .data               icb_cfg_lib.lib(ul_data.o)
    0x8d510148   0x00000018   Data   RW          486    .data               icb_cfg_lib.lib(ul_data.o)
    0x8d510160   0x00000018   Data   RW          487    .data               icb_cfg_lib.lib(ul_data.o)
    0x8d510178   0x00000018   Data   RW          488    .data               icb_cfg_lib.lib(ul_data.o)
    0x8d510190   0x00000018   Data   RW          489    .data               icb_cfg_lib.lib(ul_data.o)
    0x8d5101a8   0x00000018   Data   RW          490    .data               icb_cfg_lib.lib(ul_data.o)
    0x8d5101c0   0x00000018   Data   RW          491    .data               icb_cfg_lib.lib(ul_data.o)
    0x8d5101d8   0x00000018   Data   RW          492    .data               icb_cfg_lib.lib(ul_data.o)
    0x8d5101f0   0x00000018   Data   RW          493    .data               icb_cfg_lib.lib(ul_data.o)
    0x8d510208   0x00000018   Data   RW          494    .data               icb_cfg_lib.lib(ul_data.o)
    0x8d510220   0x00000018   Data   RW          495    .data               icb_cfg_lib.lib(ul_data.o)
    0x8d510238   0x00000018   Data   RW          496    .data               icb_cfg_lib.lib(ul_data.o)
    0x8d510250   0x00000018   Data   RW          497    .data               icb_cfg_lib.lib(ul_data.o)
    0x8d510268   0x00000018   Data   RW          498    .data               icb_cfg_lib.lib(ul_data.o)
    0x8d510280   0x00000018   Data   RW          499    .data               icb_cfg_lib.lib(ul_data.o)
    0x8d510298   0x00000018   Data   RW          500    .data               icb_cfg_lib.lib(ul_data.o)
    0x8d5102b0   0x00000018   Data   RW          501    .data               icb_cfg_lib.lib(ul_data.o)
    0x8d5102c8   0x00000018   Data   RW          502    .data               icb_cfg_lib.lib(ul_data.o)
    0x8d5102e0   0x00000018   Data   RW          503    .data               icb_cfg_lib.lib(ul_data.o)
    0x8d5102f8   0x00000018   Data   RW          504    .data               icb_cfg_lib.lib(ul_data.o)
    0x8d510310   0x00000018   Data   RW          505    .data               icb_cfg_lib.lib(ul_data.o)
    0x8d510328   0x00000018   Data   RW          506    .data               icb_cfg_lib.lib(ul_data.o)
    0x8d510340   0x00000018   Data   RW          507    .data               icb_cfg_lib.lib(ul_data.o)
    0x8d510358   0x00000018   Data   RW          508    .data               icb_cfg_lib.lib(ul_data.o)
    0x8d510370   0x00000018   Data   RW          509    .data               icb_cfg_lib.lib(ul_data.o)
    0x8d510388   0x00000018   Data   RW          510    .data               icb_cfg_lib.lib(ul_data.o)
    0x8d5103a0   0x00000018   Data   RW          511    .data               icb_cfg_lib.lib(ul_data.o)
    0x8d5103b8   0x00000004   Data   RW          512    .data               icb_cfg_lib.lib(ul_data.o)
    0x8d5103bc   0x00000054   Data   RW          513    .data               icb_cfg_lib.lib(ul_data.o)
    0x8d510410   0x00000078   Data   RW          514    .data               icb_cfg_lib.lib(ul_data.o)
    0x8d510488   0x0000000c   Data   RW          515    .data               icb_cfg_lib.lib(ul_data.o)
    0x8d510494   0x0000000c   Data   RW          579    .data               tfunnel_cfg.lib(tfunnel_config.o)
    0x8d5104a0   0x00000038   Data   RW          588    .data               SPMCfg.lib(SPMDevCfgData.o)
    0x8d5104d8   0x00000004   Data   RW          589    .data               SPMCfg.lib(SPMDevCfgData.o)
    0x8d5104dc   0x0000001b   Data   RW          590    .data               SPMCfg.lib(SPMDevCfgData.o)
    0x8d5104f7   0x00000001   PAD
    0x8d5104f8   0x00000054   Data   RW          591    .data               SPMCfg.lib(SPMDevCfgData.o)
    0x8d51054c   0x00000001   Data   RW          592    .data               SPMCfg.lib(SPMDevCfgData.o)
    0x8d51054d   0x00000003   PAD
    0x8d510550   0x00000018   Data   RW          621    .data               GPIOIntCfg.lib(GPIOInt_ConfigData.o)
    0x8d510568   0x00000690   Data   RW          642    .data               DALInterruptControllerCfg.lib(InterruptConfigData.o)
    0x8d510bf8   0x00000014   Data   RW          643    .data               DALInterruptControllerCfg.lib(InterruptConfigData.o)
    0x8d510c0c   0x00000010   Data   RW          644    .data               DALInterruptControllerCfg.lib(InterruptConfigData.o)
    0x8d510c1c   0x00000018   Data   RW          729    .data               hwio_lib.lib(HWIOBaseMap.o)
    0x8d510c34   0x00000024   Data   RW          730    .data               hwio_lib.lib(HWIOBaseMap.o)
    0x8d510c58   0x0000000c   Data   RW          731    .data               hwio_lib.lib(HWIOBaseMap.o)
    0x8d510c64   0x00000054   Data   RW          732    .data               hwio_lib.lib(HWIOBaseMap.o)
    0x8d510cb8   0x0000009c   Data   RW          733    .data               hwio_lib.lib(HWIOBaseMap.o)
    0x8d510d54   0x00000018   Data   RW          734    .data               hwio_lib.lib(HWIOBaseMap.o)
    0x8d510d6c   0x00000108   Data   RW          735    .data               hwio_lib.lib(HWIOBaseMap.o)
    0x8d510e74   0x00000024   Data   RW          736    .data               hwio_lib.lib(HWIOBaseMap.o)
    0x8d510e98   0x00000024   Data   RW          737    .data               hwio_lib.lib(HWIOBaseMap.o)
    0x8d510ebc   0x00000030   Data   RW          738    .data               hwio_lib.lib(HWIOBaseMap.o)
    0x8d510eec   0x0000006c   Data   RW          739    .data               hwio_lib.lib(HWIOBaseMap.o)
    0x8d510f58   0x00000090   Data   RW          740    .data               hwio_lib.lib(HWIOBaseMap.o)
    0x8d510fe8   0x00000318   Data   RW          741    .data               hwio_lib.lib(HWIOBaseMap.o)
    0x8d511300   0x00000118   Data   RW          742    .data               hwio_lib.lib(HWIOBaseMap.o)
    0x8d511418   0x00000018   Data   RW          776    .data               pmic_config_wcnss.lib(pm_wcn_node_resources.o)
    0x8d511430   0x00000018   Data   RW          777    .data               pmic_config_wcnss.lib(pm_wcn_node_resources.o)
    0x8d511448   0x00000018   Data   RW          778    .data               pmic_config_wcnss.lib(pm_wcn_node_resources.o)
    0x8d511460   0x00000030   Data   RW          779    .data               pmic_config_wcnss.lib(pm_wcn_node_resources.o)
    0x8d511490   0x00000060   Data   RW          780    .data               pmic_config_wcnss.lib(pm_wcn_node_resources.o)
    0x8d5114f0   0x00000018   Data   RW          781    .data               pmic_config_wcnss.lib(pm_wcn_node_resources.o)
    0x8d511508   0x000000d8   Data   RW          782    .data               pmic_config_wcnss.lib(pm_wcn_node_resources.o)
    0x8d5115e0   0x00000004   Data   RW          783    .data               pmic_config_wcnss.lib(pm_wcn_node_resources.o)
    0x8d5115e4   0x00000010   Data   RW          784    .data               pmic_config_wcnss.lib(pm_wcn_node_resources.o)
    0x8d5115f4   0x00000008   Data   RW          785    .data               pmic_config_wcnss.lib(pm_wcn_node_resources.o)
    0x8d5115fc   0x00000020   Data   RW          786    .data               pmic_config_wcnss.lib(pm_wcn_node_resources.o)
    0x8d51161c   0x00000008   Data   RW          787    .data               pmic_config_wcnss.lib(pm_wcn_node_resources.o)
    0x8d511624   0x00000008   Data   RW          788    .data               pmic_config_wcnss.lib(pm_wcn_node_resources.o)
    0x8d51162c   0x00000008   Data   RW          789    .data               pmic_config_wcnss.lib(pm_wcn_node_resources.o)
    0x8d511634   0x00000004   Data   RW          907    .data               pmic_config_wcnss.lib(wcnss_settings.o)
    0x8d511638   0x0000000e   Data   RW          908    .data               pmic_config_wcnss.lib(wcnss_settings.o)
    0x8d511646   0x00000002   PAD
    0x8d511648   0x00000018   Data   RW          984    .data               pmic_config_wcnss.lib(pm_wcn_node_resources.o)
    0x8d511660   0x00000018   Data   RW          985    .data               pmic_config_wcnss.lib(pm_wcn_node_resources.o)
    0x8d511678   0x00000018   Data   RW          986    .data               pmic_config_wcnss.lib(pm_wcn_node_resources.o)
    0x8d511690   0x00000018   Data   RW          987    .data               pmic_config_wcnss.lib(pm_wcn_node_resources.o)
    0x8d5116a8   0x00000048   Data   RW          988    .data               pmic_config_wcnss.lib(pm_wcn_node_resources.o)
    0x8d5116f0   0x00000018   Data   RW          989    .data               pmic_config_wcnss.lib(pm_wcn_node_resources.o)
    0x8d511708   0x000000d8   Data   RW          990    .data               pmic_config_wcnss.lib(pm_wcn_node_resources.o)
    0x8d5117e0   0x00000004   Data   RW          991    .data               pmic_config_wcnss.lib(pm_wcn_node_resources.o)
    0x8d5117e4   0x00000010   Data   RW          992    .data               pmic_config_wcnss.lib(pm_wcn_node_resources.o)
    0x8d5117f4   0x00000008   Data   RW          993    .data               pmic_config_wcnss.lib(pm_wcn_node_resources.o)
    0x8d5117fc   0x00000018   Data   RW          994    .data               pmic_config_wcnss.lib(pm_wcn_node_resources.o)
    0x8d511814   0x00000008   Data   RW          995    .data               pmic_config_wcnss.lib(pm_wcn_node_resources.o)
    0x8d51181c   0x00000008   Data   RW          996    .data               pmic_config_wcnss.lib(pm_wcn_node_resources.o)
    0x8d511824   0x00000008   Data   RW          997    .data               pmic_config_wcnss.lib(pm_wcn_node_resources.o)
    0x8d51182c   0x00000004   Data   RW         1007    .data               pmic_config_wcnss.lib(wcnss_settings.o)
    0x8d511830   0x0000000e   Data   RW         1008    .data               pmic_config_wcnss.lib(wcnss_settings.o)
    0x8d51183e   0x00000002   PAD
    0x8d511840   0x000000d8   Data   RW         1017    .data               pmic_config_wcnss.lib(pm_wcn_proc_pam.o)
    0x8d511918   0x00000008   Data   RW         1018    .data               pmic_config_wcnss.lib(pm_wcn_proc_pam.o)
    0x8d511920   0x000003f0   Data   RW         1019    .data               pmic_config_wcnss.lib(pm_wcn_proc_pam.o)
    0x8d511d10   0x00000008   Data   RW         1020    .data               pmic_config_wcnss.lib(pm_wcn_proc_pam.o)
    0x8d511d18   0x000002f4   Data   RW         1021    .data               pmic_config_wcnss.lib(pm_wcn_proc_pam.o)
    0x8d51200c   0x00000008   Data   RW         1022    .data               pmic_config_wcnss.lib(pm_wcn_proc_pam.o)
    0x8d512014   0x00000288   Data   RW         1023    .data               pmic_config_wcnss.lib(pm_wcn_proc_pam.o)
    0x8d51229c   0x00000288   Data   RW         1024    .data               pmic_config_wcnss.lib(pm_wcn_proc_pam.o)
    0x8d512524   0x00000010   Data   RW         1025    .data               pmic_config_wcnss.lib(pm_wcn_proc_pam.o)
    0x8d512534   0x00000090   Data   RW         1026    .data               pmic_config_wcnss.lib(pm_wcn_proc_pam.o)
    0x8d5125c4   0x00000090   Data   RW         1027    .data               pmic_config_wcnss.lib(pm_wcn_proc_pam.o)
    0x8d512654   0x00000288   Data   RW         1028    .data               pmic_config_wcnss.lib(pm_wcn_proc_pam.o)
    0x8d5128dc   0x00000288   Data   RW         1029    .data               pmic_config_wcnss.lib(pm_wcn_proc_pam.o)
    0x8d512b64   0x00000020   Data   RW         1030    .data               pmic_config_wcnss.lib(pm_wcn_proc_pam.o)
    0x8d512b84   0x00000288   Data   RW         1031    .data               pmic_config_wcnss.lib(pm_wcn_proc_pam.o)
    0x8d512e0c   0x00000008   Data   RW         1032    .data               pmic_config_wcnss.lib(pm_wcn_proc_pam.o)
    0x8d512e14   0x000000d8   Data   RW         1044    .data               pmic_config_wcnss.lib(pm_wcn_proc_pam.o)
    0x8d512eec   0x00000008   Data   RW         1045    .data               pmic_config_wcnss.lib(pm_wcn_proc_pam.o)
    0x8d512ef4   0x000003f0   Data   RW         1046    .data               pmic_config_wcnss.lib(pm_wcn_proc_pam.o)
    0x8d5132e4   0x00000008   Data   RW         1047    .data               pmic_config_wcnss.lib(pm_wcn_proc_pam.o)
    0x8d5132ec   0x000002f4   Data   RW         1048    .data               pmic_config_wcnss.lib(pm_wcn_proc_pam.o)
    0x8d5135e0   0x00000008   Data   RW         1049    .data               pmic_config_wcnss.lib(pm_wcn_proc_pam.o)
    0x8d5135e8   0x00000288   Data   RW         1050    .data               pmic_config_wcnss.lib(pm_wcn_proc_pam.o)
    0x8d513870   0x00000008   Data   RW         1051    .data               pmic_config_wcnss.lib(pm_wcn_proc_pam.o)
    0x8d513878   0x00000090   Data   RW         1052    .data               pmic_config_wcnss.lib(pm_wcn_proc_pam.o)
    0x8d513908   0x00000090   Data   RW         1053    .data               pmic_config_wcnss.lib(pm_wcn_proc_pam.o)
    0x8d513998   0x00000288   Data   RW         1054    .data               pmic_config_wcnss.lib(pm_wcn_proc_pam.o)
    0x8d513c20   0x00000018   Data   RW         1055    .data               pmic_config_wcnss.lib(pm_wcn_proc_pam.o)
    0x8d513c38   0x00000288   Data   RW         1056    .data               pmic_config_wcnss.lib(pm_wcn_proc_pam.o)
    0x8d513ec0   0x00000008   Data   RW         1057    .data               pmic_config_wcnss.lib(pm_wcn_proc_pam.o)



  Load Region DEVCFG_DATA_SEG2 (Base: 0x8d513ec8, Size: 0x00001f10, Max: 0xffffffff, ABSOLUTE)

    Execution Region DEVCFG_DATA_RO (Base: 0x8d513ec8, Size: 0x00001f10, Max: 0xffffffff, ABSOLUTE)

    Base Addr    Size         Type   Attr      Idx    E Section Name        Object

    0x8d513ec8   0x00000004   Data   RO           97    .constdata          icb_cfg_lib.lib(ul_data.o)
    0x8d513ecc   0x00000004   Data   RO           98    .constdata          icb_cfg_lib.lib(ul_data.o)
    0x8d513ed0   0x00000004   Data   RO           99    .constdata          icb_cfg_lib.lib(ul_data.o)
    0x8d513ed4   0x00000004   Data   RO          100    .constdata          icb_cfg_lib.lib(ul_data.o)
    0x8d513ed8   0x00000004   Data   RO          101    .constdata          icb_cfg_lib.lib(ul_data.o)
    0x8d513edc   0x00000004   Data   RO          102    .constdata          icb_cfg_lib.lib(ul_data.o)
    0x8d513ee0   0x00000004   Data   RO          103    .constdata          icb_cfg_lib.lib(ul_data.o)
    0x8d513ee4   0x00000008   Data   RO          564    .constdata          hwevent_cfg.lib(hwevent_config.o)
    0x8d513eec   0x00000004   Data   RO          565    .constdata          hwevent_cfg.lib(hwevent_config.o)
    0x8d513ef0   0x0000003c   Data   RO          566    .constdata          hwevent_cfg.lib(hwevent_config.o)
    0x8d513f2c   0x00000004   Data   RO          567    .constdata          hwevent_cfg.lib(hwevent_config.o)
    0x8d513f30   0x000000f0   Data   RO          685    .constdata          Clock_msm8909_bsp.lib(ClockBSP.o)
    0x8d514020   0x00000280   Data   RO          686    .constdata          Clock_msm8909_bsp.lib(ClockBSP.o)
    0x8d5142a0   0x00000168   Data   RO          687    .constdata          Clock_msm8909_bsp.lib(ClockBSP.o)
    0x8d514408   0x00000050   Data   RO          688    .constdata          Clock_msm8909_bsp.lib(ClockBSP.o)
    0x8d514458   0x00000050   Data   RO          689    .constdata          Clock_msm8909_bsp.lib(ClockBSP.o)
    0x8d5144a8   0x00000008   Data   RO          690    .constdata          Clock_msm8909_bsp.lib(ClockBSP.o)
    0x8d5144b0   0x00000030   Data   RO          691    .constdata          Clock_msm8909_bsp.lib(ClockBSP.o)
    0x8d5144e0   0x0000012f   Data   RO           36    .conststring        DALConfig.lib(DALConfig_wcn.o)
    0x8d51460f   0x0000000a   Data   RO          104    .conststring        icb_cfg_lib.lib(ul_data.o)
    0x8d514619   0x00000005   Data   RO          105    .conststring        icb_cfg_lib.lib(ul_data.o)
    0x8d51461e   0x0000000b   Data   RO          106    .conststring        icb_cfg_lib.lib(ul_data.o)
    0x8d514629   0x00000007   Data   RO          107    .conststring        icb_cfg_lib.lib(ul_data.o)
    0x8d514630   0x0000000a   Data   RO          108    .conststring        icb_cfg_lib.lib(ul_data.o)
    0x8d51463a   0x0000000b   Data   RO          109    .conststring        icb_cfg_lib.lib(ul_data.o)
    0x8d514645   0x00000018   Data   RO          112    .conststring        icb_cfg_lib.lib(ul_data.o)
    0x8d51465d   0x0000000f   Data   RO          114    .conststring        icb_cfg_lib.lib(ul_data.o)
    0x8d51466c   0x00000011   Data   RO          116    .conststring        icb_cfg_lib.lib(ul_data.o)
    0x8d51467d   0x00000013   Data   RO          118    .conststring        icb_cfg_lib.lib(ul_data.o)
    0x8d514690   0x00000013   Data   RO          120    .conststring        icb_cfg_lib.lib(ul_data.o)
    0x8d5146a3   0x00000013   Data   RO          122    .conststring        icb_cfg_lib.lib(ul_data.o)
    0x8d5146b6   0x00000013   Data   RO          124    .conststring        icb_cfg_lib.lib(ul_data.o)
    0x8d5146c9   0x00000017   Data   RO          126    .conststring        icb_cfg_lib.lib(ul_data.o)
    0x8d5146e0   0x00000016   Data   RO          128    .conststring        icb_cfg_lib.lib(ul_data.o)
    0x8d5146f6   0x00000016   Data   RO          130    .conststring        icb_cfg_lib.lib(ul_data.o)
    0x8d51470c   0x00000018   Data   RO          132    .conststring        icb_cfg_lib.lib(ul_data.o)
    0x8d514724   0x00000018   Data   RO          134    .conststring        icb_cfg_lib.lib(ul_data.o)
    0x8d51473c   0x00000016   Data   RO          136    .conststring        icb_cfg_lib.lib(ul_data.o)
    0x8d514752   0x00000016   Data   RO          138    .conststring        icb_cfg_lib.lib(ul_data.o)
    0x8d514768   0x00000016   Data   RO          140    .conststring        icb_cfg_lib.lib(ul_data.o)
    0x8d51477e   0x00000016   Data   RO          142    .conststring        icb_cfg_lib.lib(ul_data.o)
    0x8d514794   0x00000016   Data   RO          144    .conststring        icb_cfg_lib.lib(ul_data.o)
    0x8d5147aa   0x00000016   Data   RO          146    .conststring        icb_cfg_lib.lib(ul_data.o)
    0x8d5147c0   0x00000010   Data   RO          148    .conststring        icb_cfg_lib.lib(ul_data.o)
    0x8d5147d0   0x00000012   Data   RO          150    .conststring        icb_cfg_lib.lib(ul_data.o)
    0x8d5147e2   0x00000012   Data   RO          152    .conststring        icb_cfg_lib.lib(ul_data.o)
    0x8d5147f4   0x00000017   Data   RO          154    .conststring        icb_cfg_lib.lib(ul_data.o)
    0x8d51480b   0x0000000f   Data   RO          156    .conststring        icb_cfg_lib.lib(ul_data.o)
    0x8d51481a   0x00000012   Data   RO          158    .conststring        icb_cfg_lib.lib(ul_data.o)
    0x8d51482c   0x00000010   Data   RO          160    .conststring        icb_cfg_lib.lib(ul_data.o)
    0x8d51483c   0x00000012   Data   RO          162    .conststring        icb_cfg_lib.lib(ul_data.o)
    0x8d51484e   0x00000014   Data   RO          164    .conststring        icb_cfg_lib.lib(ul_data.o)
    0x8d514862   0x00000013   Data   RO          166    .conststring        icb_cfg_lib.lib(ul_data.o)
    0x8d514875   0x00000010   Data   RO          168    .conststring        icb_cfg_lib.lib(ul_data.o)
    0x8d514885   0x00000014   Data   RO          170    .conststring        icb_cfg_lib.lib(ul_data.o)
    0x8d514899   0x00000016   Data   RO          172    .conststring        icb_cfg_lib.lib(ul_data.o)
    0x8d5148af   0x00000015   Data   RO          174    .conststring        icb_cfg_lib.lib(ul_data.o)
    0x8d5148c4   0x00000015   Data   RO          176    .conststring        icb_cfg_lib.lib(ul_data.o)
    0x8d5148d9   0x00000017   Data   RO          178    .conststring        icb_cfg_lib.lib(ul_data.o)
    0x8d5148f0   0x00000017   Data   RO          180    .conststring        icb_cfg_lib.lib(ul_data.o)
    0x8d514907   0x00000015   Data   RO          182    .conststring        icb_cfg_lib.lib(ul_data.o)
    0x8d51491c   0x00000015   Data   RO          184    .conststring        icb_cfg_lib.lib(ul_data.o)
    0x8d514931   0x00000015   Data   RO          186    .conststring        icb_cfg_lib.lib(ul_data.o)
    0x8d514946   0x00000015   Data   RO          188    .conststring        icb_cfg_lib.lib(ul_data.o)
    0x8d51495b   0x00000015   Data   RO          190    .conststring        icb_cfg_lib.lib(ul_data.o)
    0x8d514970   0x00000015   Data   RO          192    .conststring        icb_cfg_lib.lib(ul_data.o)
    0x8d514985   0x00000017   Data   RO          194    .conststring        icb_cfg_lib.lib(ul_data.o)
    0x8d51499c   0x00000011   Data   RO          196    .conststring        icb_cfg_lib.lib(ul_data.o)
    0x8d5149ad   0x00000017   Data   RO          198    .conststring        icb_cfg_lib.lib(ul_data.o)
    0x8d5149c4   0x0000001a   Data   RO          200    .conststring        icb_cfg_lib.lib(ul_data.o)
    0x8d5149de   0x00000017   Data   RO          202    .conststring        icb_cfg_lib.lib(ul_data.o)
    0x8d5149f5   0x00000010   Data   RO          204    .conststring        icb_cfg_lib.lib(ul_data.o)
    0x8d514a05   0x00000016   Data   RO          206    .conststring        icb_cfg_lib.lib(ul_data.o)
    0x8d514a1b   0x00000014   Data   RO          208    .conststring        icb_cfg_lib.lib(ul_data.o)
    0x8d514a2f   0x00000016   Data   RO          210    .conststring        icb_cfg_lib.lib(ul_data.o)
    0x8d514a45   0x00000019   Data   RO          212    .conststring        icb_cfg_lib.lib(ul_data.o)
    0x8d514a5e   0x00000861   Data   RO          641    .conststring        DALInterruptControllerCfg.lib(InterruptConfigData.o)
    0x8d5152bf   0x00000045   Data   RO          692    .conststring        Clock_msm8909_bsp.lib(ClockBSP.o)
    0x8d515304   0x0000000a   Data   RO          716    .conststring        hwio_lib.lib(HWIOBaseMap.o)
    0x8d51530e   0x0000002e   Data   RO          717    .conststring        hwio_lib.lib(HWIOBaseMap.o)
    0x8d51533c   0x0000004b   Data   RO          718    .conststring        hwio_lib.lib(HWIOBaseMap.o)
    0x8d515387   0x00000096   Data   RO          719    .conststring        hwio_lib.lib(HWIOBaseMap.o)
    0x8d51541d   0x000001e6   Data   RO          721    .conststring        hwio_lib.lib(HWIOBaseMap.o)
    0x8d515603   0x00000024   Data   RO          722    .conststring        hwio_lib.lib(HWIOBaseMap.o)
    0x8d515627   0x00000027   Data   RO          723    .conststring        hwio_lib.lib(HWIOBaseMap.o)
    0x8d51564e   0x00000034   Data   RO          724    .conststring        hwio_lib.lib(HWIOBaseMap.o)
    0x8d515682   0x0000008e   Data   RO          725    .conststring        hwio_lib.lib(HWIOBaseMap.o)
    0x8d515710   0x000000cd   Data   RO          726    .conststring        hwio_lib.lib(HWIOBaseMap.o)
    0x8d5157dd   0x00000377   Data   RO          727    .conststring        hwio_lib.lib(HWIOBaseMap.o)
    0x8d515b54   0x00000074   Data   RO          728    .conststring        hwio_lib.lib(HWIOBaseMap.o)
    0x8d515bc8   0x0000001c   Data   RO          763    .conststring        pmic_config_wcnss.lib(pm_wcn_node_resources.o)
    0x8d515be4   0x0000001e   Data   RO          764    .conststring        pmic_config_wcnss.lib(pm_wcn_node_resources.o)
    0x8d515c02   0x0000001c   Data   RO          765    .conststring        pmic_config_wcnss.lib(pm_wcn_node_resources.o)
    0x8d515c1e   0x0000001d   Data   RO          766    .conststring        pmic_config_wcnss.lib(pm_wcn_node_resources.o)
    0x8d515c3b   0x00000038   Data   RO          767    .conststring        pmic_config_wcnss.lib(pm_wcn_node_resources.o)
    0x8d515c73   0x0000001c   Data   RO          768    .conststring        pmic_config_wcnss.lib(pm_wcn_node_resources.o)
    0x8d515c8f   0x000000a1   Data   RO          769    .conststring        pmic_config_wcnss.lib(pm_wcn_node_resources.o)
    0x8d515d30   0x00000012   Data   RO          773    .conststrlit        pmic_config_wcnss.lib(pm_wcn_node_resources.o)
    0x8d515d42   0x00000024   Data   RO          774    .conststrlit        pmic_config_wcnss.lib(pm_wcn_node_resources.o)
    0x8d515d66   0x00000009   Data   RO          775    .conststrlit        pmic_config_wcnss.lib(pm_wcn_node_resources.o)
    0x8d515d6f   0x00000012   Data   RO          981    .conststrlit        pmic_config_wcnss.lib(pm_wcn_node_resources.o)
    0x8d515d81   0x0000001b   Data   RO          982    .conststrlit        pmic_config_wcnss.lib(pm_wcn_node_resources.o)
    0x8d515d9c   0x00000009   Data   RO          983    .conststrlit        pmic_config_wcnss.lib(pm_wcn_node_resources.o)
    0x8d515da5   0x00000003   PAD
    0x8d515da8   0x00000030   Data   RO         1219    Region$$Table       anon$$obj.o


==============================================================================

Image component sizes


      Code (inc. data)   RO Data    RW Data    ZI Data      Debug   Object Name

         0          0          0         16          0      14468   devcfg_data.o
         6          0          0          0          0        524   devcfg_main.o

    ----------------------------------------------------------------------
         8          0         48         16          0      14992   Object Totals
         0          0         48          0          0          0   (incl. Generated)
         2          0          0          0          0          0   (incl. Padding)

    ----------------------------------------------------------------------

      Code (inc. data)   RO Data    RW Data    ZI Data      Debug   Library Member Name

         0          0       1525          0          0      27083   ClockBSP.o
         0          0        303       4872          0       8463   DALConfig_wcn.o
         0          0       2145       1716          0      16578   InterruptConfigData.o
         0          0          0         24          0       9771   GPIOInt_ConfigData.o
         0          0          0        172          0       6492   SPMDevCfgData.o
        96          2          0          0          0          0   __dclz77c.o
         8          0          0          0          0         68   __main.o
        60          8          0          0          0          0   __scatter.o
        40          0          0          0          0          0   __scatter_copy.o
        44          0          0          0          0          0   __scatter_zi.o
        12          0          0          0          0         64   exit.o
         0          0          0          0          0          0   indicate_semi.o
         2          0          0          0          0          0   libinit.o
         2          0          0          0          0          0   libinit2.o
         2          0          0          0          0          0   libshutdown.o
         2          0          0          0          0          0   libshutdown2.o
        12          4          0          0         96         68   libspace.o
         0          0          0          0          0          0   rtentry.o
        44          4          0          0          0          0   rtentry2.o
         8          0          0          0          0          0   rtentry4.o
         4          0          0          0          0          0   rtexit.o
        12          0          0          0          0          0   rtexit2.o
        12          4          0          0          0         60   sys_exit.o
        96          0          0          0          0         80   sys_stackheap_outer.o
         4          0          0          0          0         68   use_no_semi.o
         0          0         76          0          0       2133   hwevent_config.o
         0          0       2244       2044          0       3902   HWIOBaseMap.o
         0          0       1131      12668          0      45426   ul_data.o
         0          0        477       1024          0      30720   pm_wcn_node_resources.o
         0          0          0       9864          0       3904   pm_wcn_proc_pam.o
         0          0          0         36          0      11060   wcnss_settings.o
         0          0          0         12          0        647   tfunnel_config.o

    ----------------------------------------------------------------------
       460         22       7904      32440         96     166587   Library Totals
         0          0          3          8          0          0   (incl. Padding)

    ----------------------------------------------------------------------

      Code (inc. data)   RO Data    RW Data    ZI Data      Debug   Library Name

         0          0       1525          0          0      27083   Clock_msm8909_bsp.lib
         0          0        303       4872          0       8463   DALConfig.lib
         0          0       2145       1716          0      16578   DALInterruptControllerCfg.lib
         0          0          0         24          0       9771   GPIOIntCfg.lib
         0          0          0        172          0       6492   SPMCfg.lib
       460         22          0          0         96        408   c_5.l
         0          0         76          0          0       2133   hwevent_cfg.lib
         0          0       2244       2044          0       3902   hwio_lib.lib
         0          0       1131      12668          0      45426   icb_cfg_lib.lib
         0          0        477      10924          0      45684   pmic_config_wcnss.lib
         0          0          0         12          0        647   tfunnel_cfg.lib

    ----------------------------------------------------------------------
       460         22       7904      32440         96     166587   Library Totals

    ----------------------------------------------------------------------

==============================================================================


      Code (inc. data)   RO Data    RW Data    ZI Data      Debug   

       468         22       7952      32456         96     181379   Grand Totals
       468         22       7952      32456         96     181379   ELF Image Totals
       468         22       7952      32456          0          0   ROM Totals

==============================================================================

    Total RO  Size (Code + RO Data)                 8420 (   8.22kB)
    Total RW  Size (RW Data + ZI Data)             32552 (  31.79kB)
    Total ROM Size (Code + RO Data + RW Data)      40876 (  39.92kB)

==============================================================================

