/* List of files to compress for Q6zip. Empty list disables the feature */

    . = ALIGN(4K);
    __swapped_range_rx_start__ = .;
    __swapped_range_text_start__ = .;
    __swapped_range_text_partial_start__ = .;
    /* TEXT */
    *modem_proc/mmcp/mmode*:(  .text  EXCLUDE_FILE(sdtask.o cmdbg.o sdss.o cmtask.o cmstats.o cmwaoc.o cmcc.o) .text.* .gnu.linkonce.t.* )
    *modem_proc/mmcp/policyman*:(  .text  .text.* .gnu.linkonce.t.* )
    *modem_proc/mmcp/wms*:(  .text  .text.* .gnu.linkonce.t.* )

    *modem_proc/mmcp/nas/cb*:(  .text  .text.* .gnu.linkonce.t.* )
    *modem_proc/mmcp/nas/cnm*:(  .text  .text.* .gnu.linkonce.t.* )
    *modem_proc/mmcp/nas/mm*:(  .text  .text.* .gnu.linkonce.t.* )
    *modem_proc/mmcp/nas/mn*:(  .text  .text.* .gnu.linkonce.t.* )
    *modem_proc/mmcp/nas/rabm*:(  .text  .text.* .gnu.linkonce.t.* )
    *modem_proc/mmcp/nas/reg*:(  .text  .text.* .gnu.linkonce.t.* )
    *modem_proc/mmcp/nas/sm*:(  .text  .text.* .gnu.linkonce.t.* )
    *modem_proc/mmcp/nas/tc*:(  .text  .text.* .gnu.linkonce.t.* )
    /* 8K *modem_proc/mmcp/nas/services*:(  .text  .text.* .gnu.linkonce.t.* ) */

    *modem_proc/datamodem/3gpp2*:(  .text  EXCLUDE_FILE(dsrlpi.o ds3gmmgsdiif.o ds707_sec_pkt_mgr_util.o ds3gsubsmgr.o) .text.* .gnu.linkonce.t.* )

    *modem_proc/datamodem/protocols/inet*:(  .text  .text.* .gnu.linkonce.t.* )
    *modem_proc/datamodem/protocols/linklayer*:(  .text  .text.* .gnu.linkonce.t.* )
    *modem_proc/datamodem/protocols/mip*:(  .text  .text.* .gnu.linkonce.t.* )

    *modem_proc/datamodem/interface/qmicore*:(  .text EXCLUDE_FILE(ds_qmi_svc.o) .text.* .gnu.linkonce.t.* )
    /* 268K *modem_proc/datamodem/interface/qmidata*:(  .text  .text.* .gnu.linkonce.t.* ) */
    *modem_proc/datamodem/interface/qmimsglib*:(  .text  .text.* .gnu.linkonce.t.* )
    *modem_proc/datamodem/interface/rmifacectls*:(  .text EXCLUDE_FILE(ds_rmnet_meta_sm.o ds_rmnet_task.o) .text.* .gnu.linkonce.t.* )
    *modem_proc/datamodem/interface/sysapi*:(  .text  .text.* .gnu.linkonce.t.* )
    /* 10K *modem_proc/datamodem/interface/tasks*:(  .text  .text.* .gnu.linkonce.t.* )  */
    *modem_proc/datamodem/interface/netiface*:(  .text EXCLUDE_FILE(ps_phys_link.o) .text.* .gnu.linkonce.t.* )
    *modem_proc/datamodem/interface/pssock*:(  .text  .text.* .gnu.linkonce.t.* )
    *modem_proc/datamodem/interface/api*:(  .text  .text.* .gnu.linkonce.t.* )
    *modem_proc/datamodem/interface/atcop*:(  .text  .text.* .gnu.linkonce.t.* )
    *modem_proc/datamodem/interface/dsnet*:(  .text  .text.* .gnu.linkonce.t.* )
    /* 12K *modem_proc/datamodem/interface/dsprofile*:(  .text  .text.* .gnu.linkonce.t.* ) */
    /* 29K *modem_proc/datamodem/interface/dsprofiledb*:(  .text  .text.* .gnu.linkonce.t.* ) */
    *modem_proc/datamodem/interface/dss*:(  .text  .text.* .gnu.linkonce.t.* )
    *modem_proc/datamodem/interface/dssock*:(  .text  .text.* .gnu.linkonce.t.* )
    *modem_proc/datamodem/interface/dssvc*:(  .text  .text.* .gnu.linkonce.t.* )
    *modem_proc/datamodem/interface/ifacectls*:(  .text  .text.* .gnu.linkonce.t.* )
    *modem_proc/datamodem/interface/mux*:(  .text  .text.* .gnu.linkonce.t.* )
    *modem_proc/datamodem/interface/utils*:(  .text  EXCLUDE_FILE(ps_system_heap.o ps_crit_sect_rex.o ps_timer_rex.o pstimer.o ds_Utils_CritSect.o qmi_crit_sect_rex.o) .text.* .gnu.linkonce.t.* )

    *modem_proc/datamodem/3gpp/comptask*:(  .text  .text.* .gnu.linkonce.t.* )
    *modem_proc/datamodem/3gpp/csd*:(  .text  .text.* .gnu.linkonce.t.* )
    *modem_proc/datamodem/3gpp/dsprofile*:(  .text  .text.* .gnu.linkonce.t.* )
    *modem_proc/datamodem/3gpp/embms*:(  .text  .text.* .gnu.linkonce.t.* )
    /* 2K *modem_proc/datamodem/3gpp/msgr*:(  .text  .text.* .gnu.linkonce.t.* ) */
    *modem_proc/datamodem/3gpp/lteps*:(  .text  .text.* .gnu.linkonce.t.* )
    /* 12K *modem_proc/datamodem/3gpp/pdcp*:(  .text  .text.* .gnu.linkonce.t.* ) */
    /* 250K *modem_proc/datamodem/3gpp/ps*:(  .text  .text.* .gnu.linkonce.t.* ) */
    *modem_proc/datamodem/3gpp/rmsm*:(  .text  .text.* .gnu.linkonce.t.* )
    *modem_proc/datamodem/3gpp/umtsps*:(  .text  .text.* .gnu.linkonce.t.* )
    *modem_proc/datamodem/wlan*:(  .text  .text.* .gnu.linkonce.t.* )

    *modem_proc/ims*:(  .text  .text.* .gnu.linkonce.t.* )

    *modem_proc/uim/estk*:(  .text  .text.* .gnu.linkonce.t.* )
    *modem_proc/uim/gstk*:(  .text  .text.* .gnu.linkonce.t.* )
    *modem_proc/uim/mmgsdi*:(  .text  .text.* .gnu.linkonce.t.* )
    /* 33K *modem_proc/uim/nvruim*:(  .text  .text.* .gnu.linkonce.t.* ) */
    /* 7K *modem_proc/uim/obdapp*:(  .text  .text.* .gnu.linkonce.t.* ) */
    *modem_proc/uim/pbm*:(  .text  .text.* .gnu.linkonce.t.* )
    /* 4K *modem_proc/uim/uimcallctrl*:(  .text  .text.* .gnu.linkonce.t.* ) */
    *modem_proc/uim/uimdiag*:(  .text  .text.* .gnu.linkonce.t.* )
    /* 14K *modem_proc/uim/uimdrv*:(  .text  .text.* .gnu.linkonce.t.* ) */
    *modem_proc/uim/uimqmi*:(  .text  .text.* .gnu.linkonce.t.* )

    /* 283K *modem_proc/qchat*:( .text  EXCLUDE_FILE(*osal_memdebug.o ) .text.* .gnu.linkonce.t.* ) */

    *modem_proc/mcfg*:(  .text EXCLUDE_FILE(*mcfg_nv.o *mcfg_mmu.o) .text.* .gnu.linkonce.t.* )
    *modem_proc/wcdma/rrc*:(  .text  EXCLUDE_FILE(rrcsibproc.o  rrcrbe.o rrctmr.o rrcnv.o rrcllctrchie.o rrcrbcommon.o rrccmd.o) .text.* .gnu.linkonce.t.* )
    *modem_proc/tdscdma/rrc*:(  .text EXCLUDE_FILE(tdsrrcsibproc.o tdsrrcrbe.o tdsrrctmr.o tdsrrcnv.o tdsrrcllctrchie.o tdsrrcrbcommon.o tdsrrccmd.o tdsrrcasn1_ieDec.o tdsrrcasn1_ieEnc.o) .text.* .gnu.linkonce.t.* )
    *modem_proc/lte/RRC*:(  .text  EXCLUDE_FILE(lte_rrc_llcdb.o lte_rrc_llc.o lte_rrc_utils.o lte_rrc_controller.o lte_rrc_csp.o) .text.* .gnu.linkonce.t.* )
    *modem_proc/1x/cp*:(  .text  .text.* .gnu.linkonce.t.* )
    *modem_proc/hdr/cp*:(  .text  .text.* .gnu.linkonce.t.* )
    *modem_proc/geran/grr*:(  .text  EXCLUDE_FILE(rr_general.o  rr_main.o) .text.* .gnu.linkonce.t.* )

    /* 36K *modem_proc/rfa/rfc*:(  .text  .text.* .gnu.linkonce.t.* ) */

    /* 213K *modem_proc/core/apttests*:(  .text  .text.* .gnu.linkonce.t.* ) */
    /* 122K *modem_proc/core/storage/efs*:(  .text  .text.* .gnu.linkonce.t.* ) */
    *modem_proc/core/securemsm/smetest*:(  .text  .text.* .gnu.linkonce.t.* )

    /* 29K *modem_proc/gps/gnss/common*:(  .text  .text.* .gnu.linkonce.t.* ) */
    *modem_proc/gps/gnss/diag*:(  .text  .text.* .gnu.linkonce.t.* )
    *modem_proc/gps/gnss/loc_mw*:(  .text  .text.* .gnu.linkonce.t.* )
    /* 32K *modem_proc/gps/gnss/otdoa*:(  .text  .text.* .gnu.linkonce.t.* ) */
    /* 10K *modem_proc/gps/gnss/mgp/common*:(  .text  .text.* .gnu.linkonce.t.* ) */
    /* 618K *modem_proc/gps/gnss/mgp/me*:(  .text  .text.* .gnu.linkonce.t.* ) */
    *modem_proc/gps/gnss/mgp/pe*:(  .text  .text.* .gnu.linkonce.t.* )

    /* 4K *modem_proc/gps/gnss/osapi*:(  .text  .text.* .gnu.linkonce.t.* ) */
    *modem_proc/gps/gnss/pd_comms*:(  .text  .text.* .gnu.linkonce.t.* )
    *modem_proc/gps/gnss/ppm*:(  .text  .text.* .gnu.linkonce.t.* )
    *modem_proc/gps/gnss/sdp*:(  .text  .text.* .gnu.linkonce.t.* )
    *modem_proc/gps/gnss/sm*:(  .text EXCLUDE_FILE(tm_l1_iface.o) .text.* .gnu.linkonce.t.* )
    *modem_proc/gps/gnss/tle*:(  .text  .text.* .gnu.linkonce.t.* )

    *modem_proc/wcdma/test*:(  .text  .text.* .gnu.linkonce.t.* )
    *modem_proc/tdscdma/test*:(  .text  .text.* .gnu.linkonce.t.* )

    /* 199K *modem_proc/mpower*:(  .text .text.* .gnu.linkonce.t.* ) */
    /* 24K *modem_proc/core/services/compression*:(  .text  .text.* .gnu.linkonce.t.* ) */
    /* 20K *modem_proc/core/services/nv*:(  .text  .text.* .gnu.linkonce.t.* ) */

    *modem_proc/sec*:(  .text  .text.* .gnu.linkonce.t.* )
    *modem_proc/cta*:( .text  EXCLUDE_FILE(*ifta.o *priv_utils.o) .text.* .gnu.linkonce.t.* )
    /* 17K *modem_proc/core/testframework*:(  .text  .text.* .gnu.linkonce.t.* ) */

    . = ALIGN(4K);
    __swapped_range_text_partial_end__ = .;
    __swapped_range_text_end__ = .;
    __swapped_range_rodata_start__ = .;

    /* RODATA */
    *modem_proc/mmcp/mmode*:(  .rodata  EXCLUDE_FILE(sdtask.o cmdbg.o sdss.o cmtask.o cmstats.o cmwaoc.o cmcc.o) .rodata.* .gnu.linkonce.r.* )
    *modem_proc/mmcp/policyman*:(  .rodata  .rodata.* .gnu.linkonce.r.* )
    *modem_proc/mmcp/wms*:(  .rodata  .rodata.* .gnu.linkonce.r.* )

    *modem_proc/mmcp/nas/cb*:(  .rodata  .rodata.* .gnu.linkonce.r.* )
    *modem_proc/mmcp/nas/cnm*:(  .rodata  .rodata.* .gnu.linkonce.r.* )
    *modem_proc/mmcp/nas/mm*:(  .rodata  .rodata.* .gnu.linkonce.r.* )
    *modem_proc/mmcp/nas/mn*:(  .rodata  .rodata.* .gnu.linkonce.r.* )
    *modem_proc/mmcp/nas/rabm*:(  .rodata  .rodata.* .gnu.linkonce.r.* )
    *modem_proc/mmcp/nas/reg*:(  .rodata   EXCLUDE_FILE(reg_state.o reg_state_inactive.o)  .rodata.* .gnu.linkonce.r.* )
    *modem_proc/mmcp/nas/sm*:(  .rodata  .rodata.* .gnu.linkonce.r.* )
    *modem_proc/mmcp/nas/tc*:(  .rodata  .rodata.* .gnu.linkonce.r.* )
    /* *modem_proc/mmcp/nas/services*:(  .rodata  .rodata.* .gnu.linkonce.r.* ) */

    *modem_proc/datamodem/3gpp2*:(  .rodata  EXCLUDE_FILE(dsrlpi.o ds3gmmgsdiif.o ds707_sec_pkt_mgr_util.o ds3gsubsmgr.o) .rodata.* .gnu.linkonce.r.* )

    *modem_proc/datamodem/protocols/inet*:(  .rodata  .rodata.* .gnu.linkonce.r.* )
    *modem_proc/datamodem/protocols/linklayer*:(  .rodata  .rodata.* .gnu.linkonce.r.* )
    *modem_proc/datamodem/protocols/mip*:(  .rodata  .rodata.* .gnu.linkonce.r.* )

    *modem_proc/datamodem/interface/qmicore*:(  .rodata EXCLUDE_FILE(ds_qmi_svc.o)  .rodata.* .gnu.linkonce.r.* )
    /* *modem_proc/datamodem/interface/qmidata*:(  .rodata  .rodata.* .gnu.linkonce.r.* ) */
    *modem_proc/datamodem/interface/qmimsglib*:(  .rodata  .rodata.* .gnu.linkonce.r.* )
    *modem_proc/datamodem/interface/rmifacectls*:(  .rodata  EXCLUDE_FILE(ds_rmnet_meta_sm.o ds_rmnet_task.o) .rodata.* .gnu.linkonce.r.* )
    *modem_proc/datamodem/interface/sysapi*:(  .rodata  .rodata.* .gnu.linkonce.r.* )
    /* *modem_proc/datamodem/interface/tasks*:(  .rodata  .rodata.* .gnu.linkonce.r.* )  */
    *modem_proc/datamodem/interface/netiface*:(  .rodata  EXCLUDE_FILE(ps_phys_link.o) .rodata.* .gnu.linkonce.r.* )
    *modem_proc/datamodem/interface/pssock*:(  .rodata  .rodata.* .gnu.linkonce.r.* )
    *modem_proc/datamodem/interface/api*:(  .rodata  .rodata.* .gnu.linkonce.r.* )
    *modem_proc/datamodem/interface/atcop*:(  .rodata  .rodata.* .gnu.linkonce.r.* )
    *modem_proc/datamodem/interface/dsnet*:(  .rodata  .rodata.* .gnu.linkonce.r.* )
    /* *modem_proc/datamodem/interface/dsprofile*:(  .rodata  .rodata.* .gnu.linkonce.r.* ) */
    /* *modem_proc/datamodem/interface/dsprofiledb*:(  .rodata  .rodata.* .gnu.linkonce.r.* ) */
    *modem_proc/datamodem/interface/dss*:(  .rodata  .rodata.* .gnu.linkonce.r.* )
    *modem_proc/datamodem/interface/dssock*:(  .rodata  .rodata.* .gnu.linkonce.r.* )
    *modem_proc/datamodem/interface/dssvc*:(  .rodata  .rodata.* .gnu.linkonce.r.* )
    *modem_proc/datamodem/interface/ifacectls*:(  .rodata  .rodata.* .gnu.linkonce.r.* )
    *modem_proc/datamodem/interface/mux*:(  .rodata  .rodata.* .gnu.linkonce.r.* )
    *modem_proc/datamodem/interface/utils*:(  .rodata  EXCLUDE_FILE(ps_system_heap.o ps_crit_sect_rex.o ps_timer_rex.o pstimer.o ds_Utils_CritSect.o qmi_crit_sect_rex.o) .rodata.* .gnu.linkonce.r.* )

    *modem_proc/datamodem/3gpp/comptask*:(  .rodata  .rodata.* .gnu.linkonce.r.* )
    *modem_proc/datamodem/3gpp/csd*:(  .rodata  .rodata.* .gnu.linkonce.r.* )
    *modem_proc/datamodem/3gpp/dsprofile*:(  .rodata  .rodata.* .gnu.linkonce.r.* )
    *modem_proc/datamodem/3gpp/embms*:(  .rodata  .rodata.* .gnu.linkonce.r.* )
    /* *modem_proc/datamodem/3gpp/msgr*:(  .rodata  .rodata.* .gnu.linkonce.r.* ) */
    *modem_proc/datamodem/3gpp/lteps*:(  .rodata  .rodata.* .gnu.linkonce.r.* )
    /* *modem_proc/datamodem/3gpp/pdcp*:(  .rodata  .rodata.* .gnu.linkonce.r.* ) */
    /* *modem_proc/datamodem/3gpp/ps*:(  .rodata  .rodata.* .gnu.linkonce.r.* ) */
    *modem_proc/datamodem/3gpp/rmsm*:(  .rodata  .rodata.* .gnu.linkonce.r.* )
    *modem_proc/datamodem/3gpp/umtsps*:(  .rodata  .rodata.* .gnu.linkonce.r.* )
    *modem_proc/datamodem/wlan*:(  .rodata  .rodata.* .gnu.linkonce.r.* )
    *modem_proc/ims*:(  .rodata  .rodata.* .gnu.linkonce.r.* )

    *modem_proc/uim/estk*:(  .rodata  .rodata.* .gnu.linkonce.r.* )
    *modem_proc/uim/gstk*:(  .rodata  .rodata.* .gnu.linkonce.r.* )
    *modem_proc/uim/mmgsdi*:(  .rodata   EXCLUDE_FILE(mmgsdiutil.o)  .rodata.* .gnu.linkonce.r.* )
    /* *modem_proc/uim/nvruim*:(  .rodata  .rodata.* .gnu.linkonce.r.* ) */
    /* *modem_proc/uim/obdapp*:(  .rodata  .rodata.* .gnu.linkonce.r.* ) */
    *modem_proc/uim/pbm*:(  .rodata  .rodata.* .gnu.linkonce.r.* )
    /* *modem_proc/uim/uimcallctrl*:(  .rodata  .rodata.* .gnu.linkonce.r.* ) */
    *modem_proc/uim/uimdiag*:(  .rodata  .rodata.* .gnu.linkonce.r.* )
    /* *modem_proc/uim/uimdrv*:(  .rodata  .rodata.* .gnu.linkonce.r.* ) */
    *modem_proc/uim/uimqmi*:(  .rodata  .rodata.* .gnu.linkonce.r.* )

    /* *modem_proc/qchat*:( .rodata  EXCLUDE_FILE(*osal_memdebug.o ) .rodata.* .gnu.linkonce.r.* ) */

    *modem_proc/mcfg*:(  .rodata EXCLUDE_FILE(*mcfg_nv.o *mcfg_mmu.o) .rodata.* .gnu.linkonce.r.* )
    *modem_proc/wcdma/rrc*:(  .rodata   EXCLUDE_FILE(rrcsibproc.o  rrcrbe.o rrctmr.o rrcnv.o rrcllctrchie.o rrcrbcommon.o rrccmd.o)  .rodata.* .gnu.linkonce.r.* )
    *modem_proc/lte/RRC*:(  .rodata EXCLUDE_FILE(lte_rrc_llcdb.o lte_rrc_llc.o lte_rrc_utils.o lte_rrc_controller.o lte_rrc_csp.o) .rodata.* .gnu.linkonce.r.* )
    *modem_proc/1x/cp*:(  .rodata  .rodata.* .gnu.linkonce.r.* )
    *modem_proc/hdr/cp*:(  .rodata  .rodata.* .gnu.linkonce.r.* )
    *modem_proc/geran/grr*:(  .rodata  EXCLUDE_FILE(rr_general.o  rr_main.o) .rodata.* .gnu.linkonce.r.* )

    /* *modem_proc/rfa/rfc*:(  .rodata  .rodata.* .gnu.linkonce.r.* ) */

    /* *modem_proc/core/apttests*:(  .rodata  .rodata.* .gnu.linkonce.r.* ) */
    /* *modem_proc/core/storage/efs*:(  .rodata  .rodata.* .gnu.linkonce.r.* ) */
    *modem_proc/core/securemsm/smetest*:(  .rodata  .rodata.* .gnu.linkonce.r.* )

    /* *modem_proc/gps/gnss/common*:(  .rodata  .rodata.* .gnu.linkonce.r.* ) */
    *modem_proc/gps/gnss/diag*:(  .rodata  .rodata.* .gnu.linkonce.r.* )
    *modem_proc/gps/gnss/loc_mw*:(  .rodata  .rodata.* .gnu.linkonce.r.* )
    /* *modem_proc/gps/gnss/otdoa*:(  .rodata  .rodata.* .gnu.linkonce.r.* ) */
    /* *modem_proc/gps/gnss/mgp/common*:( .rodata  .rodata.* .gnu.linkonce.r.* ) */
    /* *modem_proc/gps/gnss/mgp/me*:( .rodata  .rodata.* .gnu.linkonce.r.* ) */
    *modem_proc/gps/gnss/mgp/pe*:( .rodata  .rodata.* .gnu.linkonce.r.* )
    /* *modem_proc/gps/gnss/osapi*:(  .rodata  .rodata.* .gnu.linkonce.r.* ) */
    *modem_proc/gps/gnss/pd_comms*:(  .rodata  .rodata.* .gnu.linkonce.r.* )
    *modem_proc/gps/gnss/ppm*:(  .rodata  .rodata.* .gnu.linkonce.r.* )
    *modem_proc/gps/gnss/sdp*:(  .rodata  .rodata.* .gnu.linkonce.r.* )
    *modem_proc/gps/gnss/sm*:(  .rodata EXCLUDE_FILE(tm_l1_iface.o) .rodata.* .gnu.linkonce.r.* )
    *modem_proc/gps/gnss/tle*:(  .rodata  .rodata.* .gnu.linkonce.r.* )

    *modem_proc/wcdma/test*:(  .rodata  .rodata.* .gnu.linkonce.r.* )
    *modem_proc/tdscdma/test*:(  .rodata  .rodata.* .gnu.linkonce.r.* )

    /* *modem_proc/mpower*:(  .rodata  EXCLUDE_FILE(*_ut_*.o mcpm_unit_test.o) .rodata.* .gnu.linkonce.r.* ) */
    /* *modem_proc/core/services/compression*:(  .rodata  .rodata.* .gnu.linkonce.r.* ) */
    /* *modem_proc/core/services/nv*:(  .rodata  .rodata.* .gnu.linkonce.r.* ) */
    *modem_proc/sec*:(  .rodata  .rodata.* .gnu.linkonce.r.* )

    *modem_proc/cta*:( .rodata  EXCLUDE_FILE(*ifta.o *priv_utils.o) .rodata.* .gnu.linkonce.r.* )
    /* *modem_proc/core/testframework*:(  .rodata  EXCLUDE_FILE(*DalTF_Info.o) .rodata.* .gnu.linkonce.r.* ) */

    __swapped_range_rodata_end__ = .;
    __swapped_range_rx_end__ = .;
