/* List of files to compress for RW Q6zip. Empty list disables the RW Q6zip feature */

   /* DATA (RW) */
   *modem_proc/mmcp/mmode*:(EXCLUDE_FILE(sdtask.o cmdbg.o sdss.o cmtask.o cmstats.o cmwaoc.o cmcc.o) .data EXCLUDE_FILE(sdtask.o cmdbg.o sdss.o cmtask.o cmstats.o cmwaoc.o cmcc.o) .data.*)
   *modem_proc/mmcp/policyman*:(.data .data.*)
   *modem_proc/mmcp/wms*:(.data .data.*)

   *modem_proc/mmcp/nas/cb*:(.data .data.*)
   *modem_proc/mmcp/nas/cnm*:(.data .data.*)
   *modem_proc/mmcp/nas/mm*:(.data .data.*)
   *modem_proc/mmcp/nas/mn*:(.data .data.*)
   *modem_proc/mmcp/nas/rabm*:(.data .data.*)
   *modem_proc/mmcp/nas/reg*:(.data .data.*)
   *modem_proc/mmcp/nas/sm*:(.data .data.*)
   *modem_proc/mmcp/nas/tc*:(.data .data.*)
   /* *modem_proc/mmcp/nas/services*:(.data .data.*) */

   *modem_proc/datamodem/3gpp2*:(EXCLUDE_FILE(dsrlpi.o ds3gmmgsdiif.o ds707_sec_pkt_mgr_util.o ds3gsubsmgr.o) .data EXCLUDE_FILE(dsrlpi.o ds3gmmgsdiif.o ds707_sec_pkt_mgr_util.o ds3gsubsmgr.o) .data.*)

   *modem_proc/datamodem/protocols/inet*:(.data .data.*)
   *modem_proc/datamodem/protocols/linklayer*:(.data .data.*)
   *modem_proc/datamodem/protocols/mip*:(.data .data.*)

   *modem_proc/datamodem/interface/qmicore*:(EXCLUDE_FILE(ds_qmi_svc.o) .data EXCLUDE_FILE(ds_qmi_svc.o) .data.*)
   /* *modem_proc/datamodem/interface/qmidata.*:(.data .data.*) */
   *modem_proc/datamodem/interface/qmimsglib*:(.data .data.*)
   *modem_proc/datamodem/interface/rmifacectls*:(EXCLUDE_FILE(ds_rmnet_meta_sm.o ds_rmnet_task.o) .data EXCLUDE_FILE(ds_rmnet_meta_sm.o ds_rmnet_task.o) .data.*)
   *modem_proc/datamodem/interface/sysapi*:(.data .data.*)
   /* *modem_proc/datamodem/interface/tasks*:(.data .data.*) */
   *modem_proc/datamodem/interface/netiface*:(EXCLUDE_FILE(ps_phys_link.o) .data EXCLUDE_FILE(ps_phys_link.o) .data.*)
   *modem_proc/datamodem/interface/pssock*:(.data .data.*)
   *modem_proc/datamodem/interface/api*:(.data .data.*)
   *modem_proc/datamodem/interface/atcop*:(.data .data.*)
   *modem_proc/datamodem/interface/dsnet*:(.data .data.*)
   /* *modem_proc/datamodem/interface/dsprofile*:( .data .data.*) */
   /* *modem_proc/datamodem/interface/dsprofiledb*:( .data .data.*) */
   *modem_proc/datamodem/interface/dss*:(.data .data.*)
   *modem_proc/datamodem/interface/dssock*:(.data .data.*)
   *modem_proc/datamodem/interface/dssvc*:(.data .data.*)
   *modem_proc/datamodem/interface/ifacectls*:(.data .data.*)
   *modem_proc/datamodem/interface/mux*:(.data .data.*)
   *modem_proc/datamodem/interface/utils*:(EXCLUDE_FILE(ps_system_heap.o ps_crit_sect_rex.o ps_timer_rex.o pstimer.o ds_Utils_CritSect.o qmi_crit_sect_rex.o) .data EXCLUDE_FILE(ps_system_heap.o ps_crit_sect_rex.o ps_timer_rex.o pstimer.o ds_Utils_CritSect.o qmi_crit_sect_rex.o) .data.*)

   *modem_proc/datamodem/3gpp/comptask*:(.data .data.*)
   *modem_proc/datamodem/3gpp/csd*:(.data .data.*)
   *modem_proc/datamodem/3gpp/dsprofile*:(.data .data.*)
   *modem_proc/datamodem/3gpp/embms*:(.data .data.*)
   /* *modem_proc/datamodem/3gpp/msgr*:( .data .data.*) */
   *modem_proc/datamodem/3gpp/lteps*:(.data .data.*)
   /* *modem_proc/datamodem/3gpp/pdcp*:( .data .data.*) */
   /* *modem_proc/datamodem/3gpp/ps*:(.data .data.*) */
   *modem_proc/datamodem/3gpp/rmsm*:(.data .data.*)
   *modem_proc/datamodem/3gpp/umtsps*:(.data .data.*)
   *modem_proc/datamodem/wlan*:(.data .data.*)

   *modem_proc/ims*:(.data .data.*)

   *modem_proc/uim/estk*:(.data .data.*)
   *modem_proc/uim/gstk*:(.data .data.*)
   *modem_proc/uim/mmgsdi*:(.data .data.*)
   /* *modem_proc/uim/nvruim*:(.data .data.*) */
   /* *modem_proc/uim/obdapp*:(.data .data.*) */
   *modem_proc/uim/pbm*:(.data .data.*)
   /* *modem_proc/uim/uimcallctrl*:(.data .data.*) */
   *modem_proc/uim/uimdiag*:(.data .data.*)
   /* *modem_proc/uim/uimdrv*:(.data .data.*) */
   *modem_proc/uim/uimqmi*:(.data .data.*)

   /* *modem_proc/qchat*:(.data  .data.*) */

   *modem_proc/mcfg*:(EXCLUDE_FILE(*mcfg_nv.o *mcfg_mmu.o *mcfg_dynrec.o *mcfg_mutil_mbn_generated.o) .data EXCLUDE_FILE(*mcfg_nv.o *mcfg_mmu.o *mcfg_dynrec.o *mcfg_mutil_mbn_generated.o) .data.* )
   *modem_proc/wcdma/rrc*:(EXCLUDE_FILE(rrcsibproc.o rrcrbe.o rrctmr.o rrcnv.o rrcllctrchie.o rrcrbcommon.o rrccmd.o) .data EXCLUDE_FILE(rrcsibproc.o rrcrbe.o rrctmr.o rrcnv.o rrcllctrchie.o rrcrbcommon.o rrccmd.o) .data.*)
   *modem_proc/tdscdma/rrc*:(EXCLUDE_FILE(tdsrrcsibproc.o tdsrrcrbe.o tdsrrctmr.o tdsrrcnv.o tdsrrcllctrchie.o tdsrrcrbcommon.o tdsrrccmd.o) .data EXCLUDE_FILE(tdsrrcsibproc.o tdsrrcrbe.o tdsrrctmr.o tdsrrcnv.o tdsrrcllctrchie.o tdsrrcrbcommon.o tdsrrccmd.o) .data.*)
   *modem_proc/lte/RRC*:(EXCLUDE_FILE(lte_rrc_llcdb.o lte_rrc_llc.o lte_rrc_utils.o lte_rrc_controller.o lte_rrc_csp.o) .data EXCLUDE_FILE(lte_rrc_llcdb.o lte_rrc_llc.o lte_rrc_utils.o lte_rrc_controller.o lte_rrc_csp.o) .data.*)
   *modem_proc/1x/cp*:(.data .data.*)
   *modem_proc/hdr/cp*:(.data .data.*)
   *modem_proc/geran/grr*:(EXCLUDE_FILE(rr_general.o rr_main.o) .data EXCLUDE_FILE(rr_general.o rr_main.o) .data.*)

   /* *modem_proc/rfa/rfc*:(.data .data.*) */

   /* *modem_proc/core/apttests*:(.data .data.*) */
   *modem_proc/core/storage/efs*:(.data .data.*)
   *modem_proc/core/securemsm/smetest*:(.data .data.*)

   /* *modem_proc/gps/gnss/common*:(.data .data.*) */
   *modem_proc/gps/gnss/diag*:(.data .data.*)
   *modem_proc/gps/gnss/loc_mw*:(.data .data.*)
   /* *modem_proc/gps/gnss/otdoa*:(.data .data.*) */
   /* HW buffer *modem_proc/gps/gnss/mgp*:(.data .data.*) */

   /* *modem_proc/gps/gnss/osapi*:(.data .data.*) */
   *modem_proc/gps/gnss/pd_comms*:(.data .data.*)
   *modem_proc/gps/gnss/ppm*:(.data .data.*)
   *modem_proc/gps/gnss/sdp*:(.data .data.*)
   *modem_proc/gps/gnss/sm*:(EXCLUDE_FILE(tm_l1_iface.o) .data EXCLUDE_FILE(tm_l1_iface.o) .data.*)
   *modem_proc/gps/gnss/tle*:(.data .data.*)

   /* *modem_proc/wcdma/test*:(.data .data.*) */
   /* *modem_proc/tdscdma/test*:(.data .data.*) */

   /* *modem_proc/mpower*:(.data .data.*) */
   *modem_proc/core/services/compression*:(.data .data.*)
   *modem_proc/core/services/nv*:(.data .data.*)
   *modem_proc/perf/compressed_heap*:(.data .data.*) 

   *modem_proc/sec*:(.data .data.*)
   *modem_proc/cta*:(EXCLUDE_FILE(*ifta.o *priv_utils.o) .data EXCLUDE_FILE(*ifta.o *priv_utils.o) .data.*)
   /* *modem_proc/core/testframework*:(.data .data.*) */
   . = ALIGN (4K);
   __swapped_segments_bss_start__ = . ;

   /* BSS/ZI */
   *modem_proc/mmcp/mmode*:(EXCLUDE_FILE(sdtask.o cmdbg.o sdss.o cmtask.o cmstats.o cmwaoc.o cmcc.o) *COMMON EXCLUDE_FILE(sdtask.o cmdbg.o sdss.o cmtask.o cmstats.o cmwaoc.o cmcc.o) .bss EXCLUDE_FILE(sdtask.o cmdbg.o sdss.o cmtask.o cmstats.o cmwaoc.o cmcc.o) .bss.*)
   *modem_proc/mmcp/policyman*:(*COMMON .bss .bss.*)
   *modem_proc/mmcp/wms*:(*COMMON .bss .bss.*)

   *modem_proc/mmcp/nas/cb*:(*COMMON .bss .bss.*)
   *modem_proc/mmcp/nas/cnm*:(*COMMON .bss .bss.*)
   *modem_proc/mmcp/nas/mm*:(*COMMON .bss .bss.*)
   *modem_proc/mmcp/nas/mn*:(*COMMON .bss .bss.*)
   *modem_proc/mmcp/nas/rabm*:(*COMMON .bss .bss.*)
   *modem_proc/mmcp/nas/reg*:(EXCLUDE_FILE(reg_state.o reg_state_inactive.o) *COMMON EXCLUDE_FILE(reg_state.o reg_state_inactive.o) .bss EXCLUDE_FILE(reg_state.o reg_state_inactive.o) .bss.*)
   *modem_proc/mmcp/nas/sm*:(*COMMON .bss .bss.*)
   *modem_proc/mmcp/nas/tc*:(EXCLUDE_FILE(tctask.o) *COMMON .bss .bss.*) /* exclude tctask.o for CR 918878 */
   /* *modem_proc/mmcp/nas/services*:(*COMMON .bss .bss.*) */

   *modem_proc/datamodem/3gpp2*:(EXCLUDE_FILE(dsrlpi.o ds3gmmgsdiif.o ds707_sec_pkt_mgr_util.o ds3gsubsmgr.o) *COMMON EXCLUDE_FILE(dsrlpi.o ds3gmmgsdiif.o ds707_sec_pkt_mgr_util.o ds3gsubsmgr.o) .bss EXCLUDE_FILE(dsrlpi.o ds3gmmgsdiif.o ds707_sec_pkt_mgr_util.o ds3gsubsmgr.o) .bss.*)

   *modem_proc/datamodem/protocols/inet*:(*COMMON .bss .bss.*)
   *modem_proc/datamodem/protocols/linklayer*:(*COMMON .bss .bss.*)
   *modem_proc/datamodem/protocols/mip*:(*COMMON .bss .bss.*)

   *modem_proc/datamodem/interface/qmicore*:(EXCLUDE_FILE(ds_qmi_svc.o) *COMMON EXCLUDE_FILE(ds_qmi_svc.o) .bss EXCLUDE_FILE(ds_qmi_svc.o) .bss.*)
   /* *modem_proc/datamodem/interface/qmidata.*:(*COMMON .bss .bss.*) */
   *modem_proc/datamodem/interface/qmimsglib*:(*COMMON .bss .bss.*)
   *modem_proc/datamodem/interface/rmifacectls*:(EXCLUDE_FILE(ds_rmnet_meta_sm.o ds_rmnet_task.o) *COMMON EXCLUDE_FILE(ds_rmnet_meta_sm.o ds_rmnet_task.o) .bss EXCLUDE_FILE(ds_rmnet_meta_sm.o ds_rmnet_task.o) .bss.*)
   *modem_proc/datamodem/interface/sysapi*:(*COMMON .bss .bss.*)
   /* *modem_proc/datamodem/interface/tasks*:(*COMMON .bss .bss.*) */
   *modem_proc/datamodem/interface/netiface*:(EXCLUDE_FILE(ps_phys_link.o) *COMMON EXCLUDE_FILE(ps_phys_link.o) .bss EXCLUDE_FILE(ps_phys_link.o) .bss.*)
   *modem_proc/datamodem/interface/pssock*:(*COMMON .bss .bss.*)
   *modem_proc/datamodem/interface/api*:(*COMMON .bss .bss.*)
   *modem_proc/datamodem/interface/atcop*:(*COMMON .bss .bss.*)
   *modem_proc/datamodem/interface/dsnet*:(*COMMON .bss .bss.*)
   /* *modem_proc/datamodem/interface/dsprofile*:(*COMMON .bss .bss.*) */
   /* *modem_proc/datamodem/interface/dsprofiledb*:(*COMMON .bss .bss.*) */
   *modem_proc/datamodem/interface/dss*:(*COMMON .bss .bss.*)
   *modem_proc/datamodem/interface/dssock*:(*COMMON .bss .bss.*)
   *modem_proc/datamodem/interface/dssvc*:(*COMMON .bss .bss.*)
   *modem_proc/datamodem/interface/ifacectls*:(*COMMON .bss .bss.*)
   *modem_proc/datamodem/interface/mux*:(*COMMON .bss .bss.*)
   *modem_proc/datamodem/interface/utils*:(EXCLUDE_FILE(ps_system_heap.o ps_crit_sect_rex.o ps_timer_rex.o pstimer.o ds_Utils_CritSect.o qmi_crit_sect_rex.o) *COMMON EXCLUDE_FILE(ps_system_heap.o ps_crit_sect_rex.o ps_timer_rex.o pstimer.o ds_Utils_CritSect.o qmi_crit_sect_rex.o) .bss EXCLUDE_FILE(ps_system_heap.o ps_crit_sect_rex.o ps_timer_rex.o pstimer.o ds_Utils_CritSect.o qmi_crit_sect_rex.o) .bss.*)

   *modem_proc/datamodem/3gpp/comptask*:(*COMMON .bss .bss.*)
   *modem_proc/datamodem/3gpp/csd*:(*COMMON .bss .bss.*)
   *modem_proc/datamodem/3gpp/dsprofile*:(*COMMON .bss .bss.*)
   *modem_proc/datamodem/3gpp/embms*:(*COMMON .bss .bss.*)
   /* *modem_proc/datamodem/3gpp/msgr*:(*COMMON .bss .bss.*) */
   *modem_proc/datamodem/3gpp/lteps*:(*COMMON .bss .bss.*)
   /* *modem_proc/datamodem/3gpp/pdcp*:(*COMMON .bss .bss.*) */
   /* *modem_proc/datamodem/3gpp/ps*:(*COMMON .bss .bss.*) */
   *modem_proc/datamodem/3gpp/rmsm*:(*COMMON .bss .bss.*)
   *modem_proc/datamodem/3gpp/umtsps*:(*COMMON .bss .bss.*)
   *modem_proc/datamodem/wlan*:( *COMMON .bss .bss.* )
   *modem_proc/ims*:(*COMMON .bss .bss.*)

   *modem_proc/uim/estk*:(*COMMON .bss .bss.*)
   *modem_proc/uim/gstk*:(*COMMON .bss .bss.*)
   *modem_proc/uim/mmgsdi*:(EXCLUDE_FILE(mmgsdiutil.o) *COMMON EXCLUDE_FILE(mmgsdiutil.o) .bss EXCLUDE_FILE(mmgsdiutil.o) .bss.*)
   /* *modem_proc/uim/nvruim*:(*COMMON .bss .bss.*) */
   /* *modem_proc/uim/obdapp*:(*COMMON .bss .bss.*) */
   *modem_proc/uim/pbm*:(*COMMON .bss .bss.*)
   /* *modem_proc/uim/uimcallctrl*:(*COMMON .bss .bss.*) */
   *modem_proc/uim/uimdiag*:(*COMMON .bss .bss.*)
   /* *modem_proc/uim/uimdrv*:(*COMMON .bss .bss.*) */
   *modem_proc/uim/uimqmi*:(*COMMON .bss .bss.*)

   /* *modem_proc/qchat*:(*COMMON .bss .bss.*) */

   *modem_proc/mcfg*:( EXCLUDE_FILE(*mcfg_nv.o *mcfg_mmu.o) *COMMON EXCLUDE_FILE(*mcfg_nv.o *mcfg_mmu.o) .bss EXCLUDE_FILE(*mcfg_nv.o *mcfg_mmu.o) .bss.* )
   *modem_proc/wcdma/rrc*:(EXCLUDE_FILE(rrcsibproc.o rrcrbe.o rrctmr.o rrcnv.o rrcllctrchie.o rrcrbcommon.o rrccmd.o) *COMMON EXCLUDE_FILE(rrcsibproc.o rrcrbe.o rrctmr.o rrcnv.o rrcllctrchie.o rrcrbcommon.o rrccmd.o) .bss EXCLUDE_FILE(rrcsibproc.o rrcrbe.o rrctmr.o rrcnv.o rrcllctrchie.o rrcrbcommon.o rrccmd.o) .bss.*)
   *modem_proc/tdscdma/rrc*:(EXCLUDE_FILE(tdsrrcsibproc.o tdsrrcrbe.o tdsrrctmr.o tdsrrcnv.o tdsrrcllctrchie.o tdsrrcrbcommon.o tdsrrccmd.o) *COMMON EXCLUDE_FILE(tdsrrcsibproc.o tdsrrcrbe.o tdsrrctmr.o tdsrrcnv.o tdsrrcllctrchie.o tdsrrcrbcommon.o tdsrrccmd.o) .bss EXCLUDE_FILE(tdsrrcsibproc.o tdsrrcrbe.o tdsrrctmr.o tdsrrcnv.o tdsrrcllctrchie.o tdsrrcrbcommon.o tdsrrccmd.o) .bss.*)
   *modem_proc/lte/RRC*:(EXCLUDE_FILE(lte_rrc_llcdb.o lte_rrc_llc.o lte_rrc_utils.o lte_rrc_controller.o lte_rrc_csp.o) *COMMON EXCLUDE_FILE(lte_rrc_llcdb.o lte_rrc_llc.o lte_rrc_utils.o lte_rrc_controller.o lte_rrc_csp.o) .bss EXCLUDE_FILE(lte_rrc_llcdb.o lte_rrc_llc.o lte_rrc_utils.o lte_rrc_controller.o lte_rrc_csp.o) .bss.*)
   *modem_proc/1x/cp*:(*COMMON .bss .bss.*)
   *modem_proc/hdr/cp*:(*COMMON .bss .bss.*)
   *modem_proc/geran/grr*:(EXCLUDE_FILE(rr_general.o rr_main.o) *COMMON EXCLUDE_FILE(rr_general.o rr_main.o) .bss EXCLUDE_FILE(rr_general.o rr_main.o) .bss.*)

   /* *modem_proc/rfa/rfc*:(*COMMON .bss .bss.*) */

   /* *modem_proc/core/apttests*:(*COMMON .bss .bss.*) */
   *modem_proc/core/storage/efs*:(EXCLUDE_FILE(*fs_device_efs_rmts.o *fs_desc.o *fs_malloc.o) *COMMON EXCLUDE_FILE(*fs_device_efs_rmts.o *fs_desc.o *fs_malloc.o) .bss EXCLUDE_FILE(*fs_device_efs_rmts.o *fs_desc.o *fs_malloc.o) .bss.*)
   *modem_proc/core/securemsm/smetest*:(*COMMON .bss .bss.*)

   /* *modem_proc/gps/gnss/common*:(*COMMON .bss .bss.*) */
   *modem_proc/gps/gnss/diag*:(*COMMON .bss .bss.*)
   *modem_proc/gps/gnss/loc_mw*:(*COMMON .bss .bss.*)
   /* *modem_proc/gps/gnss/otdoa*:(*COMMON .bss .bss.*) */
   /* HW buffer *modem_proc/gps/gnss/mgp*:(*COMMON .bss .bss.*) */
   /* *modem_proc/gps/gnss/osapi*:(*COMMON .bss .bss.*) */
   *modem_proc/gps/gnss/pd_comms*:(*COMMON .bss .bss.*)
   *modem_proc/gps/gnss/ppm*:(*COMMON .bss .bss.*)
   *modem_proc/gps/gnss/sdp*:(*COMMON .bss .bss.*)
   *modem_proc/gps/gnss/sm*:(EXCLUDE_FILE(tm_l1_iface.o) *COMMON EXCLUDE_FILE(tm_l1_iface.o) .bss EXCLUDE_FILE(tm_l1_iface.o) .bss.*)
   *modem_proc/gps/gnss/tle*:(*COMMON .bss .bss.*)

   /* *modem_proc/wcdma/test*:(*COMMON .bss .bss.*) */
   /* *modem_proc/tdscdma/test*:(*COMMON .bss .bss.*) */

   /* *modem_proc/mpower*:(*COMMON .bss .bss.*) */
   *modem_proc/core/services/compression*:(*COMMON .bss .bss.*)
   *modem_proc/core/services/nv*:(*COMMON .bss .bss.*)
   *modem_proc/sec*:(*COMMON .bss .bss.*)

   *modem_proc/perf/compressed_heap*:(*COMMON .bss .bss.* .bss.*.*) 
   
   *modem_proc/cta*:(EXCLUDE_FILE(*ifta.o *priv_utils.o) *COMMON EXCLUDE_FILE(*ifta.o *priv_utils.o) .bss EXCLUDE_FILE(*ifta.o *priv_utils.o) .bss.*)
   /* *modem_proc/core/testframework*:(*COMMON .bss .bss.*) */

