ARM Linker, 5.01 [Build 94] 

==============================================================================

Image Symbol Table

    Local Symbols

    Symbol Name                              Value     Ov Type        Size  Object(Section)

    TZAPPENTRYCODE                           0x00000000   Section       92  tzapp_entry.o(TZAPPENTRYCODE)
    ../clib/angel/rt.s                       0x00000000   Number         0  rt_locale.o ABSOLUTE
    ../clib/angel/rt.s                       0x00000000   Number         0  rt_div0.o ABSOLUTE
    ../clib/angel/rt.s                       0x00000000   Number         0  aeabi_idiv0.o ABSOLUTE
    ../clib/angel/rt.s                       0x00000000   Number         0  aeabi_idiv0_sigfpe.o ABSOLUTE
    ../clib/angel/rt.s                       0x00000000   Number         0  rt_raise.o ABSOLUTE
    ../clib/angel/rt.s                       0x00000000   Number         0  rt_locale_intlibspace.o ABSOLUTE
    ../clib/angel/rt.s                       0x00000000   Number         0  aeabi_ldiv0_sigfpe.o ABSOLUTE
    ../clib/angel/rt.s                       0x00000000   Number         0  rt_ctype_table.o ABSOLUTE
    ../clib/angel/rt.s                       0x00000000   Number         0  aeabi_ldiv0.o ABSOLUTE
    ../clib/angel/sys.s                      0x00000000   Number         0  use_no_semi.o ABSOLUTE
    ../clib/angel/sys.s                      0x00000000   Number         0  indicate_semi.o ABSOLUTE
    ../clib/angel/sys.s                      0x00000000   Number         0  libspace.o ABSOLUTE
    ../clib/angel/sysapp.c                   0x00000000   Number         0  sys_wrch.o ABSOLUTE
    ../clib/angel/sysapp.c                   0x00000000   Number         0  sys_exit.o ABSOLUTE
    ../clib/arm_runtime.c                    0x00000000   Number         0  init_aeabi.o ABSOLUTE
    ../clib/arm_runtime.c                    0x00000000   Number         0  init_aeabi.o ABSOLUTE
    ../clib/armsys.c                         0x00000000   Number         0  _get_argv_nomalloc.o ABSOLUTE
    ../clib/armsys.c                         0x00000000   Number         0  no_argv.o ABSOLUTE
    ../clib/armsys.c                         0x00000000   Number         0  argv_veneer.o ABSOLUTE
    ../clib/armsys.c                         0x00000000   Number         0  argv_veneer.o ABSOLUTE
    ../clib/bigflt.c                         0x00000000   Number         0  bigflt0.o ABSOLUTE
    ../clib/btod.s                           0x00000000   Number         0  btod.o ABSOLUTE
    ../clib/division.s                       0x00000000   Number         0  aeabi_sdivfast_rs_div0.o ABSOLUTE
    ../clib/division.s                       0x00000000   Number         0  aeabi_sdivfast_rs.o ABSOLUTE
    ../clib/division.s                       0x00000000   Number         0  rtudiv10.o ABSOLUTE
    ../clib/divrt.s                          0x00000000   Number         0  divrt_9e.o ABSOLUTE
    ../clib/divrt.s                          0x00000000   Number         0  divrt_9e_div0.o ABSOLUTE
    ../clib/heapalloc.c                      0x00000000   Number         0  hrguard.o ABSOLUTE
    ../clib/libinit.s                        0x00000000   Number         0  libinit2.o ABSOLUTE
    ../clib/locale.c                         0x00000000   Number         0  _wcrtomb.o ABSOLUTE
    ../clib/locale.s                         0x00000000   Number         0  lc_ctype_c.o ABSOLUTE
    ../clib/locale.s                         0x00000000   Number         0  lc_numeric_c.o ABSOLUTE
    ../clib/longlong.s                       0x00000000   Number         0  lludiv10.o ABSOLUTE
    ../clib/longlong.s                       0x00000000   Number         0  lludiv5.o ABSOLUTE
    ../clib/memcpset.s                       0x00000000   Number         0  rt_memcpy.o ABSOLUTE
    ../clib/memcpset.s                       0x00000000   Number         0  rt_memmove_w.o ABSOLUTE
    ../clib/memcpset.s                       0x00000000   Number         0  rt_memmove.o ABSOLUTE
    ../clib/memcpset.s                       0x00000000   Number         0  memset.o ABSOLUTE
    ../clib/memcpset.s                       0x00000000   Number         0  rt_memclr.o ABSOLUTE
    ../clib/memcpset.s                       0x00000000   Number         0  strcmp.o ABSOLUTE
    ../clib/memcpset.s                       0x00000000   Number         0  rt_memcpy_w_qsp.o ABSOLUTE
    ../clib/memcpset.s                       0x00000000   Number         0  rt_memclr_w.o ABSOLUTE
    ../clib/misc.s                           0x00000000   Number         0  printf_stubs.o ABSOLUTE
    ../clib/printf.c                         0x00000000   Number         0  _printf_oct_int.o ABSOLUTE
    ../clib/printf.c                         0x00000000   Number         0  _printf_oct_int_ll.o ABSOLUTE
    ../clib/printf.c                         0x00000000   Number         0  _printf_hex_ll.o ABSOLUTE
[...]
    g_pDashCipherCtx                         0x000221dc   Data           4  wv_oemcrypto_dash.o(.data)
    g_rsa_signature_length                   0x000221e0   Data           4  wv_oemcrypto_dash.o(.data)
    g_wrapped_rsa_key_length                 0x000221e4   Data           4  wv_oemcrypto_dash.o(.data)
    g_wrapped_rsa_private_key                0x000221e8   Data           4  wv_oemcrypto_dash.o(.data)
    previous_hdmi_sense                      0x000221ec   Data           4  wv_oemcrypto_dash.o(.data)
    hdmi_last_error_time                     0x000221f0   Data           8  wv_oemcrypto_dash.o(.data)
    hdmi_sense_enabled_time                  0x000221f8   Data           8  wv_oemcrypto_dash.o(.data)
    g_OEM_Secret_Signing_Key_Label           0x00022200   Data          43  wv_oemcrypto_dash.o(.data)
    g_OEM_Secret_Signing_Key_Context         0x0002222b   Data          45  wv_oemcrypto_dash.o(.data)
    g_OEM_Secret_Encrypt_Key_Label           0x00022258   Data          43  wv_oemcrypto_dash.o(.data)
    g_OEM_Secret_Encrypt_Key_Context         0x00022283   Data          45  wv_oemcrypto_dash.o(.data)
    .data                                    0x000222b0   Section       48  security_stream_checker.o(.data)
    saved_databand                           0x000222b0   Data           4  security_stream_checker.o(.data)
    last_time                                0x000222b8   Data           8  security_stream_checker.o(.data)
    current_time                             0x000222c0   Data           8  security_stream_checker.o(.data)
    g_schk_callback                          0x000222c8   Data           8  security_stream_checker.o(.data)
    g_operations_per_apps                    0x000222d0   Data          16  security_stream_checker.o(.data)
    .data                                    0x000222e0   Section       52  secrsa_padding.o(.data)
    .bss                                     0x00022314   Section      104  tzapp_lib_main.o(.bss)
    .bss                                     0x0002237c   Section     4096  tzdrmconfig.o(.bss)
    .bss                                     0x0002337c   Section       32  wv_oemcrypto_svc.o(.bss)
    g_wv_asset_key                           0x0002337c   Data          16  wv_oemcrypto_svc.o(.bss)
    g_wv_control_word                        0x0002338c   Data          16  wv_oemcrypto_svc.o(.bss)
    .bss                                     0x0002339c   Section      200  wv_oemcrypto_dash.o(.bss)
    g_wv_dash_contexts                       0x0002339c   Data         200  wv_oemcrypto_dash.o(.bss)
    .bss                                     0x00023464   Section       48  security_stream_checker.o(.bss)
    g_schk_config                            0x00023464   Data          48  security_stream_checker.o(.bss)
    .bss                                     0x00023494   Section     2064  secmath_mod_exp.o(.bss)
    .bss                                     0x00023ca4   Section       20  rt_locale.o(.bss)
    __rt_locale_data                         0x00023ca4   Data          20  rt_locale.o(.bss)

    Global Symbols

    Symbol Name                              Value     Ov Type        Size  Object(Section)

    BuildAttributes$$THM_ISAv4$ARM_ISAv7$X$E$P$J$Z$K$B$S$PE$PLD3$A:L22UL41UL21$X:L11$S22US41US21$IEEE1$IW$RWPI$~STKCKD$USESV7$~SHL$OTIME$ROPI$IEEEJ$EBA8$UX$STANDARDLIB$THUMB2LIB$REQ8$PRES8$EABIv2 0x00000000   Number         0  anon$$obj.o ABSOLUTE
    TZAPPENTRY                               0x00000000   ARM Code       0  tzapp_entry.o(TZAPPENTRYCODE)
    __ARM_use_no_argv                        0x00000000   Number         0  widevine_main.o ABSOLUTE
    __main                                   0x00000000   ARM Code       0  tzapp_entry.o(TZAPPENTRYCODE)
    _main                                    0x00000000   ARM Code       0  tzapp_entry.o(TZAPPENTRYCODE)
    _printf_flags                            0x00000000   Number         0  printf_stubs.o ABSOLUTE
    _printf_return_value                     0x00000000   Number         0  printf_stubs.o ABSOLUTE
    _printf_sizespec                         0x00000000   Number         0  printf_stubs.o ABSOLUTE
    _printf_widthprec                        0x00000000   Number         0  printf_stubs.o ABSOLUTE
    __ARM_exceptions_init                     - Undefined Weak Reference
    __alloca_initialize                       - Undefined Weak Reference
    __sigvec_lookup                           - Undefined Weak Reference
    _atexit_init                              - Undefined Weak Reference
    _clock_init                               - Undefined Weak Reference
    _fp_trap_init                             - Undefined Weak Reference
    _get_lc_collate                           - Undefined Weak Reference
    _get_lc_monetary                          - Undefined Weak Reference
    _get_lc_time                              - Undefined Weak Reference
    _getenv_init                              - Undefined Weak Reference
    _handle_redirection                       - Undefined Weak Reference
    _init_alloc                               - Undefined Weak Reference
    _init_user_alloc                          - Undefined Weak Reference
    _initio                                   - Undefined Weak Reference
    _printf_fp_hex                            - Undefined Weak Reference
    _printf_mbtowc                            - Undefined Weak Reference
    _printf_wc                                - Undefined Weak Reference
    _rand_init                                - Undefined Weak Reference
    _signal_init                              - Undefined Weak Reference
    read_app_rw_base                         0x00000044   ARM Code       0  tzapp_entry.o(TZAPPENTRYCODE)
    set_rw_base                              0x00000050   ARM Code       0  tzapp_entry.o(TZAPPENTRYCODE)
    mem_heap_get_random_num                  0x00000099   Thumb Code    26  memheap_lite.o(.text)
    mem_init_heap                            0x0000017b   Thumb Code   350  memheap_lite.o(.text)
    mem_deinit_heap                          0x000002d9   Thumb Code   116  memheap_lite.o(.text)
    mem_malloc                               0x00000463   Thumb Code   344  memheap_lite.o(.text)
    mem_free                                 0x000005bb   Thumb Code   362  memheap_lite.o(.text)
    qsee_hash                                0x00000725   Thumb Code    36  qsee_crypto_shim.o(.text)
    qsee_hash_init                           0x00000749   Thumb Code    34  qsee_crypto_shim.o(.text)
    qsee_hash_reset                          0x0000076b   Thumb Code    32  qsee_crypto_shim.o(.text)
    qsee_hash_update                         0x0000078b   Thumb Code    36  qsee_crypto_shim.o(.text)
    qsee_hash_final                          0x000007af   Thumb Code    36  qsee_crypto_shim.o(.text)
    qsee_hash_free_ctx                       0x000007d3   Thumb Code    32  qsee_crypto_shim.o(.text)
    qsee_hash_set_param                      0x000007f3   Thumb Code    36  qsee_crypto_shim.o(.text)
    qsee_hashcipher_encrypt                  0x00000817   Thumb Code    58  qsee_crypto_shim.o(.text)
    qsee_hashcipher_decrypt                  0x00000851   Thumb Code    58  qsee_crypto_shim.o(.text)
    qsee_cipher_init                         0x0000088b   Thumb Code    34  qsee_crypto_shim.o(.text)
    qsee_cipher_reset                        0x000008ad   Thumb Code    32  qsee_crypto_shim.o(.text)
    qsee_cipher_free_ctx                     0x000008cd   Thumb Code    32  qsee_crypto_shim.o(.text)
    qsee_cipher_set_param                    0x000008ed   Thumb Code    36  qsee_crypto_shim.o(.text)
    qsee_cipher_get_param                    0x00000911   Thumb Code    36  qsee_crypto_shim.o(.text)
    qsee_cipher_encrypt                      0x00000935   Thumb Code    36  qsee_crypto_shim.o(.text)
    qsee_cipher_decrypt                      0x00000959   Thumb Code    36  qsee_crypto_shim.o(.text)
    qsee_hmac                                0x0000097d   Thumb Code    36  qsee_crypto_shim.o(.text)
    qsee_hmac_init                           0x000009a1   Thumb Code    34  qsee_crypto_shim.o(.text)
    qsee_hmac_update                         0x000009c3   Thumb Code    36  qsee_crypto_shim.o(.text)
    qsee_hmac_final                          0x000009e7   Thumb Code    36  qsee_crypto_shim.o(.text)
    qsee_hmac_free_ctx                       0x00000a0b   Thumb Code    32  qsee_crypto_shim.o(.text)
    qsee_cmac                                0x00000a2b   Thumb Code    54  qsee_crypto_shim.o(.text)
    qsee_prng_getdata                        0x00000a61   Thumb Code    34  qsee_crypto_shim.o(.text)
    qsee_crypto_lock_engine                  0x00000a83   Thumb Code    34  qsee_crypto_shim.o(.text)
    qsee_kdf_shim                            0x00000aa5   Thumb Code    34  qsee_crypto_shim.o(.text)
    qsee_set_bandwidth                       0x00000ac7   Thumb Code    36  qsee_crypto_shim.o(.text)
    qsee_dcache_inval_region                 0x00000aeb   Thumb Code    34  qsee_cache_shim.o(.text)
    qsee_dcache_flush_region                 0x00000b0d   Thumb Code    34  qsee_cache_shim.o(.text)
    qsee_dcache_clean_region                 0x00000b2f   Thumb Code    34  qsee_cache_shim.o(.text)
    qsee_kdf                                 0x00000b51   Thumb Code    90  prxy_services.o(.text)
    qsee_sfs_getSize                         0x00000bab   Thumb Code    50  prxy_services.o(.text)
    qsee_sfs_open                            0x00000bdd   Thumb Code    50  prxy_services.o(.text)
    qsee_sfs_close                           0x00000c0f   Thumb Code    48  prxy_services.o(.text)
    qsee_sfs_read                            0x00000c3f   Thumb Code    64  prxy_services.o(.text)
    qsee_sfs_write                           0x00000c7f   Thumb Code    64  prxy_services.o(.text)
    qsee_sfs_seek                            0x00000cbf   Thumb Code    64  prxy_services.o(.text)
    qsee_sfs_mkdir                           0x00000cff   Thumb Code    48  prxy_services.o(.text)
    qsee_sfs_rmdir                           0x00000d2f   Thumb Code    48  prxy_services.o(.text)
    qsee_sfs_rm                              0x00000d5f   Thumb Code    48  prxy_services.o(.text)
    qsee_sfs_error                           0x00000d8f   Thumb Code    48  prxy_services.o(.text)
    qsee_log                                 0x00000dbf   Thumb Code   106  prxy_services.o(.text)
    open                                     0x00000e29   Thumb Code    50  prxy_services.o(.text)
    read                                     0x00000e5b   Thumb Code    64  prxy_services.o(.text)
    write                                    0x00000e9b   Thumb Code    64  prxy_services.o(.text)
    close                                    0x00000edb   Thumb Code    48  prxy_services.o(.text)
    lstat                                    0x00000f0b   Thumb Code    50  prxy_services.o(.text)
    mkdir                                    0x00000f3d   Thumb Code    50  prxy_services.o(.text)
    frename                                  0x00000f6f   Thumb Code    50  prxy_services.o(.text)
    opendir                                  0x00000fa1   Thumb Code    46  prxy_services.o(.text)
    readdir                                  0x00000fcf   Thumb Code    48  prxy_services.o(.text)
    rmdir                                    0x00000fff   Thumb Code    48  prxy_services.o(.text)
    testdir                                  0x0000102f   Thumb Code    48  prxy_services.o(.text)
    file_get_partition_free_size             0x0000105f   Thumb Code    50  prxy_services.o(.text)
    fstat                                    0x00001091   Thumb Code    50  prxy_services.o(.text)
    lseek                                    0x000010c3   Thumb Code    64  prxy_services.o(.text)
    time_getsystime                          0x00001103   Thumb Code    48  prxy_services.o(.text)
    time_getutcsec                           0x00001133   Thumb Code    48  prxy_services.o(.text)
    time_is_leap_year                        0x00001163   Thumb Code    48  prxy_services.o(.text)
    remove                                   0x00001193   Thumb Code    48  prxy_services.o(.text)
    cmp_char_i                               0x000011c3   Thumb Code    28  qsee_comstr.o(.text)
    qsee_strnicmp                            0x000011df   Thumb Code    38  qsee_comstr.o(.text)
    qsee_strlcpy                             0x00001205   Thumb Code    66  qsee_comstr.o(.text)
    qsee_strlcat                             0x00001247   Thumb Code    86  qsee_comstr.o(.text)
    qsee_wstrlen                             0x0000129d   Thumb Code    18  qsee_comstr.o(.text)
    wstrlcpy                                 0x000012af   Thumb Code    56  qsee_comstr.o(.text)
    qsee_wstrlcat                            0x000012e7   Thumb Code    48  qsee_comstr.o(.text)
    qsee_strtowstr                           0x00001317   Thumb Code    80  qsee_comstr.o(.text)
    qsee_wstrtostr                           0x00001367   Thumb Code    48  qsee_comstr.o(.text)
    qsee_wstrchr                             0x00001397   Thumb Code    24  qsee_comstr.o(.text)
    qsee_wstrcmp                             0x000013af   Thumb Code    20  qsee_comstr.o(.text)
    timesafe_memcmp                          0x000013c3   Thumb Code    62  timesafe_memcmp.o(.text)
    secpkcs8_parse                           0x00001401   Thumb Code   862  secpkcs8.o(.text)
    qsee_exec_protect_memory                 0x0000175f   Thumb Code    36  qsee_core_shim.o(.text)
    qsee_is_sw_fuse_blown                    0x00001783   Thumb Code    36  qsee_core_shim.o(.text)
    qsee_blow_sw_fuse                        0x000017a7   Thumb Code    32  qsee_core_shim.o(.text)
    qsee_read_jtag_id                        0x000017c7   Thumb Code    34  qsee_core_shim.o(.text)
    qsee_read_serial_num                     0x000017e9   Thumb Code    34  qsee_core_shim.o(.text)
    qsee_fuse_write                          0x0000180b   Thumb Code    36  qsee_core_shim.o(.text)
    qsee_fuse_read                           0x0000182f   Thumb Code    36  qsee_core_shim.o(.text)
    qsee_is_ns_range                         0x00001853   Thumb Code    36  qsee_core_shim.o(.text)
    qsee_is_s_tag_area                       0x00001877   Thumb Code    38  qsee_core_shim.o(.text)
    qsee_i2c_open                            0x0000189d   Thumb Code    32  qsee_core_shim.o(.text)
    qsee_i2c_read                            0x000018bd   Thumb Code    36  qsee_core_shim.o(.text)
    qsee_i2c_write                           0x000018e1   Thumb Code    36  qsee_core_shim.o(.text)
    qsee_i2c_close                           0x00001905   Thumb Code    32  qsee_core_shim.o(.text)
    qsee_spi_open                            0x00001925   Thumb Code    32  qsee_core_shim.o(.text)
    qsee_spi_read                            0x00001945   Thumb Code    36  qsee_core_shim.o(.text)
    qsee_spi_write                           0x00001969   Thumb Code    36  qsee_core_shim.o(.text)
    qsee_spi_close                           0x0000198d   Thumb Code    32  qsee_core_shim.o(.text)
    qsee_spi_full_duplex                     0x000019ad   Thumb Code    36  qsee_core_shim.o(.text)
    qsee_hdmi_status_read                    0x000019d1   Thumb Code    36  qsee_core_shim.o(.text)
    qsee_read_hw_version                     0x000019f5   Thumb Code    34  qsee_core_shim.o(.text)
    qsee_get_tz_app_id                       0x00001a17   Thumb Code    34  qsee_core_shim.o(.text)
    qsee_get_uptime                          0x00001a39   Thumb Code    34  qsee_timer_shim.o(.text)
    qsee_wdog_stop                           0x00001a5b   Thumb Code    32  qsee_timer_shim.o(.text)
    qsee_wdog_pet                            0x00001a7b   Thumb Code    32  qsee_timer_shim.o(.text)
    memscpy                                  0x00001a9b   Thumb Code    30  memscpy.o(.text)
    secure_memset                            0x00001ab9   Thumb Code    20  secure_memset.o(.text)
    secmath_BIGINT_read_unsigned_bin         0x00001acd   Thumb Code   128  secmath_BIGINT_read_unsigned_bin.o(.text)
    ce_rsa_encrypt                           0x00001b4d   Thumb Code   314  secrsa_encryption.o(.text)
    ce_rsa_decrypt                           0x00001c87   Thumb Code   272  secrsa_encryption.o(.text)
    ce_rsa_sign_hash                         0x00001d97   Thumb Code   260  secrsa_signature.o(.text)
    ce_rsa_verify_signature                  0x00001e9b   Thumb Code   348  secrsa_signature.o(.text)
    secasn1_decode_tag                       0x00001ff7   Thumb Code    84  secasn1.o(.text)
    secasn1_decode_length                    0x0000204b   Thumb Code   110  secasn1.o(.text)
    secasn1_start                            0x000020b9   Thumb Code   100  secasn1.o(.text)
    secasn1_end                              0x0000211d   Thumb Code    44  secasn1.o(.text)
    secasn1_close_sequence                   0x00002149   Thumb Code    88  secasn1.o(.text)
    secasn1_next_field                       0x000021a1   Thumb Code   206  secasn1.o(.text)
    secasn1_decode_bit_string                0x0000226f   Thumb Code    40  secasn1.o(.text)
    secasn1_decode_boolean                   0x00002297   Thumb Code    36  secasn1.o(.text)
    ce_rsa_exptmod                           0x000022bb   Thumb Code   388  secrsa_exptmod.o(.text)
    ce_util_count_bits                       0x0000243f   Thumb Code    48  secrsa_utils.o(.text)
    ce_util_count_bytes                      0x0000246f   Thumb Code    68  secrsa_utils.o(.text)
    ce_util_init_s_bigint                    0x000024b3   Thumb Code    42  secrsa_utils.o(.text)
    ce_util_free_s_bigint                    0x000024dd   Thumb Code    10  secrsa_utils.o(.text)
    ce_util_reverse_str                      0x000024e7   Thumb Code    30  secrsa_utils.o(.text)
    ce_util_cmp                              0x00002505   Thumb Code   116  secrsa_utils.o(.text)
    ce_util_cmp_d                            0x00002579   Thumb Code    48  secrsa_utils.o(.text)
    ce_util_to_unsigned_bin                  0x000025a9   Thumb Code   144  secrsa_utils.o(.text)
    ce_util_read_unsigned_bin                0x00002639   Thumb Code     4  secrsa_utils.o(.text)
    ce_util_replace_zeros                    0x0000263d   Thumb Code    50  secrsa_utils.o(.text)
    secrsa_memset                            0x0000266f   Thumb Code    20  secrsa_mem.o(.text)
    ce_pkcs1_v1_5_padding_encode             0x00002683   Thumb Code   354  secrsa_padding.o(.text)
    ce_pkcs1_v1_5_padding_decode             0x000027e5   Thumb Code   198  secrsa_padding.o(.text)
    i2osp                                    0x000028ab   Thumb Code    76  secrsa_padding.o(.text)
    ce_pkcs1_mgf1                            0x000028f7   Thumb Code   318  secrsa_padding.o(.text)
    ce_pkcs1_oaep_padding_encode             0x00002a35   Thumb Code   710  secrsa_padding.o(.text)
    ce_pkcs1_oaep_padding_decode             0x00002cfb   Thumb Code   608  secrsa_padding.o(.text)
    ce_pkcs1_pss_padding_encode              0x00002f5b   Thumb Code   502  secrsa_padding.o(.text)
    ce_pkcs1_pss_padding_verify              0x00003151   Thumb Code   466  secrsa_padding.o(.text)
    ce_pkcs1_pss_padding_verify_auto_recover_saltlen 0x00003323   Thumb Code   512  secrsa_padding.o(.text)
    mod_exp                                  0x00003523   Thumb Code   502  secmath_mod_exp.o(.text)
    secmath_BIGINT_modexp                    0x00003719   Thumb Code   172  secmath_mod_exp.o(.text)
    RSA_CRT_exponent_bignum                  0x000037c5   Thumb Code   348  secrsa_crt.o(.text)
    RSA_CRT_exponent                         0x00003921   Thumb Code   262  secrsa_crt.o(.text)
    montmul_ref                              0x00003a27   Thumb Code   228  secmath_montmul_ref.o(.text)
    montmul_one_ref                          0x00003b0b   Thumb Code   194  secmath_montmul_ref.o(.text)
    compare                                  0x00003bcd   Thumb Code    38  secmath_montmul_utils.o(.text)
    increment                                0x00003bf3   Thumb Code    42  secmath_montmul_utils.o(.text)
    decrement                                0x00003c1d   Thumb Code    58  secmath_montmul_utils.o(.text)
    negate                                   0x00003c57   Thumb Code   118  secmath_montmul_utils.o(.text)
    sub                                      0x00003ccd   Thumb Code    48  secmath_montmul_utils.o(.text)
    add                                      0x00003cfd   Thumb Code    46  secmath_montmul_utils.o(.text)
    addition                                 0x00003d2b   Thumb Code    46  secmath_montmul_utils.o(.text)
    find_MSB32                               0x00003d59   Thumb Code    52  secmath_montmul_utils.o(.text)
    find_bn_MSB                              0x00003d8d   Thumb Code   104  secmath_montmul_utils.o(.text)
    inverse32                                0x00003df5   Thumb Code    62  secmath_montmul_utils.o(.text)
    right_shift                              0x00003e33   Thumb Code   200  secmath_montmul_utils.o(.text)
    mult_base_mod_m                          0x00004023   Thumb Code   228  secmath_barrett_reduce.o(.text)
    mult_R_mod_m                             0x00004107   Thumb Code   472  secmath_barrett_reduce.o(.text)
    ce_bignum_add                            0x000042df   Thumb Code    76  secrsa_math2.o(.text)
    ce_bignum_sub                            0x0000432b   Thumb Code   116  secrsa_math2.o(.text)
    ce_bignum_modular_reduction              0x0000439f   Thumb Code   408  secrsa_math2.o(.text)
    ce_bignum_util_mul                       0x00004537   Thumb Code   296  secrsa_math2.o(.text)
    secmath_BIGNUM_modexp                    0x0000465f   Thumb Code   240  secrsa_math2.o(.text)
    strstr                                   0x0000474f   Thumb Code    36  strstr.o(.text)
    memcmp                                   0x00004773   Thumb Code    88  memcmp.o(.text)
    strlen                                   0x000047cb   Thumb Code    58  strlen.o(.text)
    memset                                   0x00004805   Thumb Code    22  memset.o(.text)
    __aeabi_memclr                           0x0000481b   Thumb Code     0  rt_memclr.o(.text)
    __rt_memclr                              0x0000481b   Thumb Code    68  rt_memclr.o(.text)
    _memset                                  0x0000481f   Thumb Code     0  rt_memclr.o(.text)
    __aeabi_memclr4                          0x0000485f   Thumb Code     0  rt_memclr_w.o(.text)
    __aeabi_memclr8                          0x0000485f   Thumb Code     0  rt_memclr_w.o(.text)
    __rt_memclr_w                            0x0000485f   Thumb Code    78  rt_memclr_w.o(.text)
    _memset_w                                0x00004863   Thumb Code     0  rt_memclr_w.o(.text)
    __aeabi_uread4                           0x000048ad   Thumb Code     0  uread4.o(.text)
    __rt_uread4                              0x000048ad   Thumb Code    22  uread4.o(.text)
    __aeabi_uwrite4                          0x000048c3   Thumb Code     0  uwrite4.o(.text)
    __rt_uwrite4                             0x000048c3   Thumb Code    22  uwrite4.o(.text)
    _printf_pre_padding                      0x000048d9   Thumb Code    46  _printf_pad.o(.text)
    _printf_post_padding                     0x00004907   Thumb Code    36  _printf_pad.o(.text)
    _printf_truncate_signed                  0x0000492b   Thumb Code    18  _printf_truncate.o(.text)
    _printf_truncate_unsigned                0x0000493d   Thumb Code    18  _printf_truncate.o(.text)
    _printf_str                              0x0000494f   Thumb Code    82  _printf_str.o(.text)
    _printf_charcount                        0x000049a1   Thumb Code    42  _printf_charcount.o(.text)
    _sputc                                   0x000049cb   Thumb Code    10  _sputc.o(.text)
    _snputc                                  0x000049d5   Thumb Code    16  _snputc.o(.text)
    _is_digit                                0x000049e5   Thumb Code    14  __printf_wp.o(i._is_digit)
    _printf_n                                0x000049f3   Thumb Code     0  _printf_n.o(.ARM.Collect$$_printf_percent$$00000001)
    _printf_percent                          0x000049f3   Thumb Code     0  _printf_percent.o(.ARM.Collect$$_printf_percent$$00000000)
    _printf_p                                0x000049f9   Thumb Code     0  _printf_p.o(.ARM.Collect$$_printf_percent$$00000002)
    _printf_f                                0x000049ff   Thumb Code     0  _printf_f.o(.ARM.Collect$$_printf_percent$$00000003)
    _printf_e                                0x00004a05   Thumb Code     0  _printf_e.o(.ARM.Collect$$_printf_percent$$00000004)
    _printf_g                                0x00004a0b   Thumb Code     0  _printf_g.o(.ARM.Collect$$_printf_percent$$00000005)
    _printf_a                                0x00004a11   Thumb Code     0  _printf_a.o(.ARM.Collect$$_printf_percent$$00000006)
    _printf_ll                               0x00004a17   Thumb Code     0  _printf_ll.o(.ARM.Collect$$_printf_percent$$00000007)
    _printf_i                                0x00004a21   Thumb Code     0  _printf_i.o(.ARM.Collect$$_printf_percent$$00000008)
    _printf_d                                0x00004a27   Thumb Code     0  _printf_d.o(.ARM.Collect$$_printf_percent$$00000009)
    _printf_u                                0x00004a2d   Thumb Code     0  _printf_u.o(.ARM.Collect$$_printf_percent$$0000000A)
    _printf_o                                0x00004a33   Thumb Code     0  _printf_o.o(.ARM.Collect$$_printf_percent$$0000000B)
    _printf_x                                0x00004a39   Thumb Code     0  _printf_x.o(.ARM.Collect$$_printf_percent$$0000000C)
    _printf_lli                              0x00004a3f   Thumb Code     0  _printf_lli.o(.ARM.Collect$$_printf_percent$$0000000D)
    _printf_lld                              0x00004a45   Thumb Code     0  _printf_lld.o(.ARM.Collect$$_printf_percent$$0000000E)
    _printf_llu                              0x00004a4b   Thumb Code     0  _printf_llu.o(.ARM.Collect$$_printf_percent$$0000000F)
    _printf_llo                              0x00004a51   Thumb Code     0  _printf_llo.o(.ARM.Collect$$_printf_percent$$00000010)
    _printf_llx                              0x00004a57   Thumb Code     0  _printf_llx.o(.ARM.Collect$$_printf_percent$$00000011)
    _printf_l                                0x00004a5d   Thumb Code     0  _printf_l.o(.ARM.Collect$$_printf_percent$$00000012)
    _printf_c                                0x00004a67   Thumb Code     0  _printf_c.o(.ARM.Collect$$_printf_percent$$00000013)
    _printf_s                                0x00004a6d   Thumb Code     0  _printf_s.o(.ARM.Collect$$_printf_percent$$00000014)
    _printf_lc                               0x00004a73   Thumb Code     0  _printf_lc.o(.ARM.Collect$$_printf_percent$$00000015)
    _printf_ls                               0x00004a79   Thumb Code     0  _printf_ls.o(.ARM.Collect$$_printf_percent$$00000016)
    _printf_percent_end                      0x00004a7f   Thumb Code     0  _printf_percent_end.o(.ARM.Collect$$_printf_percent$$00000017)
    __rt_lib_init_cpp_2                      0x00004a83   Thumb Code     0  libinit2.o(.ARM.Collect$$libinit$$00000030)
    __rt_lib_init_lc_ctype_2                 0x00004a83   Thumb Code     0  libinit2.o(.ARM.Collect$$libinit$$00000011)
    __rt_lib_init_lc_numeric_2               0x00004a83   Thumb Code     0  libinit2.o(.ARM.Collect$$libinit$$00000015)
    _printf_fp_dec                           0x00004a83   Thumb Code     4  printf1.o(x$fpl$printf1)
    _printf_int_common                       0x00004a87   Thumb Code   184  _printf_intcommon.o(.text)
    __lib_sel_fp_printf                      0x00004b3f   Thumb Code     2  _printf_fp_dec.o(.text)
    _printf_fp_dec_real                      0x00004ceb   Thumb Code   620  _printf_fp_dec.o(.text)
    _printf_cs_common                        0x00004f57   Thumb Code    20  _printf_char.o(.text)
    _printf_char                             0x00004f6b   Thumb Code    16  _printf_char.o(.text)
    _printf_string                           0x00004f7b   Thumb Code     8  _printf_char.o(.text)
    _printf_lcs_common                       0x00004f83   Thumb Code    20  _printf_wchar.o(.text)
    _printf_wchar                            0x00004f97   Thumb Code    16  _printf_wchar.o(.text)
    _printf_wstring                          0x00004fa7   Thumb Code     8  _printf_wchar.o(.text)
    _wcrtomb                                 0x00004faf   Thumb Code    64  _wcrtomb.o(.text)
    _btod_d2e                                0x00004fef   Thumb Code    62  btod.o(CL$$btod_d2e)
    _d2e_norm_op1                            0x0000502d   Thumb Code    96  btod.o(CL$$btod_d2e_norm_op1)
    _d2e_denorm_low                          0x0000508d   Thumb Code    70  btod.o(CL$$btod_d2e_denorm_low)
    _btod_emul                               0x000050d3   Thumb Code    40  btod.o(CL$$btod_emul)
    _btod_ediv                               0x000050fb   Thumb Code    40  btod.o(CL$$btod_ediv)
    _e2e                                     0x00005123   Thumb Code   198  btod.o(CL$$btod_e2e)
    __btod_mult_common                       0x000051e9   Thumb Code   580  btod.o(CL$$btod_mult_common)
    __btod_div_common                        0x0000542d   Thumb Code   696  btod.o(CL$$btod_div_common)
    __ARM_fpclassify                         0x00005765   Thumb Code    40  fpclassify.o(i.__ARM_fpclassify)
    __I$use$fp                               0x00005764   Number         0  usenofp.o(x$fpl$usenofp)
    Inline ARM to Thumb Veneer to __stack_chk_fail 0x0000578c   ARM Code       8  tzapp_lib_main.o(.text)
    qsee_err_fatal                           0x00005795   Thumb Code    34  tzapp_lib_main.o(.text)
    __stack_chk_fail                         0x000057b7   Thumb Code     2  tzapp_lib_main.o(.text)
    _sys_command_string                      0x000057b9   Thumb Code     4  tzapp_lib_main.o(.text)
    get_stack_base                           0x000057bd   Thumb Code    12  tzapp_lib_main.o(.text)
    get_stack_size                           0x000057c9   Thumb Code    24  tzapp_lib_main.o(.text)
    get_app_name                             0x000057e1   Thumb Code    12  tzapp_lib_main.o(.text)
    wait_for_next_request                    0x000057ed   Thumb Code   120  tzapp_lib_main.o(.text)
    qsee_cmnlib_free                         0x00005865   Thumb Code    54  tzapp_lib_main.o(.text)
    qsee_cmnlib_malloc                       0x0000589b   Thumb Code    60  tzapp_lib_main.o(.text)
    qsee_free                                0x000058d7   Thumb Code    52  tzapp_lib_main.o(.text)
    qsee_malloc                              0x0000590b   Thumb Code    54  tzapp_lib_main.o(.text)
    tzlib_app_entry                          0x00005941   Thumb Code   190  tzapp_lib_main.o(.text)
    get_app_entry                            0x000059ff   Thumb Code     6  tzapp_lib_main.o(.text)
    get_app_req_resp                         0x00005a05   Thumb Code    12  tzapp_lib_main.o(.text)
    qsee_read_register                       0x00005a11   Thumb Code    32  tzapp_lib_main.o(.text)
    qsee_request_service                     0x00005a31   Thumb Code    36  tzapp_lib_main.o(.text)
    qsee_wait                                0x00005a55   Thumb Code    34  tzapp_lib_main.o(.text)
    qsee_register_shared_buffer              0x00005a77   Thumb Code    34  tzapp_lib_main.o(.text)
    qsee_deregister_shared_buffer            0x00005a99   Thumb Code    32  tzapp_lib_main.o(.text)
    qsee_prepare_shared_buf_for_nosecure_read 0x00005ab9   Thumb Code    34  tzapp_lib_main.o(.text)
    qsee_prepare_shared_buf_for_secure_read  0x00005adb   Thumb Code    34  tzapp_lib_main.o(.text)
    qsee_set_global_flag                     0x00005afd   Thumb Code    32  tzapp_lib_main.o(.text)
    qsee_get_global_flag                     0x00005b1d   Thumb Code    34  tzapp_lib_main.o(.text)
    qsee_oem_process_cmd                     0x00005b3f   Thumb Code    36  tzapp_lib_main.o(.text)
    qsee_encapsulate_inter_app_message       0x00005b63   Thumb Code    36  tzapp_lib_main.o(.text)
    qsee_decapsulate_inter_app_message       0x00005b87   Thumb Code    46  tzapp_lib_main.o(.text)
    qsee_get_secure_state                    0x00005bb5   Thumb Code    32  tzapp_lib_main.o(.text)
    main                                     0x00005be8   ARM Code       8  widevine_main.o(.text)
    tz_app_init                              0x00005bf0   ARM Code      16  widevine_main.o(.text)
    tz_app_cmd_handler                       0x00005c00   ARM Code      96  widevine_main.o(.text)
    tz_app_shutdown                          0x00005c60   ARM Code       4  widevine_main.o(.text)
    tz_app_get_app_id                        0x00005c64   ARM Code      24  widevine_main.o(.text)
    tzcommon_cmd_handler                     0x00005c7c   ARM Code     208  app_common_svc_handler.o(.text)
    drmprov_cmd_handler                      0x00005d4c   ARM Code    1164  drmprov_entry.o(.text)
    config_set_pk_path                       0x000061d8   ARM Code     728  tzdrmconfig.o(.text)
    config_set_prov_path                     0x000064b0   ARM Code     112  tzdrmconfig.o(.text)
    config_set_log_path                      0x00006520   ARM Code      80  tzdrmconfig.o(.text)
    config_set_widevine_path                 0x00006570   ARM Code     304  tzdrmconfig.o(.text)
    config_set_widevine_dash_path            0x000066a0   ARM Code      88  tzdrmconfig.o(.text)
    config_set_test_path                     0x000066f8   ARM Code      88  tzdrmconfig.o(.text)
    config_set_aes_key_path                  0x00006750   ARM Code     176  tzdrmconfig.o(.text)
    config_set_prov_finalize_flag_path       0x00006800   ARM Code      76  tzdrmconfig.o(.text)
    init_tzdrm_config_path                   0x0000684c   ARM Code     200  tzdrmconfig.o(.text)
    get_IV_constraint_flag                   0x00006914   ARM Code      20  tzdrmconfig.o(.text)
    get_proprietary_play_enabler_video_protect 0x00006928   ARM Code      20  tzdrmconfig.o(.text)
    get_proprietary_play_enabler_default_behaviour 0x0000693c   ARM Code      20  tzdrmconfig.o(.text)
    get_robustness_ver                       0x00006950   ARM Code      20  tzdrmconfig.o(.text)
    set_robustness_ver                       0x00006964   ARM Code      20  tzdrmconfig.o(.text)
    get_aes_key_path                         0x00006978   ARM Code      52  tzdrmconfig.o(.text)
    get_audio_CP_enable_flag                 0x000069ac   ARM Code      20  tzdrmconfig.o(.text)
    get_proprietary_play_enabler_profile     0x000069c0   ARM Code      20  tzdrmconfig.o(.text)
    get_proprietary_opl_profile_0            0x000069d4   ARM Code      20  tzdrmconfig.o(.text)
    oem_disable_security_stream_check        0x000069e8   ARM Code      24  tzdrmconfig.o(.text)
    oem_get_IV_constraint                    0x00006a00   ARM Code      88  tzdrmconfig.o(.text)
    get_prov_constraint_flag                 0x00006a58   ARM Code      20  tzdrmconfig.o(.text)
    widevine_cmd_handler                     0x00006a6c   ARM Code    2180  widevine_entry.o(.text)
    widevine_dash_cmd_handler                0x000072f0   ARM Code     504  widevine_dash_entry.o(.text)
    drm_save_keys                            0x00007a60   ARM Code    2168  drm_generic_prov.o(.text)
    drm_verify_keys                          0x00008778   ARM Code     744  drm_generic_prov.o(.text)
    drm_prov_finalize                        0x00008a60   ARM Code     548  drm_generic_prov.o(.text)
    drm_app_save_qsee_ipc_wrapped_keys       0x00008c84   ARM Code    2504  drm_generic_prov.o(.text)
    drm_app_encapsulate_save_keys            0x0000964c   ARM Code    2300  drm_generic_prov.o(.text)
    drm_save_wrapped_keys                    0x00009f48   ARM Code    2124  drm_generic_prov.o(.text)
    appsver_checkversion                     0x0000a794   ARM Code      28  appsver.o(.text)
    get_internal_test_flag                   0x0000a7b0   ARM Code       8  tzapps_test_config.o(.text)
    qsapps_cpcheck_toggle                    0x0000a7b8   ARM Code     108  tzapps_test_config.o(.text)
    get_internal_test_CP_flag                0x0000a824   ARM Code       8  tzapps_test_config.o(.text)
    check_is_secfuse_state_inconsistent      0x0000a82c   ARM Code     160  tzapps_test_config.o(.text)
    get_internal_test_IVconstraint_flag      0x0000a8cc   ARM Code       8  tzapps_test_config.o(.text)
    OEMCrypto_EncryptAndStore                0x0000a8d5   Thumb Code   306  wv_oemcrypto_svc.o(.text)
    OEMCrypto_InstallKeybox                  0x0000aa07   Thumb Code   592  wv_oemcrypto_svc.o(.text)
    OEMCrypto_IsKeyboxValid                  0x0000ac57   Thumb Code  1352  wv_oemcrypto_svc.o(.text)
    OEMCrypto_IdentifyDevice                 0x0000b2b7   Thumb Code   352  wv_oemcrypto_svc.o(.text)
    OEMCrypto_GetKeyboxData                  0x0000b417   Thumb Code  1506  wv_oemcrypto_svc.o(.text)
    OEMCrypto_GetRandom                      0x0000b9f9   Thumb Code   138  wv_oemcrypto_svc.o(.text)
    OEMCrypto_Initialize                     0x0000ba83   Thumb Code   166  wv_oemcrypto_svc.o(.text)
    OEMCrypto_Terminate                      0x0000bb29   Thumb Code    80  wv_oemcrypto_svc.o(.text)
    OEMCrypto_GetKeyData                     0x0000bb79   Thumb Code  1322  wv_oemcrypto_svc.o(.text)
    OEMCrypto_GetDeviceID                    0x0000c0a3   Thumb Code   350  wv_oemcrypto_svc.o(.text)
    OEMCrypto_SetEntitlementKey              0x0000c6e7   Thumb Code   428  wv_oemcrypto_svc.o(.text)
    OEMCrypto_DeriveControlWord              0x0000c893   Thumb Code  1416  wv_oemcrypto_svc.o(.text)
    OEMCrypto_DecryptVideo                   0x0000d1cf   Thumb Code  2454  wv_oemcrypto_svc.o(.text)
    OEMCrypto_DecryptAudio                   0x0000db65   Thumb Code   954  wv_oemcrypto_svc.o(.text)
    QC_OEMCrypto_Delete_Keybox               0x0000df1f   Thumb Code  1022  wv_oemcrypto_svc.o(.text)
    OEMCrypto_Dash_Initialize                0x0000eb53   Thumb Code   104  wv_oemcrypto_dash.o(.text)
    decrypt_contiguous_buf                   0x00010091   Thumb Code  1574  wv_oemcrypto_dash.o(.text)
    wvdash_cipher_decrypt                    0x000106b7   Thumb Code   700  wv_oemcrypto_dash.o(.text)
    decrypt_non_contiguous_buf               0x00010973   Thumb Code  1512  wv_oemcrypto_dash.o(.text)
    check_in_range                           0x00010f5b   Thumb Code    22  wv_oemcrypto_dash.o(.text)
    wv_dash_core_initialize                  0x00010f71   Thumb Code    72  wv_oemcrypto_dash.o(.text)
    OEMCrypto_Dash_Terminate                 0x00010fb9   Thumb Code    86  wv_oemcrypto_dash.o(.text)
    wv_dash_core_terminate                   0x0001100f   Thumb Code    32  wv_oemcrypto_dash.o(.text)
    OEMCrypto_OpenSession                    0x0001102f   Thumb Code   140  wv_oemcrypto_dash.o(.text)
    wv_dash_core_open_session                0x000110bb   Thumb Code    36  wv_oemcrypto_dash.o(.text)
    OEMCrypto_CloseSession                   0x000110df   Thumb Code   796  wv_oemcrypto_dash.o(.text)
    wv_dash_core_close_session               0x000113fb   Thumb Code    38  wv_oemcrypto_dash.o(.text)
    OEMCrypto_GenerateDerivedKeys            0x00011421   Thumb Code   696  wv_oemcrypto_dash.o(.text)
    wv_dash_core_generate_derived_keys       0x000116d9   Thumb Code    76  wv_oemcrypto_dash.o(.text)
    OEMCrypto_GenerateNonce                  0x00011725   Thumb Code   602  wv_oemcrypto_dash.o(.text)
    wv_dash_core_generate_nonce              0x0001197f   Thumb Code    42  wv_oemcrypto_dash.o(.text)
    OEMCrypto_GenerateSignature              0x000119a9   Thumb Code   198  wv_oemcrypto_dash.o(.text)
    wv_dash_core_generate_signature          0x00011a6f   Thumb Code    88  wv_oemcrypto_dash.o(.text)
    OEMCrypto_LoadKeys                       0x00011ac7   Thumb Code  1648  wv_oemcrypto_dash.o(.text)
    wv_dash_core_load_keys                   0x00012137   Thumb Code   792  wv_oemcrypto_dash.o(.text)
    OEMCrypto_SelectKey                      0x0001244f   Thumb Code   386  wv_oemcrypto_dash.o(.text)
    OEMCrypto_RefreshKeys                    0x000125d1   Thumb Code  1570  wv_oemcrypto_dash.o(.text)
    wv_dash_core_refresh_keys                0x00012bf3   Thumb Code   366  wv_oemcrypto_dash.o(.text)
    wv_dash_core_select_keys                 0x00012d61   Thumb Code    56  wv_oemcrypto_dash.o(.text)
    OEMCrypto_DecryptCTR                     0x00012d99   Thumb Code   258  wv_oemcrypto_dash.o(.text)
    wv_dash_core_decrypt_ctr                 0x00012e9b   Thumb Code   666  wv_oemcrypto_dash.o(.text)
    OEMCrypto_RewrapDeviceRSAKey             0x00013135   Thumb Code  1018  wv_oemcrypto_dash.o(.text)
    wv_dash_core_rewrap_device_rsakey        0x0001352f   Thumb Code   730  wv_oemcrypto_dash.o(.text)
    OEMCrypto_LoadDeviceRSAKey               0x00013809   Thumb Code   394  wv_oemcrypto_dash.o(.text)
    wv_dash_core_load_device_rsakey          0x00013993   Thumb Code    56  wv_oemcrypto_dash.o(.text)
    OEMCrypto_GenerateRSASignature           0x000139cb   Thumb Code   418  wv_oemcrypto_dash.o(.text)
    wv_dash_core_generate_rsa_signature      0x00013b6d   Thumb Code   360  wv_oemcrypto_dash.o(.text)
    OEMCrypto_DeriveKeysFromSessionKey       0x00013cd5   Thumb Code   900  wv_oemcrypto_dash.o(.text)
    wv_dash_core_derive_key_from_session_key 0x00014059   Thumb Code   108  wv_oemcrypto_dash.o(.text)
    OEMCrypto_ApiVersion                     0x000140c5   Thumb Code    50  wv_oemcrypto_dash.o(.text)
    wv_dash_core_api_version                 0x000140f7   Thumb Code    36  wv_oemcrypto_dash.o(.text)
    OEMCrypto_Generic_Encrypt                0x0001411b   Thumb Code   864  wv_oemcrypto_dash.o(.text)
    wv_dash_core_generic_encrypt             0x0001447b   Thumb Code    96  wv_oemcrypto_dash.o(.text)
    OEMCrypto_Generic_Decrypt                0x000144db   Thumb Code  1064  wv_oemcrypto_dash.o(.text)
    wv_dash_core_generic_decrypt             0x00014903   Thumb Code    96  wv_oemcrypto_dash.o(.text)
    OEMCrypto_Generic_Sign                   0x00014963   Thumb Code   446  wv_oemcrypto_dash.o(.text)
    wv_dash_core_generic_sign                0x00014b21   Thumb Code   112  wv_oemcrypto_dash.o(.text)
    OEMCrypto_Generic_Verify                 0x00014b91   Thumb Code   906  wv_oemcrypto_dash.o(.text)
    wv_dash_core_generic_verify              0x00014f1b   Thumb Code    98  wv_oemcrypto_dash.o(.text)
    GetDeviceKey                             0x00015029   Thumb Code   386  wv_oemcrypto_prov.o(.text)
    OEMCrypto_WrapKeybox                     0x000151ab   Thumb Code   606  wv_oemcrypto_prov.o(.text)
    wv_dash_core_wrapkeybox                  0x00015409   Thumb Code   736  wv_oemcrypto_prov.o(.text)
    OEMCrypto_Dash_InstallKeybox             0x000156e9   Thumb Code   444  wv_oemcrypto_prov.o(.text)
    wv_dash_core_install_keybox              0x000158a5   Thumb Code    46  wv_oemcrypto_prov.o(.text)
    OEMCrypto_Dash_IsKeyboxValid             0x000158d3   Thumb Code   368  wv_oemcrypto_prov.o(.text)
    wv_dash_core_iskeybox_valid              0x00015a43   Thumb Code    32  wv_oemcrypto_prov.o(.text)
    OEMCrypto_Dash_GetKeyData                0x00015a63   Thumb Code  1186  wv_oemcrypto_prov.o(.text)
    wv_dash_core_get_keydata                 0x00015f05   Thumb Code    48  wv_oemcrypto_prov.o(.text)
    OEMCrypto_Dash_GetDeviceID               0x00015f35   Thumb Code   362  wv_oemcrypto_prov.o(.text)
    wv_dash_core_get_deviceid                0x0001609f   Thumb Code    48  wv_oemcrypto_prov.o(.text)
    OEMCrypto_Dash_GetRandom                 0x000160cf   Thumb Code   132  wv_oemcrypto_prov.o(.text)
    wv_dash_core_get_random                  0x00016153   Thumb Code    46  wv_oemcrypto_prov.o(.text)
    OEMCrypto_Dash_InstallEncapKeybox        0x00016181   Thumb Code  1504  wv_oemcrypto_prov.o(.text)
    wv_dash_core_install_encap_keybox        0x00016761   Thumb Code    46  wv_oemcrypto_prov.o(.text)
    OEMCrypto_Dash_InstallOEMWrappedKeybox   0x0001678f   Thumb Code   462  wv_oemcrypto_prov.o(.text)
    wv_dash_core_install_OEM_Wrapped_keybox  0x0001695d   Thumb Code    46  wv_oemcrypto_prov.o(.text)
    QC_OEMCrypto_Dash_Delete_Keybox          0x0001698b   Thumb Code   442  wv_oemcrypto_prov.o(.text)
    wv_dash_core_delete_keybox               0x00016b45   Thumb Code    32  wv_oemcrypto_prov.o(.text)
    oem_unwrap_keys                          0x00016c3c   ARM Code     144  drmprov_oemimpl.o(.text)
    tzbsp_exec_isTampered                    0x00016ccc   ARM Code      68  tzbsp_shim.o(.text)
    tzmemArray_getSegSize                    0x00016d48   ARM Code      84  tzmemarray.o(.text)
    tzmemArray_getSegAddress                 0x00016d9c   ARM Code      84  tzmemarray.o(.text)
    tzmemArray_getSegNumber                  0x00016df0   ARM Code      76  tzmemarray.o(.text)
    tzmemArray_printInfo                     0x00016ee8   ARM Code     124  tzmemarray.o(.text)
    tzmemArray_checkSizeAndNum               0x00016fac   ARM Code     264  tzmemarray.o(.text)
    tzmemArray_randomdivided                 0x000170b4   ARM Code     328  tzmemarray.o(.text)
    tzmemArray_evenlydivided                 0x000171fc   ARM Code     648  tzmemarray.o(.text)
    tzmem_new                                0x00017484   ARM Code     120  tzmem_ops.o(.text)
    tzmem_delete                             0x000174fc   ARM Code      16  tzmem_ops.o(.text)
    tzmem_is_s_area_tag                      0x0001750c   ARM Code     216  tzmem_ops.o(.text)
    tzmem_cacheflush_deregister              0x000175fc   ARM Code     160  tzmem_ops.o(.text)
    tzmem_cacheflush_register                0x0001769c   ARM Code     180  tzmem_ops.o(.text)
    tzmem_copy                               0x00017750   ARM Code     548  tzmem_ops.o(.text)
    tzmem_decrypt                            0x00017994   ARM Code     692  tzmem_ops.o(.text)
    tzmem_reverseByteOrder                   0x00017c48   ARM Code      88  tzmem_ops.o(.text)
    cacheflush_register                      0x00017ca1   Thumb Code   208  wv_decrypt_svc.o(.text)
    cacheflush_deregister                    0x00017d71   Thumb Code   204  wv_decrypt_svc.o(.text)
    wvcipher_decrypt                         0x00017e4d   Thumb Code   378  wv_decrypt_svc.o(.text)
    wvcipher_CipherTextStealing              0x00017fc7   Thumb Code  1216  wv_decrypt_svc.o(.text)
    rsa_pkcs8_ssa_pss_sign                   0x0001850b   Thumb Code   422  wv_oemcrypto_rsa.o(.text)
    rsa_pkcs8_oaep_decrypt                   0x000186b1   Thumb Code   346  wv_oemcrypto_rsa.o(.text)
    __aeabi_uldivmod                         0x00018a50   ARM Code       0  lludiv5.o(.text)
    _ll_udiv                                 0x00018a50   ARM Code     816  lludiv5.o(.text)
    _ll_udiv_donemoving                      0x00018a64   ARM Code       0  lludiv5.o(.text)
    __c89vsnprintf                           0x00018d81   Thumb Code    46  c89vsnprintf.o(.text)
    __aeabi_memcpy                           0x00018db4   ARM Code       0  rt_memcpy.o(.text)
    __rt_memcpy                              0x00018db4   ARM Code     212  rt_memcpy.o(.text)
    _memcpy_lastbytes                        0x00018e68   ARM Code       0  rt_memcpy.o(.text)
    __aeabi_memmove                          0x00018e88   ARM Code       0  rt_memmove.o(.text)
    __rt_memmove                             0x00018e88   ARM Code     212  rt_memmove.o(.text)
    __memmove_lastfew                        0x00018f3c   ARM Code       0  rt_memmove.o(.text)
    __aeabi_memcpy4                          0x00018f5c   ARM Code       0  rt_memcpy_w_qsp.o(.text)
    __aeabi_memcpy8                          0x00018f5c   ARM Code       0  rt_memcpy_w_qsp.o(.text)
    __rt_memcpy_w                            0x00018f5c   ARM Code     124  rt_memcpy_w_qsp.o(.text)
    _memcpy_lastbytes_aligned                0x00018fc0   ARM Code       0  rt_memcpy_w_qsp.o(.text)
    __cpp_initialize__aeabi_                 0x00018fd9   Thumb Code    26  init_aeabi.o(.text)
    _printf_int_dec                          0x00018ffd   Thumb Code    98  _printf_dec.o(.text)
    _printf_char_common                      0x0001907b   Thumb Code    32  _printf_char_common.o(.text)
    _printf_wctomb                           0x000190a1   Thumb Code   178  _printf_wctomb.o(.text)
    _printf_longlong_dec                     0x00019159   Thumb Code   104  _printf_longlong_dec.o(.text)
    _printf_longlong_oct                     0x000191d1   Thumb Code    76  _printf_oct_int_ll.o(.text)
    _printf_int_oct                          0x0001921d   Thumb Code    24  _printf_oct_int_ll.o(.text)
    _printf_ll_oct                           0x00019235   Thumb Code    12  _printf_oct_int_ll.o(.text)
    _printf_longlong_hex                     0x00019249   Thumb Code    92  _printf_hex_int_ll_ptr.o(.text)
    _printf_int_hex                          0x000192a5   Thumb Code    28  _printf_hex_int_ll_ptr.o(.text)
    _printf_ll_hex                           0x000192c1   Thumb Code    12  _printf_hex_int_ll_ptr.o(.text)
    _printf_hex_ptr                          0x000192cd   Thumb Code    18  _printf_hex_int_ll_ptr.o(.text)
    __printf                                 0x000192e5   Thumb Code   386  __printf_flags_ss_wp.o(.text)
    __aeabi_memmove4                         0x0001946c   ARM Code       0  rt_memmove_w.o(.text)
    __aeabi_memmove8                         0x0001946c   ARM Code       0  rt_memmove_w.o(.text)
    __rt_memmove_w                           0x0001946c   ARM Code     128  rt_memmove_w.o(.text)
    __memmove_aligned                        0x00019498   ARM Code       0  rt_memmove_w.o(.text)
    __memmove_lastfew_aligned                0x000194d4   ARM Code       0  rt_memmove_w.o(.text)
    _ll_udiv10                               0x000194ec   ARM Code     152  lludiv10.o(.text)
    __rt_udiv10                              0x00019584   ARM Code      44  rtudiv10.o(.text)
    __rt_ctype_table                         0x000195b1   Thumb Code    16  rt_ctype_table.o(.text)
    __rt_locale                              0x000195c1   Thumb Code    12  rt_locale.o(.text)
    _printf_fp_infnan                        0x000195cd   Thumb Code   112  _printf_fp_infnan.o(.text)
    _btod_etento                             0x0001964d   Thumb Code   210  bigflt0.o(.text)
    _get_lc_numeric                          0x00019725   Thumb Code    44  lc_numeric_c.o(locale$$code)
    _get_lc_ctype                            0x00019751   Thumb Code    44  lc_ctype_c.o(locale$$code)
    strcmp                                   0x0001977c   ARM Code     156  strcmp.o(.text)
    __aeabi_idiv                             0x0001981c   ARM Code       0  aeabi_sdivfast_rs.o(.text)
    __aeabi_idivmod                          0x0001981c   ARM Code     556  aeabi_sdivfast_rs.o(.text)
    security_stream_checker_get_version      0x00019a48   ARM Code      16  security_stream_checker.o(.text)
    security_stream_checker_register_callback 0x00019a58   ARM Code      44  security_stream_checker.o(.text)
    security_stream_checker_init             0x00019a84   ARM Code      92  security_stream_checker.o(.text)
    security_stream_checker                  0x00019ae0   ARM Code    1292  security_stream_checker.o(.text)
    crc_16_calc                              0x00019ff0   ARM Code     168  crc.o(.text)
    crc_16_l_calc                            0x0001a098   ARM Code     156  crc.o(.text)
    crc_30_calc                              0x0001a134   ARM Code     160  crc.o(.text)
    crc_30_step                              0x0001a1d4   ARM Code     160  crc.o(.text)
    crc_16_step                              0x0001a274   ARM Code      84  crc.o(.text)
    crc_16_l_step                            0x0001a2c8   ARM Code      84  crc.o(.text)
    crc_32_calc                              0x0001a31c   ARM Code     148  crc.o(.text)
    tzbuf_init                               0x0001a4d4   ARM Code     196  tzbuffer.o(.text)
    tzbuf_getOffset                          0x0001a598   ARM Code      56  tzbuffer.o(.text)
    tzbuf_getSize                            0x0001a6ac   ARM Code      56  tzbuffer.o(.text)
    tzbuf_convertAddress                     0x0001a6e4   ARM Code     212  tzbuffer.o(.text)
    tzbuf_ops                                0x0001a7b8   ARM Code     580  tzbuffer.o(.text)
    tzbuf_ops_onsrc                          0x0001a9fc   ARM Code     484  tzbuffer.o(.text)
    tzbuf_memcpy                             0x0001abe0   ARM Code     184  tzbuffer.o(.text)
    tzbuf_printInfo                          0x0001ac98   ARM Code      56  tzbuffer.o(.text)
    app_export_init_info_to_qsee             0x0001ad00   ARM Code       0  tzapp_syscall.o(tzapp_syscall_asm)
    qsee_printf_syscall                      0x0001ad20   ARM Code       0  tzapp_syscall.o(tzapp_syscall_asm)
    qsee_wait_default_signal_syscall         0x0001ad38   ARM Code       0  tzapp_syscall.o(tzapp_syscall_asm)
    qsee_generic_syscall                     0x0001ad64   ARM Code       0  tzapp_syscall.o(tzapp_syscall_asm)
    Short Thumb to ARM Veneer to set_rw_base 0x0001ad89   Thumb Code     8  anon$$obj.o(Veneer$$Code)
    Position Independent Long ARM to Thumb Veneer to qsee_log 0x0001ad90   ARM Code      16  anon$$obj.o(Veneer$$Code)
    Position Independent Long ARM to Thumb Veneer to qsee_free 0x0001ada0   ARM Code      16  anon$$obj.o(Veneer$$Code)
    pkcs8_RSAEncryption                      0x0001adc6   Data           9  secpkcs8.o(.constdata)
    crc30_table                              0x00020058   Data        1024  crc.o(.constdata)
    crc16_table                              0x00020458   Data         512  crc.o(.constdata)
    crc_16_l_table                           0x00020658   Data         512  crc.o(.constdata)
    crc32_table                              0x00020858   Data        1024  crc.o(.constdata)
    DER_enc_hash                             0x00021300   Data         784  secrsa_padding.o(.constdata)
    __ctype                                  0x000216d5   Data           0  lc_ctype_c.o(locale$$data)
    SHT$$INIT_ARRAY$$Base                    0x000217d8   Number         0  tzapp_lib_main.o(.init_array)
    SHT$$INIT_ARRAY$$Limit                   0x000217e0   Number         0  widevine_dash_entry.o(.init_array)
    pgCmnlib                                 0x00022004   Data           4  tzapp_lib_main.o(.data)
    tzapp_lib                                0x00022008   Data           4  tzapp_lib_main.o(.data)
    cmnlib_rw_base                           0x0002200c   Data           4  tzapp_lib_main.o(.data)
    app_rw_base                              0x00022010   Data           4  tzapp_lib_main.o(.data)
    __stack_chk_guard                        0x00022014   Data           4  tzapp_lib_main.o(.data)
    dummy_str                                0x00022018   Data           4  tzapp_lib_main.o(.data)
    magic_num                                0x0002201c   Data          20  tzapp_lib_main.o(.data)
    magic_num_index_array                    0x00022030   Data          10  tzapp_lib_main.o(.data)
    TZ_APP_NAME                              0x0002203a   Data           9  widevine_main.o(.data)
    g_app_id                                 0x00022044   Data           4  widevine_main.o(.data)
    g_ww_dash_function                       0x00022054   Data         348  widevine_dash_entry.o(.data)
    file_truncation_flag                     0x000221b0   Data           1  drm_generic_prov.o(.data)
    g_internal_test_IVflag                   0x000221b2   Data           1  tzapps_test_config.o(.data)
    g_tz_apps_version                        0x000221bc   Data           4  wv_oemcrypto_svc.o(.data)
    lhash_0_sha1                             0x000222e0   Data          20  secrsa_padding.o(.data)
    lhash_0_sha256                           0x000222f4   Data          32  secrsa_padding.o(.data)
    gAppCntxt                                0x00022314   Data          20  tzapp_lib_main.o(.bss)
    application_heap                         0x00022328   Data          52  tzapp_lib_main.o(.bss)
    mem_magic_number                         0x0002235c   Data          12  tzapp_lib_main.o(.bss)
    apps_request_resp                        0x00022368   Data          20  tzapp_lib_main.o(.bss)
    g_playready_data_store                   0x0002237c   Data         256  tzdrmconfig.o(.bss)
    g_playready_cert_path                    0x0002247c   Data         256  tzdrmconfig.o(.bss)
    g_playready_cert_templ_path              0x0002257c   Data         256  tzdrmconfig.o(.bss)
    g_playready_priv_path                    0x0002267c   Data         256  tzdrmconfig.o(.bss)
    g_playready_sfs_prt_path                 0x0002277c   Data         256  tzdrmconfig.o(.bss)
    g_tz_log_file_name                       0x0002287c   Data         256  tzdrmconfig.o(.bss)
    g_wv_keybox_lv3_file_path                0x0002297c   Data         256  tzdrmconfig.o(.bss)
    g_wv_keybox_lv1_file_path                0x00022a7c   Data         256  tzdrmconfig.o(.bss)
    g_wv_device_id_file_path                 0x00022b7c   Data         256  tzdrmconfig.o(.bss)
    g_wv_keybox_sfs_dir                      0x00022c7c   Data         256  tzdrmconfig.o(.bss)
    g_wv_dash_keybox_file_path               0x00022d7c   Data         256  tzdrmconfig.o(.bss)
    g_wv_dash_keybox_sfs_dir                 0x00022e7c   Data         256  tzdrmconfig.o(.bss)
    g_drmtest_dir                            0x00022f7c   Data         256  tzdrmconfig.o(.bss)
    g_prov_path                              0x0002307c   Data         256  tzdrmconfig.o(.bss)
    g_single_time_prov_flag                  0x0002317c   Data         256  tzdrmconfig.o(.bss)
    g_playready_aes_key_file_path            0x0002327c   Data         256  tzdrmconfig.o(.bss)
    temp_blong_key                           0x00023494   Data        2064  secmath_mod_exp.o(.bss)
    Image$$TZ_APP_STACK$$ZI$$Base            0x00023cb8   Number         0  anon$$obj.o(TZ_APP_STACK.bss)
    Image$$TZ_APP_HEAP$$ZI$$Base             0x00024cb8   Number         0  anon$$obj.o(TZ_APP_HEAP.bss)
    Image$$TZ_APP_STACK$$ZI$$Limit           0x00024cb8   Number         0  anon$$obj.o(TZ_APP_STACK.bss)
    Image$$TZ_APP_HEAP$$ZI$$Limit            0x00039cb8   Number         0  anon$$obj.o(TZ_APP_HEAP.bss)



==============================================================================

Memory Map of the image

  Image Entry point : 0x00000000

  Load Region TZOS (Base: 0x00000000, Size: 0x000217e0, Max: 0xffffffff, PI)

    Execution Region TZOS_APP_CODE (Base: 0x00000000, Size: 0x000217e0, Max: 0xffffffff, PI)

    Base Addr    Size         Type   Attr      Idx    E Section Name        Object

    0x00000000   0x0000005c   Code   RO            3  * TZAPPENTRYCODE      tzapp_entry.o
    0x0000005c   0x000006c8   Code   RO            8    .text               memheap_lite.o
    0x00000724   0x000003c6   Code   RO           82    .text               tzapp_entrylib.lib(qsee_crypto_shim.o)
    0x00000aea   0x00000066   Code   RO          181    .text               tzapp_entrylib.lib(qsee_cache_shim.o)
    0x00000b50   0x00000672   Code   RO          413    .text               tzlib_proxy.lib(prxy_services.o)
    0x000011c2   0x00000200   Code   RO          573    .text               tzapp_entrylib.lib(qsee_comstr.o)
    0x000013c2   0x0000003e   Code   RO          693    .text               libstd.lib(timesafe_memcmp.o)
    0x00001400   0x0000035e   Code   RO          708    .text               secrsa.lib(secpkcs8.o)
    0x0000175e   0x000002da   Code   RO          764    .text               tzapp_entrylib.lib(qsee_core_shim.o)
    0x00001a38   0x00000062   Code   RO          782    .text               tzapp_entrylib.lib(qsee_timer_shim.o)
    0x00001a9a   0x0000001e   Code   RO          902    .text               libstd.lib(memscpy.o)
    0x00001ab8   0x00000014   Code   RO          914    .text               libstd.lib(secure_memset.o)
    0x00001acc   0x00000080   Code   RO          926    .text               secmath.lib(secmath_BIGINT_read_unsigned_bin.o)
    0x00001b4c   0x0000024a   Code   RO          945    .text               secrsa.lib(secrsa_encryption.o)
    0x00001d96   0x00000260   Code   RO          966    .text               secrsa.lib(secrsa_signature.o)
    0x00001ff6   0x000002c4   Code   RO          983    .text               secrsa.lib(secasn1.o)
    0x000022ba   0x00000184   Code   RO          996    .text               secrsa.lib(secrsa_exptmod.o)
    0x0000243e   0x00000230   Code   RO         1008    .text               secrsa.lib(secrsa_utils.o)
    0x0000266e   0x00000014   Code   RO         1021    .text               secrsa.lib(secrsa_mem.o)
    0x00002682   0x00000ea0   Code   RO         1033    .text               secrsa.lib(secrsa_padding.o)
    0x00003522   0x000002a2   Code   RO         1050    .text               secmath.lib(secmath_mod_exp.o)
    0x000037c4   0x00000262   Code   RO         1084    .text               secrsa.lib(secrsa_crt.o)
    0x00003a26   0x000001a6   Code   RO         1097    .text               secmath.lib(secmath_montmul_ref.o)
    0x00003bcc   0x0000032e   Code   RO         1109    .text               secmath.lib(secmath_montmul_utils.o)
    0x00003efa   0x000003e4   Code   RO         1123    .text               secmath.lib(secmath_barrett_reduce.o)
    0x000042de   0x00000470   Code   RO         1136    .text               secrsa.lib(secrsa_math2.o)
    0x0000474e   0x00000024   Code   RO         1155    .text               c_2e.l(strstr.o)
    0x00004772   0x00000058   Code   RO         1157    .text               c_2e.l(memcmp.o)
    0x000047ca   0x0000003a   Code   RO         1159    .text               c_2e.l(strlen.o)
    0x00004804   0x00000016   Code   RO         1165    .text               c_2e.l(memset.o)
    0x0000481a   0x00000044   Code   RO         1167    .text               c_2e.l(rt_memclr.o)
    0x0000485e   0x0000004e   Code   RO         1169    .text               c_2e.l(rt_memclr_w.o)
    0x000048ac   0x00000016   Code   RO         1173    .text               c_2e.l(uread4.o)
    0x000048c2   0x00000016   Code   RO         1175    .text               c_2e.l(uwrite4.o)
    0x000048d8   0x00000052   Code   RO         1189    .text               c_2e.l(_printf_pad.o)
    0x0000492a   0x00000024   Code   RO         1191    .text               c_2e.l(_printf_truncate.o)
    0x0000494e   0x00000052   Code   RO         1193    .text               c_2e.l(_printf_str.o)
    0x000049a0   0x0000002a   Code   RO         1197    .text               c_2e.l(_printf_charcount.o)
    0x000049ca   0x0000000a   Code   RO         1201    .text               c_2e.l(_sputc.o)
    0x000049d4   0x00000010   Code   RO         1203    .text               c_2e.l(_snputc.o)
    0x000049e4   0x0000000e   Code   RO         1247    i._is_digit         c_2e.l(__printf_wp.o)
    0x000049f2   0x00000000   Code   RO         1270    .ARM.Collect$$_printf_percent$$00000000  c_2e.l(_printf_percent.o)
    0x000049f2   0x00000006   Code   RO         1259    .ARM.Collect$$_printf_percent$$00000001  c_2e.l(_printf_n.o)
    0x000049f8   0x00000006   Code   RO         1261    .ARM.Collect$$_printf_percent$$00000002  c_2e.l(_printf_p.o)
    0x000049fe   0x00000006   Code   RO         1266    .ARM.Collect$$_printf_percent$$00000003  c_2e.l(_printf_f.o)
    0x00004a04   0x00000006   Code   RO         1267    .ARM.Collect$$_printf_percent$$00000004  c_2e.l(_printf_e.o)
    0x00004a0a   0x00000006   Code   RO         1268    .ARM.Collect$$_printf_percent$$00000005  c_2e.l(_printf_g.o)
    0x00004a10   0x00000006   Code   RO         1269    .ARM.Collect$$_printf_percent$$00000006  c_2e.l(_printf_a.o)
    0x00004a16   0x0000000a   Code   RO         1274    .ARM.Collect$$_printf_percent$$00000007  c_2e.l(_printf_ll.o)
    0x00004a20   0x00000006   Code   RO         1263    .ARM.Collect$$_printf_percent$$00000008  c_2e.l(_printf_i.o)
    0x00004a26   0x00000006   Code   RO         1264    .ARM.Collect$$_printf_percent$$00000009  c_2e.l(_printf_d.o)
    0x00004a2c   0x00000006   Code   RO         1265    .ARM.Collect$$_printf_percent$$0000000A  c_2e.l(_printf_u.o)
    0x00004a32   0x00000006   Code   RO         1262    .ARM.Collect$$_printf_percent$$0000000B  c_2e.l(_printf_o.o)
    0x00004a38   0x00000006   Code   RO         1260    .ARM.Collect$$_printf_percent$$0000000C  c_2e.l(_printf_x.o)
    0x00004a3e   0x00000006   Code   RO         1271    .ARM.Collect$$_printf_percent$$0000000D  c_2e.l(_printf_lli.o)
    0x00004a44   0x00000006   Code   RO         1272    .ARM.Collect$$_printf_percent$$0000000E  c_2e.l(_printf_lld.o)
    0x00004a4a   0x00000006   Code   RO         1273    .ARM.Collect$$_printf_percent$$0000000F  c_2e.l(_printf_llu.o)
    0x00004a50   0x00000006   Code   RO         1278    .ARM.Collect$$_printf_percent$$00000010  c_2e.l(_printf_llo.o)
    0x00004a56   0x00000006   Code   RO         1279    .ARM.Collect$$_printf_percent$$00000011  c_2e.l(_printf_llx.o)
    0x00004a5c   0x0000000a   Code   RO         1275    .ARM.Collect$$_printf_percent$$00000012  c_2e.l(_printf_l.o)
    0x00004a66   0x00000006   Code   RO         1257    .ARM.Collect$$_printf_percent$$00000013  c_2e.l(_printf_c.o)
    0x00004a6c   0x00000006   Code   RO         1258    .ARM.Collect$$_printf_percent$$00000014  c_2e.l(_printf_s.o)
    0x00004a72   0x00000006   Code   RO         1276    .ARM.Collect$$_printf_percent$$00000015  c_2e.l(_printf_lc.o)
    0x00004a78   0x00000006   Code   RO         1277    .ARM.Collect$$_printf_percent$$00000016  c_2e.l(_printf_ls.o)
    0x00004a7e   0x00000004   Code   RO         1341    .ARM.Collect$$_printf_percent$$00000017  c_2e.l(_printf_percent_end.o)
    0x00004a82   0x00000000   Code   RO         1295    .ARM.Collect$$libinit$$00000011  c_2e.l(libinit2.o)
    0x00004a82   0x00000000   Code   RO         1299    .ARM.Collect$$libinit$$00000015  c_2e.l(libinit2.o)
    0x00004a82   0x00000000   Code   RO         1323    .ARM.Collect$$libinit$$00000030  c_2e.l(libinit2.o)
    0x00004a82   0x00000004   Code   RO         1325    x$fpl$printf1       fz_2s.l(printf1.o)
    0x00004a86   0x000000b8   Code   RO         1331    .text               c_2e.l(_printf_intcommon.o)
    0x00004b3e   0x00000418   Code   RO         1333    .text               c_2e.l(_printf_fp_dec.o)
    0x00004f56   0x0000002c   Code   RO         1337    .text               c_2e.l(_printf_char.o)
    0x00004f82   0x0000002c   Code   RO         1339    .text               c_2e.l(_printf_wchar.o)
    0x00004fae   0x00000040   Code   RO         1342    .text               c_2e.l(_wcrtomb.o)
    0x00004fee   0x0000003e   Code   RO         1362    CL$$btod_d2e        c_2e.l(btod.o)
    0x0000502c   0x00000060   Code   RO         1363    CL$$btod_d2e_norm_op1  c_2e.l(btod.o)
    0x0000508c   0x00000046   Code   RO         1364    CL$$btod_d2e_denorm_low  c_2e.l(btod.o)
    0x000050d2   0x00000028   Code   RO         1365    CL$$btod_emul       c_2e.l(btod.o)
    0x000050fa   0x00000028   Code   RO         1366    CL$$btod_ediv       c_2e.l(btod.o)
    0x00005122   0x000000c6   Code   RO         1369    CL$$btod_e2e        c_2e.l(btod.o)
    0x000051e8   0x00000244   Code   RO         1371    CL$$btod_mult_common  c_2e.l(btod.o)
    0x0000542c   0x00000338   Code   RO         1372    CL$$btod_div_common  c_2e.l(btod.o)
    0x00005764   0x00000000   Code   RO         1397    x$fpl$usenofp       fz_2s.l(usenofp.o)
    0x00005764   0x00000028   Code   RO         1398    i.__ARM_fpclassify  m_2s.l(fpclassify.o)
    0x0000578c   0x00000008   Ven    RO          135    .text               tzapp_entrylib.lib(tzapp_lib_main.o)
    0x00005794   0x00000454   Code   RO          135    .text               tzapp_entrylib.lib(tzapp_lib_main.o)
    0x00005be8   0x00000094   Code   RO          193    .text               sme_widevine_core_shared.lib(widevine_main.o)
    0x00005c7c   0x000000d0   Code   RO          215    .text               sme_app_common_svc.lib(app_common_svc_handler.o)
    0x00005d4c   0x0000048c   Code   RO          253    .text               sme_drmprov_shared.lib(drmprov_entry.o)
    0x000061d8   0x00000894   Code   RO          287    .text               sme_tzcommon_config_shared.lib(tzdrmconfig.o)
    0x00006a6c   0x00000884   Code   RO          309    .text               sme_widevine_core_shared.lib(widevine_entry.o)
    0x000072f0   0x000003d8   Code   RO          330    .text               sme_widevine_dash_core_shared.lib(widevine_dash_entry.o)
    0x000076c8   0x000030cc   Code   RO          362    .text               sme_drmprov_shared.lib(drm_generic_prov.o)
    0x0000a794   0x0000001c   Code   RO          400    .text               sme_tzcommon_version_shared.lib(appsver.o)
    0x0000a7b0   0x00000124   Code   RO          589    .text               sme_tzcommon_common_shared.lib(tzapps_test_config.o)
    0x0000a8d4   0x00003b70   Code   RO          606    .text               sme_widevine_shared.lib(wv_oemcrypto_svc.o)
    0x0000e444   0x00006be4   Code   RO          637    .text               sme_widevine_dash_shared.lib(wv_oemcrypto_dash.o)
    0x00015028   0x00001c14   Code   RO          674    .text               sme_widevine_dash_shared.lib(wv_oemcrypto_prov.o)
    0x00016c3c   0x00000090   Code   RO          724    .text               sme_drmprov_oemimpl.lib(drmprov_oemimpl.o)
    0x00016ccc   0x00000044   Code   RO          796    .text               sme_tzcommon_common_shared.lib(tzbsp_shim.o)
    0x00016d10   0x00000774   Code   RO          841    .text               sme_tzcommon_common_shared.lib(tzmemarray.o)
    0x00017484   0x0000081c   Code   RO          856    .text               sme_tzcommon_common_shared.lib(tzmem_ops.o)
    0x00017ca0   0x000007e6   Code   RO          871    .text               sme_widevine_shared.lib(wv_decrypt_svc.o)
    0x00018486   0x00000002   PAD
    0x00018488   0x000005c8   Code   RO          884    .text               sme_widevine_dash_shared.lib(wv_oemcrypto_rsa.o)
    0x00018a50   0x00000330   Code   RO         1151    .text               c_2e.l(lludiv5.o)
    0x00018d80   0x00000034   Code   RO         1153    .text               c_2e.l(c89vsnprintf.o)
    0x00018db4   0x000000d4   Code   RO         1161    .text               c_2e.l(rt_memcpy.o)
    0x00018e88   0x000000d4   Code   RO         1163    .text               c_2e.l(rt_memmove.o)
    0x00018f5c   0x0000007c   Code   RO         1171    .text               c_2e.l(rt_memcpy_w_qsp.o)
    0x00018fd8   0x00000024   Code   RO         1180    .text               c_2e.l(init_aeabi.o)
    0x00018ffc   0x00000074   Code   RO         1195    .text               c_2e.l(_printf_dec.o)
    0x00019070   0x00000030   Code   RO         1199    .text               c_2e.l(_printf_char_common.o)
    0x000190a0   0x000000b8   Code   RO         1205    .text               c_2e.l(_printf_wctomb.o)
    0x00019158   0x00000078   Code   RO         1208    .text               c_2e.l(_printf_longlong_dec.o)
    0x000191d0   0x00000078   Code   RO         1214    .text               c_2e.l(_printf_oct_int_ll.o)
    0x00019248   0x0000009c   Code   RO         1234    .text               c_2e.l(_printf_hex_int_ll_ptr.o)
    0x000192e4   0x00000188   Code   RO         1254    .text               c_2e.l(__printf_flags_ss_wp.o)
    0x0001946c   0x00000080   Code   RO         1280    .text               c_2e.l(rt_memmove_w.o)
    0x000194ec   0x00000098   Code   RO         1329    .text               c_2e.l(lludiv10.o)
    0x00019584   0x0000002c   Code   RO         1344    .text               c_2e.l(rtudiv10.o)
    0x000195b0   0x00000010   Code   RO         1350    .text               c_2e.l(rt_ctype_table.o)
    0x000195c0   0x0000000c   Code   RO         1352    .text               c_2e.l(rt_locale.o)
    0x000195cc   0x00000080   Code   RO         1357    .text               c_2e.l(_printf_fp_infnan.o)
    0x0001964c   0x000000d8   Code   RO         1359    .text               c_2e.l(bigflt0.o)
    0x00019724   0x0000002c   Code   RO         1385    locale$$code        c_2e.l(lc_numeric_c.o)
    0x00019750   0x0000002c   Code   RO         1408    locale$$code        c_2e.l(lc_ctype_c.o)
    0x0001977c   0x000000a0   Code   RO         1418    .text               c_2e.l(strcmp.o)
    0x0001981c   0x0000022c   Code   RO         1420    .text               c_2e.l(aeabi_sdivfast_rs.o)
    0x00019a48   0x000005a4   Code   RO          743    .text               sme_tzcommon_security_checker_shared.lib(security_stream_checker.o)
    0x00019fec   0x00000004   PAD
    0x00019ff0   0x000003c0   Code   RO          811    .text               sme_tzcommon_common_shared.lib(crc.o)
    0x0001a3b0   0x00000920   Code   RO          827    .text               sme_tzcommon_common_shared.lib(tzbuffer.o)
    0x0001acd0   0x00000030   PAD
    0x0001ad00   0x00000088   Code   RO          132    tzapp_syscall_asm   tzapp_entrylib.lib(tzapp_syscall.o)
    0x0001ad88   0x00000008   Ven    RO         1472    Veneer$$Code        anon$$obj.o
    0x0001ad90   0x00000010   Ven    RO         1473    Veneer$$Code        anon$$obj.o
    0x0001ada0   0x00000010   Ven    RO         1474    Veneer$$Code        anon$$obj.o
    0x0001adb0   0x00000016   Data   RO          590    .constdata          sme_tzcommon_common_shared.lib(tzapps_test_config.o)
    0x0001adc6   0x00000009   Data   RO          709    .constdata          secrsa.lib(secpkcs8.o)
    0x0001adcf   0x00000010   Data   RO          725    .constdata          sme_drmprov_oemimpl.lib(drmprov_oemimpl.o)
    0x0001addf   0x00000002   Data   RO          745    .constdata          sme_tzcommon_security_checker_shared.lib(security_stream_checker.o)
    0x0001ade1   0x00000002   Data   RO          746    .constdata          sme_tzcommon_security_checker_shared.lib(security_stream_checker.o)
    0x0001ade3   0x00000010   Data   RO          829    .constdata          sme_tzcommon_common_shared.lib(tzbuffer.o)
    0x0001adf3   0x00000062   Data   RO          842    .constdata          sme_tzcommon_common_shared.lib(tzmemarray.o)
    0x0001ae55   0x0000000b   Data   RO          843    .constdata          sme_tzcommon_common_shared.lib(tzmemarray.o)
    0x0001ae60   0x0000000e   Data   RO          844    .constdata          sme_tzcommon_common_shared.lib(tzmemarray.o)
    0x0001ae6e   0x0000000a   Data   RO          857    .constdata          sme_tzcommon_common_shared.lib(tzmem_ops.o)
    0x0001ae78   0x0000000d   Data   RO          858    .constdata          sme_tzcommon_common_shared.lib(tzmem_ops.o)
    0x0001ae85   0x0000003b   Data   RO          885    .constdata          sme_widevine_dash_shared.lib(wv_oemcrypto_rsa.o)
    0x0001aec0   0x00000028   Data   RO         1235    .constdata          c_2e.l(_printf_hex_int_ll_ptr.o)
    0x0001aee8   0x00000011   Data   RO         1255    .constdata          c_2e.l(__printf_flags_ss_wp.o)
    0x0001aef9   0x00000003   PAD
    0x0001aefc   0x0000006d   Data   RO          331    .constdata          sme_widevine_dash_core_shared.lib(widevine_dash_entry.o)
    0x0001af69   0x00000003   PAD
    0x0001af6c   0x0000061d   Data   RO          363    .constdata          sme_drmprov_shared.lib(drm_generic_prov.o)
    0x0001b589   0x00000003   PAD
    0x0001b58c   0x00000f9c   Data   RO          608    .constdata          sme_widevine_shared.lib(wv_oemcrypto_svc.o)
    0x0001c528   0x00002dec   Data   RO          639    .constdata          sme_widevine_dash_shared.lib(wv_oemcrypto_dash.o)
    0x0001f314   0x00000d42   Data   RO          675    .constdata          sme_widevine_dash_shared.lib(wv_oemcrypto_prov.o)
    0x00020056   0x00000002   PAD
    0x00020058   0x00000c00   Data   RO          812    .constdata          sme_tzcommon_common_shared.lib(crc.o)
    0x00020c58   0x0000011a   Data   RO          828    .constdata          sme_tzcommon_common_shared.lib(tzbuffer.o)
    0x00020d72   0x00000002   PAD
    0x00020d74   0x000001b9   Data   RO          859    .constdata          sme_tzcommon_common_shared.lib(tzmem_ops.o)
    0x00020f2d   0x00000003   PAD
    0x00020f30   0x000003cd   Data   RO          872    .constdata          sme_widevine_shared.lib(wv_decrypt_svc.o)
    0x000212fd   0x00000003   PAD
    0x00021300   0x00000310   Data   RO         1034    .constdata          secrsa.lib(secrsa_padding.o)
    0x00021610   0x00000008   Data   RO         1206    .constdata          c_2e.l(_printf_wctomb.o)
    0x00021618   0x00000094   Data   RO         1360    .constdata          c_2e.l(bigflt0.o)
    0x000216ac   0x0000001c   Data   RO         1384    locale$$data        c_2e.l(lc_numeric_c.o)
    0x000216c8   0x00000110   Data   RO         1407    locale$$data        c_2e.l(lc_ctype_c.o)
    0x000217d8   0x00000004   Data   RO          138    .init_array         tzapp_entrylib.lib(tzapp_lib_main.o)
    0x000217dc   0x00000004   Data   RO          333    .init_array         sme_widevine_dash_core_shared.lib(widevine_dash_entry.o)



  Load Region TZOS_APP_DATA (Base: 0x00022000, Size: 0x00000314, Max: 0xffffffff, PI)

    Execution Region TZ_APP_RW (Base: 0x00022000, Size: 0x00001cb8, Max: 0xffffffff, PI)

    Base Addr    Size         Type   Attr      Idx    E Section Name        Object

    0x00022000   0x00000004   Data   RW         1469    PDT$$ptr            anon$$obj.o
    0x00022004   0x00000036   Data   RW          137    .data               tzapp_entrylib.lib(tzapp_lib_main.o)
    0x0002203a   0x00000009   Data   RW          194    .data               sme_widevine_core_shared.lib(widevine_main.o)
    0x00022043   0x00000001   PAD
    0x00022044   0x00000004   Data   RW          195    .data               sme_widevine_core_shared.lib(widevine_main.o)
    0x00022048   0x0000000c   Data   RW          289    .data               sme_tzcommon_config_shared.lib(tzdrmconfig.o)
    0x00022054   0x0000015c   Data   RW          332    .data               sme_widevine_dash_core_shared.lib(widevine_dash_entry.o)
    0x000221b0   0x00000002   Data   RW          364    .data               sme_drmprov_shared.lib(drm_generic_prov.o)
    0x000221b2   0x00000001   Data   RW          591    .data               sme_tzcommon_common_shared.lib(tzapps_test_config.o)
    0x000221b3   0x00000002   Data   RW          592    .data               sme_tzcommon_common_shared.lib(tzapps_test_config.o)
    0x000221b5   0x00000003   PAD
    0x000221b8   0x00000020   Data   RW          609    .data               sme_widevine_shared.lib(wv_oemcrypto_svc.o)
    0x000221d8   0x000000d8   Data   RW          640    .data               sme_widevine_dash_shared.lib(wv_oemcrypto_dash.o)
    0x000222b0   0x00000030   Data   RW          747    .data               sme_tzcommon_security_checker_shared.lib(security_stream_checker.o)
    0x000222e0   0x00000034   Data   RW         1035    .data               secrsa.lib(secrsa_padding.o)
    0x00022314   0x00000068   Zero   RW          136    .bss                tzapp_entrylib.lib(tzapp_lib_main.o)
    0x0002237c   0x00001000   Zero   RW          288    .bss                sme_tzcommon_config_shared.lib(tzdrmconfig.o)
    0x0002337c   0x00000020   Zero   RW          607    .bss                sme_widevine_shared.lib(wv_oemcrypto_svc.o)
    0x0002339c   0x000000c8   Zero   RW          638    .bss                sme_widevine_dash_shared.lib(wv_oemcrypto_dash.o)
    0x00023464   0x00000030   Zero   RW          744    .bss                sme_tzcommon_security_checker_shared.lib(security_stream_checker.o)
    0x00023494   0x00000810   Zero   RW         1051    .bss                secmath.lib(secmath_mod_exp.o)
    0x00023ca4   0x00000014   Zero   RW         1353    .bss                c_2e.l(rt_locale.o)


    Execution Region TZ_APP_STACK (Base: 0x00023cb8, Size: 0x00001000, Max: 0x00001000, PI, UNINIT)

    Base Addr    Size         Type   Attr      Idx    E Section Name        Object

    0x00023cb8   0x00001000   Zero   RW            1    TZ_APP_STACK.bss    anon$$obj.o


    Execution Region TZ_APP_HEAP (Base: 0x00024cb8, Size: 0x00015000, Max: 0x00015000, PI, UNINIT)

    Base Addr    Size         Type   Attr      Idx    E Section Name        Object

    0x00024cb8   0x00015000   Zero   RW            2    TZ_APP_HEAP.bss     anon$$obj.o


==============================================================================

Image component sizes


      Code (inc. data)   RO Data    RW Data    ZI Data      Debug   Object Name

      1736          0          0          0          0      15700   memheap_lite.o
        92          0          0          0          0        680   tzapp_entry.o

    ----------------------------------------------------------------------
      1868          8          0          4      90112      16380   Object Totals
        40          8          0          4      90112          0   (incl. Generated)
         0          0          0          0          0          0   (incl. Padding)

    ----------------------------------------------------------------------

      Code (inc. data)   RO Data    RW Data    ZI Data      Debug   Library Member Name

       392          6         17          0          0         88   __printf_flags_ss_wp.o
        14          0          0          0          0         68   __printf_wp.o
         6          0          0          0          0          0   _printf_a.o
         6          0          0          0          0          0   _printf_c.o
        44          0          0          0          0        108   _printf_char.o
        48          6          0          0          0         96   _printf_char_common.o
        42          0          0          0          0         68   _printf_charcount.o
         6          0          0          0          0          0   _printf_d.o
       116         18          0          0          0         92   _printf_dec.o
         6          0          0          0          0          0   _printf_e.o
         6          0          0          0          0          0   _printf_f.o
      1048          0          0          0          0        208   _printf_fp_dec.o
       128         16          0          0          0         84   _printf_fp_infnan.o
         6          0          0          0          0          0   _printf_g.o
       156          6         40          0          0        160   _printf_hex_int_ll_ptr.o
         6          0          0          0          0          0   _printf_i.o
       184          0          0          0          0         88   _printf_intcommon.o
        10          0          0          0          0          0   _printf_l.o
         6          0          0          0          0          0   _printf_lc.o
        10          0          0          0          0          0   _printf_ll.o
         6          0          0          0          0          0   _printf_lld.o
         6          0          0          0          0          0   _printf_lli.o
         6          0          0          0          0          0   _printf_llo.o
         6          0          0          0          0          0   _printf_llu.o
         6          0          0          0          0          0   _printf_llx.o
       120         16          0          0          0         92   _printf_longlong_dec.o
         6          0          0          0          0          0   _printf_ls.o
         6          0          0          0          0          0   _printf_n.o
         6          0          0          0          0          0   _printf_o.o
       120          8          0          0          0        124   _printf_oct_int_ll.o
         6          0          0          0          0          0   _printf_p.o
        82          0          0          0          0        108   _printf_pad.o
         0          0          0          0          0          0   _printf_percent.o
         4          0          0          0          0          0   _printf_percent_end.o
         6          0          0          0          0          0   _printf_s.o
        82          0          0          0          0         80   _printf_str.o
        36          0          0          0          0         84   _printf_truncate.o
         6          0          0          0          0          0   _printf_u.o
        44          0          0          0          0        108   _printf_wchar.o
       184          6          8          0          0         88   _printf_wctomb.o
         6          0          0          0          0          0   _printf_x.o
        16          0          0          0          0         68   _snputc.o
        10          0          0          0          0         68   _sputc.o
        64          0          0          0          0         92   _wcrtomb.o
       556          0          0          0          0         72   aeabi_sdivfast_rs.o
       216          6        148          0          0         96   bigflt0.o
      1910        128          0          0          0        640   btod.o
        52          6          0          0          0         80   c89vsnprintf.o
        36         10          0          0          0         80   init_aeabi.o
        44         10        272          0          0         72   lc_ctype_c.o
        44         10         28          0          0         72   lc_numeric_c.o
         0          0          0          0          0          0   libinit2.o
       152          0          0          0          0         76   lludiv10.o
       816         64          0          0          0         80   lludiv5.o
        88          0          0          0          0         76   memcmp.o
        22          0          0          0          0         72   memset.o
        16          4          0          0          0         72   rt_ctype_table.o
        12          4          0          0         20         64   rt_locale.o
        68          0          0          0          0         64   rt_memclr.o
        78          0          0          0          0         76   rt_memclr_w.o
       212          0          0          0          0         64   rt_memcpy.o
       124          0          0          0          0         92   rt_memcpy_w_qsp.o
       212          0          0          0          0         64   rt_memmove.o
       128          0          0          0          0         76   rt_memmove_w.o
        44          0          0          0          0         64   rtudiv10.o
       160          4          0          0          0         76   strcmp.o
        58          0          0          0          0         68   strlen.o
        36          0          0          0          0         80   strstr.o
        22          0          0          0          0         64   uread4.o
        22          0          0          0          0         64   uwrite4.o
         4          0          0          0          0         68   printf1.o
         0          0          0          0          0          0   usenofp.o
        30          0          0          0          0        802   memscpy.o
        20          0          0          0          0       1404   secure_memset.o
        62          0          0          0          0       1526   timesafe_memcmp.o
        40          0          0          0          0         68   fpclassify.o
       128          0          0          0          0       2131   secmath_BIGINT_read_unsigned_bin.o
       996          0          0          0          0       5429   secmath_barrett_reduce.o
       674          0          0          0       2064       4653   secmath_mod_exp.o
       422          0          0          0          0       3038   secmath_montmul_ref.o
       814          0          0          0          0       6245   secmath_montmul_utils.o
       708          0          0          0          0       5454   secasn1.o
       862          0          9          0          0       5419   secpkcs8.o
       610          0          0          0          0       3941   secrsa_crt.o
       586          0          0          0          0       4780   secrsa_encryption.o
       388          0          0          0          0       3013   secrsa_exptmod.o
      1136          0          0          0          0       5869   secrsa_math2.o
        20          0          0          0          0        764   secrsa_mem.o
      3744          0        784         52          0      18276   secrsa_padding.o
       608          0          0          0          0       5115   secrsa_signature.o
       560          0          0          0          0       5109   secrsa_utils.o
       208          0          0          0          0       5351   app_common_svc_handler.o
       144         32         16          0          0       2190   drmprov_oemimpl.o
     12492       4076       1565          2          0      18190   drm_generic_prov.o
      1164          0          0          0          0       5622   drmprov_entry.o
       960          0       3072          0          0       4507   crc.o
       292         96         22          3          0       2134   tzapps_test_config.o
        68          0          0          0          0        880   tzbsp_shim.o
      2336        296        298          0          0       8519   tzbuffer.o
      2076        372        464          0          0       7499   tzmem_ops.o
      1908        176        123          0          0       6227   tzmemarray.o
      2196        328          0         12       4096      10879   tzdrmconfig.o
      1444         16          4         48         48       5945   security_stream_checker.o
        28          0          0          0          0       1359   appsver.o
      2180          0          0          0          0      11439   widevine_entry.o
       148          0          0         13          0       2955   widevine_main.o
       984        192        113        348          0      18669   widevine_dash_entry.o
     27620       8038      11756        216        200      60318   wv_oemcrypto_dash.o
      7188       2890       3394          0          0      16763   wv_oemcrypto_prov.o
      1480        582         59          0          0       8228   wv_oemcrypto_rsa.o
      2022        550        973          0          0       6897   wv_decrypt_svc.o
     15216       6808       3996         32         32      29545   wv_oemcrypto_svc.o
       102          0          0          0          0       1433   qsee_cache_shim.o
       512          0          0          0          0       5413   qsee_comstr.o
       730          0          0          0          0      11852   qsee_core_shim.o
       966          0          0          0          0      18373   qsee_crypto_shim.o
        98          0          0          0          0       1163   qsee_timer_shim.o
      1116         14          4         54        104      16873   tzapp_lib_main.o
       136          0          0          0          0        664   tzapp_syscall.o
      1650          0          0          0          0      60232   prxy_services.o

    ----------------------------------------------------------------------
    108132      24794      27184        784       6564     437599   Library Totals
        54          0         19          4          0          0   (incl. Padding)

    ----------------------------------------------------------------------

      Code (inc. data)   RO Data    RW Data    ZI Data      Debug   Library Name

      8202        328        513          0         20       4376   c_2e.l
         4          0          0          0          0         68   fz_2s.l
       112          0          0          0          0       3732   libstd.lib
        40          0          0          0          0         68   m_2s.l
      3034          0          0          0       2064      21496   secmath.lib
      9222          0        793         52          0      57740   secrsa.lib
       208          0          0          0          0       5351   sme_app_common_svc.lib
       144         32         16          0          0       2190   sme_drmprov_oemimpl.lib
     13656       4076       1565          2          0      23812   sme_drmprov_shared.lib
      7640        940       3979          3          0      29766   sme_tzcommon_common_shared.lib
      2196        328          0         12       4096      10879   sme_tzcommon_config_shared.lib
      1444         16          4         48         48       5945   sme_tzcommon_security_checker_shared.lib
        28          0          0          0          0       1359   sme_tzcommon_version_shared.lib
      2328          0          0         13          0      14394   sme_widevine_core_shared.lib
       984        192        113        348          0      18669   sme_widevine_dash_core_shared.lib
     36288      11510      15209        216        200      85309   sme_widevine_dash_shared.lib
     17238       7358       4969         32         32      36442   sme_widevine_shared.lib
      3660         14          4         54        104      55771   tzapp_entrylib.lib
      1650          0          0          0          0      60232   tzlib_proxy.lib

    ----------------------------------------------------------------------
    108132      24794      27184        784       6564     437599   Library Totals

    ----------------------------------------------------------------------

==============================================================================


      Code (inc. data)   RO Data    RW Data    ZI Data      Debug   

    110000      24802      27184        788      96676     449051   Grand Totals
    110000      24802      27184        788      96676     449051   ELF Image Totals
    110000      24802      27184        788          0          0   ROM Totals

==============================================================================

    Total RO  Size (Code + RO Data)               137184 ( 133.97kB)
    Total RW  Size (RW Data + ZI Data)             97464 (  95.18kB)
    Total ROM Size (Code + RO Data + RW Data)     137972 ( 134.74kB)

==============================================================================

