*(.bss.lte_ml1_schdlr_obj)
*(.bss.pInterruptData)
*(.sdata.diag_services_initialized)
*(.bss.diag_non_hdlc_encode.diag_non_hdlc_state)
*(.sdata.diag_stm_enabled)
*(.sdata..CONST_fffffffffffc0000)
*(.sdata..CONST_00ffffff)
*(.sdata.rflm_w_tx_dm_data_ptr)
*(.sdata.rlc_debug_var)
*(.sdata.mcfg_mmu_table_last_entry)
*(.sdata.lte_ml1_gm_data_db)
*(.sdata.log_state)
*(.data.diag_f3_trace_detail_mask)
*(.data.diag_f3_trace_control_mask)
*(.sdata.datapath_f3_debug)
*(.bss.msg_qsr_expand_and_send_pkt.send)
*(.sdata.err_f3_trace_buffer_head)
*(.sdata.diag_cur_preset_id)
*(.sdata.maci_mac_rlc_debug_f3_enable)
*(.bss.lte_ml1_schdlr_systime)
*(.sdata.eulenc_debug_input_data_dump_level2)
*(.sdata.msg_v3_ss_num_table_entries)
*(.sdata.dma_iovec)
*(.rw_candidate_compress_section.ps_mem_crit_section)
*(.sdata.l1_p2_ul_ctrl_wrd_idx)
*(.sdata.piggyback_status_pdu)
*(.sdata.rlci_ul_pdu_cipher_log_on)
*(.sdata.ps_dpm_hw_dpl_enabled)
*(.bss.diagbuf_head)
*(.bss.phDalTimetickLegacyHandle)
*(.bss.diagbuf_tail)
*(.sdata.diag_drain_timer_pending)
*(.bss.diag_non_hdlc_encode.diag_non_hdlc_total_length)
*(.sdata.mac_hs_dl_tsn_bits)
*(.sdata.msg_v3_ss_table)
*(.sdata.msgr_send_active_cnt)
*(.sdata.npaResource)
*(.sdata.global_ps_crit_section)
*(.sdata.num_dsm_used_in_this_tti)
*(.sdata.rflm_lte_debug_params_ptr)
*(.data.diagbuf_send_pkt_single_proc.first_packet)
*(.wcdma_bss.l1_l2_data_buf)
*(.bss.diagbuf_drain.pad)
*(.wcdma_bss.mcalwcdma_dec_a2_dl_phy_num_task)
*(.sdata.diag_wcdma_wl1_frame_cb)
*(.sdata.rflm_w_lmem_input_cfg)
*(.bss.memheap_info_free_array_cnt)
*(.sdata.mcalwcdma_dec_ehs_cur_sdu_scaned_deciph)
*(.bss.rflm_w_script_settings)
*(.sdata.dec_hdr_rd_idx)
*(.sdata.mac_hs_ul_pdu_type)
*(.sdata..CONST_00c0000000000000)
*(.sdata.macehs_num_dl_lgch)
*(.sdata.rex_posix_tls_key)
*(.sdata.rflm_w_pa_mpr_swpt_backoff)
*(.sdata.rxd_prim_ant_id)
*(.bss.lte_pdcpul_cb_data_ptr)
*(.wcdma_bss.rlc_ul_comp_mutex)
*(.sdata.rflm_cmn_dbg_ccs_scrutiny_task_memory_enabled)
*(.bss.Timetick_DalTimetick_Attach.clientCtxt)
*(.sdata.l1m_state)
*(.sdata..CONST_7fffffffffffffff)
*(.sdata.rflm_w_lmem_table_sel)
*(.sdata.rflm_w_txagc_update_ready)
*(.sdata.rflm_w_txagc_buffer_idx)
*(.bss.lte_ml1_schdlr_event_list)
*(.bss.sleep_idle_entry_ptr)
*(.bss.diagbuf_commit_size)
*(.bss.hTimetickSclk64Handle)
*(.bss.hTimerHandle)
*(.sdata.eul_irq_cycle)
*(.sdata.mac_hs_or_ehs)
*(.bss.time_get_optimized_till_msec.ts_val_msecs)
*(.wcdma_bss.dob_handle_crit_sect)
*(.wcdma_bss.cur_cfn)
*(.sdata.rflm_sim_trace)
*(.data.QURTK_int_nest_allow)
*(.wcdma_bss.mac_hs_status_pkt_cnt)
*(.data.diagbuf_send_pkt_single_proc.enc)
*(.sdata.alloc_count_f3)
*(.bss.msgr_log_local_seq)
*(.bss.qsr_msg_drop_delta)
*(.data.diag_f3_trace_mask)
*(.bss.diag_f3_trace_buffer_initialized.b)
*(.sdata.hs_channel_active)
*(.sdata.msg_enabled_mask)
*(.sdata.diag_int_feature_mask)
*(.sdata.rxd_div_ant_id)
*(.bss.diagbuf_send_pkt_single_proc.outbound_sav)
*(.sdata.e_ul_curr_phychan_cfg_db_ptr)
*(.sdata.srch_pn_bypass_srch_params)
*(.bss.lte_ml1_schdlr_log)
*(.wcdma_bss.dl_am_pdu_info)
*(.sdata.ds_eps_dbg_flag)
*(.wcdma_bss.l2_nv_rel_indicator)
*(.sdata.dl_sync_debug_msg_enable)
*(.bss.lte_pdcpdl_cb_data_ptr)
*(.bss.diagbuf_drain.iTailIdx)
*(.sdata.rflm_w_txagc_offset)
*(.sdata.rflm_w_txagc_et_dac_off_safe)
*(.sdata..CONST_00008000)
*(.sdata.rflm_w_txagc_disable)
*(.sdata.rflm_w_txagc_et_dac_status)
*(.bss.msg_qsr_expand_and_send_pkt.state_sav)
*(.sdata.ul_state)
*(.sdata.mac_hs_logging)
*(.sdata.mac_hs_ul_log_etfci_flag)
*(.sdata.wl1_ue_in_plt_mode)
*(.sdata.mcalwcdma_dec_hs_cur_blk_start_offset_deciph)
*(.bss.lte_ml1_debug_log)
*(.sdata.mac_ehs_logging)
*(.bss.timer_qemu_mutex)
*(.bss.ps_ext_sig_mask)
*(.wcdma_bss.stmr_status_dump_mutex)
*(.sdata.wl1_hs_rach_state)
*(.sdata.mcalwcdma_dec_ehs_dm_addr)
*(.bss.lte_ml1_schdlr_cswitch)
*(.bss.lte_ml1_nv_cfg)
*(.sdata.mac_hs_ul_log_hdr_flag)
*(.sdata.stmr_wcdma_xo_cnt)
*(.sdata.mcalwcdma_dec_hs_tb_deciph_len)
*(.sdata.mcalwcdma_dec_ehs_dm_move_bit_pos)
*(.sdata.mcalwcdma_dec_non_dtx_mode_en)
*(.sdata.mcalwcdma_dec_hs_deciph_start_bit_pos)
*(.wcdma_bss.mac_ehs_tsn_log_buf)
*(.sdata.num_max_dsm_item_per_tti)
*(.sdata.DEBUG_EUL_DL_LOGGING)
*(.sdata.debug_qxdm_ul_isr_tmg_enabled)
*(.sdata.wfw_intf_tx_eul_async_write_ptr)
*(.sdata.LTE_ML1_LOG_F3_ENABLED)
*(.sdata.hs_cur_dl_info_idx)
*(.sdata..CONST_a1a362bb06fd60fb)
*(.wcdma_bss.edpch_param_db_idx)
*(.sdata..CONST_000000007ff80000)
*(.bss.time_get_optimized_till_msec.tt_msec_boundry)
*(.data.diagbuf_drain.send)
*(.sdata.diagbuf_commit_threshold)
*(.wcdma_bss.mac_hs_cfg_mutex)
*(.sdata.rlc_activity_flag)
*(.sdata..CONST_00020000)
*(.sdata..CONST_0001ffff)
*(.sdata..CONST_fffe0000)
*(.sdata.rflm_lte_prev_sf_ue_srs_present)
*(.sdata.mcalwcdma_fwsw_intf_addr_ptr)
*(.sdata.rlci_dl_pdu_cipher_log_on)
*(.sdata.ps_task_crit_section)
*(.sdata.search_state)
*(.sdata.rlc_ptp_debug_var)
*(.sdata..CONST_003ff800)
*(.sdata.e_dl_read_idx_ag_hich_buf)
*(.bss.msgri_umid_logging_flag.b)
*(.sdata.rflm_w_txagc_ccs_mem_offset)
*(.sdata.memheap_tls_key)
*(.sdata.cur_mdsp_status_fifo)
*(.sdata.rlci_log_mask)
*(.sdata.rflte_core_txpl_bandedge_maxpower_pa_switchpt_backoff)
*(.sdata.rflm_w_pa_mpr_last_swpt_backoff)
*(.sdata.e_ul_curr_sub_fn_val)
*(.sdata.ps_dpm_crit_section)
*(.bss.lte_ml1_schdlr_mode)
*(.bss.is_heap_initialized.b)
*(.bss.diagbuf_send_pkt_single_proc.tx_cnt_sav)
*(.wcdma_bss.cur_sfn)
*(.bss.rf_timetick_handle)
*(.wcdma_bss.debug_eul_timing_idx)
*(.bss.msgr)
*(.sdata.rex_ps_rm_tcb)
*(.bss.lte_ml1_schdlr_obj_list)
*(.sdata.srch_pn_result_buf)
*(.wcdma_bss.e_ul_isr_l2_datapath_mutex)
*(.sdata.mcalwcdma_dec_last_read_mdsp_fifo_result)
*(.sdata.rflm_lte_rxagc_log_data_flag)
*(.bss.timer_active_timers_count)
*(.sdata.eul_irq1_irq2_count)
*(.sdata.rflm_w_txagc_skip_pa_stm)
*(.sdata.rflm_w_txagc_mpr)
*(.sdata.diag_msg_ext)
*(.sdata.mcalwcdma_dec_dmov_transfer_pending)
*(.sdata.mcalwcdma_dec_hs_blk_deciph_first_bit_offset)
*(.data.approx_ulin_to_dB_linlut8_LUT)
*(.sdata.mcalwcdma_dec_hs_saved_rd_fifo_idx)
*(.data.msg_stream_ssid_tbl_mask)
*(.bss.lte_ml1_schdlr_group)
*(.sdata.mdsp_rsp_trace_debug_buffer_cur_idx)
*(.sdata.rflm_lte_dm_for_all_cell_ptr)
*(.sdata..CONST_00000000ffffffff)
*(.sdata.eul_fiq_global_cur_fn)
*(.sdata.rflm_fbrx_enable_time_profiling)
*(.bss.a2_ul_phy_hspa)
*(.wcdma_bss.hs_cfg_crit_sec)
*(.sdata.rex_any_task_allowed_to_block)
*(.sdata.mcalwcdma_dec_hs_tb_deciph_start_addr)
*(.sdata.rflm_lte_dm_rx_info_ptr)
*(.sdata.e_ul_curr_cfn_val)
*(.sdata.l1_cm_no_tgps_valid)
*(.sdata.e_dl_read_idx_ns_rg_buf)
*(.wcdma_bss.mcalwcdma_dec_a2_dl_phy_hw_state)
*(.wcdma_bss.mcalwcdma_dec_gather_and_decipher_pending)
*(.wcdma_bss.eul_pwr_offset_si_req_info)
*(.bss.diagbuf_drain.fp)
*(.bss.lte_pdcpul_log_ptr)
*(.bss.diagbuf_drain.iTail_temp)
*(.tds_bss.tdsl1_cxm_pwr_rpt_timer)
*(.bss.timer_while_cnt)
*(.sdata.mac_hs_ul_etfci_log_pacekt_status)
*(.sdata.rf_call_threshold_cfg_valid)
*(.sdata.lte_ml1_schdlr_db)
*(.sdata.rlc_am_poll_sufi_support)
*(.sdata.buf_status_log)
*(.bss.qsr_msg_total)
*(.bss.rfwcdma_core_txplim_backoff_limit)
*(.bss.lte_plt_enabled)
*(.bss.rflm_w_txagc_fixup_cfg_ptr)
*(.sdata.mac_hs_ul_hdr_log_pacekt_status)
*(.sdata.hs_dob_status_fifo_ptr)
*(.sdata..CONST_0000ff00)
*(.rodata.a2_dl_per_mux_tagid_bridged)
*(.sdata.pwr_ctrl_sync_log_pkt_sample)
*(.bss.timer_expired_cnt_slave2)
*(.bss.timer_q6_signal)
*(.sdata.hdrpacdsif_sn_cleanup_func_ptr)
*(.wcdma_bss.wl1_local_cmd_handle_crit_sect)
*(.sdata.enc_cur_pwr_buf_idx)
*(.sdata.piggy_back_complete_pdu_ptr)
*(.sdata.mcalwcdma_dec_hs_tb_rcvd)
*(.sdata.dl_tx_dpch_mod_timing_set_ready)
*(.sdata.rex_ps_tcb)
*(.bss.modem_mem_heap)
*(.bss.timer_pc_mask_mutex)
*(.rodata.a2_dl_per_taskq_hal)
*(.sdata.mac_hs_reset_timer_valid_state)
*(.wcdma_bss.mac_hs_dl_window_handler.mac_hs_rcvd_tsn_cnt)
*(.sdata.timer_api_log_cnt)
*(.sdata.eul_sg_hs_rach_harq_tx_bmsk)
*(.rodata.downsample3)
*(.data.a2_taskq_status_task_length)
*(.data.msgr_table)
*(.data.lte_ml1_gm_bw_to_bw_idx_mapping)
*(.data.LTE_ML1_SCHDLR2_STM)
*(.sdata.log_etfci_reason)
*(.sdata.wl1_rxd_scch_subframe_idx)
*(.sdata.wl1_bcch_dec_done)
*(.wcdma_bss.rlc_mac_dl_pdu_mutex)
*(.bss.rfwcdma_mdsp_data_ptr)
*(.wcdma_bss.mac_hs_ul_log_macd_present_bitstr)
*(.sdata.eulenc_available_eram_bank_idx)
*(.wcdma_bss.mac_hs_ul_log_si_status)
*(.sdata.dec_data_rd_idx)
*(.sdata.apply_boost)
*(.sdata.dl_header_read_event_called)
*(.sdata.hdr_rd_in_progress)
*(.sdata.dl_tb_data_read_event_called)
*(.sdata.mac_ul_hs_debug_f3_enable)
*(.sdata..CONST_000000000000ffff)
*(.sdata.bandedge_maxpower_backoff)
*(.sdata.mcalwcdma_dec_last_read_fifo_info_idx)
*(.sdata.ps_rm_tcb)
*(.sdata.mcalwcdma_dec_skip_decode_done_isr_cnt)
*(.bss.audioifVirtOffset)
*(.bss.audioifPhyBase)
*(.data.e_ul_cpc_dtx_state)
*(.sdata.eul_fiq_global_cur_subfn)
*(.sdata.ps_rm_enabled_sig_mask)
*(.sdata..CONST_003c0000)
*(.bss.log_mask_offset_tbl)
*(.sdata.global_ul_opt_fltr_arr)
*(.sdata.e_ul_stop_edch_tx_bf_setup)
*(.sdata..CONST_003ffffe)
*(.sdata.tx_meta_info_ptr)
*(.wcdma_bss.srchsetutil_crit_sect)
*(.sdata.wl1_ul_eul_qta_active)
*(.sdata.e_ul_call_harq_po_func_in_second_fiq_ind)
*(.sdata.hs_rach_mac_timers_log_pkt_status)
*(.sdata.e_ul_cm_func_called)
*(.sdata.timer_set_cnt)
*(.bss.pkts_array)
*(.sdata..CONST_fffc0000)
*(.sdata..CONST_0003ffff)
*(.wcdma_bss.dec_tsn_q_crit_sect)
*(.bss.diag_non_hdlc_encode.diag_non_hdlc_length2)
*(.rw_candidate_compress_section.mcfg_MMU_table)
*(.bss.diag_non_hdlc_encode.diag_non_hdlc_length1)
*(.sdata.hs_cur_ul_info_idx)
*(.sdata.mac_hs_dl_curr_state)
*(.sdata.alloc_count_log)
*(.sdata.mac_hs_status_pkt_list)
*(.sdata.hs_dl_cfg_db_idx_for_info_table)
*(.sdata.euledpch_srb_state)
*(.sdata.eul_pdu_built_in_prev_frame)
*(.sdata.dl_pdu_decode_result)
*(.bss.lte_ml1_common_info)
*(.bss.lte_ml1_schdlr_req_list)
*(.sdata..CONST_cccccccd)
*(.data.pCoefs200)
*(.sdata.ul_tfc_pwr_elmn_state)
*(.sdata.a2_task_msg_signal)
*(.rodata.log_last_item_tbl)
*(.rodata.downsample2)
*(.rw_candidate_compress_section._ZL15pAtomicCritSect)
*(.sdata.ul_dpcch_slot_fmt_nm)
*(.wcdma_bss.rlc_ul_init_am_log_params.num_tti)
*(.bss.avtimer_base_virt_addr)
*(.wcdma_bss.dl_ctl_blk_id_tbl)
*(.sdata.wfw_intf_tx_hsdpcch_async_write_ptr)
*(.wcdma_bss.mac_hs_ul_loop_limit)
*(.wcdma_bss.rlc_tsn_info_q)
*(.wcdma_bss.curr_etfci)
*(.sdata.dlt_wfw_intf_dpcch_async_read_ptr)
*(.bss.lte_ml1_schdlr_pwr_mgmt_info)
*(.bss.lte_ml1_coex)
*(.bss.rflm_ccs_thread_param)
*(.rodata.LTE_ML1_SCHDLR2_STM_constdata)
*(.bss.lte_rlcdli)
*(.sdata.lte_ml1_gm_pwr_cntrl_alpha_j_sw)
*(.sdata.mac_ehs_p_to_c_logging)
*(.wcdma_bss.mac_ehs_recfg_mutex)
*(.sdata.dl_pc_num_fpc_decision_0)
*(.sdata.cur_harq_process_id)
*(.rodata.a2_common_tasks_nop)
*(.wcdma_bss.timeprofile_heapmem_allocated.b)
*(.rodata.Timetick_InitInterface.vtbl)
*(.wcdma_bss.e_ul_cfg_params_mutex)
*(.sdata.timer_expired_debug_cnt)
*(.wcdma_bss.dec_tsn_info_free_q)
*(.rodata.downsample5)
*(.data.LTE_ML1_GM_SM)
*(.bss.hTimerSlavesHandle)
*(.sdata.mcalwcdma_evt_comb_cfg_in_progress)
*(.sdata.mac_hs_ul_reconfig_in_progress)
*(.sdata.rflm_lte_txagc_assert_if_prev_sf_was_srs)
*(.wcdma_bss.mac_hs_ul_compute_si_content.si_value)
*(.sdata.l1_debug_disable_mpr)
*(.sdata.e_ul_edpch_state)
*(.sdata.wenc_debug_disable_hdet_correction)
*(.sdata.rflm_lte_txagc_assert_if_prev_sf_was_cell_srs)
*(.wcdma_bss.mac_hs_ul_nex_tx)
*(.sdata.wl1_rxd_scch_frame_idx)
*(.sdata.rflm_lte_txagc_assert_if_prev_sf_was_pusch)
*(.sdata.rflm_lte_txagc_assert_if_prev_sf_was_prach)
*(.sdata.pwr_offset_log_reason)
*(.bss.rflm_lte_txagc_digital_settings.dtr_tbl_sel)
*(.sdata.stmr_int_events_to_be_processed_mask)
*(.sdata..CONST_00000000000000ff)
*(.sdata.stmr_cntr_src)
*(.wcdma_bss.mac_hs_ul_pwr_offset_compn_results)
*(.rodata.LTE_ML1_SCHDLR2_STM_perinst_constdata)
*(.sdata.eul_activate_ss_tables_pending)
*(.sdata.rflm_lte_txagc_assert_if_prev_sf_was_srs_uppts)
*(.sdata.ultpc_debug_log_pkt_sample)
*(.sdata.rflm_lte_txagc_assert_if_prev_sf_was_dtx)
*(.sdata.enc_dpch_hs_pwr_param_ready)
*(.sdata.mcalwcdma_dec_num_dob_status_fifo_rece)
*(.sdata.rflm_lte_txagc_assert_if_prev_sf_was_pucch)
*(.sdata.debug_disable_hw_write)
*(.sdata.hs_stat_info_buf_idx)
*(.data.mcalwcdma_evt_eul_tl_event_array)
*(.bss.timer_slave2_tcb_ptr)
*(.bss.timer_expired_cnt_global_slave2)
*(.sdata.eul_curr_etfc_tab_ptr)
*(.wcdma_bss.mac_hs_reordering_entity)
*(.wcdma_bss.dec_tsn_info_q)
*(.sdata.ps_tcb)
*(.wcdma_bss.eulenc_turbo_ileav_parms)
*(.wcdma_bss.hs_logging_crit_sec)
*(.sdata.f_mdsp_and_rf_awake)
*(.sdata.e_ul_sec_edpch_state)
*(.sdata.f_send_debug_primitive)
*(.sdata.high_low)
*(.wcdma_bss.dec_concatenated_pdu_tsn_q)
*(.wcdma_bss.l1_local_cmd_q)
*(.sdata.debug_tsn_issue)
*(.sdata.dl_phch_fdpch_enabled)
*(.sdata.mcalwcdma_dec_hs_cur_sid_scaned_deciph)
*(.sdata.e_ul_sec_edpch_recfg_state)
*(.sdata.mcalwcdma_dec_hs_num_blks_scaned_deciph)
*(.wcdma_bss.mcalwcdma_dec_a2_umts_dl_deinit_pending)
*(.sdata.edrx_dbg_sw_gating_hs)
*(.sdata.l1_ff_cmd_recevd)
*(.sdata.record_match_val_counter)
*(.sdata.sg_cur_page_idx)
*(.wcdma_bss.eul_cpc_dtx_tx_prev_tti)
*(.bss.lte_ml1_dlm_log_pdsch_stat_ind.saved_num_rbs)
*(.bss.lte_ml1_dlm_log_pdsch_stat_ind.saved_num_layers)
*(.data.curr_harq_idx)
*(.data.eul_update_dl_res_sg_call_mac_if_func.default_sg_available)
*(.wcdma_bss.dec_dob_status_fifo_q)
*(.bss.lte_ml1_mdb)
*(.data.lte_ml1_schdlr_config)
*(.bss.psi_enabled_sig_mask)
*(.wcdma_bss.stmr_view)
*(.wcdma_bss.applied_dl_results)
*(.sdata.e_ul_cpc_dtx_curr_cfg_db_ptr)
*(.sdata.num_active_trchs)
*(.wcdma_bss.mcalwcdma_dec_concatenated_pdu_tsn_internal_q)
*(.wcdma_bss.mcalwcdma_dec_tsn_info_internal_q)
*(.wcdma_bss.dec_dob_status_fifo_free_q)
*(.wcdma_bss.mcalwcdma_dec_dob_status_fifo_free_q)
*(.sdata..CONST_003fffff)
*(.sdata.rflte_core_tcb)
*(.wcdma_bss.total_num_p_to_c)
*(.wcdma_bss.mdspasync_write_edpch_cm_param.edpch_cm_param_db_idx)
*(.bss.dsm_dup_item_pool)
*(.sdata.ds_3gpp_nv_per_subs_info_p)
*(.sdata.avtimer_hal_func_def_ptr_g)
*(.sdata.diag_task_tcb)
*(.wcdma_bss.euledpch_process_edch_for_next_tti.edpch_sg_info)
*(.sdata..CONST_0000000000000200)
*(.sdata.hs_stat_refresh_info_flag)
*(.sdata.dl_dch_dsch_crc_err_count)
*(.wcdma_bss.hs_scch_stats_log)
*(.wcdma_bss.eul_new_tx)
*(.sdata.dl_num_dch_dsch_tb)
*(.wcdma_bss.eul_start_edch_data_path_fiq_handler.e_ul_cpc_dtx_data_pre_fiq_to_fiq)
*(.sdata.rxd_state)
*(.sdata.hs_stat_info_table_idx)
*(.sdata.ul_next_frame_is_compressed)
*(.bss.timer_free_q)
*(.wcdma_bss.mac_hs_ul_e_tfci_info)
*(.wcdma_bss.stmr_event_bitmask)
*(.bss.timer_slaves_cmd_q)
*(.wcdma_bss.l1_local_free_q)
*(.sdata.dec_decode_done_idx)
*(.wcdma_bss.mac_hs_ul_edch_control_info)
*(.sdata.lte_ml1_ulm)
*(.bss.allowflow.b)
*(.sdata.eul_edch_edldrx_params)
*(.wcdma_bss.curr_eram_bank_idx)
*(.wcdma_bss.mac_hs_ul_etfc_common_info)
*(.sdata.rflm_wcdma_ccs_mem_alloc_ptr)
*(.sdata.log_commit_last)
*(.bss.diagbuf_send_pkt_single_proc.new_chain.b)
*(.sdata.wcdma_mac_hs_dl_tcb)
*(.wcdma_bss.rlci_am_txq_arr)
*(.sdata.pthread_tcb_key)
*(.wcdma_bss.mac_hs_new_tsn_mutex)
*(.data.wl1_nv_rel_ind)
*(.sdata.wfw_intf_tx_eul_common_async_write_ptr)
*(.sdata.agchRdIdx)
*(.sdata.log_mask)
*(.sdata.tl_align_source)
*(.sdata.tmr_slave2_tcb)
*(.wcdma_bss.dl_olpc_mode)
*(.wcdma_bss.dec_concatenated_pdu_tsn_free_q)
*(.bss.lte_ml1_common_modulation)
*(.sdata.eul_curr_pwr_A_ec_norm_tab_ptr)
*(.sdata.dec_decode_done_start_end_idx)
*(.bss.lte_ml1_common_dl_pl_info)
*(.bss.pthread_id_table)
*(.bss.a2_task_main.sigs)
*(.sdata.wl1_hs_rach_logging_mask)
*(.sdata..CONST_003600500f000004)
*(.sdata.align_type)
*(.sdata.l1_phychan_waiting_for_mac)
*(.sdata.WCDMA_MODEM_STATS_LOGGING)
*(.sdata.enchs_log_accum_active)
*(.bss.fws_client_id)
*(.data.QURTK_tlb_available_count)
*(.sdata.wfw_intf_tx_async_read_ptr)
*(.data.rflm_txagc_pa_action_2_fixup_tbl)
*(.wcdma_bss.eul_start_edch_data_path_fiq_handler.edch_harq_sg_info)
*(.sdata.lte_ml1_gm_pusch_subfn_cntr)
*(.sdata.lte_ml1_gm_pwr_cntrl_p_acc)
*(.sdata.multisim_cxm_prev_filt_val_scal)
*(.wcdma_bss.mcalwcdma_dec_a2_dl_phy_active.b)
*(.sdata.multisim_cxm_filt_val)
*(.sdata.rxd_cfg)
*(.sdata.ul_update_pdu_count)
*(.sdata.prev_filt_val_scal)
*(.sdata..CONST_4040624dd2f1a9fc)
*(.rodata.a2_ul_phy_taskq_hal)
*(.data.timers)
*(.sdata.tlm_tst_wrc_diff)
*(.bss.timer_slaves_cmd_free_q)
*(.wcdma_bss.mac_hs_ul_tti_type)
*(.wcdma_bss.sched_non_zero_bo.b)
*(.sdata.empr_param_db_idx)
*(.sdata.mcalwcdma_dec_concat_needed)
*(.sdata.eulenc_a2_power_request_status)
*(.sdata.e_ul_cpc_drx_was_in_qta_gap)
*(.sdata.cfn_marked)
*(.sdata.eul_allow_etfci_sel_pdu_build_in_low_grant)
*(.sdata.euledpch_crc_error_enabled)
*(.sdata.rxd_freeze_flag)
*(.sdata.global_harq_id)
*(.sdata.rlc_am_config_pending)
*(.wcdma_bss.mac_hs_ul_tti_config_value)
*(.sdata.eul_curr_max_rate_cfg_param_ptr)
*(.sdata.rlc_config_pending)
*(.sdata.rflm_lte_txagc_afc_gating)
*(.wcdma_bss.mcalwcdma_dec_decode_done_isr_handler_cb.print_max_a2_delay)
*(.sdata.mcalwcdma_dec_max_skip_decode_done_isr)
*(.sdata.rxd_trig)
*(.sdata.srch_dc_nbr_cnt)
*(.wcdma_bss.mac_hs_ul_log_hdr_ptr)
*(.sdata.debug_disable_eul_etfc_pr)
*(.sdata.ul_dpch_state)
*(.wcdma_bss.srb_frame_cnt)
*(.sdata.mac_hs_ul_maci_is_log_pacekt_status)
*(.sdata.eulenc_a2_cb_dump_tbs)
*(.sdata.srch_prim_nbr_cnt)
*(.wcdma_bss.mac_hs_ul_serv_cell_change)
*(.wcdma_bss.mac_hs_ul_rrc_sched_harq_restrictions)
*(.data.eul_cpc_dtx_cache_max_etfci_pwr)
*(.bss.rfwcdma_core_txplim_rel5_backoff)
*(.data.magic_num)
*(.bss.dsm_ds_large_item_pool)
*(.sdata.dec_hs_call_info)
*(.sdata.eul_curr_pwr_R_val_tab_ptr)
*(.sdata.wcdma_l2_dl_tcb)
*(.sdata..CONST_0000000000000780)
*(.bss.fbrx_cell0_data)
*(.sdata.mcalwcdma_dec_hs_end_process_fifo_idx)
*(.rodata.wtr4905_common_tx_npler_reg_table)
*(.wcdma_bss.e_ul_isr_firing_time_mutex)
*(.wcdma_bss.stmr_mutex)
*(.wcdma_bss.e_ul_state_params_mutex)
*(.sdata.timer_clr_log_cnt)
*(.rodata.LTE_ML1_GM_SM_perinst_constdata)
*(.bss.amss_mem_heap)
*(.wcdma_bss.hs_cm_params)
*(.bss.lte_ml1_dlm_data)
*(.wcdma_bss.e_ul_cpc_dtx_cfg_isr_mutex)
*(.sdata.e_ul_edpch_log_pkt_buf_idx)
*(.wcdma_bss.eul_update_dl_res_sg_call_mac_if_func.local_sub_fn_val)
*(.sdata.dec_hs_num_new_tx_rece)
*(.sdata.e_ul_l1_mac_stats_log_pkt_buf_idx)
*(.sdata.dec_gather_cb_idx)
*(.sdata.available_sg_idx)
*(.sdata.enchs_dpcch_logging_on)
*(.sdata.wfw_intf_tx_async_write_ptr)
*(.sdata.l1_local_cmd_last_cfn)
*(.sdata.eul_qta_end_ind_flag)
*(.sdata.wl1_rxd_debug_trace_buffer_count)
*(.sdata.maci_rlc_enh_build_pdu_dump)
*(.wcdma_bss.primary_grant_available)
*(.sdata.hs_stat_final_sub_fn)
*(.sdata..CONST_0000fffe)
*(.sdata..CONST_66666667)
*(.sdata.wcdma_periodic_stat_logging_enabled_qxdm)
*(.wcdma_bss.transfer_cnt)
*(.sdata.amrhd_Overflow)
*(.sdata.compressed_data)
*(.sdata.rgchRdIdx)
*(.sdata.e_ul_cpc_dtx_ord_cfg_db_indx_valid)
*(.sdata.hichRdIdx)
*(.wcdma_bss.process_dl_ehs_dsch_tbs_hdr.pending_tsn_cnt)
*(.sdata.wl1_hs_rach_sub_state)
*(.wcdma_bss.rlc_dl_data_process_mutex)
*(.sdata.e_ul_etfc_restrict_buf_idx)
*(.wcdma_bss.rlc_tsn_mutex)
*(.sdata.mcalwcdma_dec_skip_hs_data_transfer)
*(.sdata.rlc_debug_print_sdu)
*(.sdata.hs_cm_ctrl_context)
*(.sdata.dec_dma_from_dob_idx)
*(.sdata.e_ul_log_pkt_max_num_4311_samples)
*(.wcdma_bss.mac_hs_tsn_flush_mutex)
*(.sdata.eulenc_a2_cb_disable_dump_tbs_req)
*(.sdata.dl_phch_dbg_msgs_nv_enable)
*(.sdata.e_ul_log_pkt_max_num_samples)
*(.rw_candidate_compress_section.ps_timer_crit_section)
*(.sdata.e_ul_rate_match_info_buf_idx)
*(.sdata.e_ul_dtx_invalid_subfn)
*(.wcdma_bss.dec_hs_harq_stats_crit_sect)
*(.sdata.eulenc_debug_input_data_dump)
*(.sdata.hsrach_debug_enable_f3)
*(.sdata.dlolpc_debug_msg_enabled)
*(.sdata.gather_and_decipher_idx)
*(.sdata.e_ul_cpc_dtx_reconfig_set_sw_fw_intf_var)
*(.bss.lte_ml1_dlm_log_pdsch_stat_ind.saved_mcs_array)
*(.bss.timer_defer_undefer_reference_count)
*(.sdata..CONST_3ff0000000000000)
*(.data.time_get_base)
*(.bss.timer_count_buffer_allocated)
*(.sdata.tmp_val_64bits)
*(.bss.QURTK_thread_id_table)
*(.sdata..CONST_0000efcd)
*(.bss.lte_rlcul_log_ptr)
*(.rodata.a2_dl_phy_taskq_hal)
*(.sdata..CONST_00fffff14b7e8000)
*(.wcdma_bss.mac_hs_ul_lc_info)
*(.wcdma_bss.mcalwcdma_dec_decode_done_isr_handler_cb.isr_in_prog.b)
*(.sdata..CONST_0000fff0)
*(.bss.lte_ml1_sm_conn_tl_mgr_stm)
*(.sdata..CONST_3fb999999999999a)
*(.sdata..CONST_0001fffffffe0000)
*(.data.rflm_dtr_tx_fw_group_translation)
*(.rodata.lte_ml1_gm_pwr_cntrl_tpc_tbl)
*(.sdata.rxd_nv_ctrl)
*(.sdata..CONST_000000000000aa15)
*(.sdata.maci_log_record_per_carr)
*(.sdata.curr_period_for_winddown)
*(.wcdma_bss.wcdma_l1_tcb_ptr)
*(.bss.timer_after_pc_mask)
*(.wcdma_bss.eul_log_status_info)
*(.sdata.diag_tcb)
*(.sdata.mcalwcdma_dec_hs_dob_status_fifo)
*(.data.rflm_w_txagc_task_idx)
*(.rodata.a2_ul_sec_taskq_hal)
/*Second Iteration*/
*(.wcdma_bss.wcdma_l2_dl_tcb_ptr)
*(.sdata.agch_threshold)
*(.sdata.srch_pn_srch_cell_cnt)
*(.sdata.debug_lte_l2_data_ind_opt_mask)
*(.bss.lte_rlcdl_cfg_ptr)
*(.bss.rlc_attribute_learn)
*(.bss.lte_rlcdl_rx)
*(.bss.amssheap_init_flag)
*(.rodata.LTE_ML1_DLM_SM_constdata)
*(.sdata..CONST_0000ffff)
*(.rodata.a2_dl_per_status_taskq_hal)
*(.sdata.a2_task_continue_signal)
*(.sdata.a2_task_stop_signal)
*(.sdata..CONST_40c3880000000000)
*(.sdata..CONST_4068000000000000)
*(.data.Timetick_DalTimetick_Attach.drvCtxt)
*(.bss.rflm_wcdma_data)
*(.wcdma_bss.e_ul_phychan_cfg_db_info)
*(.sdata.wcdma_l1_tcb)
*(.sdata.srch_periodic_meas_report_due)
*(.sdata..CONST_0000000000020000)
*(.sdata.hs_cm_log_ul_active)
*(.sdata.dl_phch_hsrach_fdpch_active_in_fw)
*(.sdata..CONST_00000000fffc0000)
*(.sdata.winddown_detected)
*(.sdata..CONST_0624dd2faaaaaaab)
*(.wcdma_bss.dl_olpc_acq_next_step)
*(.sdata.hs_pess_cqi_logging_enabled_qxdm)
*(.sdata.dl_first_cltd_dpch_setup)
*(.sdata.hs_submit_log_cmd_pending)
*(.sdata.ul_curr_phychan_ptr)
*(.sdata.dl_bypass_sync_criteria_for_cltd_dpch_est)
*(.sdata.wcdma_periodic_stat_log_info_buf_idx)
*(.sdata..CONST_aaaaaaaaffffffff)
*(.sdata.windup_detected)
*(.sdata..CONST_00000000ffff0000)
*(.sdata.hs_cm_demod_logging_enabled)
*(.sdata.rxd_set_qual_trig)
*(.sdata.hs_cm_log_dl_active)
*(.sdata.seq_cfn_evt_delay_arr_cntr)
*(.sdata.hs_decode_status_log_submit)
*(.sdata..CONST_0000000000030000)
*(.sdata.hs_pess_cqi_log_accum_active)
*(.sdata.dl_bypass_sync_ind_count_for_cltd_dpch_est)
*(.sdata.dl_dch_sync_var_dump)
*(.sdata.hs_cm_mod_logging_enabled)
*(.data.qurt_timer_base)
*(.bss.timetick_sclk64)
*(.rodata.LTE_ML1_GM_SM_constdata)
*(.wcdma_bss.mac_partial_tsn_q)
*(.rodata.lte_ml1_gh_dci_ul_rb_to_payload_sz_map_0_1A_3_3A)
*(.rodata.lte_ml1_gh_dci_ul_rb_to_payload_sz_map_0)
*(.bss.rflm_ccs_longest_cb_timing)
*(.wcdma_bss.eul_stats)
*(.sdata.ag_timer)
*(.sdata..CONST_004003f3)
*(.sdata..CONST_000093e0)
*(.sdata.filt_val)
*(.sdata..CONST_fd440000)
*(.data.timer_processing_time_warning_threshold)
*(.sdata..CONST_0100000000000000)
*(.bss.msgr_timer)
*(.bss.freq_comp_timer)
*(.bss.timer_processing_time_err_fatal_threshold)
*(.bss.timer_null_group)
*(.bss.p_cmax_timer)
*(.rodata.LTE_ML1_SM_CON_STM_constdata)
*(.wcdma_bss.eul_start_edch_data_path_fiq_handler.eul_logging_data)
*(.sdata.dl_header_read_event_last_cfn)
*(.sdata.rfwcdma_core_txlim_vs_temp_val)
*(.sdata.eul_curr_etfc_coding_tab_ptr)
*(.sdata.rfwcdma_core_txplim_mtpl_q5)
*(.wcdma_bss.eul_cpc_dtx_cache_sgp)
*(.sdata.rxd_meas_qual_q14)
*(.wcdma_bss.l1_phy_edch_build_frame_ind.si_value)
*(.sdata.debug_etfci_value)
*(.sdata.maci_log_record_ptr)
*(.sdata.srch_pn_ecio_tab_ptr)
*(.sdata..CONST_0000fec0)
*(.wcdma_bss.mac_hs_ul_priority_lc_mapping)
*(.wcdma_bss.mcalwcdma_dec_compl_pdu_dsm_info)
*(.rodata.LTE_ML1_SCHDLR2_STM_inputs)
*(.wcdma_bss.dl_reseq_q_pool)
*(.data.a2_dbg)
*(.wcdma_bss.mpr_params)
*(.rodata.lte_ml1_hp_irv_tbl)
*(.sdata.curr_pp_eul_emulator_hdr_length)
*(.sdata..CONST_003f0000)
*(.bss.lte_ml1_common_rssi_tx_power)
*(.bss.lte_ml1_common_fc_config)
*(.bss.lte_ml1_common_rssi_tx_power_atomic_ptr)
*(.bss.lte_ml1_schdlr_process_msg.cell_switch)
*(.bss.cmapi_lte_signal_params)
*(.bss.lte_ml1_schdlr_dog_timer_data)
*(.wcdma_bss.edch_cm_info)
*(.rodata.a2_dl_phy_status_taskq_hal)
*(.sdata.wfw_intf_eul_dl_hich_rgch_async_read_ptr)
*(.wcdma_bss.wl1_hs_rach_state_substate_mutex)
*(.wcdma_bss.low_sir_freeze_flag)
*(.sdata.srch_interf_periodic_meas_report_due)
*(.sdata.non_srv_rg_timer)
*(.sdata..CONST_0000000000004b00)
*(.sdata.srch_sec_carr_qice_sorted_cnt)
*(.wcdma_bss.wl1_cme_logging_mutex)
*(.sdata.tti_counter)
*(.sdata.mcalwcdma_dec_hs_start_process_fifo_idx)
*(.wcdma_bss.mdspasync_read_agch_results.agch_new_cfg_read)
*(.sdata.l1_cm_current_stat_head)
*(.sdata.wfw_intf_eul_dl_async_read_ptr)
*(.sdata.e_dl_chan_results_log_pkt_samples)
*(.wcdma_bss.eul_stats_lock)
*(.sdata.e_dl_logging_bmsk)
*(.wcdma_bss.l1m_current_local_cmd)
*(.rw_candidate_compress_section.rcvd_fragments_num)
*(.sdata.diag_tx_pending)
*(.wcdma_bss.e_dl_cpc_drx_state_mutex)
*(.sdata..CONST_0000e200)
*(.sdata.e_ul_cpc_dtx_state_change_to_reconfig_cfn)
*(.sdata.euledpch_cfn_to_suspend_bfi)
*(.sdata.srch_pn_peaks_per_task)
*(.wcdma_bss.mdspasync_read_hich_rgch_results.hich_new_cfg_read)
*(.sdata.rxd_ops)
*(.sdata.mcalwcdma_dec_num_total_tb_read)
*(.sdata.enchs_cur_beta_table_idx)
*(.wcdma_bss.wcdma_mac_hs_dl_tcb_ptr)
*(.sdata.srch_pri_carr_qice_sorted_cnt)
*(.sdata.log_sfn)
*(.wcdma_bss.crf)
*(.sdata.mcalwcdma_dec_num_total_hs_deciph_task_prep)
*(.bss.lte_rlcdl_log_ptr)
*(.bss.lte_ml1_mdb_check_cell_timing_drift.wb_nb_timing_err_count)
*(.bss.aprv2_drv_trace)
*(.bss.diagbuf_outbound_pkt_handler_tbl)
*(.bss.lte_rlculi)
*(.bss.psi_cmd_q)
*(.wcdma_bss.ul_ctl_blk_id_tbl)
*(.wcdma_bss.mac_hs_ul_l1_mac_accum_stats_info)
*(.data.LTE_ML1_DLM_SM)
*(.wcdma_bss.mac_hs_ul_mac_d_flow_info)
*(.sdata..CONST_0000e21c0000e219)
*(.sdata..CONST_0003000000020000)
*(.bss.a2_dl_phy_hspa)
*(.wcdma_bss.ul_log_status_info)
*(.wcdma_text.ul_prime_num_list)
*(.sdata.ul_cm_params)
*(.data.LTE_ML1_SM_CONN_TL_MGR_STM)
*(.rodata.lte_ml1_prach_preamble_duration_tbl)
*(.rodata.a2_ul_phy_status_taskq_hal)
*(.tds_bss.tdseulcfg_phychan_cfg_db_info)
*(.tds_bss.tdsgapmgr_idle_ts_source_subframes)
*(.rodata.LTE_ML1_SM_CONN_TL_MGR_STM_perinst_constdata)
*(.sdata.non_hs_dob_status_fifo_ptr)
*(.wcdma_bss.wenc_tx_pwr_hist_agc)
*(.sdata..CONST_e353f7cf20c49ba5)
*(.sdata.dec_hs_cme_cb)
*(.sdata.l1_num_internal_meas_in_progress)
*(.wcdma_bss.wl1_cme_qxdm_schic_logging_enabled.b)
*(.bss.cvs_int_lock)
*(.wcdma_bss.mcalwcdma_dec_partial_pdu_dsm_info)
*(.wcdma_bss.stmr_evt_table)
*(.wcdma_bss.mcalwcdma_dec_max_tb_size_bytes_compl)
*(.data.diag_f3_listeners)
*(.bss.psi_cmd_free_q)
*(.data.diag_f3_listeners_ext)
*(.data.mcalwcdma_evt_tl_array)
*(.wcdma_bss.enc_pwr_params)
*(.sdata.dl_btfd_info_index)
*(.bss.dcci_cmd_q)
*(.wcdma_bss.mcalwcdma_dec_max_tb_size_bytes_partial)
*(.sdata.hs_llr_logging_enabled_qxdm)
*(.sdata.hs_ul_cfg_pending_in_fw)
*(.sdata.dl_ref_cell_idx)
*(.sdata.mcalwcdma_dec_tfci_logpkt_index_in_use)
*(.wcdma_bss.srchdch_cpc_srch_mode_chk_crit_sect)
*(.sdata..CONST_0000000001000000)
*(.sdata.dl_in_reconfig_gap)
*(.sdata..CONST_000084140000b014)
*(.sdata.enc_cur_mdsp_beta_table_index)
*(.sdata.rflm_lte_txagc_current_rx_freq_error_in_hz)
*(.sdata.mcalwcdma_dec_non_hs_dob_status_fifo)
*(.sdata.hs_cm_log_ul_action)
*(.sdata.wcdma_periodic_stat_log_submit)
*(.sdata.rlc_ptp_ul_comp_event_enabled)
*(.sdata.hs_llr_refresh_info_flag)
*(.sdata.rlc_qxdm_corrupt_ack)
*(.sdata.dl_olpc_target_ebnt)
*(.sdata.rxd_meas_log_last_upd_cfn)
*(.sdata.hs_scch_logging_enabled_qxdm)
*(.sdata.hs_decode_status_log_buf_idx_to_submit)
*(.sdata.hs_cm_last_cfn_analyzed)
*(.sdata.rxd_pend_state)
*(.sdata.enc_ul_bd)
*(.sdata.rxd_set_cap_trig)
*(.sdata.enc_ul_dpcch_slotfmt_change_for_cm)
*(.sdata.rxd_set_rxdpm_v2_trig)
*(.sdata..CONST_0000840c0000b00c)
*(.sdata.rxd_state_reason_bmsk)
*(.sdata.dl_dch_dsch_exists)
*(.sdata.srch_inter_freq_meas_performed)
*(.sdata.wl1_rxd_num_scch_valid_sum)
*(.wcdma_text.mac_hs_ul_bit_mask)
*(.sdata.hs_pess_cqi_log_action)
*(.sdata.srch_no_inter_freq_meas_as_hho_in_progress)
*(.sdata.dl_olpc_change_sirt_on_windup_detection)
*(.sdata.srch_no_internal_measurements_as_hho_in_progress)
*(.sdata.dl_phch_cltd_enabled)
*(.wcdma_bss.wl1_cme_eq_log_status)
*(.sdata.hs_cm_log_dl_action)
*(.sdata.ftm_current_rf_mode)
*(.sdata.hs_scch_refresh_info_flag)
*(.sdata.srchmeas_intra_freq_meas_performed)
*(.sdata.enc_cur_sf_error)
*(.sdata.dl_bler_meas_timer_update)
*(.sdata.enc_last_frame_cm)
*(.sdata.hs_dl_cfg_pending_in_fw)
*(.sdata.enc_ul_bc)
*(.sdata.dl_btfd_failed_decision)
*(.sdata.mcalwcdma_dec_tbset_logpkt_index_in_use)
*(.sdata.l1_seq_num_get_cfn_cb)
*(.sdata.ul_dpcch_slot_fmt)
*(.wcdma_bss.mcalwcdma_srch_aborted)
*(.sdata.in_sync_forty_frames)
*(.sdata.enc_ul_out_sync)
*(.sdata.l1_cm_prev_cfn_served)
*(.wcdma_text.mac_hs_ul_compl_bit_mask)
*(.sdata.l1_cm_suspended_state)
*(.sdata.wcdma_periodic_stat_log_cmd_pending)
*(.sdata.enchs_log_action)
*(.sdata.wcdma_periodic_stat_log_buf_avail_status)
*(.sdata.l1_internalmeas_periodic_meas_report_due)
*(.sdata.wcdma_periodic_stat_log_buf_idx_to_submit)
*(.sdata.srch_num_intraf_meas_in_progress)
*(.sdata.srch_nbr_sfn_read_pending)
*(.bss.dcci_process_cmd.dcc_cmds_proc_hi_score)
*(.bss.timer_expired_cnt_slave3)
*(.wcdma_bss.ctrl_pdu_dsm_pool)
*(.sdata.cme_env_params)
*(.rodata.LTE_ML1_DLM_SM_perinst_constdata)
*(.sdata.freq_comp_time)
*(.sdata.msgr_time)
*(.sdata..CONST_aaaaaaabaaaaaaaa)
*(.rodata.rfcommon_core_txlin_get_lin_vs_temp_compensation.freq_comp_indicator_array)
*(.sdata.srs_msgr_time)
*(.bss.srs_msgr_timer)
*(.rodata.LTE_ML1_SM_CONN_TL_MGR_STM_constdata)