/* selectively place libqcc.a text */
*hexagon_dfaddsub.o(.text .text.*)
*hexagon_dfdiv.o(.text .text.*)
*hexagon_dfmul.o(.text .text.*)
*hexagon_dfsqrt.o(.text .text.*)
*qdsp_divdi3.o(.text .text.*)
*qdsp_divsi3.o(.text .text.*)
*qdsp_moddi3.o(.text .text.*)
*qdsp_modsi3.o(.text .text.*)
*qdsp_sfdiv_opt.o(.text .text.*)
*qdsp_sfsqrt_opt.o(.text .text.*)
*qdsp_udivdi3.o(.text .text.*)
*qdsp_udivsi3.o(.text .text.*)
*qdsp_umoddi3.o(.text .text.*)
*qdsp_umodsi3.o(.text .text.*)

*(.text.diag_f3_trace_to_buffer)
*(.text.4mgF6VmCTc4TPVGaTJJ8nvtaDCCh6TX_)
*(.text.memscpy)
*(.text.__hexagon_udivsi3)
/**(.text.extracted_region)*/
*(.text.Timetick_GetTimetick64)
*(.text.Timetick_DalTimetick_GetTimetick64)
*(.text.lte_ml1_schdlr2_obj_get_state_at_time)
*(.text.lte_ml1_schdlr2_obj_get_priority)
*(.text.__qdsp_umodsi3)
*(.text.dsm_length_packet)
*(.text.__hexagon_udivdi3)
*(.text.rex_leave_crit_sect)
*(.text.rex_enter_crit_sect)
*(.text.rex_enter_crit_sect)
*(.text.rex_leave_crit_sect)
*(.text.6mgmFG4CVc4TPhTwC9TtCDqnnITC_)
*(.text.U272U2TUCTqh9)
*(.text.bin_deactive)
*(.text.diag_f3_trace_to_buffer)
/**(.text.extracted_region)*/
*(.text.Hnt8ITHTChyat6GP4ThVttCTaCPUv)
*(.text._ZN6MyListILl18EE11is_idx_usedEl)
*(.text.FFSP_HP_filtering)
*(.text.qurt_tls_get_specific)
*(.text.lte_ml1_schdlr2_obj_get_object)
*(.text.__qdsp_divsi3)
*(.text.lte_ml1_mem_query_instance)
*(.text.memscpy)
*(.text._ZN6MyListILl18EE11is_idx_usedEl)
*(.text.osal_exit_crit_sect)
*(.text.Timetick_GetTimetick64)
*(.text.Timetick_DalTimetick_GetTimetick64)
*(.text.osal_enter_crit_sect)
*(.text.T27UUC2U4Tqh9T2VCJtn2LPU)
*(.text.a2_timetick_get)
*(.text.dsmi_free_buffer)
*(.text.sem_post)
*(.text.lte_ml1_schdlr2_systime_get_sf_now)
*(.text.a2_ul_per_frag_dst_invalidate_cache)
*(.text.a2_taskq_status_get_next_task)
*(.text.sem_wait)
*(.text.Voice_ApplyPreGain)
*(.text.dsmi_ref_dec)
*(.text._ZL24rflm_ccs_rf_seq_push_dmaP26_rflm_ccs_rf_seq_context_sP30_rflm_ccs_rf_seq_sched_event_smmm)
*(.text.ChJntOVTv)
*(.text.schdlr_event_list_tl_event_sort_cb)
*(.text.a2_taskq_alloc_and_write_task)
*(.text.timetick_get)
*(.text.rex_self)
*(.text.pthread_getspecific)
*(.text.a2_dl_peri_write_tag_task)
*(.text.ps_leave_crit_section)
*(.text._ZN16MyBufMgrTemplateI16rflm_dm_handle_sLl18EE13is_buf_in_useEl)
*(.text.ps_enter_crit_section)
*(.text.rflm_ccs_rf_seq_dma_link_write)
*(.text.dsm_length_packet)
*(.text.dsmi_free_packet)
*(.text.approx_ulin_to_dB_linlut8)
*(.text.dsmi_ref_inc)
*(.text.memsmove)
*(.text.memheap_copy_frd_offset_at_end)
*(.text.volume_control)
*(.text.dsmi_new_buffer)
*(.text.q_lock)
*(.text.q_unlock)
*(.text.q_lock)
*(.text.q_unlock)
*(.text.HCHnt81tcCTT7XUatXTTtHJ)
*(.text.nt8I8CHHXJTPDTnHtPCY)
*(.text.CHnt8IHTXH8PJdDTn3tPCY)
*(.text.lte_ml1_schdlr2_event_list_get_cdw_priority)
*(.text.lte_ml1_schdlr2_obj_list_get_info)
*(.text.272UqCTUhTU2tT49nJVP8LC2TUUtCT4P44VG)
*(.text.a2_common_tasks_dma_tag_write)
*(.text._ZN16MyBufMgrTemplateI16rflm_dm_handle_sLl18EE13is_buf_in_useEl)
*(.text.dsmi_pullup_long)
*(.text.memdebug_updatecallerptr)
*(.text.a2_ul_per_frag_dst_invalidate_cache)
*(.text.qw_lo)
*(.text.schdlr_event_list_get_cdw_priority)
*(.text.dsmi_dup_packet_long)
*(.text.memdebug_malloc)
*(.text.lte_ml1_schdlr_query)
*(.text._ZL38rflm_ccs_rf_seq_queue_schedule_earlierP30_rflm_ccs_rf_seq_sched_event_sS0_)
*(.text.osal_atomic_compare_and_set)
*(.text.rifft)
*(.text.lte_ml1_schdlr2_obj_list_get_next_high_prio)
*(.text.timetick_sclk64_get)
*(.text.msg_save_trace)
*(.text.err_f3_save_msg)
*(.text.lte_ml1_schdlr2_systime_scell_is_ccell)
*(.text.lte_ml1_schdlr_get_current_systime_info)
*(.text.a2_frag_dispenser_fill)
*(.text.osal_thread_self)
*(.text.msgr_receive)
*(.text.lte_ml1_schdlr2_systime_get_systime)
*(.text._ZN10HandlePool18validate_handle_idEl)
*(.text.q_cnt)
*(.text.qw_hi)
*(.text.__hexagon_moddi3)
*(.text.msgr_init_hdr)
*(.text._ZN10HandlePool13get_txagc_ptrEl)
*(.text.dsmi_wm_check_levels)
*(.text.rfft)
*(.text.a2_common_tasks_dma_write_from_uncached_memory)
*(.text.Timetick_GetElapsed)
*(.text.msgr_get_client_tech_mod)
*(.text.mFTm6g4CVc2hPhltv4)
*(.text.wtr4905_out_buf)
*(.text.fft32x16)
*(.text.JtChTOnCo6a)
*(.text.__hexagon_udivsi3)
*(.text._ZL36rflm_ccs_rf_seq_queue_schedule_laterP30_rflm_ccs_rf_seq_sched_event_sS0_)
*(.text.dsmi_verify_buffer)
*(.text.JtCUTAna2C8)
*(.text.lte_ml1_schdlr2_ll_node_exists)
*(.text.q_get)
*(.text.msg_get_time)
*(.text.a2_taskq_hal_set_wr_ptr)
*(.text.a2_common_tasks_cipher_setup_write)
*(.text.rflm_txagc_prepare_smps_lut_srch_complete)
*(.text.__hexagon_divdi3)
*(.text.a2_status_util_dsm_chain_append)
*(.text.81cnHtHTCCHTFXVVJ6)
*(.text.qurt_tls_get_specific)
*(.text.XTnJtCnJhVXVTn)
*(.text.stm2_get_user_data)
*(.text.q_get)
*(.text.memheap_updatestats)
*(.text.__hexagon_fast_divdf3)
*(.text.msgri_msgq_send)
*(.text.log_mask_enabled)
*(.text.memheap_addNodeToBin)
*(.text.ifft32x16)
*(.text.lte_ml1_schdlr2_cswitch_in_progress)
*(.text.dsmi_split_packet)
*(.text.msgr_send)
*(.text.msgr_init_hdr_all)
*(.text.q_link)
*(.text.modem_mem_alloc)
*(.text.dsmi_dequeue)
*(.text.a2_dbg_bitmask_status)
*(.text.nt81VCHHzPTXDFXyPCtY)
*(.text.a2_taskq_alloc_and_write_task)
*(.text.msgri_msgq_receive)
*(.text.a2_common_tasks_dma_fill_prep)
*(.text.rex_clr_sigs)
*(.text.dsm_extract_long)
*(.text.8VnTP6adUT439j3)
*(.text.rex_self)
*(.text.pthread_getspecific)
*(.text.LogInterruptEvent)
*(.text.rflm_lte_dm_rx_get_data_ptr)
*(.text.q_cnt)
*(.text.qurt_mem_dcache_clean)
*(.text._ZL31rflm_ccs_rf_seq_set_waiton_doneP26_rflm_ccs_rf_seq_context_sml)
*(.text._ZN10HandlePool18validate_handle_idEl.1.0)
*(.text.qurt_mem_dcache_inv)
*(.text.rflm_ccs_rf_seq_dma_link_write)
*(.text.msgri_timetick_get)
*(.text.q_put)
*(.text.rflm_dm_get_tx_agc_ptr)
*(.text.msgri_umid_get_client_node)
*(.text.stm2_get_state)
*(.text.timetick_get)
*(.text.pthread_mutex_unlock)
*(.text.rex_wait)
*(.text.ps_leave_crit_section)
*(.text.ps_enter_crit_section)
*(.text.lte_ml1_schdlr2_mode_get_arb_mode)
*(.text.q_put)
*(.text._ZN10HandlePool16get_usr_data_ptrEl)
*(.text.modem_mem_free)
*(.text.a2_timetick_get)
*(.text.dsm_extract_long)
*(.text.log_mask_enabled)
*(.text.msgri_lookup_reg)
*(.text.dsmi_enqueue)
*(.text.lte_ml1_schdlr2_obj_list_get_priority_at_time)
*(.text.t8I9HCnTCHhHXVTh8JC)
*(.text.msgri_fifo_put_buf)
*(.text.TnJtC9VnX6TT3)
*(.text.a2_dl_phy_get_data)
*(.text.dsmi_new_buffer)
*(.text.lte_ml1_schdlr2_obj_get_state)
*(.text.lte_rlcdli_get_li)
*(.text.mem_heap_leave_crit_sect)
*(.text.AwFThRfrTw24J1)
*(.text.dsmi_trim_packet_long)
*(.text.mem_heap_enter_crit_sect)
*(.wcdma_text.wfw_ntc_cqi_pilot_proc_no_td)
*(.text.a2_frag_dispenser_fill)
*(.text.dsmi_pull16)
*(.text.msgri_log_umid)
*(.text.findNRemoveFreeBlockInBINs)
*(.text.lte_ml1_schdlr2_ll_insert_sort)
*(.text.a2_taskq_hal_set_wr_ptr)
*(.text.msgri_fifo_get_buf)
*(.text.a2_taskq_status_commit_rd_ptr)
*(.text.msgri_client_send)
*(.text.rflm_dm_get_fbrx_buf_ptr)
*(.text._ZL30rflm_ccs_rf_seq_release_waitonP26_rflm_ccs_rf_seq_context_sm)
*(.text.approx_uinvsqrt_linlut8)
*(.text.ITtn8CHHFCgmmV46TiCXUJT2TV2nqPVTh)
*(.text.VXTnJtCnT6nhCTJ)
*(.text.dsmi_free_buffer)
*(.text.V6mgmFoCT4VJOlC24t2JrF4VVJ62HG)
*(.wcdma_text.rlc_ul_form_io_vec_per_sdu)
*(.text.dsmi_pullup_long)
*(.wcdma_text.hs_get_q_id_mapping_for_lc_id)
*(.text.CHnt8IDTJH9TtY)
*(.text.dsmi_release_buffer)
*(.text.rflm_time_profile_meas_mark_start)
*(.text.__hexagon_udivdi3)
*(.text.rflm_txagc_get_tx_chain_idx)
*(.text.a2_status_taskq_hal_set_rd_ptr)
*(.text.rflm_dm_validate_handle)
*(.text._ZN10HandlePool12get_fbrx_ptrEl)
*(.text.t81tHCnTwHG8hCFHnXJ)
/* Second Iteration*/
*(.text.a2_taskq_status_get_next_task)
*(.text.TnJtCn2Hz3haJ)
*(.text.uTnJtCc2GCHT62)
*(.text.lmmThRC24t2JrF4VVJ62HG)
*(.text.H8tIHCnT4mgF6VmCh24TCnHTV2nqPVTh)
*(.text.lte_ml1_memcpy)
*(.text._ZL30rflm_ccs_rf_seq_reserve_waitonP26_rflm_ccs_rf_seq_context_sm)
*(.text.a2_dl_peri_write_tag_task)
*(.text.LogInterruptEvent)
*(.wcdma_text.rlci_get_ul_pdu_cipher_log_on)
/**(.text.msg_v3_send_2)*/
*(.wcdma_text.wfw_math_floor_divide)
*(.text.dsmi_free_packet)
*(.text.time_get_optimized_till_msec)
*(.text.a2_taskq_hal_get_rd_ptr)
*(.text.lte_dsmi_extract_1byte)
*(.wcdma_text.l1_binsrch_compare_unsigned_word)
*(.text.a2_common_tasks_dma_write_iovec_list)
*(.text.dsmi_verify_buffer)
*(.text.stm_acquire_lock)
*(.text._ZN10HandlePool12get_meta_ptrEl)
*(.text._ZN10HandlePool13get_txagc_ptrEl)
*(.text.81cnHtHTCCUTmXTcqb2aH8ltT4)
*(.text.QURTK_thread_wait_for_active)
*(.text._ZN10HandlePool15get_dtr_buf_ptrEl)
*(.text.dsmi_ref_dec)
*(.text.lte_ml1_schdlr2_ll_remove)
*(.text._ZN10HandlePool18validate_handle_idEl)
*(.text.msgri_lookup_next_reg)
*(.text.a2_common_tasks_dma_fill_write)
*(.text.rflm_dm_validate_handle_type)
*(.text.rf_time_get_elapsed)
*(.text.tvJfGP44CCd)
*(.text.log_status)
*(.text.nt81qCHHnqTH)
*(.text.sem_trywait)
*(.text.rflm_dm_get_handle_tech_data)
*(.text.dsmi_wm_check_levels)
*(.wcdma_text.l1_l2_build_copy_engine_ctrl_info)
*(.text.rflm_txagc_search_vector_not_monotonic_apt_opt)
*(.text.H8tIHCnTqJhX9qPH)
*(.text.a2_dl_per_has_enough_space)
*(.text.QURTK_error)
*(.text.mem_free)
/*First Iteration to cover additional 28 KB*/
*(.text.stm2_get_instance)
*(.text.lim_pass_data)
*(.wcdma_text.rlci_chk_dl_reset_pending)
*(.text._ZN6MyListILl2EE11is_idx_usedEl__merged)
*(.text.DALSYS_SyncEnter)
*(.text.V6mgmFmCT44nFm)
*(.text.HCHnt81vQ4TnGCFJCXhn8H3)
*(.text.apply_gain_with_no_ramp)
*(.text.dsmi_ref_inc)
*(.text.rex_os_wait_on_sigs)
*(.text.rex_clr_sigs)
*(.text.t8IVHCnTPHGHXVTh8JC)
*(.text.memheap_find_bin)
*(.text._ZL30rflm_ccs_rf_seq_schedule_tasksP26_rflm_ccs_rf_seq_context_s)
*(.text.nJtCTjTT6nan)
*(.text.rflm_dm_get_dtr_buf_addr)
*(.text.schdlr_event_list_get_priority_at_time)
*(.wcdma_text.mcalwcdma_dec_read_dob_data)
*(.text.lte_pdcpul_get_ps_pdcp_buffer_size)
*(.text.pthread_mutex_lock)
*(.text._ZN2ds5Utils8CritSect5LeaveEv)
*(.wcdma_text.rlc_ul_enh_build_new_data_pdu)
*(.text.lte_ml1_schdlr_log_add)
*(.text.hhTRhya6H4CVS4TCow2nF8X3)
*(.text.lte_ml1_schdlr2_ll_push)
/**(.text.msg_v3_send_1)*/
*(.text.bin_deactive)
*(.text.rex_wait)
*(.text.sleep_swfi)
*(.text._ZN2ds5Utils8CritSect5EnterEv)
*(.text.ITtn8CHHaJnHIXVThtHC8U8TP)
*(.text.pthread_mutex_unlock)
*(.text.JVGPXVThtHC8U8TP)
*(.text.mem_malloc)
*(.wcdma_text.rlc_ul_fill_io_vec)
*(.text.lte_pdcpdl_tag_cipher_param)
*(.text.lte_ml1_schdlr2_mode_get_running_mode)
*(.text.BTnJtCnnJVOVTn)
*(.wcdma_text.seq_get_cfn)
*(.text.lte_ml1_schdlr2_get_group_monitoring)
*(.wcdma_text.rlc_ul_update_hdr)
*(.text.a2_dl_per_dma_time_profile_process_done_tag)
*(.text.FFSP_Predict_Excursion)
*(.text.Hnt81qHTC2qnH)
*(.text.a2_dl_per_tlp_determine_eot_bit)
*(.text._ZN10HandlePool16get_usr_data_ptrEl.1.0)
*(.text.rex_set_sigs)
*(.text.a2_dbg_bitmask_status)
*(.wcdma_text.rlc_get_ul_hdr)
*(.text.rflm_lte_dm_get_data_ptr)
*(.text.rflte_mc_get_nv_tbl_ptr)
*(.text.memsmove)
*(.text.stm2_process_input)
*(.text.DALSYS_SyncLeave)
*(.text.stm_release_lock)
*(.text.dsmi_verify_packet)
*(.text.a2_common_tasks_dma_tag_write)
*(.text.log_status)
*(.text.rex_get_sigs)
*(.wcdma_text.L2_ACQ_UL_LW_UNLOCK)
*(.text.osal_init_mutex)
*(.text._ZL38rflm_ccs_rf_seq_rffe_write_transactionP26_rflm_ccs_rf_seq_context_sP30_rflm_ccs_rf_seq_sched_event_s)
*(.text.CaJntmVTHamnTXCVa)
*(.text.ntJCTmnCamnTXCVa)
*(.text.apr_lock_enter)
*(.text.1Ttn8CHHcmXTCqTmtG6XHt46C)
*(.text.lte_ml1_schdlr_log_event_obj_change)
*(.text._ZL28rflm_ccs_rf_seq_common_startP26_rflm_ccs_rf_seq_context_sP30_rflm_ccs_rf_seq_sched_event_s)
*(.text.lte_ml1_schdlr2_ll_pop)
*(.text.apr_lock_leave)
*(.wcdma_text.srch_is_txd_det_pending)
*(.text.lte_rlcdli_sdu_chain_append)
*(.text.osal_atomic_compare_and_set)
*(.text.qw_lo)
*(.text.nt81XCHHcCTTJt2G3t4h)
*(.text.err_f3_save_msg)
*(.text.CCJntmnTUnPHTdVTY)
*(.text.dsmi_split_packet)
*(.text.mutils_circ_q_get_item)
*(.text.a2_taskq_commit_write_ptr)
*(.text.timetick_sclk64_get)
*(.text.lte_ml1_schdlr2_group_process)
*(.text.msg_save_trace)
*(.text.rflm_dm_get_tx_agc_ptr)
*(.wcdma_text.l1m_is_connected)
*(.text.timer_dbg_log_trace_event)
*(.text.t81cHCnTEH_amnRXCVa)
*(.text.lte_ml1_gm_log_status_internal)
*(.text._ZN12rfc_lte_intf12Get_InstanceEv)
*(.text.Timetick_GetElapsed)
*(.text.a2_common_tasks_dma_fill_prep)
*(.text.rflte_state_get_tx_rfm_device)
*(.text.__hexagon_modsi3)
*(.text._ZN10HandlePool18validate_handle_idEl.1.0)
*(.text._ZN29wtr4905_common_instance_class14get_tx_pll_lutEPK26wtr4905_pll_lut_index_typehtt)
*(.text.dsmi_enqueue)
*(.text.ReadRegister1)
*(.text.rex_check_if_task_allowed_to_block)
*(.text._ZL27rflm_ccs_rf_seq_task_finishP26_rflm_ccs_rf_seq_context_sP30_rflm_ccs_rf_seq_sched_event_s)
*(.text.a2_status_taskq_hal_get_wr_ptr)
*(.text.rex_set_sigs)
*(.text.Hnt8ItHTCPaV4fPvtCTL2aUV4TtfJ)
*(.text.rex_get_sigs)
*(.text.lte_pdcpul_get_rb_cb)
*(.text.msg_get_time)
*(.wcdma_text.l1_l2_build_cipher_engine_ctrl_info)
*(.text.rf_time_get_elapsed.2.1_i8_1)
*(.text._ZN6MyListILl2EE11is_idx_usedEl__merged)
*(.text.rflm_dm_set_rxagc_data__merged)
*(.text.rflm_cmn_rxagc_i_log_api_calls)
*(.text.rflm_dm_get_rxagc_data)
*(.text.HAL_afe_CheckDmaIntr)
*(.text.qw_hi)
*(.text.lte_rlcdl_get_ctrl_pdu_size)
*(.text.lte_ml1_schdlr2_systime_get_scell_sf_now)
/*Additional placement to reclaim space emptied by L FW movement into overlay*/
*(.text._ZN27rfdevice_ccs_rffe_comm_impl15write_to_scriptEP14rf_buffer_intfth26rf_buffer_transaction_typesh)
*(.text.JVOThRP24ocPClm24tTFag)
*(.text.lte_ml1_schdlr2_obj_is_livable)
*(.text.rf_time_get_tick)
*(.text.dsmi_dequeue)
*(.text.TnJtCn8HcXVVn)
*(.text.SBOThR)
*(.wcdma_text.wfw_demback_hw_read_ae_results)
*(.text.CHnt81GTQHCn4v8hCFHnXJ)
/**(.text.extracted_region209)*/
*(.wcdma_text.wl1_get_frame_number_for_diag)
*(.text.DALSYS_SyncEnter)
*(.text.8IFnHtHTCmTm6g4CVUCX2CtHJTV2nqPVTh)
*(.text.rflm_dtr_tx_get_group_settings)
*(.text.ds3gsubsmgr_is_subs_id_valid)
*(.text.lte_ml1_schdlr2_obj_add_object_event)
*(.wcdma_text.stmr_status_dump)
*(.text.nt81XCHHcCTTHVJOVnqBC2aVTlC4)
/**(.text.extracted_region212)*/
/**(.text.extracted_region210)*/
*(.text.a2_taskq_status_refresh_wr_ptr)
*(.text.CalculateDrcGainOneGain)
*(.text.lte_ml1_schdlr2_event_list_add_event)
*(.text.cross_fade)
*(.text.rflm_lte_ccs_create_ext_rffe_task)
*(.text.memscpy.2.1_i32_8.3_i32_8)
*(.text.TnJtC7V4OVP7C)
*(.wcdma_text.rlc_am_is_new_data_pdu_pending)
*(.text.rflm_wcdma_ccs_get_tx_tq)
*(.text.FCgmmV46TD4GcVTP_)
*(.text.ds_3gpp_nv_manager_validate_nv_subs_info)
*(.text.lte_dsmi_extract_3byte)
*(.text.mem_init_block_header)
*(.text.rflm_ccs_rf_seq_create)
*(.text.rflm_lte_rxagc_get_rx_dm_status__merged)
*(.text.schdlr_event_list_execute_event)
*(.text.rflm_dm_get_handle_meta_ptr)
*(.wcdma_text.wfw_chan_result_rghi_proc)
*(.text.__qdsp_divsi3)
*(.text.nt81hCHHrtTAGcnCt4nC)
*(.text.lte_ml1_gm_log_last_inmsg_done_time)
*(.text.lte_ml1_schdlr2_systime_get_target_cell_sf_now)
*(.text.4mgF6VmC4wtTy2aG)
*(.text.TnJtCn47SaITH)
*(.text.ds_3gpp_nv_get_back_pressure_params)
*(.text.rflm_cmn_rxagc_i_is_cell_valid)
*(.text.dsmi_pull8)
*(.text.lte_pdcpul_flow_enabled)
*(.text._ZL26rflm_ccs_rf_seq_task_startP26_rflm_ccs_rf_seq_context_sP30_rflm_ccs_rf_seq_sched_event_s)
*(.text.a2_common_tasks_iovec_from_dsm_chain)
*(.text.rflm_dm_get_handle_tech_data.1.2_i32_1)
*(.text.lte_ml1_schdlr2_obj_get_group_id)
*(.text.rex_os_wait_on_sigs)
*(.wcdma_text.rlci_get_li_count)
*(.text.QURTK_handle_get_obj)
*(.text.QURTK_handle_is_valid)
*(.text.schdlr_event_list_abort_misstick_events)
/**(.text.extracted_region120)*/
*(.text._getltcb)
*(.text.a2_common_tasks_dma_write_iovec_list)
*(.text.lte_rlcdl_cfg_get_ctrl_blk)
*(.text.lte_ml1_schdlr_stm_process_input)
*(.text.stm2_instance_process_input)
*(.text.a2_status_util_dsm_chain_complete)
*(.text.mutils_circ_q_put_item)
*(.text.a2_dl_per_tag_cipher_params)
*(.text.U272U2TUCTqh9P4VTJtn2tCULU8TP)
*(.text._ZL42rflm_ccs_rf_seq_rffe_write_ext_transactionP26_rflm_ccs_rf_seq_context_sP30_rflm_ccs_rf_seq_sched_event_s)
*(.wcdma_text.rlc_enh_calc_rlc_hdr_length)
*(.text.THCGThqat9JTt1J)
*(.text.Timetick_Enable)
*(.text.Timetick_DalTimetick_Enable)
*(.wcdma_text.mac_ul_get_channel_type)
*(.text.align_deinterleaver_16)
*(.text.TnJtCHnJmo23a)
*(.text.a2_taskq_refresh_rd_ptr)
*(.text._ZN16rf_script_bufferD0Ev)
*(.text.lte_ml1_schdlr2_event_list_drop_event)
*(.text.mutils_circ_q_get_item)
*(.text.DALSYS_SyncLeave)
*(.text.rf_time_get_timetick64_snapshot)
*(.text.ds_bearer_cntx_validate_bearer_context)
*(.text.nt81VCHHzPTXDF6yqH2Y)
*(.text.rflm_lte_dm_get_data_ptr.1.0_i8_0)
*(.text.rflm_txagc_search_vector_not_monotonic_apt_opt)
*(.wcdma_text.wfw_chan_cfg_hsdpa_multi_sim_qta_gap_ind)
*(.text.a2_taskq_commit_write_ptr)
*(.text.TnJtCTTh1aqP0)
*(.text.a2_taskq_status_commit_rd_ptr)
*(.wcdma_text.eulenc_build_a2_tasks)
*(.text.HCHnt8IR22Tr_n3)
*(.text.pthread_mutex_lock)
*(.text.schdlr_req_list_get_best_req)
*(.text.dsm_extract_long.1.1_i32_0.3_i32_1)
*(.text.rflm_lte_ccs_conv_rffe_tasks)
*(.text.rfcommon_nv_get_tbl_ptr)
/**(.text.extracted_region343)*/
*(.text._ZN29wtr4905_common_instance_class20program_tx_npler_pllEPK23wtr4905_npler_data_typePK22wtr4905_npler_reg_typeh35wtr4905_pll_programming_values_type23wtr4905_pll_config_typeh29wtr4905_tx_freq_settings_type)
*(.text.schdlr_event_list_add_event)
*(.text.lte_ml1_schdlr_is_req_schedulable_with_multiple_prio)
*(.text.lte_rlcul_tx_write_a2_tasks)
*(.text.a2_taskq_hal_get_rd_ptr)
*(.wcdma_text.rlc_set_activity_flag)
*(.wcdma_text.STMR_TX_SYS_TIME_STATUS)
*(.text.lte_ml1_schdlr2_stm_sctl_sched_req_cmd)
*(.text.lte_rlculi_dsm_chain_enqueue)
*(.text.q_check)
*(.text.FFSP_Analysis)
*(.text.rflm_lte_ccs_create_rffe_task)
*(.text.rflm_txagc_get_tx_chain_idx)
*(.wcdma_text.e_ul_get_sub_fn_val)
/*Second Iteration- First covered only 16K*/
*(.text.a2_dl_per_has_enough_space)
*(.text.QURTK_thread_wait_for_active)
*(.text.lte_pdcpdl_enqueue_to_a2_wm)
*(.text.pthread_self)
*(.text.lte_ml1_gm_get_task_info)
*(.text._event_realign_payload_ptr)
*(.text.timetick_attach)
*(.text.a2_ul_phy_notify_actual_hw_process_time)
*(.text.sem_post)
*(.wcdma_text.rlci_get_li_e_value)
*(.text.a2_status_taskq_hal_set_rd_ptr)
*(.text._ZN29wtr4905_common_instance_class17clear_rffe_bufferEv)
*(.text.rflte_util_is_band_tdd)
*(.text.JtCXTantnC6eDpT4Ut2dpTKDpX0)
*(.text.dsmi_dup_packet_long)
*(.text.HCltJtTT69nnV4JXm2Va8XUTtHJ)
*(.text.lte_pdcpul_tag_each_pkt)
*(.text.lte_ml1_schdlr2_obj_drop_object_event)
*(.text.lte_ml1_common_nv_get)
*(.text.ds3gsubsmgr_is_subs_id_valid)
*(.text.mFTm6g4CVET_BcCqAJt9ttGw7G)
*(.text.a2_ul_phy_write_dsm_gather_task)
*(.text.FFSpkrProt_apply_window)
*(.text.lte_circ_q_get_read_pointer)
*(.wcdma_text.l2_get_release_flag_indicator)
*(.text.rflm_cmn_rxagc_i_get_cell_data)
*(.wcdma_text.stmr_enable_events)
*(.text.q_check)
*(.text.ntJCThnC2JhCta6a)
*(.text.lte_ml1_schdlr2_group_set_runnable)
*(.text.rflm_lte_rxagc_get_intra_ca_flag)
*(.text._ZN16rf_script_bufferD1Ev)
*(.text.lte_ml1_mgr_log_outgoing_msg)
/* Third iteration because the previous covers only 2 KB instead of 7KB*/
*(.text.schdlr_req_list_find_obj)
*(.text.sem_getvalue)
*(.text.aTnJtC4HTC2GaDny33hCTJ)
*(.text.lte_rlc_get_buffer_status)
*(.text.a2_status_util_dsm_chain_append)
*(.text.R6TahyhhVTCT4mFsFCaH824tUBrVTCT4F)
*(.text.approx_dB_to_ulin_quadlut8)
*(.text.rflte_dm_update_p_cmax)
*(.text.rflm_wcdma_rx_dvga_lna_offset_update)
*(.text.lte_ml1_schdlr2_mode_get_schedule_asap)
*(.text.lte_ml1_schdlr_log_service_request)
*(.text.FhTRHJj44QanKAHa)
*(.text.lte_ml1_schdlr2_ll_add_to_tail)
*(.text.a2_common_tasks_cipher_init_write)
*(.text.H8t1HCnTdJVFH6V3)
*(.text.nJtCXlTT2Hh6)
*(.wcdma_text.rlc_ul_am_compute_poll)
*(.text._ZN3rfaD2Ev)
*(.text._ZN3rfadlEPv)
*(.text.sem_wait)
*(.text.mutils_circ_q_put_item)
*(.wcdma_text.wenc_get_timing_info)
*(.text._ZL27rflm_ccs_rf_seq_set_monitorP26_rflm_ccs_rf_seq_context_sP30_rflm_ccs_rf_seq_sched_event_s)
*(.wcdma_text.mcalwcdma_dec_ehs_get_next_deciph_offset)
*(.text.lte_ml1_schdlr2_stm_debug_handler)
*(.text.lte_rlcul_tx_calc_mac_hdr_size_suff_allot)
*(.wcdma_text.L2_ACQ_UL_LW_LOCK)
*(.text._ZL36rflm_ccs_rf_seq_rffe_ext_task_finishP26_rflm_ccs_rf_seq_context_sP30_rflm_ccs_rf_seq_sched_event_s)
*(.text.lte_ml1_schdlr2_systime_scell_is_target_cell)
*(.text.QURTK_error)
*(.text._ZN8rfc_intf12get_instanceEv)
*(.text.approx_atan2_poly7)
*(.text.rex_check_if_task_allowed_to_block)
*(.text.t81PHCnTzHVDyBXnJVY)
*(.text.a2_common_tasks_dma_fill_write)
/* 4th iteration meant to cover another ~ 6KB*/
*(.text.rflm_dtr_rx_get_group_settings)
*(.text._ZN27rfdevice_ccs_rffe_comm_impl15flush_to_scriptEv)
*(.text.tCCnTJ4HSnnVPhdVTY)
*(.text.lte_ml1_schdlr2_obj_reset_sleep_friendliness)
/*Commented to free 1K worth space*/
/**(.text.F42watHHV2BCaaHQmVTH)*/
/* Removed by GK - To accomodate ~ 1KB increase in tcm_static_fw_text for S/P JO 1.1 release */
/**(.text.lte_pdcpul_update_data_stats)
*(.wcdma_text.rlc_dl_enh_r7_am_pdu_log_pkt)
*(.text.rflm_lte_rxagc_log_info_into_dm)
*(.wcdma_text.wfw_chan_hw_write_dynamic_param_hspdsch)
*(.text._ZN24wtr4905_trx_lte_tx_class17get_tx_pll_scriptElmm19rfcom_lte_band_typePhP29rfdevice_lte_script_data_type)
*(.text.sleep_swfi)
*(.text.ISTMain)
*(.text.lte_ml1_schdlr2_obj_reset_priority)
*(.text.lte_rlcul_tx_get_new_sdu_info)
*(.text.Timetick_DalTimetick_GetOffset)
*(.text.Timetick_GetOffset)
*(.text.lte_rlcul_tx_assign_allotment)
*(.wcdma_text.wfw_chan_hw_write_dynamic_param_hsscch)
*(.text.qurt_elite_queue_pop_front)
*(.text.lte_ml1_mdb_get_serv_cell)
*(.text.ComputeInputRmsMono)
*(.text.schdlr_abort_sleep)
*(.text.ds_3gpp_nv_manager_get_nv_subs_info)*/